replay 1/1267 request-selected-set-wrapped-contains-k64-group-00-zero success
replay 2/1267 single-contains-unlabeled-zero success
replay 3/1267 single-contains-unlabeled-targeted success
replay 4/1267 single-contains-unlabeled-dense success
replay 5/1267 class-contains-or-unlabeled-zero success
replay 6/1267 class-contains-or-unlabeled-targeted success
replay 7/1267 class-contains-or-unlabeled-dense success
replay 8/1267 name-contains-or-unlabeled-zero success
replay 9/1267 name-contains-or-unlabeled-targeted success
replay 10/1267 name-contains-or-unlabeled-dense success
replay 11/1267 four-contains-or-unlabeled-zero success
replay 12/1267 four-contains-or-unlabeled-targeted success
replay 13/1267 four-contains-or-unlabeled-dense success
replay 14/1267 four-contains-or-labeled-zero success
replay 15/1267 four-contains-or-labeled-targeted success
replay 16/1267 four-contains-or-labeled-dense success
replay 17/1267 starts-or-raw-zero success
replay 18/1267 starts-or-raw-targeted success
replay 19/1267 starts-or-raw-dense success
replay 20/1267 ends-or-raw-zero success
replay 21/1267 ends-or-raw-targeted success
replay 22/1267 ends-or-raw-dense success
replay 23/1267 starts-or-wrapped-zero success
replay 24/1267 starts-or-wrapped-targeted success
replay 25/1267 starts-or-wrapped-dense success
replay 26/1267 ends-or-wrapped-zero success
replay 27/1267 ends-or-wrapped-targeted success
replay 28/1267 ends-or-wrapped-dense success
replay 29/1267 contains-or-wrapped-zero success
replay 30/1267 contains-or-wrapped-targeted success
replay 31/1267 contains-or-wrapped-dense success
replay 32/1267 graph-id-property-wrapped-contains-target-00-zero success
replay 33/1267 graph-id-property-wrapped-contains-target-00-targeted success
replay 34/1267 graph-id-property-wrapped-contains-target-00-dense success
replay 35/1267 graph-id-property-wrapped-contains-target-01-zero success
replay 36/1267 graph-id-property-wrapped-contains-target-01-targeted success
replay 37/1267 graph-id-property-wrapped-contains-target-01-dense success
replay 38/1267 graph-id-property-wrapped-contains-target-02-zero success
replay 39/1267 graph-id-property-wrapped-contains-target-02-targeted success
replay 40/1267 graph-id-property-wrapped-contains-target-02-dense success
replay 41/1267 graph-id-property-wrapped-contains-target-03-zero success
replay 42/1267 graph-id-property-wrapped-contains-target-03-targeted success
replay 43/1267 graph-id-property-wrapped-contains-target-03-dense success
replay 44/1267 graph-id-property-wrapped-contains-target-04-zero success
replay 45/1267 graph-id-property-wrapped-contains-target-04-targeted success
replay 46/1267 graph-id-property-wrapped-contains-target-04-dense success
replay 47/1267 graph-id-property-wrapped-contains-target-05-zero success
replay 48/1267 graph-id-property-wrapped-contains-target-05-targeted success
replay 49/1267 graph-id-property-wrapped-contains-target-05-dense success
replay 50/1267 graph-id-property-wrapped-contains-target-06-zero success
replay 51/1267 graph-id-property-wrapped-contains-target-06-targeted success
replay 52/1267 graph-id-property-wrapped-contains-target-06-dense success
replay 53/1267 graph-id-property-wrapped-contains-target-07-zero success
replay 54/1267 graph-id-property-wrapped-contains-target-07-targeted success
replay 55/1267 graph-id-property-wrapped-contains-target-07-dense success
replay 56/1267 graph-id-property-wrapped-contains-target-08-zero success
replay 57/1267 graph-id-property-wrapped-contains-target-08-targeted success
replay 58/1267 graph-id-property-wrapped-contains-target-08-dense success
replay 59/1267 graph-id-property-wrapped-contains-target-09-zero success
replay 60/1267 graph-id-property-wrapped-contains-target-09-targeted success
replay 61/1267 graph-id-property-wrapped-contains-target-09-dense success
replay 62/1267 graph-id-property-wrapped-contains-target-10-zero success
replay 63/1267 graph-id-property-wrapped-contains-target-10-targeted success
replay 64/1267 graph-id-property-wrapped-contains-target-10-dense success
replay 65/1267 graph-id-property-wrapped-contains-target-11-zero success
replay 66/1267 graph-id-property-wrapped-contains-target-11-targeted success
replay 67/1267 graph-id-property-wrapped-contains-target-11-dense success
replay 68/1267 graph-id-property-wrapped-contains-target-12-zero success
replay 69/1267 graph-id-property-wrapped-contains-target-12-targeted success
replay 70/1267 graph-id-property-wrapped-contains-target-12-dense success
replay 71/1267 graph-id-property-wrapped-contains-target-13-zero success
replay 72/1267 graph-id-property-wrapped-contains-target-13-targeted success
replay 73/1267 graph-id-property-wrapped-contains-target-13-dense success
replay 74/1267 graph-id-property-wrapped-contains-target-14-zero success
replay 75/1267 graph-id-property-wrapped-contains-target-14-targeted success
replay 76/1267 graph-id-property-wrapped-contains-target-14-dense success
replay 77/1267 graph-id-property-wrapped-contains-target-15-zero success
replay 78/1267 graph-id-property-wrapped-contains-target-15-targeted success
replay 79/1267 graph-id-property-wrapped-contains-target-15-dense success
replay 80/1267 graph-id-property-wrapped-contains-target-16-zero success
replay 81/1267 graph-id-property-wrapped-contains-target-16-targeted success
replay 82/1267 graph-id-property-wrapped-contains-target-16-dense success
replay 83/1267 graph-id-property-wrapped-contains-target-17-zero success
replay 84/1267 graph-id-property-wrapped-contains-target-17-targeted success
replay 85/1267 graph-id-property-wrapped-contains-target-17-dense success
replay 86/1267 graph-id-property-wrapped-contains-target-18-zero success
replay 87/1267 graph-id-property-wrapped-contains-target-18-targeted success
replay 88/1267 graph-id-property-wrapped-contains-target-18-dense success
replay 89/1267 graph-id-property-wrapped-contains-target-19-zero success
replay 90/1267 graph-id-property-wrapped-contains-target-19-targeted success
replay 91/1267 graph-id-property-wrapped-contains-target-19-dense success
replay 92/1267 graph-id-property-wrapped-contains-target-20-zero success
replay 93/1267 graph-id-property-wrapped-contains-target-20-targeted success
replay 94/1267 graph-id-property-wrapped-contains-target-20-dense success
replay 95/1267 graph-id-property-wrapped-contains-target-21-zero success
replay 96/1267 graph-id-property-wrapped-contains-target-21-targeted success
replay 97/1267 graph-id-property-wrapped-contains-target-21-dense success
replay 98/1267 graph-id-property-wrapped-contains-target-22-zero success
replay 99/1267 graph-id-property-wrapped-contains-target-22-targeted success
replay 100/1267 graph-id-property-wrapped-contains-target-22-dense success
replay 101/1267 graph-id-property-wrapped-contains-target-23-zero success
replay 102/1267 graph-id-property-wrapped-contains-target-23-targeted success
replay 103/1267 graph-id-property-wrapped-contains-target-23-dense success
replay 104/1267 graph-id-property-wrapped-contains-target-24-zero success
replay 105/1267 graph-id-property-wrapped-contains-target-24-targeted success
replay 106/1267 graph-id-property-wrapped-contains-target-24-dense success
replay 107/1267 graph-id-property-wrapped-contains-target-25-zero success
replay 108/1267 graph-id-property-wrapped-contains-target-25-targeted success
replay 109/1267 graph-id-property-wrapped-contains-target-25-dense success
replay 110/1267 graph-id-property-wrapped-contains-target-26-zero success
replay 111/1267 graph-id-property-wrapped-contains-target-26-targeted success
replay 112/1267 graph-id-property-wrapped-contains-target-26-dense success
replay 113/1267 graph-id-property-wrapped-contains-target-27-zero success
replay 114/1267 graph-id-property-wrapped-contains-target-27-targeted success
replay 115/1267 graph-id-property-wrapped-contains-target-27-dense success
replay 116/1267 graph-id-property-wrapped-contains-target-28-zero success
replay 117/1267 graph-id-property-wrapped-contains-target-28-targeted success
replay 118/1267 graph-id-property-wrapped-contains-target-28-dense success
replay 119/1267 graph-id-property-wrapped-contains-target-29-zero success
replay 120/1267 graph-id-property-wrapped-contains-target-29-targeted success
replay 121/1267 graph-id-property-wrapped-contains-target-29-dense success
replay 122/1267 graph-id-property-wrapped-contains-target-30-zero success
replay 123/1267 graph-id-property-wrapped-contains-target-30-targeted success
replay 124/1267 graph-id-property-wrapped-contains-target-30-dense success
replay 125/1267 graph-id-property-wrapped-contains-target-31-zero success
replay 126/1267 graph-id-property-wrapped-contains-target-31-targeted success
replay 127/1267 graph-id-property-wrapped-contains-target-31-dense success
replay 128/1267 graph-id-property-wrapped-contains-target-32-zero success
replay 129/1267 graph-id-property-wrapped-contains-target-32-targeted success
replay 130/1267 graph-id-property-wrapped-contains-target-32-dense success
replay 131/1267 graph-id-property-wrapped-contains-target-33-zero success
replay 132/1267 graph-id-property-wrapped-contains-target-33-targeted success
replay 133/1267 graph-id-property-wrapped-contains-target-33-dense success
replay 134/1267 graph-id-property-wrapped-contains-target-34-zero success
replay 135/1267 graph-id-property-wrapped-contains-target-34-targeted success
replay 136/1267 graph-id-property-wrapped-contains-target-34-dense success
replay 137/1267 graph-id-property-wrapped-contains-target-35-zero success
replay 138/1267 graph-id-property-wrapped-contains-target-35-targeted success
replay 139/1267 graph-id-property-wrapped-contains-target-35-dense success
replay 140/1267 graph-id-property-wrapped-contains-target-36-zero success
replay 141/1267 graph-id-property-wrapped-contains-target-36-targeted success
replay 142/1267 graph-id-property-wrapped-contains-target-36-dense success
replay 143/1267 graph-id-property-wrapped-contains-target-37-zero success
replay 144/1267 graph-id-property-wrapped-contains-target-37-targeted success
replay 145/1267 graph-id-property-wrapped-contains-target-37-dense success
replay 146/1267 graph-id-property-wrapped-contains-target-38-zero success
replay 147/1267 graph-id-property-wrapped-contains-target-38-targeted success
replay 148/1267 graph-id-property-wrapped-contains-target-38-dense success
replay 149/1267 graph-id-property-wrapped-contains-target-39-zero success
replay 150/1267 graph-id-property-wrapped-contains-target-39-targeted success
replay 151/1267 graph-id-property-wrapped-contains-target-39-dense success
replay 152/1267 graph-id-property-wrapped-contains-target-40-zero success
replay 153/1267 graph-id-property-wrapped-contains-target-40-targeted success
replay 154/1267 graph-id-property-wrapped-contains-target-40-dense success
replay 155/1267 graph-id-property-wrapped-contains-target-41-zero success
replay 156/1267 graph-id-property-wrapped-contains-target-41-targeted success
replay 157/1267 graph-id-property-wrapped-contains-target-41-dense success
replay 158/1267 graph-id-property-wrapped-contains-target-42-zero success
replay 159/1267 graph-id-property-wrapped-contains-target-42-targeted success
replay 160/1267 graph-id-property-wrapped-contains-target-42-dense success
replay 161/1267 graph-id-property-wrapped-contains-target-43-zero success
replay 162/1267 graph-id-property-wrapped-contains-target-43-targeted success
replay 163/1267 graph-id-property-wrapped-contains-target-43-dense success
replay 164/1267 graph-id-property-wrapped-contains-target-44-zero success
replay 165/1267 graph-id-property-wrapped-contains-target-44-targeted success
replay 166/1267 graph-id-property-wrapped-contains-target-44-dense success
replay 167/1267 graph-id-property-wrapped-contains-target-45-zero success
replay 168/1267 graph-id-property-wrapped-contains-target-45-targeted success
replay 169/1267 graph-id-property-wrapped-contains-target-45-dense success
replay 170/1267 graph-id-property-wrapped-contains-target-46-zero success
replay 171/1267 graph-id-property-wrapped-contains-target-46-targeted success
replay 172/1267 graph-id-property-wrapped-contains-target-46-dense success
replay 173/1267 graph-id-property-wrapped-contains-target-47-zero success
replay 174/1267 graph-id-property-wrapped-contains-target-47-targeted success
replay 175/1267 graph-id-property-wrapped-contains-target-47-dense success
replay 176/1267 graph-id-property-wrapped-contains-target-48-zero success
replay 177/1267 graph-id-property-wrapped-contains-target-48-targeted success
replay 178/1267 graph-id-property-wrapped-contains-target-48-dense success
replay 179/1267 graph-id-property-wrapped-contains-target-49-zero success
replay 180/1267 graph-id-property-wrapped-contains-target-49-targeted success
replay 181/1267 graph-id-property-wrapped-contains-target-49-dense success
replay 182/1267 graph-id-property-wrapped-contains-target-50-zero success
replay 183/1267 graph-id-property-wrapped-contains-target-50-targeted success
replay 184/1267 graph-id-property-wrapped-contains-target-50-dense success
replay 185/1267 graph-id-property-wrapped-contains-target-51-zero success
replay 186/1267 graph-id-property-wrapped-contains-target-51-targeted success
replay 187/1267 graph-id-property-wrapped-contains-target-51-dense success
replay 188/1267 graph-id-property-wrapped-contains-target-52-zero success
replay 189/1267 graph-id-property-wrapped-contains-target-52-targeted success
replay 190/1267 graph-id-property-wrapped-contains-target-52-dense success
replay 191/1267 graph-id-property-wrapped-contains-target-53-zero success
replay 192/1267 graph-id-property-wrapped-contains-target-53-targeted success
replay 193/1267 graph-id-property-wrapped-contains-target-53-dense success
replay 194/1267 graph-id-property-wrapped-contains-target-54-zero success
replay 195/1267 graph-id-property-wrapped-contains-target-54-targeted success
replay 196/1267 graph-id-property-wrapped-contains-target-54-dense success
replay 197/1267 graph-id-property-wrapped-contains-target-55-zero success
replay 198/1267 graph-id-property-wrapped-contains-target-55-targeted success
replay 199/1267 graph-id-property-wrapped-contains-target-55-dense success
replay 200/1267 graph-id-property-wrapped-contains-target-56-zero success
replay 201/1267 graph-id-property-wrapped-contains-target-56-targeted success
replay 202/1267 graph-id-property-wrapped-contains-target-56-dense success
replay 203/1267 graph-id-property-wrapped-contains-target-57-zero success
replay 204/1267 graph-id-property-wrapped-contains-target-57-targeted success
replay 205/1267 graph-id-property-wrapped-contains-target-57-dense success
replay 206/1267 graph-id-property-wrapped-contains-target-58-zero success
replay 207/1267 graph-id-property-wrapped-contains-target-58-targeted success
replay 208/1267 graph-id-property-wrapped-contains-target-58-dense success
replay 209/1267 graph-id-property-wrapped-contains-target-59-zero success
replay 210/1267 graph-id-property-wrapped-contains-target-59-targeted success
replay 211/1267 graph-id-property-wrapped-contains-target-59-dense success
replay 212/1267 graph-id-property-wrapped-contains-target-60-zero success
replay 213/1267 graph-id-property-wrapped-contains-target-60-targeted success
replay 214/1267 graph-id-property-wrapped-contains-target-60-dense success
replay 215/1267 graph-id-property-wrapped-contains-target-61-zero success
replay 216/1267 graph-id-property-wrapped-contains-target-61-targeted success
replay 217/1267 graph-id-property-wrapped-contains-target-61-dense success
replay 218/1267 graph-id-property-wrapped-contains-target-62-zero success
replay 219/1267 graph-id-property-wrapped-contains-target-62-targeted success
replay 220/1267 graph-id-property-wrapped-contains-target-62-dense success
replay 221/1267 graph-id-property-wrapped-contains-target-63-zero success
replay 222/1267 graph-id-property-wrapped-contains-target-63-targeted success
replay 223/1267 graph-id-property-wrapped-contains-target-63-dense success
replay 224/1267 graph-id-function-wrapped-contains-target-00-zero success
replay 225/1267 graph-id-function-wrapped-contains-target-00-targeted success
replay 226/1267 graph-id-function-wrapped-contains-target-00-dense success
replay 227/1267 graph-id-function-wrapped-contains-target-01-zero success
replay 228/1267 graph-id-function-wrapped-contains-target-01-targeted success
replay 229/1267 graph-id-function-wrapped-contains-target-01-dense success
replay 230/1267 graph-id-function-wrapped-contains-target-02-zero success
replay 231/1267 graph-id-function-wrapped-contains-target-02-targeted success
replay 232/1267 graph-id-function-wrapped-contains-target-02-dense success
replay 233/1267 graph-id-function-wrapped-contains-target-03-zero success
replay 234/1267 graph-id-function-wrapped-contains-target-03-targeted success
replay 235/1267 graph-id-function-wrapped-contains-target-03-dense success
replay 236/1267 graph-id-function-wrapped-contains-target-04-zero success
replay 237/1267 graph-id-function-wrapped-contains-target-04-targeted success
replay 238/1267 graph-id-function-wrapped-contains-target-04-dense success
replay 239/1267 graph-id-function-wrapped-contains-target-05-zero success
replay 240/1267 graph-id-function-wrapped-contains-target-05-targeted success
replay 241/1267 graph-id-function-wrapped-contains-target-05-dense success
replay 242/1267 graph-id-function-wrapped-contains-target-06-zero success
replay 243/1267 graph-id-function-wrapped-contains-target-06-targeted success
replay 244/1267 graph-id-function-wrapped-contains-target-06-dense success
replay 245/1267 graph-id-function-wrapped-contains-target-07-zero success
replay 246/1267 graph-id-function-wrapped-contains-target-07-targeted success
replay 247/1267 graph-id-function-wrapped-contains-target-07-dense success
replay 248/1267 graph-id-function-wrapped-contains-target-08-zero success
replay 249/1267 graph-id-function-wrapped-contains-target-08-targeted success
replay 250/1267 graph-id-function-wrapped-contains-target-08-dense success
replay 251/1267 graph-id-function-wrapped-contains-target-09-zero success
replay 252/1267 graph-id-function-wrapped-contains-target-09-targeted success
replay 253/1267 graph-id-function-wrapped-contains-target-09-dense success
replay 254/1267 graph-id-function-wrapped-contains-target-10-zero success
replay 255/1267 graph-id-function-wrapped-contains-target-10-targeted success
replay 256/1267 graph-id-function-wrapped-contains-target-10-dense success
replay 257/1267 graph-id-function-wrapped-contains-target-11-zero success
replay 258/1267 graph-id-function-wrapped-contains-target-11-targeted success
replay 259/1267 graph-id-function-wrapped-contains-target-11-dense success
replay 260/1267 graph-id-function-wrapped-contains-target-12-zero success
replay 261/1267 graph-id-function-wrapped-contains-target-12-targeted success
replay 262/1267 graph-id-function-wrapped-contains-target-12-dense success
replay 263/1267 graph-id-function-wrapped-contains-target-13-zero success
replay 264/1267 graph-id-function-wrapped-contains-target-13-targeted success
replay 265/1267 graph-id-function-wrapped-contains-target-13-dense success
replay 266/1267 graph-id-function-wrapped-contains-target-14-zero success
replay 267/1267 graph-id-function-wrapped-contains-target-14-targeted success
replay 268/1267 graph-id-function-wrapped-contains-target-14-dense success
replay 269/1267 graph-id-function-wrapped-contains-target-15-zero success
replay 270/1267 graph-id-function-wrapped-contains-target-15-targeted success
replay 271/1267 graph-id-function-wrapped-contains-target-15-dense success
replay 272/1267 graph-id-function-wrapped-contains-target-16-zero success
replay 273/1267 graph-id-function-wrapped-contains-target-16-targeted success
replay 274/1267 graph-id-function-wrapped-contains-target-16-dense success
replay 275/1267 graph-id-function-wrapped-contains-target-17-zero success
replay 276/1267 graph-id-function-wrapped-contains-target-17-targeted success
replay 277/1267 graph-id-function-wrapped-contains-target-17-dense success
replay 278/1267 graph-id-function-wrapped-contains-target-18-zero success
replay 279/1267 graph-id-function-wrapped-contains-target-18-targeted success
replay 280/1267 graph-id-function-wrapped-contains-target-18-dense success
replay 281/1267 graph-id-function-wrapped-contains-target-19-zero success
replay 282/1267 graph-id-function-wrapped-contains-target-19-targeted success
replay 283/1267 graph-id-function-wrapped-contains-target-19-dense success
replay 284/1267 graph-id-function-wrapped-contains-target-20-zero success
replay 285/1267 graph-id-function-wrapped-contains-target-20-targeted success
replay 286/1267 graph-id-function-wrapped-contains-target-20-dense success
replay 287/1267 graph-id-function-wrapped-contains-target-21-zero success
replay 288/1267 graph-id-function-wrapped-contains-target-21-targeted success
replay 289/1267 graph-id-function-wrapped-contains-target-21-dense success
replay 290/1267 graph-id-function-wrapped-contains-target-22-zero success
replay 291/1267 graph-id-function-wrapped-contains-target-22-targeted success
replay 292/1267 graph-id-function-wrapped-contains-target-22-dense success
replay 293/1267 graph-id-function-wrapped-contains-target-23-zero success
replay 294/1267 graph-id-function-wrapped-contains-target-23-targeted success
replay 295/1267 graph-id-function-wrapped-contains-target-23-dense success
replay 296/1267 graph-id-function-wrapped-contains-target-24-zero success
replay 297/1267 graph-id-function-wrapped-contains-target-24-targeted success
replay 298/1267 graph-id-function-wrapped-contains-target-24-dense success
replay 299/1267 graph-id-function-wrapped-contains-target-25-zero success
replay 300/1267 graph-id-function-wrapped-contains-target-25-targeted success
replay 301/1267 graph-id-function-wrapped-contains-target-25-dense success
replay 302/1267 graph-id-function-wrapped-contains-target-26-zero success
replay 303/1267 graph-id-function-wrapped-contains-target-26-targeted success
replay 304/1267 graph-id-function-wrapped-contains-target-26-dense success
replay 305/1267 graph-id-function-wrapped-contains-target-27-zero success
replay 306/1267 graph-id-function-wrapped-contains-target-27-targeted success
replay 307/1267 graph-id-function-wrapped-contains-target-27-dense success
replay 308/1267 graph-id-function-wrapped-contains-target-28-zero success
replay 309/1267 graph-id-function-wrapped-contains-target-28-targeted success
replay 310/1267 graph-id-function-wrapped-contains-target-28-dense success
replay 311/1267 graph-id-function-wrapped-contains-target-29-zero success
replay 312/1267 graph-id-function-wrapped-contains-target-29-targeted success
replay 313/1267 graph-id-function-wrapped-contains-target-29-dense success
replay 314/1267 graph-id-function-wrapped-contains-target-30-zero success
replay 315/1267 graph-id-function-wrapped-contains-target-30-targeted success
replay 316/1267 graph-id-function-wrapped-contains-target-30-dense success
replay 317/1267 graph-id-function-wrapped-contains-target-31-zero success
replay 318/1267 graph-id-function-wrapped-contains-target-31-targeted success
replay 319/1267 graph-id-function-wrapped-contains-target-31-dense success
replay 320/1267 graph-id-function-wrapped-contains-target-32-zero success
replay 321/1267 graph-id-function-wrapped-contains-target-32-targeted success
replay 322/1267 graph-id-function-wrapped-contains-target-32-dense success
replay 323/1267 graph-id-function-wrapped-contains-target-33-zero success
replay 324/1267 graph-id-function-wrapped-contains-target-33-targeted success
replay 325/1267 graph-id-function-wrapped-contains-target-33-dense success
replay 326/1267 graph-id-function-wrapped-contains-target-34-zero success
replay 327/1267 graph-id-function-wrapped-contains-target-34-targeted success
replay 328/1267 graph-id-function-wrapped-contains-target-34-dense success
replay 329/1267 graph-id-function-wrapped-contains-target-35-zero success
replay 330/1267 graph-id-function-wrapped-contains-target-35-targeted success
replay 331/1267 graph-id-function-wrapped-contains-target-35-dense success
replay 332/1267 graph-id-function-wrapped-contains-target-36-zero success
replay 333/1267 graph-id-function-wrapped-contains-target-36-targeted success
replay 334/1267 graph-id-function-wrapped-contains-target-36-dense success
replay 335/1267 graph-id-function-wrapped-contains-target-37-zero success
replay 336/1267 graph-id-function-wrapped-contains-target-37-targeted success
replay 337/1267 graph-id-function-wrapped-contains-target-37-dense success
replay 338/1267 graph-id-function-wrapped-contains-target-38-zero success
replay 339/1267 graph-id-function-wrapped-contains-target-38-targeted success
replay 340/1267 graph-id-function-wrapped-contains-target-38-dense success
replay 341/1267 graph-id-function-wrapped-contains-target-39-zero success
replay 342/1267 graph-id-function-wrapped-contains-target-39-targeted success
replay 343/1267 graph-id-function-wrapped-contains-target-39-dense success
replay 344/1267 graph-id-function-wrapped-contains-target-40-zero success
replay 345/1267 graph-id-function-wrapped-contains-target-40-targeted success
replay 346/1267 graph-id-function-wrapped-contains-target-40-dense success
replay 347/1267 graph-id-function-wrapped-contains-target-41-zero success
replay 348/1267 graph-id-function-wrapped-contains-target-41-targeted success
replay 349/1267 graph-id-function-wrapped-contains-target-41-dense success
replay 350/1267 graph-id-function-wrapped-contains-target-42-zero success
replay 351/1267 graph-id-function-wrapped-contains-target-42-targeted success
replay 352/1267 graph-id-function-wrapped-contains-target-42-dense success
replay 353/1267 graph-id-function-wrapped-contains-target-43-zero success
replay 354/1267 graph-id-function-wrapped-contains-target-43-targeted success
replay 355/1267 graph-id-function-wrapped-contains-target-43-dense success
replay 356/1267 graph-id-function-wrapped-contains-target-44-zero success
replay 357/1267 graph-id-function-wrapped-contains-target-44-targeted success
replay 358/1267 graph-id-function-wrapped-contains-target-44-dense success
replay 359/1267 graph-id-function-wrapped-contains-target-45-zero success
replay 360/1267 graph-id-function-wrapped-contains-target-45-targeted success
replay 361/1267 graph-id-function-wrapped-contains-target-45-dense success
replay 362/1267 graph-id-function-wrapped-contains-target-46-zero success
replay 363/1267 graph-id-function-wrapped-contains-target-46-targeted success
replay 364/1267 graph-id-function-wrapped-contains-target-46-dense success
replay 365/1267 graph-id-function-wrapped-contains-target-47-zero success
replay 366/1267 graph-id-function-wrapped-contains-target-47-targeted success
replay 367/1267 graph-id-function-wrapped-contains-target-47-dense success
replay 368/1267 graph-id-function-wrapped-contains-target-48-zero success
replay 369/1267 graph-id-function-wrapped-contains-target-48-targeted success
replay 370/1267 graph-id-function-wrapped-contains-target-48-dense success
replay 371/1267 graph-id-function-wrapped-contains-target-49-zero success
replay 372/1267 graph-id-function-wrapped-contains-target-49-targeted success
replay 373/1267 graph-id-function-wrapped-contains-target-49-dense success
replay 374/1267 graph-id-function-wrapped-contains-target-50-zero success
replay 375/1267 graph-id-function-wrapped-contains-target-50-targeted success
replay 376/1267 graph-id-function-wrapped-contains-target-50-dense success
replay 377/1267 graph-id-function-wrapped-contains-target-51-zero success
replay 378/1267 graph-id-function-wrapped-contains-target-51-targeted success
replay 379/1267 graph-id-function-wrapped-contains-target-51-dense success
replay 380/1267 graph-id-function-wrapped-contains-target-52-zero success
replay 381/1267 graph-id-function-wrapped-contains-target-52-targeted success
replay 382/1267 graph-id-function-wrapped-contains-target-52-dense success
replay 383/1267 graph-id-function-wrapped-contains-target-53-zero success
replay 384/1267 graph-id-function-wrapped-contains-target-53-targeted success
replay 385/1267 graph-id-function-wrapped-contains-target-53-dense success
replay 386/1267 graph-id-function-wrapped-contains-target-54-zero success
replay 387/1267 graph-id-function-wrapped-contains-target-54-targeted success
replay 388/1267 graph-id-function-wrapped-contains-target-54-dense success
replay 389/1267 graph-id-function-wrapped-contains-target-55-zero success
replay 390/1267 graph-id-function-wrapped-contains-target-55-targeted success
replay 391/1267 graph-id-function-wrapped-contains-target-55-dense success
replay 392/1267 graph-id-function-wrapped-contains-target-56-zero success
replay 393/1267 graph-id-function-wrapped-contains-target-56-targeted success
replay 394/1267 graph-id-function-wrapped-contains-target-56-dense success
replay 395/1267 graph-id-function-wrapped-contains-target-57-zero success
replay 396/1267 graph-id-function-wrapped-contains-target-57-targeted success
replay 397/1267 graph-id-function-wrapped-contains-target-57-dense success
replay 398/1267 graph-id-function-wrapped-contains-target-58-zero success
replay 399/1267 graph-id-function-wrapped-contains-target-58-targeted success
replay 400/1267 graph-id-function-wrapped-contains-target-58-dense success
replay 401/1267 graph-id-function-wrapped-contains-target-59-zero success
replay 402/1267 graph-id-function-wrapped-contains-target-59-targeted success
replay 403/1267 graph-id-function-wrapped-contains-target-59-dense success
replay 404/1267 graph-id-function-wrapped-contains-target-60-zero success
replay 405/1267 graph-id-function-wrapped-contains-target-60-targeted success
replay 406/1267 graph-id-function-wrapped-contains-target-60-dense success
replay 407/1267 graph-id-function-wrapped-contains-target-61-zero success
replay 408/1267 graph-id-function-wrapped-contains-target-61-targeted success
replay 409/1267 graph-id-function-wrapped-contains-target-61-dense success
replay 410/1267 graph-id-function-wrapped-contains-target-62-zero success
replay 411/1267 graph-id-function-wrapped-contains-target-62-targeted success
replay 412/1267 graph-id-function-wrapped-contains-target-62-dense success
replay 413/1267 graph-id-function-wrapped-contains-target-63-zero success
replay 414/1267 graph-id-function-wrapped-contains-target-63-targeted success
replay 415/1267 graph-id-function-wrapped-contains-target-63-dense success
replay 416/1267 graph-id-parameter-wrapped-contains-target-00-zero success
replay 417/1267 graph-id-parameter-wrapped-contains-target-00-targeted success
replay 418/1267 graph-id-parameter-wrapped-contains-target-00-dense success
replay 419/1267 graph-id-parameter-wrapped-contains-target-01-zero success
replay 420/1267 graph-id-parameter-wrapped-contains-target-01-targeted success
replay 421/1267 graph-id-parameter-wrapped-contains-target-01-dense success
replay 422/1267 graph-id-parameter-wrapped-contains-target-02-zero success
replay 423/1267 graph-id-parameter-wrapped-contains-target-02-targeted success
replay 424/1267 graph-id-parameter-wrapped-contains-target-02-dense success
replay 425/1267 graph-id-parameter-wrapped-contains-target-03-zero success
replay 426/1267 graph-id-parameter-wrapped-contains-target-03-targeted success
replay 427/1267 graph-id-parameter-wrapped-contains-target-03-dense success
replay 428/1267 graph-id-parameter-wrapped-contains-target-04-zero success
replay 429/1267 graph-id-parameter-wrapped-contains-target-04-targeted success
replay 430/1267 graph-id-parameter-wrapped-contains-target-04-dense success
replay 431/1267 graph-id-parameter-wrapped-contains-target-05-zero success
replay 432/1267 graph-id-parameter-wrapped-contains-target-05-targeted success
replay 433/1267 graph-id-parameter-wrapped-contains-target-05-dense success
replay 434/1267 graph-id-parameter-wrapped-contains-target-06-zero success
replay 435/1267 graph-id-parameter-wrapped-contains-target-06-targeted success
replay 436/1267 graph-id-parameter-wrapped-contains-target-06-dense success
replay 437/1267 graph-id-parameter-wrapped-contains-target-07-zero success
replay 438/1267 graph-id-parameter-wrapped-contains-target-07-targeted success
replay 439/1267 graph-id-parameter-wrapped-contains-target-07-dense success
replay 440/1267 graph-id-parameter-wrapped-contains-target-08-zero success
replay 441/1267 graph-id-parameter-wrapped-contains-target-08-targeted success
replay 442/1267 graph-id-parameter-wrapped-contains-target-08-dense success
replay 443/1267 graph-id-parameter-wrapped-contains-target-09-zero success
replay 444/1267 graph-id-parameter-wrapped-contains-target-09-targeted success
replay 445/1267 graph-id-parameter-wrapped-contains-target-09-dense success
replay 446/1267 graph-id-parameter-wrapped-contains-target-10-zero success
replay 447/1267 graph-id-parameter-wrapped-contains-target-10-targeted success
replay 448/1267 graph-id-parameter-wrapped-contains-target-10-dense success
replay 449/1267 graph-id-parameter-wrapped-contains-target-11-zero success
replay 450/1267 graph-id-parameter-wrapped-contains-target-11-targeted success
replay 451/1267 graph-id-parameter-wrapped-contains-target-11-dense success
replay 452/1267 graph-id-parameter-wrapped-contains-target-12-zero success
replay 453/1267 graph-id-parameter-wrapped-contains-target-12-targeted success
replay 454/1267 graph-id-parameter-wrapped-contains-target-12-dense success
replay 455/1267 graph-id-parameter-wrapped-contains-target-13-zero success
replay 456/1267 graph-id-parameter-wrapped-contains-target-13-targeted success
replay 457/1267 graph-id-parameter-wrapped-contains-target-13-dense success
replay 458/1267 graph-id-parameter-wrapped-contains-target-14-zero success
replay 459/1267 graph-id-parameter-wrapped-contains-target-14-targeted success
replay 460/1267 graph-id-parameter-wrapped-contains-target-14-dense success
replay 461/1267 graph-id-parameter-wrapped-contains-target-15-zero success
replay 462/1267 graph-id-parameter-wrapped-contains-target-15-targeted success
replay 463/1267 graph-id-parameter-wrapped-contains-target-15-dense success
replay 464/1267 graph-id-parameter-wrapped-contains-target-16-zero success
replay 465/1267 graph-id-parameter-wrapped-contains-target-16-targeted success
replay 466/1267 graph-id-parameter-wrapped-contains-target-16-dense success
replay 467/1267 graph-id-parameter-wrapped-contains-target-17-zero success
replay 468/1267 graph-id-parameter-wrapped-contains-target-17-targeted success
replay 469/1267 graph-id-parameter-wrapped-contains-target-17-dense success
replay 470/1267 graph-id-parameter-wrapped-contains-target-18-zero success
replay 471/1267 graph-id-parameter-wrapped-contains-target-18-targeted success
replay 472/1267 graph-id-parameter-wrapped-contains-target-18-dense success
replay 473/1267 graph-id-parameter-wrapped-contains-target-19-zero success
replay 474/1267 graph-id-parameter-wrapped-contains-target-19-targeted success
replay 475/1267 graph-id-parameter-wrapped-contains-target-19-dense success
replay 476/1267 graph-id-parameter-wrapped-contains-target-20-zero success
replay 477/1267 graph-id-parameter-wrapped-contains-target-20-targeted success
replay 478/1267 graph-id-parameter-wrapped-contains-target-20-dense success
replay 479/1267 graph-id-parameter-wrapped-contains-target-21-zero success
replay 480/1267 graph-id-parameter-wrapped-contains-target-21-targeted success
replay 481/1267 graph-id-parameter-wrapped-contains-target-21-dense success
replay 482/1267 graph-id-parameter-wrapped-contains-target-22-zero success
replay 483/1267 graph-id-parameter-wrapped-contains-target-22-targeted success
replay 484/1267 graph-id-parameter-wrapped-contains-target-22-dense success
replay 485/1267 graph-id-parameter-wrapped-contains-target-23-zero success
replay 486/1267 graph-id-parameter-wrapped-contains-target-23-targeted success
replay 487/1267 graph-id-parameter-wrapped-contains-target-23-dense success
replay 488/1267 graph-id-parameter-wrapped-contains-target-24-zero success
replay 489/1267 graph-id-parameter-wrapped-contains-target-24-targeted success
replay 490/1267 graph-id-parameter-wrapped-contains-target-24-dense success
replay 491/1267 graph-id-parameter-wrapped-contains-target-25-zero success
replay 492/1267 graph-id-parameter-wrapped-contains-target-25-targeted success
replay 493/1267 graph-id-parameter-wrapped-contains-target-25-dense success
replay 494/1267 graph-id-parameter-wrapped-contains-target-26-zero success
replay 495/1267 graph-id-parameter-wrapped-contains-target-26-targeted success
replay 496/1267 graph-id-parameter-wrapped-contains-target-26-dense success
replay 497/1267 graph-id-parameter-wrapped-contains-target-27-zero success
replay 498/1267 graph-id-parameter-wrapped-contains-target-27-targeted success
replay 499/1267 graph-id-parameter-wrapped-contains-target-27-dense success
replay 500/1267 graph-id-parameter-wrapped-contains-target-28-zero success
replay 501/1267 graph-id-parameter-wrapped-contains-target-28-targeted success
replay 502/1267 graph-id-parameter-wrapped-contains-target-28-dense success
replay 503/1267 graph-id-parameter-wrapped-contains-target-29-zero success
replay 504/1267 graph-id-parameter-wrapped-contains-target-29-targeted success
replay 505/1267 graph-id-parameter-wrapped-contains-target-29-dense success
replay 506/1267 graph-id-parameter-wrapped-contains-target-30-zero success
replay 507/1267 graph-id-parameter-wrapped-contains-target-30-targeted success
replay 508/1267 graph-id-parameter-wrapped-contains-target-30-dense success
replay 509/1267 graph-id-parameter-wrapped-contains-target-31-zero success
replay 510/1267 graph-id-parameter-wrapped-contains-target-31-targeted success
replay 511/1267 graph-id-parameter-wrapped-contains-target-31-dense success
replay 512/1267 graph-id-parameter-wrapped-contains-target-32-zero success
replay 513/1267 graph-id-parameter-wrapped-contains-target-32-targeted success
replay 514/1267 graph-id-parameter-wrapped-contains-target-32-dense success
replay 515/1267 graph-id-parameter-wrapped-contains-target-33-zero success
replay 516/1267 graph-id-parameter-wrapped-contains-target-33-targeted success
replay 517/1267 graph-id-parameter-wrapped-contains-target-33-dense success
replay 518/1267 graph-id-parameter-wrapped-contains-target-34-zero success
replay 519/1267 graph-id-parameter-wrapped-contains-target-34-targeted success
replay 520/1267 graph-id-parameter-wrapped-contains-target-34-dense success
replay 521/1267 graph-id-parameter-wrapped-contains-target-35-zero success
replay 522/1267 graph-id-parameter-wrapped-contains-target-35-targeted success
replay 523/1267 graph-id-parameter-wrapped-contains-target-35-dense success
replay 524/1267 graph-id-parameter-wrapped-contains-target-36-zero success
replay 525/1267 graph-id-parameter-wrapped-contains-target-36-targeted success
replay 526/1267 graph-id-parameter-wrapped-contains-target-36-dense success
replay 527/1267 graph-id-parameter-wrapped-contains-target-37-zero success
replay 528/1267 graph-id-parameter-wrapped-contains-target-37-targeted success
replay 529/1267 graph-id-parameter-wrapped-contains-target-37-dense success
replay 530/1267 graph-id-parameter-wrapped-contains-target-38-zero success
replay 531/1267 graph-id-parameter-wrapped-contains-target-38-targeted success
replay 532/1267 graph-id-parameter-wrapped-contains-target-38-dense success
replay 533/1267 graph-id-parameter-wrapped-contains-target-39-zero success
replay 534/1267 graph-id-parameter-wrapped-contains-target-39-targeted success
replay 535/1267 graph-id-parameter-wrapped-contains-target-39-dense success
replay 536/1267 graph-id-parameter-wrapped-contains-target-40-zero success
replay 537/1267 graph-id-parameter-wrapped-contains-target-40-targeted success
replay 538/1267 graph-id-parameter-wrapped-contains-target-40-dense success
replay 539/1267 graph-id-parameter-wrapped-contains-target-41-zero success
replay 540/1267 graph-id-parameter-wrapped-contains-target-41-targeted success
replay 541/1267 graph-id-parameter-wrapped-contains-target-41-dense success
replay 542/1267 graph-id-parameter-wrapped-contains-target-42-zero success
replay 543/1267 graph-id-parameter-wrapped-contains-target-42-targeted success
replay 544/1267 graph-id-parameter-wrapped-contains-target-42-dense success
replay 545/1267 graph-id-parameter-wrapped-contains-target-43-zero success
replay 546/1267 graph-id-parameter-wrapped-contains-target-43-targeted success
replay 547/1267 graph-id-parameter-wrapped-contains-target-43-dense success
replay 548/1267 graph-id-parameter-wrapped-contains-target-44-zero success
replay 549/1267 graph-id-parameter-wrapped-contains-target-44-targeted success
replay 550/1267 graph-id-parameter-wrapped-contains-target-44-dense success
replay 551/1267 graph-id-parameter-wrapped-contains-target-45-zero success
replay 552/1267 graph-id-parameter-wrapped-contains-target-45-targeted success
replay 553/1267 graph-id-parameter-wrapped-contains-target-45-dense success
replay 554/1267 graph-id-parameter-wrapped-contains-target-46-zero success
replay 555/1267 graph-id-parameter-wrapped-contains-target-46-targeted success
replay 556/1267 graph-id-parameter-wrapped-contains-target-46-dense success
replay 557/1267 graph-id-parameter-wrapped-contains-target-47-zero success
replay 558/1267 graph-id-parameter-wrapped-contains-target-47-targeted success
replay 559/1267 graph-id-parameter-wrapped-contains-target-47-dense success
replay 560/1267 graph-id-parameter-wrapped-contains-target-48-zero success
replay 561/1267 graph-id-parameter-wrapped-contains-target-48-targeted success
replay 562/1267 graph-id-parameter-wrapped-contains-target-48-dense success
replay 563/1267 graph-id-parameter-wrapped-contains-target-49-zero success
replay 564/1267 graph-id-parameter-wrapped-contains-target-49-targeted success
replay 565/1267 graph-id-parameter-wrapped-contains-target-49-dense success
replay 566/1267 graph-id-parameter-wrapped-contains-target-50-zero success
replay 567/1267 graph-id-parameter-wrapped-contains-target-50-targeted success
replay 568/1267 graph-id-parameter-wrapped-contains-target-50-dense success
replay 569/1267 graph-id-parameter-wrapped-contains-target-51-zero success
replay 570/1267 graph-id-parameter-wrapped-contains-target-51-targeted success
replay 571/1267 graph-id-parameter-wrapped-contains-target-51-dense success
replay 572/1267 graph-id-parameter-wrapped-contains-target-52-zero success
replay 573/1267 graph-id-parameter-wrapped-contains-target-52-targeted success
replay 574/1267 graph-id-parameter-wrapped-contains-target-52-dense success
replay 575/1267 graph-id-parameter-wrapped-contains-target-53-zero success
replay 576/1267 graph-id-parameter-wrapped-contains-target-53-targeted success
replay 577/1267 graph-id-parameter-wrapped-contains-target-53-dense success
replay 578/1267 graph-id-parameter-wrapped-contains-target-54-zero success
replay 579/1267 graph-id-parameter-wrapped-contains-target-54-targeted success
replay 580/1267 graph-id-parameter-wrapped-contains-target-54-dense success
replay 581/1267 graph-id-parameter-wrapped-contains-target-55-zero success
replay 582/1267 graph-id-parameter-wrapped-contains-target-55-targeted success
replay 583/1267 graph-id-parameter-wrapped-contains-target-55-dense success
replay 584/1267 graph-id-parameter-wrapped-contains-target-56-zero success
replay 585/1267 graph-id-parameter-wrapped-contains-target-56-targeted success
replay 586/1267 graph-id-parameter-wrapped-contains-target-56-dense success
replay 587/1267 graph-id-parameter-wrapped-contains-target-57-zero success
replay 588/1267 graph-id-parameter-wrapped-contains-target-57-targeted success
replay 589/1267 graph-id-parameter-wrapped-contains-target-57-dense success
replay 590/1267 graph-id-parameter-wrapped-contains-target-58-zero success
replay 591/1267 graph-id-parameter-wrapped-contains-target-58-targeted success
replay 592/1267 graph-id-parameter-wrapped-contains-target-58-dense success
replay 593/1267 graph-id-parameter-wrapped-contains-target-59-zero success
replay 594/1267 graph-id-parameter-wrapped-contains-target-59-targeted success
replay 595/1267 graph-id-parameter-wrapped-contains-target-59-dense success
replay 596/1267 graph-id-parameter-wrapped-contains-target-60-zero success
replay 597/1267 graph-id-parameter-wrapped-contains-target-60-targeted success
replay 598/1267 graph-id-parameter-wrapped-contains-target-60-dense success
replay 599/1267 graph-id-parameter-wrapped-contains-target-61-zero success
replay 600/1267 graph-id-parameter-wrapped-contains-target-61-targeted success
replay 601/1267 graph-id-parameter-wrapped-contains-target-61-dense success
replay 602/1267 graph-id-parameter-wrapped-contains-target-62-zero success
replay 603/1267 graph-id-parameter-wrapped-contains-target-62-targeted success
replay 604/1267 graph-id-parameter-wrapped-contains-target-62-dense success
replay 605/1267 graph-id-parameter-wrapped-contains-target-63-zero success
replay 606/1267 graph-id-parameter-wrapped-contains-target-63-targeted success
replay 607/1267 graph-id-parameter-wrapped-contains-target-63-dense success
replay 608/1267 request-selected-source-wrapped-contains-target-00-zero success
replay 609/1267 request-selected-source-wrapped-contains-target-00-targeted success
replay 610/1267 request-selected-source-wrapped-contains-target-00-dense success
replay 611/1267 request-selected-source-wrapped-contains-target-01-zero success
replay 612/1267 request-selected-source-wrapped-contains-target-01-targeted success
replay 613/1267 request-selected-source-wrapped-contains-target-01-dense success
replay 614/1267 request-selected-source-wrapped-contains-target-02-zero success
replay 615/1267 request-selected-source-wrapped-contains-target-02-targeted success
replay 616/1267 request-selected-source-wrapped-contains-target-02-dense success
replay 617/1267 request-selected-source-wrapped-contains-target-03-zero success
replay 618/1267 request-selected-source-wrapped-contains-target-03-targeted success
replay 619/1267 request-selected-source-wrapped-contains-target-03-dense success
replay 620/1267 request-selected-source-wrapped-contains-target-04-zero success
replay 621/1267 request-selected-source-wrapped-contains-target-04-targeted success
replay 622/1267 request-selected-source-wrapped-contains-target-04-dense success
replay 623/1267 request-selected-source-wrapped-contains-target-05-zero success
replay 624/1267 request-selected-source-wrapped-contains-target-05-targeted success
replay 625/1267 request-selected-source-wrapped-contains-target-05-dense success
replay 626/1267 request-selected-source-wrapped-contains-target-06-zero success
replay 627/1267 request-selected-source-wrapped-contains-target-06-targeted success
replay 628/1267 request-selected-source-wrapped-contains-target-06-dense success
replay 629/1267 request-selected-source-wrapped-contains-target-07-zero success
replay 630/1267 request-selected-source-wrapped-contains-target-07-targeted success
replay 631/1267 request-selected-source-wrapped-contains-target-07-dense success
replay 632/1267 request-selected-source-wrapped-contains-target-08-zero success
replay 633/1267 request-selected-source-wrapped-contains-target-08-targeted success
replay 634/1267 request-selected-source-wrapped-contains-target-08-dense success
replay 635/1267 request-selected-source-wrapped-contains-target-09-zero success
replay 636/1267 request-selected-source-wrapped-contains-target-09-targeted success
replay 637/1267 request-selected-source-wrapped-contains-target-09-dense success
replay 638/1267 request-selected-source-wrapped-contains-target-10-zero success
replay 639/1267 request-selected-source-wrapped-contains-target-10-targeted success
replay 640/1267 request-selected-source-wrapped-contains-target-10-dense success
replay 641/1267 request-selected-source-wrapped-contains-target-11-zero success
replay 642/1267 request-selected-source-wrapped-contains-target-11-targeted success
replay 643/1267 request-selected-source-wrapped-contains-target-11-dense success
replay 644/1267 request-selected-source-wrapped-contains-target-12-zero success
replay 645/1267 request-selected-source-wrapped-contains-target-12-targeted success
replay 646/1267 request-selected-source-wrapped-contains-target-12-dense success
replay 647/1267 request-selected-source-wrapped-contains-target-13-zero success
replay 648/1267 request-selected-source-wrapped-contains-target-13-targeted success
replay 649/1267 request-selected-source-wrapped-contains-target-13-dense success
replay 650/1267 request-selected-source-wrapped-contains-target-14-zero success
replay 651/1267 request-selected-source-wrapped-contains-target-14-targeted success
replay 652/1267 request-selected-source-wrapped-contains-target-14-dense success
replay 653/1267 request-selected-source-wrapped-contains-target-15-zero success
replay 654/1267 request-selected-source-wrapped-contains-target-15-targeted success
replay 655/1267 request-selected-source-wrapped-contains-target-15-dense success
replay 656/1267 request-selected-source-wrapped-contains-target-16-zero success
replay 657/1267 request-selected-source-wrapped-contains-target-16-targeted success
replay 658/1267 request-selected-source-wrapped-contains-target-16-dense success
replay 659/1267 request-selected-source-wrapped-contains-target-17-zero success
replay 660/1267 request-selected-source-wrapped-contains-target-17-targeted success
replay 661/1267 request-selected-source-wrapped-contains-target-17-dense success
replay 662/1267 request-selected-source-wrapped-contains-target-18-zero success
replay 663/1267 request-selected-source-wrapped-contains-target-18-targeted success
replay 664/1267 request-selected-source-wrapped-contains-target-18-dense success
replay 665/1267 request-selected-source-wrapped-contains-target-19-zero success
replay 666/1267 request-selected-source-wrapped-contains-target-19-targeted success
replay 667/1267 request-selected-source-wrapped-contains-target-19-dense success
replay 668/1267 request-selected-source-wrapped-contains-target-20-zero success
replay 669/1267 request-selected-source-wrapped-contains-target-20-targeted success
replay 670/1267 request-selected-source-wrapped-contains-target-20-dense success
replay 671/1267 request-selected-source-wrapped-contains-target-21-zero success
replay 672/1267 request-selected-source-wrapped-contains-target-21-targeted success
replay 673/1267 request-selected-source-wrapped-contains-target-21-dense success
replay 674/1267 request-selected-source-wrapped-contains-target-22-zero success
replay 675/1267 request-selected-source-wrapped-contains-target-22-targeted success
replay 676/1267 request-selected-source-wrapped-contains-target-22-dense success
replay 677/1267 request-selected-source-wrapped-contains-target-23-zero success
replay 678/1267 request-selected-source-wrapped-contains-target-23-targeted success
replay 679/1267 request-selected-source-wrapped-contains-target-23-dense success
replay 680/1267 request-selected-source-wrapped-contains-target-24-zero success
replay 681/1267 request-selected-source-wrapped-contains-target-24-targeted success
replay 682/1267 request-selected-source-wrapped-contains-target-24-dense success
replay 683/1267 request-selected-source-wrapped-contains-target-25-zero success
replay 684/1267 request-selected-source-wrapped-contains-target-25-targeted success
replay 685/1267 request-selected-source-wrapped-contains-target-25-dense success
replay 686/1267 request-selected-source-wrapped-contains-target-26-zero success
replay 687/1267 request-selected-source-wrapped-contains-target-26-targeted success
replay 688/1267 request-selected-source-wrapped-contains-target-26-dense success
replay 689/1267 request-selected-source-wrapped-contains-target-27-zero success
replay 690/1267 request-selected-source-wrapped-contains-target-27-targeted success
replay 691/1267 request-selected-source-wrapped-contains-target-27-dense success
replay 692/1267 request-selected-source-wrapped-contains-target-28-zero success
replay 693/1267 request-selected-source-wrapped-contains-target-28-targeted success
replay 694/1267 request-selected-source-wrapped-contains-target-28-dense success
replay 695/1267 request-selected-source-wrapped-contains-target-29-zero success
replay 696/1267 request-selected-source-wrapped-contains-target-29-targeted success
replay 697/1267 request-selected-source-wrapped-contains-target-29-dense success
replay 698/1267 request-selected-source-wrapped-contains-target-30-zero success
replay 699/1267 request-selected-source-wrapped-contains-target-30-targeted success
replay 700/1267 request-selected-source-wrapped-contains-target-30-dense success
replay 701/1267 request-selected-source-wrapped-contains-target-31-zero success
replay 702/1267 request-selected-source-wrapped-contains-target-31-targeted success
replay 703/1267 request-selected-source-wrapped-contains-target-31-dense success
replay 704/1267 request-selected-source-wrapped-contains-target-32-zero success
replay 705/1267 request-selected-source-wrapped-contains-target-32-targeted success
replay 706/1267 request-selected-source-wrapped-contains-target-32-dense success
replay 707/1267 request-selected-source-wrapped-contains-target-33-zero success
replay 708/1267 request-selected-source-wrapped-contains-target-33-targeted success
replay 709/1267 request-selected-source-wrapped-contains-target-33-dense success
replay 710/1267 request-selected-source-wrapped-contains-target-34-zero success
replay 711/1267 request-selected-source-wrapped-contains-target-34-targeted success
replay 712/1267 request-selected-source-wrapped-contains-target-34-dense success
replay 713/1267 request-selected-source-wrapped-contains-target-35-zero success
replay 714/1267 request-selected-source-wrapped-contains-target-35-targeted success
replay 715/1267 request-selected-source-wrapped-contains-target-35-dense success
replay 716/1267 request-selected-source-wrapped-contains-target-36-zero success
replay 717/1267 request-selected-source-wrapped-contains-target-36-targeted success
replay 718/1267 request-selected-source-wrapped-contains-target-36-dense success
replay 719/1267 request-selected-source-wrapped-contains-target-37-zero success
replay 720/1267 request-selected-source-wrapped-contains-target-37-targeted success
replay 721/1267 request-selected-source-wrapped-contains-target-37-dense success
replay 722/1267 request-selected-source-wrapped-contains-target-38-zero success
replay 723/1267 request-selected-source-wrapped-contains-target-38-targeted success
replay 724/1267 request-selected-source-wrapped-contains-target-38-dense success
replay 725/1267 request-selected-source-wrapped-contains-target-39-zero success
replay 726/1267 request-selected-source-wrapped-contains-target-39-targeted success
replay 727/1267 request-selected-source-wrapped-contains-target-39-dense success
replay 728/1267 request-selected-source-wrapped-contains-target-40-zero success
replay 729/1267 request-selected-source-wrapped-contains-target-40-targeted success
replay 730/1267 request-selected-source-wrapped-contains-target-40-dense success
replay 731/1267 request-selected-source-wrapped-contains-target-41-zero success
replay 732/1267 request-selected-source-wrapped-contains-target-41-targeted success
replay 733/1267 request-selected-source-wrapped-contains-target-41-dense success
replay 734/1267 request-selected-source-wrapped-contains-target-42-zero success
replay 735/1267 request-selected-source-wrapped-contains-target-42-targeted success
replay 736/1267 request-selected-source-wrapped-contains-target-42-dense success
replay 737/1267 request-selected-source-wrapped-contains-target-43-zero success
replay 738/1267 request-selected-source-wrapped-contains-target-43-targeted success
replay 739/1267 request-selected-source-wrapped-contains-target-43-dense success
replay 740/1267 request-selected-source-wrapped-contains-target-44-zero success
replay 741/1267 request-selected-source-wrapped-contains-target-44-targeted success
replay 742/1267 request-selected-source-wrapped-contains-target-44-dense success
replay 743/1267 request-selected-source-wrapped-contains-target-45-zero success
replay 744/1267 request-selected-source-wrapped-contains-target-45-targeted success
replay 745/1267 request-selected-source-wrapped-contains-target-45-dense success
replay 746/1267 request-selected-source-wrapped-contains-target-46-zero success
replay 747/1267 request-selected-source-wrapped-contains-target-46-targeted success
replay 748/1267 request-selected-source-wrapped-contains-target-46-dense success
replay 749/1267 request-selected-source-wrapped-contains-target-47-zero success
replay 750/1267 request-selected-source-wrapped-contains-target-47-targeted success
replay 751/1267 request-selected-source-wrapped-contains-target-47-dense success
replay 752/1267 request-selected-source-wrapped-contains-target-48-zero success
replay 753/1267 request-selected-source-wrapped-contains-target-48-targeted success
replay 754/1267 request-selected-source-wrapped-contains-target-48-dense success
replay 755/1267 request-selected-source-wrapped-contains-target-49-zero success
replay 756/1267 request-selected-source-wrapped-contains-target-49-targeted success
replay 757/1267 request-selected-source-wrapped-contains-target-49-dense success
replay 758/1267 request-selected-source-wrapped-contains-target-50-zero success
replay 759/1267 request-selected-source-wrapped-contains-target-50-targeted success
replay 760/1267 request-selected-source-wrapped-contains-target-50-dense success
replay 761/1267 request-selected-source-wrapped-contains-target-51-zero success
replay 762/1267 request-selected-source-wrapped-contains-target-51-targeted success
replay 763/1267 request-selected-source-wrapped-contains-target-51-dense success
replay 764/1267 request-selected-source-wrapped-contains-target-52-zero success
replay 765/1267 request-selected-source-wrapped-contains-target-52-targeted success
replay 766/1267 request-selected-source-wrapped-contains-target-52-dense success
replay 767/1267 request-selected-source-wrapped-contains-target-53-zero success
replay 768/1267 request-selected-source-wrapped-contains-target-53-targeted success
replay 769/1267 request-selected-source-wrapped-contains-target-53-dense success
replay 770/1267 request-selected-source-wrapped-contains-target-54-zero success
replay 771/1267 request-selected-source-wrapped-contains-target-54-targeted success
replay 772/1267 request-selected-source-wrapped-contains-target-54-dense success
replay 773/1267 request-selected-source-wrapped-contains-target-55-zero success
replay 774/1267 request-selected-source-wrapped-contains-target-55-targeted success
replay 775/1267 request-selected-source-wrapped-contains-target-55-dense success
replay 776/1267 request-selected-source-wrapped-contains-target-56-zero success
replay 777/1267 request-selected-source-wrapped-contains-target-56-targeted success
replay 778/1267 request-selected-source-wrapped-contains-target-56-dense success
replay 779/1267 request-selected-source-wrapped-contains-target-57-zero success
replay 780/1267 request-selected-source-wrapped-contains-target-57-targeted success
replay 781/1267 request-selected-source-wrapped-contains-target-57-dense success
replay 782/1267 request-selected-source-wrapped-contains-target-58-zero success
replay 783/1267 request-selected-source-wrapped-contains-target-58-targeted success
replay 784/1267 request-selected-source-wrapped-contains-target-58-dense success
replay 785/1267 request-selected-source-wrapped-contains-target-59-zero success
replay 786/1267 request-selected-source-wrapped-contains-target-59-targeted success
replay 787/1267 request-selected-source-wrapped-contains-target-59-dense success
replay 788/1267 request-selected-source-wrapped-contains-target-60-zero success
replay 789/1267 request-selected-source-wrapped-contains-target-60-targeted success
replay 790/1267 request-selected-source-wrapped-contains-target-60-dense success
replay 791/1267 request-selected-source-wrapped-contains-target-61-zero success
replay 792/1267 request-selected-source-wrapped-contains-target-61-targeted success
replay 793/1267 request-selected-source-wrapped-contains-target-61-dense success
replay 794/1267 request-selected-source-wrapped-contains-target-62-zero success
replay 795/1267 request-selected-source-wrapped-contains-target-62-targeted success
replay 796/1267 request-selected-source-wrapped-contains-target-62-dense success
replay 797/1267 request-selected-source-wrapped-contains-target-63-zero success
replay 798/1267 request-selected-source-wrapped-contains-target-63-targeted success
replay 799/1267 request-selected-source-wrapped-contains-target-63-dense success
replay 800/1267 contains-and-zero success
replay 801/1267 contains-and-targeted success
replay 802/1267 contains-and-dense success
replay 803/1267 contains-and-or-zero success
replay 804/1267 contains-and-or-targeted success
replay 805/1267 contains-and-or-dense success
replay 806/1267 pair-and-pair-zero success
replay 807/1267 pair-and-pair-targeted success
replay 808/1267 pair-and-pair-dense success
replay 809/1267 exact-or-zero success
replay 810/1267 exact-or-targeted success
replay 811/1267 exact-or-dense success
replay 812/1267 exact-and-contains-zero success
replay 813/1267 exact-and-contains-targeted success
replay 814/1267 exact-and-contains-dense success
replay 815/1267 exact-or-node-zero success
replay 816/1267 exact-or-node-targeted success
replay 817/1267 exact-or-node-dense success
replay 818/1267 four-or-keys-zero success
replay 819/1267 four-or-keys-targeted success
replay 820/1267 four-or-keys-dense success
replay 821/1267 four-or-graph-id-zero success
replay 822/1267 four-or-graph-id-targeted ExecutionException
replay 823/1267 four-or-graph-id-dense success
replay 824/1267 single-distinct-zero success
replay 825/1267 single-distinct-targeted success
replay 826/1267 single-distinct-dense success
replay 827/1267 ordered-projection-zero success
replay 828/1267 ordered-projection-targeted success
replay 829/1267 ordered-projection-dense success
replay 830/1267 ordered-skip-zero success
replay 831/1267 ordered-skip-targeted success
replay 832/1267 ordered-skip-dense success
replay 833/1267 distinct-skip-zero success
replay 834/1267 distinct-skip-targeted success
replay 835/1267 distinct-skip-dense success
replay 836/1267 large-limit-zero success
replay 837/1267 large-limit-targeted success
replay 838/1267 large-limit-dense success
replay 839/1267 filtered-count-zero success
replay 840/1267 filtered-count-targeted success
replay 841/1267 filtered-count-dense success
replay 842/1267 filtered-distinct-count-zero success
replay 843/1267 filtered-distinct-count-targeted success
replay 844/1267 filtered-distinct-count-dense success
replay 845/1267 parameterized-four-or-zero success
replay 846/1267 parameterized-four-or-targeted success
replay 847/1267 parameterized-four-or-dense success
replay 848/1267 global-wide-four-properties-zero success
replay 849/1267 global-wide-four-properties-targeted success
replay 850/1267 global-wide-four-properties-dense success
replay 851/1267 global-wide-class-pair-zero success
replay 852/1267 global-wide-class-pair-targeted success
replay 853/1267 global-wide-class-pair-dense success
replay 854/1267 global-wide-name-pair-zero success
replay 855/1267 global-wide-name-pair-targeted success
replay 856/1267 global-wide-name-pair-dense success
replay 857/1267 global-wide-caller-class-zero success
replay 858/1267 global-wide-caller-class-targeted success
replay 859/1267 global-wide-caller-class-dense success
replay 860/1267 global-wide-callee-class-zero success
replay 861/1267 global-wide-callee-class-targeted success
replay 862/1267 global-wide-callee-class-dense success
replay 863/1267 global-wide-provenance-zero success
replay 864/1267 global-wide-provenance-targeted success
replay 865/1267 global-wide-provenance-dense success
replay 866/1267 global-wide-aliased-zero success
replay 867/1267 global-wide-aliased-targeted success
replay 868/1267 global-wide-aliased-dense success
replay 869/1267 global-wide-parameterized-zero success
replay 870/1267 global-wide-parameterized-targeted success
replay 871/1267 global-wide-parameterized-dense success
replay 872/1267 global-wide-wrapped-case-insensitive-zero success
replay 873/1267 global-wide-wrapped-case-insensitive-targeted success
replay 874/1267 global-wide-wrapped-case-insensitive-dense success
replay 875/1267 global-wide-wrapped-case-insensitive-distinct-zero success
replay 876/1267 global-wide-wrapped-case-insensitive-distinct-targeted success
replay 877/1267 global-wide-wrapped-case-insensitive-distinct-dense success
replay 878/1267 exact-name-in-zero success
replay 879/1267 exact-name-in-targeted success
replay 880/1267 exact-name-in-dense success
replay 881/1267 positive-and-not-zero success
replay 882/1267 positive-and-not-targeted success
replay 883/1267 positive-and-not-dense success
replay 884/1267 global-six-or-zero success
replay 885/1267 global-six-or-targeted success
replay 886/1267 global-six-or-dense success
replay 887/1267 global-six-or-wrapped-zero success
replay 888/1267 global-six-or-wrapped-targeted success
replay 889/1267 global-six-or-wrapped-dense success
replay 890/1267 exists-guarded-contains-zero success
replay 891/1267 exists-guarded-contains-targeted success
replay 892/1267 exists-guarded-contains-dense success
replay 893/1267 regex-or-zero success
replay 894/1267 regex-or-targeted success
replay 895/1267 regex-or-dense success
replay 896/1267 global-wide-distribution-broad-all-64 success
replay 897/1267 global-wide-distribution-localized-early success
replay 898/1267 global-wide-distribution-localized-late success
replay 899/1267 global-wide-distribution-localized-middle success
replay 900/1267 graph-id-in-literal-wrapped-contains-k02-group-00-zero success
replay 901/1267 graph-id-in-parameter-wrapped-contains-k02-group-00-zero success
replay 902/1267 request-selected-set-wrapped-contains-k02-group-00-zero success
replay 903/1267 graph-id-in-literal-wrapped-contains-k02-group-00-targeted success
replay 904/1267 graph-id-in-parameter-wrapped-contains-k02-group-00-targeted success
replay 905/1267 request-selected-set-wrapped-contains-k02-group-00-targeted success
replay 906/1267 graph-id-in-literal-wrapped-contains-k02-group-00-dense success
replay 907/1267 graph-id-in-parameter-wrapped-contains-k02-group-00-dense success
replay 908/1267 request-selected-set-wrapped-contains-k02-group-00-dense success
replay 909/1267 graph-id-in-literal-wrapped-contains-k02-group-01-zero success
replay 910/1267 graph-id-in-parameter-wrapped-contains-k02-group-01-zero success
replay 911/1267 request-selected-set-wrapped-contains-k02-group-01-zero success
replay 912/1267 graph-id-in-literal-wrapped-contains-k02-group-01-targeted success
replay 913/1267 graph-id-in-parameter-wrapped-contains-k02-group-01-targeted success
replay 914/1267 request-selected-set-wrapped-contains-k02-group-01-targeted success
replay 915/1267 graph-id-in-literal-wrapped-contains-k02-group-01-dense success
replay 916/1267 graph-id-in-parameter-wrapped-contains-k02-group-01-dense success
replay 917/1267 request-selected-set-wrapped-contains-k02-group-01-dense success
replay 918/1267 graph-id-in-literal-wrapped-contains-k02-group-02-zero success
replay 919/1267 graph-id-in-parameter-wrapped-contains-k02-group-02-zero success
replay 920/1267 request-selected-set-wrapped-contains-k02-group-02-zero success
replay 921/1267 graph-id-in-literal-wrapped-contains-k02-group-02-targeted success
replay 922/1267 graph-id-in-parameter-wrapped-contains-k02-group-02-targeted success
replay 923/1267 request-selected-set-wrapped-contains-k02-group-02-targeted success
replay 924/1267 graph-id-in-literal-wrapped-contains-k02-group-02-dense success
replay 925/1267 graph-id-in-parameter-wrapped-contains-k02-group-02-dense success
replay 926/1267 request-selected-set-wrapped-contains-k02-group-02-dense success
replay 927/1267 graph-id-in-literal-wrapped-contains-k02-group-03-zero success
replay 928/1267 graph-id-in-parameter-wrapped-contains-k02-group-03-zero success
replay 929/1267 request-selected-set-wrapped-contains-k02-group-03-zero success
replay 930/1267 graph-id-in-literal-wrapped-contains-k02-group-03-targeted success
replay 931/1267 graph-id-in-parameter-wrapped-contains-k02-group-03-targeted success
replay 932/1267 request-selected-set-wrapped-contains-k02-group-03-targeted success
replay 933/1267 graph-id-in-literal-wrapped-contains-k02-group-03-dense success
replay 934/1267 graph-id-in-parameter-wrapped-contains-k02-group-03-dense success
replay 935/1267 request-selected-set-wrapped-contains-k02-group-03-dense success
replay 936/1267 graph-id-in-literal-wrapped-contains-k02-group-04-zero success
replay 937/1267 graph-id-in-parameter-wrapped-contains-k02-group-04-zero success
replay 938/1267 request-selected-set-wrapped-contains-k02-group-04-zero success
replay 939/1267 graph-id-in-literal-wrapped-contains-k02-group-04-targeted success
replay 940/1267 graph-id-in-parameter-wrapped-contains-k02-group-04-targeted success
replay 941/1267 request-selected-set-wrapped-contains-k02-group-04-targeted success
replay 942/1267 graph-id-in-literal-wrapped-contains-k02-group-04-dense success
replay 943/1267 graph-id-in-parameter-wrapped-contains-k02-group-04-dense success
replay 944/1267 request-selected-set-wrapped-contains-k02-group-04-dense success
replay 945/1267 graph-id-in-literal-wrapped-contains-k02-group-05-zero success
replay 946/1267 graph-id-in-parameter-wrapped-contains-k02-group-05-zero success
replay 947/1267 request-selected-set-wrapped-contains-k02-group-05-zero success
replay 948/1267 graph-id-in-literal-wrapped-contains-k02-group-05-targeted success
replay 949/1267 graph-id-in-parameter-wrapped-contains-k02-group-05-targeted success
replay 950/1267 request-selected-set-wrapped-contains-k02-group-05-targeted success
replay 951/1267 graph-id-in-literal-wrapped-contains-k02-group-05-dense success
replay 952/1267 graph-id-in-parameter-wrapped-contains-k02-group-05-dense success
replay 953/1267 request-selected-set-wrapped-contains-k02-group-05-dense success
replay 954/1267 graph-id-in-literal-wrapped-contains-k02-group-06-zero success
replay 955/1267 graph-id-in-parameter-wrapped-contains-k02-group-06-zero success
replay 956/1267 request-selected-set-wrapped-contains-k02-group-06-zero success
replay 957/1267 graph-id-in-literal-wrapped-contains-k02-group-06-targeted success
replay 958/1267 graph-id-in-parameter-wrapped-contains-k02-group-06-targeted success
replay 959/1267 request-selected-set-wrapped-contains-k02-group-06-targeted success
replay 960/1267 graph-id-in-literal-wrapped-contains-k02-group-06-dense success
replay 961/1267 graph-id-in-parameter-wrapped-contains-k02-group-06-dense success
replay 962/1267 request-selected-set-wrapped-contains-k02-group-06-dense success
replay 963/1267 graph-id-in-literal-wrapped-contains-k02-group-07-zero success
replay 964/1267 graph-id-in-parameter-wrapped-contains-k02-group-07-zero success
replay 965/1267 request-selected-set-wrapped-contains-k02-group-07-zero success
replay 966/1267 graph-id-in-literal-wrapped-contains-k02-group-07-targeted success
replay 967/1267 graph-id-in-parameter-wrapped-contains-k02-group-07-targeted success
replay 968/1267 request-selected-set-wrapped-contains-k02-group-07-targeted success
replay 969/1267 graph-id-in-literal-wrapped-contains-k02-group-07-dense success
replay 970/1267 graph-id-in-parameter-wrapped-contains-k02-group-07-dense success
replay 971/1267 request-selected-set-wrapped-contains-k02-group-07-dense success
replay 972/1267 graph-id-in-literal-wrapped-contains-k02-group-08-zero success
replay 973/1267 graph-id-in-parameter-wrapped-contains-k02-group-08-zero success
replay 974/1267 request-selected-set-wrapped-contains-k02-group-08-zero success
replay 975/1267 graph-id-in-literal-wrapped-contains-k02-group-08-targeted success
replay 976/1267 graph-id-in-parameter-wrapped-contains-k02-group-08-targeted success
replay 977/1267 request-selected-set-wrapped-contains-k02-group-08-targeted success
replay 978/1267 graph-id-in-literal-wrapped-contains-k02-group-08-dense success
replay 979/1267 graph-id-in-parameter-wrapped-contains-k02-group-08-dense success
replay 980/1267 request-selected-set-wrapped-contains-k02-group-08-dense success
replay 981/1267 graph-id-in-literal-wrapped-contains-k02-group-09-zero success
replay 982/1267 graph-id-in-parameter-wrapped-contains-k02-group-09-zero success
replay 983/1267 request-selected-set-wrapped-contains-k02-group-09-zero success
replay 984/1267 graph-id-in-literal-wrapped-contains-k02-group-09-targeted success
replay 985/1267 graph-id-in-parameter-wrapped-contains-k02-group-09-targeted success
replay 986/1267 request-selected-set-wrapped-contains-k02-group-09-targeted success
replay 987/1267 graph-id-in-literal-wrapped-contains-k02-group-09-dense success
replay 988/1267 graph-id-in-parameter-wrapped-contains-k02-group-09-dense success
replay 989/1267 request-selected-set-wrapped-contains-k02-group-09-dense success
replay 990/1267 graph-id-in-literal-wrapped-contains-k02-group-10-zero success
replay 991/1267 graph-id-in-parameter-wrapped-contains-k02-group-10-zero success
replay 992/1267 request-selected-set-wrapped-contains-k02-group-10-zero success
replay 993/1267 graph-id-in-literal-wrapped-contains-k02-group-10-targeted success
replay 994/1267 graph-id-in-parameter-wrapped-contains-k02-group-10-targeted success
replay 995/1267 request-selected-set-wrapped-contains-k02-group-10-targeted success
replay 996/1267 graph-id-in-literal-wrapped-contains-k02-group-10-dense success
replay 997/1267 graph-id-in-parameter-wrapped-contains-k02-group-10-dense success
replay 998/1267 request-selected-set-wrapped-contains-k02-group-10-dense success
replay 999/1267 graph-id-in-literal-wrapped-contains-k02-group-11-zero success
replay 1000/1267 graph-id-in-parameter-wrapped-contains-k02-group-11-zero success
replay 1001/1267 request-selected-set-wrapped-contains-k02-group-11-zero success
replay 1002/1267 graph-id-in-literal-wrapped-contains-k02-group-11-targeted success
replay 1003/1267 graph-id-in-parameter-wrapped-contains-k02-group-11-targeted success
replay 1004/1267 request-selected-set-wrapped-contains-k02-group-11-targeted success
replay 1005/1267 graph-id-in-literal-wrapped-contains-k02-group-11-dense success
replay 1006/1267 graph-id-in-parameter-wrapped-contains-k02-group-11-dense success
replay 1007/1267 request-selected-set-wrapped-contains-k02-group-11-dense success
replay 1008/1267 graph-id-in-literal-wrapped-contains-k02-group-12-zero success
replay 1009/1267 graph-id-in-parameter-wrapped-contains-k02-group-12-zero success
replay 1010/1267 request-selected-set-wrapped-contains-k02-group-12-zero success
replay 1011/1267 graph-id-in-literal-wrapped-contains-k02-group-12-targeted success
replay 1012/1267 graph-id-in-parameter-wrapped-contains-k02-group-12-targeted success
replay 1013/1267 request-selected-set-wrapped-contains-k02-group-12-targeted success
replay 1014/1267 graph-id-in-literal-wrapped-contains-k02-group-12-dense success
replay 1015/1267 graph-id-in-parameter-wrapped-contains-k02-group-12-dense success
replay 1016/1267 request-selected-set-wrapped-contains-k02-group-12-dense success
replay 1017/1267 graph-id-in-literal-wrapped-contains-k02-group-13-zero success
replay 1018/1267 graph-id-in-parameter-wrapped-contains-k02-group-13-zero success
replay 1019/1267 request-selected-set-wrapped-contains-k02-group-13-zero success
replay 1020/1267 graph-id-in-literal-wrapped-contains-k02-group-13-targeted success
replay 1021/1267 graph-id-in-parameter-wrapped-contains-k02-group-13-targeted success
replay 1022/1267 request-selected-set-wrapped-contains-k02-group-13-targeted success
replay 1023/1267 graph-id-in-literal-wrapped-contains-k02-group-13-dense success
replay 1024/1267 graph-id-in-parameter-wrapped-contains-k02-group-13-dense success
replay 1025/1267 request-selected-set-wrapped-contains-k02-group-13-dense success
replay 1026/1267 graph-id-in-literal-wrapped-contains-k02-group-14-zero success
replay 1027/1267 graph-id-in-parameter-wrapped-contains-k02-group-14-zero success
replay 1028/1267 request-selected-set-wrapped-contains-k02-group-14-zero success
replay 1029/1267 graph-id-in-literal-wrapped-contains-k02-group-14-targeted success
replay 1030/1267 graph-id-in-parameter-wrapped-contains-k02-group-14-targeted success
replay 1031/1267 request-selected-set-wrapped-contains-k02-group-14-targeted success
replay 1032/1267 graph-id-in-literal-wrapped-contains-k02-group-14-dense success
replay 1033/1267 graph-id-in-parameter-wrapped-contains-k02-group-14-dense success
replay 1034/1267 request-selected-set-wrapped-contains-k02-group-14-dense success
replay 1035/1267 graph-id-in-literal-wrapped-contains-k02-group-15-zero success
replay 1036/1267 graph-id-in-parameter-wrapped-contains-k02-group-15-zero success
replay 1037/1267 request-selected-set-wrapped-contains-k02-group-15-zero success
replay 1038/1267 graph-id-in-literal-wrapped-contains-k02-group-15-targeted success
replay 1039/1267 graph-id-in-parameter-wrapped-contains-k02-group-15-targeted success
replay 1040/1267 request-selected-set-wrapped-contains-k02-group-15-targeted success
replay 1041/1267 graph-id-in-literal-wrapped-contains-k02-group-15-dense success
replay 1042/1267 graph-id-in-parameter-wrapped-contains-k02-group-15-dense success
replay 1043/1267 request-selected-set-wrapped-contains-k02-group-15-dense success
replay 1044/1267 graph-id-in-literal-wrapped-contains-k02-group-16-zero success
replay 1045/1267 graph-id-in-parameter-wrapped-contains-k02-group-16-zero success
replay 1046/1267 request-selected-set-wrapped-contains-k02-group-16-zero success
replay 1047/1267 graph-id-in-literal-wrapped-contains-k02-group-16-targeted success
replay 1048/1267 graph-id-in-parameter-wrapped-contains-k02-group-16-targeted success
replay 1049/1267 request-selected-set-wrapped-contains-k02-group-16-targeted success
replay 1050/1267 graph-id-in-literal-wrapped-contains-k02-group-16-dense success
replay 1051/1267 graph-id-in-parameter-wrapped-contains-k02-group-16-dense success
replay 1052/1267 request-selected-set-wrapped-contains-k02-group-16-dense success
replay 1053/1267 graph-id-in-literal-wrapped-contains-k02-group-17-zero success
replay 1054/1267 graph-id-in-parameter-wrapped-contains-k02-group-17-zero success
replay 1055/1267 request-selected-set-wrapped-contains-k02-group-17-zero success
replay 1056/1267 graph-id-in-literal-wrapped-contains-k02-group-17-targeted success
replay 1057/1267 graph-id-in-parameter-wrapped-contains-k02-group-17-targeted success
replay 1058/1267 request-selected-set-wrapped-contains-k02-group-17-targeted success
replay 1059/1267 graph-id-in-literal-wrapped-contains-k02-group-17-dense success
replay 1060/1267 graph-id-in-parameter-wrapped-contains-k02-group-17-dense success
replay 1061/1267 request-selected-set-wrapped-contains-k02-group-17-dense success
replay 1062/1267 graph-id-in-literal-wrapped-contains-k02-group-18-zero success
replay 1063/1267 graph-id-in-parameter-wrapped-contains-k02-group-18-zero success
replay 1064/1267 request-selected-set-wrapped-contains-k02-group-18-zero success
replay 1065/1267 graph-id-in-literal-wrapped-contains-k02-group-18-targeted success
replay 1066/1267 graph-id-in-parameter-wrapped-contains-k02-group-18-targeted success
replay 1067/1267 request-selected-set-wrapped-contains-k02-group-18-targeted success
replay 1068/1267 graph-id-in-literal-wrapped-contains-k02-group-18-dense success
replay 1069/1267 graph-id-in-parameter-wrapped-contains-k02-group-18-dense success
replay 1070/1267 request-selected-set-wrapped-contains-k02-group-18-dense success
replay 1071/1267 graph-id-in-literal-wrapped-contains-k02-group-19-zero success
replay 1072/1267 graph-id-in-parameter-wrapped-contains-k02-group-19-zero success
replay 1073/1267 request-selected-set-wrapped-contains-k02-group-19-zero success
replay 1074/1267 graph-id-in-literal-wrapped-contains-k02-group-19-targeted success
replay 1075/1267 graph-id-in-parameter-wrapped-contains-k02-group-19-targeted success
replay 1076/1267 request-selected-set-wrapped-contains-k02-group-19-targeted success
replay 1077/1267 graph-id-in-literal-wrapped-contains-k02-group-19-dense success
replay 1078/1267 graph-id-in-parameter-wrapped-contains-k02-group-19-dense success
replay 1079/1267 request-selected-set-wrapped-contains-k02-group-19-dense success
replay 1080/1267 graph-id-in-literal-wrapped-contains-k02-group-20-zero success
replay 1081/1267 graph-id-in-parameter-wrapped-contains-k02-group-20-zero success
replay 1082/1267 request-selected-set-wrapped-contains-k02-group-20-zero success
replay 1083/1267 graph-id-in-literal-wrapped-contains-k02-group-20-targeted success
replay 1084/1267 graph-id-in-parameter-wrapped-contains-k02-group-20-targeted success
replay 1085/1267 request-selected-set-wrapped-contains-k02-group-20-targeted success
replay 1086/1267 graph-id-in-literal-wrapped-contains-k02-group-20-dense success
replay 1087/1267 graph-id-in-parameter-wrapped-contains-k02-group-20-dense success
replay 1088/1267 request-selected-set-wrapped-contains-k02-group-20-dense success
replay 1089/1267 graph-id-in-literal-wrapped-contains-k02-group-21-zero success
replay 1090/1267 graph-id-in-parameter-wrapped-contains-k02-group-21-zero success
replay 1091/1267 request-selected-set-wrapped-contains-k02-group-21-zero success
replay 1092/1267 graph-id-in-literal-wrapped-contains-k02-group-21-targeted success
replay 1093/1267 graph-id-in-parameter-wrapped-contains-k02-group-21-targeted success
replay 1094/1267 request-selected-set-wrapped-contains-k02-group-21-targeted success
replay 1095/1267 graph-id-in-literal-wrapped-contains-k02-group-21-dense success
replay 1096/1267 graph-id-in-parameter-wrapped-contains-k02-group-21-dense success
replay 1097/1267 request-selected-set-wrapped-contains-k02-group-21-dense success
replay 1098/1267 graph-id-in-literal-wrapped-contains-k02-group-22-zero success
replay 1099/1267 graph-id-in-parameter-wrapped-contains-k02-group-22-zero success
replay 1100/1267 request-selected-set-wrapped-contains-k02-group-22-zero success
replay 1101/1267 graph-id-in-literal-wrapped-contains-k02-group-22-targeted success
replay 1102/1267 graph-id-in-parameter-wrapped-contains-k02-group-22-targeted success
replay 1103/1267 request-selected-set-wrapped-contains-k02-group-22-targeted success
replay 1104/1267 graph-id-in-literal-wrapped-contains-k02-group-22-dense success
replay 1105/1267 graph-id-in-parameter-wrapped-contains-k02-group-22-dense success
replay 1106/1267 request-selected-set-wrapped-contains-k02-group-22-dense success
replay 1107/1267 graph-id-in-literal-wrapped-contains-k02-group-23-zero success
replay 1108/1267 graph-id-in-parameter-wrapped-contains-k02-group-23-zero success
replay 1109/1267 request-selected-set-wrapped-contains-k02-group-23-zero success
replay 1110/1267 graph-id-in-literal-wrapped-contains-k02-group-23-targeted success
replay 1111/1267 graph-id-in-parameter-wrapped-contains-k02-group-23-targeted success
replay 1112/1267 request-selected-set-wrapped-contains-k02-group-23-targeted success
replay 1113/1267 graph-id-in-literal-wrapped-contains-k02-group-23-dense success
replay 1114/1267 graph-id-in-parameter-wrapped-contains-k02-group-23-dense success
replay 1115/1267 request-selected-set-wrapped-contains-k02-group-23-dense success
replay 1116/1267 graph-id-in-literal-wrapped-contains-k02-group-24-zero success
replay 1117/1267 graph-id-in-parameter-wrapped-contains-k02-group-24-zero success
replay 1118/1267 request-selected-set-wrapped-contains-k02-group-24-zero success
replay 1119/1267 graph-id-in-literal-wrapped-contains-k02-group-24-targeted success
replay 1120/1267 graph-id-in-parameter-wrapped-contains-k02-group-24-targeted success
replay 1121/1267 request-selected-set-wrapped-contains-k02-group-24-targeted success
replay 1122/1267 graph-id-in-literal-wrapped-contains-k02-group-24-dense success
replay 1123/1267 graph-id-in-parameter-wrapped-contains-k02-group-24-dense success
replay 1124/1267 request-selected-set-wrapped-contains-k02-group-24-dense success
replay 1125/1267 graph-id-in-literal-wrapped-contains-k02-group-25-zero success
replay 1126/1267 graph-id-in-parameter-wrapped-contains-k02-group-25-zero success
replay 1127/1267 request-selected-set-wrapped-contains-k02-group-25-zero success
replay 1128/1267 graph-id-in-literal-wrapped-contains-k02-group-25-targeted success
replay 1129/1267 graph-id-in-parameter-wrapped-contains-k02-group-25-targeted success
replay 1130/1267 request-selected-set-wrapped-contains-k02-group-25-targeted success
replay 1131/1267 graph-id-in-literal-wrapped-contains-k02-group-25-dense success
replay 1132/1267 graph-id-in-parameter-wrapped-contains-k02-group-25-dense success
replay 1133/1267 request-selected-set-wrapped-contains-k02-group-25-dense success
replay 1134/1267 graph-id-in-literal-wrapped-contains-k02-group-26-zero success
replay 1135/1267 graph-id-in-parameter-wrapped-contains-k02-group-26-zero success
replay 1136/1267 request-selected-set-wrapped-contains-k02-group-26-zero success
replay 1137/1267 graph-id-in-literal-wrapped-contains-k02-group-26-targeted success
replay 1138/1267 graph-id-in-parameter-wrapped-contains-k02-group-26-targeted success
replay 1139/1267 request-selected-set-wrapped-contains-k02-group-26-targeted success
replay 1140/1267 graph-id-in-literal-wrapped-contains-k02-group-26-dense success
replay 1141/1267 graph-id-in-parameter-wrapped-contains-k02-group-26-dense success
replay 1142/1267 request-selected-set-wrapped-contains-k02-group-26-dense success
replay 1143/1267 graph-id-in-literal-wrapped-contains-k02-group-27-zero success
replay 1144/1267 graph-id-in-parameter-wrapped-contains-k02-group-27-zero success
replay 1145/1267 request-selected-set-wrapped-contains-k02-group-27-zero success
replay 1146/1267 graph-id-in-literal-wrapped-contains-k02-group-27-targeted success
replay 1147/1267 graph-id-in-parameter-wrapped-contains-k02-group-27-targeted success
replay 1148/1267 request-selected-set-wrapped-contains-k02-group-27-targeted success
replay 1149/1267 graph-id-in-literal-wrapped-contains-k02-group-27-dense success
replay 1150/1267 graph-id-in-parameter-wrapped-contains-k02-group-27-dense success
replay 1151/1267 request-selected-set-wrapped-contains-k02-group-27-dense success
replay 1152/1267 graph-id-in-literal-wrapped-contains-k02-group-28-zero success
replay 1153/1267 graph-id-in-parameter-wrapped-contains-k02-group-28-zero success
replay 1154/1267 request-selected-set-wrapped-contains-k02-group-28-zero success
replay 1155/1267 graph-id-in-literal-wrapped-contains-k02-group-28-targeted success
replay 1156/1267 graph-id-in-parameter-wrapped-contains-k02-group-28-targeted success
replay 1157/1267 request-selected-set-wrapped-contains-k02-group-28-targeted success
replay 1158/1267 graph-id-in-literal-wrapped-contains-k02-group-28-dense success
replay 1159/1267 graph-id-in-parameter-wrapped-contains-k02-group-28-dense success
replay 1160/1267 request-selected-set-wrapped-contains-k02-group-28-dense success
replay 1161/1267 graph-id-in-literal-wrapped-contains-k02-group-29-zero success
replay 1162/1267 graph-id-in-parameter-wrapped-contains-k02-group-29-zero success
replay 1163/1267 request-selected-set-wrapped-contains-k02-group-29-zero success
replay 1164/1267 graph-id-in-literal-wrapped-contains-k02-group-29-targeted success
replay 1165/1267 graph-id-in-parameter-wrapped-contains-k02-group-29-targeted success
replay 1166/1267 request-selected-set-wrapped-contains-k02-group-29-targeted success
replay 1167/1267 graph-id-in-literal-wrapped-contains-k02-group-29-dense success
replay 1168/1267 graph-id-in-parameter-wrapped-contains-k02-group-29-dense success
replay 1169/1267 request-selected-set-wrapped-contains-k02-group-29-dense success
replay 1170/1267 graph-id-in-literal-wrapped-contains-k02-group-30-zero success
replay 1171/1267 graph-id-in-parameter-wrapped-contains-k02-group-30-zero success
replay 1172/1267 request-selected-set-wrapped-contains-k02-group-30-zero success
replay 1173/1267 graph-id-in-literal-wrapped-contains-k02-group-30-targeted success
replay 1174/1267 graph-id-in-parameter-wrapped-contains-k02-group-30-targeted success
replay 1175/1267 request-selected-set-wrapped-contains-k02-group-30-targeted success
replay 1176/1267 graph-id-in-literal-wrapped-contains-k02-group-30-dense success
replay 1177/1267 graph-id-in-parameter-wrapped-contains-k02-group-30-dense success
replay 1178/1267 request-selected-set-wrapped-contains-k02-group-30-dense success
replay 1179/1267 graph-id-in-literal-wrapped-contains-k02-group-31-zero success
replay 1180/1267 graph-id-in-parameter-wrapped-contains-k02-group-31-zero success
replay 1181/1267 request-selected-set-wrapped-contains-k02-group-31-zero success
replay 1182/1267 graph-id-in-literal-wrapped-contains-k02-group-31-targeted success
replay 1183/1267 graph-id-in-parameter-wrapped-contains-k02-group-31-targeted success
replay 1184/1267 request-selected-set-wrapped-contains-k02-group-31-targeted success
replay 1185/1267 graph-id-in-literal-wrapped-contains-k02-group-31-dense success
replay 1186/1267 graph-id-in-parameter-wrapped-contains-k02-group-31-dense success
replay 1187/1267 request-selected-set-wrapped-contains-k02-group-31-dense success
replay 1188/1267 graph-id-in-literal-wrapped-contains-k08-group-00-zero success
replay 1189/1267 graph-id-in-parameter-wrapped-contains-k08-group-00-zero success
replay 1190/1267 request-selected-set-wrapped-contains-k08-group-00-zero success
replay 1191/1267 graph-id-in-literal-wrapped-contains-k08-group-00-targeted success
replay 1192/1267 graph-id-in-parameter-wrapped-contains-k08-group-00-targeted success
replay 1193/1267 request-selected-set-wrapped-contains-k08-group-00-targeted success
replay 1194/1267 graph-id-in-literal-wrapped-contains-k08-group-00-dense success
replay 1195/1267 graph-id-in-parameter-wrapped-contains-k08-group-00-dense success
replay 1196/1267 request-selected-set-wrapped-contains-k08-group-00-dense success
replay 1197/1267 graph-id-in-literal-wrapped-contains-k08-group-01-zero success
replay 1198/1267 graph-id-in-parameter-wrapped-contains-k08-group-01-zero success
replay 1199/1267 request-selected-set-wrapped-contains-k08-group-01-zero success
replay 1200/1267 graph-id-in-literal-wrapped-contains-k08-group-01-targeted success
replay 1201/1267 graph-id-in-parameter-wrapped-contains-k08-group-01-targeted success
replay 1202/1267 request-selected-set-wrapped-contains-k08-group-01-targeted success
replay 1203/1267 graph-id-in-literal-wrapped-contains-k08-group-01-dense success
replay 1204/1267 graph-id-in-parameter-wrapped-contains-k08-group-01-dense success
replay 1205/1267 request-selected-set-wrapped-contains-k08-group-01-dense success
replay 1206/1267 graph-id-in-literal-wrapped-contains-k08-group-02-zero success
replay 1207/1267 graph-id-in-parameter-wrapped-contains-k08-group-02-zero success
replay 1208/1267 request-selected-set-wrapped-contains-k08-group-02-zero success
replay 1209/1267 graph-id-in-literal-wrapped-contains-k08-group-02-targeted success
replay 1210/1267 graph-id-in-parameter-wrapped-contains-k08-group-02-targeted success
replay 1211/1267 request-selected-set-wrapped-contains-k08-group-02-targeted success
replay 1212/1267 graph-id-in-literal-wrapped-contains-k08-group-02-dense success
replay 1213/1267 graph-id-in-parameter-wrapped-contains-k08-group-02-dense success
replay 1214/1267 request-selected-set-wrapped-contains-k08-group-02-dense success
replay 1215/1267 graph-id-in-literal-wrapped-contains-k08-group-03-zero success
replay 1216/1267 graph-id-in-parameter-wrapped-contains-k08-group-03-zero success
replay 1217/1267 request-selected-set-wrapped-contains-k08-group-03-zero success
replay 1218/1267 graph-id-in-literal-wrapped-contains-k08-group-03-targeted success
replay 1219/1267 graph-id-in-parameter-wrapped-contains-k08-group-03-targeted success
replay 1220/1267 request-selected-set-wrapped-contains-k08-group-03-targeted success
replay 1221/1267 graph-id-in-literal-wrapped-contains-k08-group-03-dense success
replay 1222/1267 graph-id-in-parameter-wrapped-contains-k08-group-03-dense success
replay 1223/1267 request-selected-set-wrapped-contains-k08-group-03-dense success
replay 1224/1267 graph-id-in-literal-wrapped-contains-k08-group-04-zero success
replay 1225/1267 graph-id-in-parameter-wrapped-contains-k08-group-04-zero success
replay 1226/1267 request-selected-set-wrapped-contains-k08-group-04-zero success
replay 1227/1267 graph-id-in-literal-wrapped-contains-k08-group-04-targeted success
replay 1228/1267 graph-id-in-parameter-wrapped-contains-k08-group-04-targeted success
replay 1229/1267 request-selected-set-wrapped-contains-k08-group-04-targeted success
replay 1230/1267 graph-id-in-literal-wrapped-contains-k08-group-04-dense success
replay 1231/1267 graph-id-in-parameter-wrapped-contains-k08-group-04-dense success
replay 1232/1267 request-selected-set-wrapped-contains-k08-group-04-dense success
replay 1233/1267 graph-id-in-literal-wrapped-contains-k08-group-05-zero success
replay 1234/1267 graph-id-in-parameter-wrapped-contains-k08-group-05-zero success
replay 1235/1267 request-selected-set-wrapped-contains-k08-group-05-zero success
replay 1236/1267 graph-id-in-literal-wrapped-contains-k08-group-05-targeted success
replay 1237/1267 graph-id-in-parameter-wrapped-contains-k08-group-05-targeted success
replay 1238/1267 request-selected-set-wrapped-contains-k08-group-05-targeted success
replay 1239/1267 graph-id-in-literal-wrapped-contains-k08-group-05-dense success
replay 1240/1267 graph-id-in-parameter-wrapped-contains-k08-group-05-dense success
replay 1241/1267 request-selected-set-wrapped-contains-k08-group-05-dense success
replay 1242/1267 graph-id-in-literal-wrapped-contains-k08-group-06-zero success
replay 1243/1267 graph-id-in-parameter-wrapped-contains-k08-group-06-zero success
replay 1244/1267 request-selected-set-wrapped-contains-k08-group-06-zero success
replay 1245/1267 graph-id-in-literal-wrapped-contains-k08-group-06-targeted success
replay 1246/1267 graph-id-in-parameter-wrapped-contains-k08-group-06-targeted success
replay 1247/1267 request-selected-set-wrapped-contains-k08-group-06-targeted success
replay 1248/1267 graph-id-in-literal-wrapped-contains-k08-group-06-dense success
replay 1249/1267 graph-id-in-parameter-wrapped-contains-k08-group-06-dense success
replay 1250/1267 request-selected-set-wrapped-contains-k08-group-06-dense success
replay 1251/1267 graph-id-in-literal-wrapped-contains-k08-group-07-zero success
replay 1252/1267 graph-id-in-parameter-wrapped-contains-k08-group-07-zero success
replay 1253/1267 request-selected-set-wrapped-contains-k08-group-07-zero success
replay 1254/1267 graph-id-in-literal-wrapped-contains-k08-group-07-targeted success
replay 1255/1267 graph-id-in-parameter-wrapped-contains-k08-group-07-targeted success
replay 1256/1267 request-selected-set-wrapped-contains-k08-group-07-targeted success
replay 1257/1267 graph-id-in-literal-wrapped-contains-k08-group-07-dense success
replay 1258/1267 graph-id-in-parameter-wrapped-contains-k08-group-07-dense success
replay 1259/1267 request-selected-set-wrapped-contains-k08-group-07-dense success
replay 1260/1267 graph-id-in-literal-wrapped-contains-k64-group-00-zero success
replay 1261/1267 graph-id-in-parameter-wrapped-contains-k64-group-00-zero success
replay 1262/1267 graph-id-in-literal-wrapped-contains-k64-group-00-targeted success
replay 1263/1267 graph-id-in-parameter-wrapped-contains-k64-group-00-targeted success
replay 1264/1267 request-selected-set-wrapped-contains-k64-group-00-targeted success
replay 1265/1267 graph-id-in-literal-wrapped-contains-k64-group-00-dense success
replay 1266/1267 graph-id-in-parameter-wrapped-contains-k64-group-00-dense success
replay 1267/1267 request-selected-set-wrapped-contains-k64-group-00-dense success
Exception in thread "main" java.lang.IllegalStateException: A correctness oracle requires every query to succeed; incomplete results: four-or-graph-id-targeted=failed
	at io.johnsonlee.graphite.webgraph.QueryCorrectnessManifest.requireRecordable(QueryCorrectnessManifest.kt:127)
	at io.johnsonlee.graphite.webgraph.LargeBroadQueryPressureBenchmark.enforceCorrectness(LargeBroadQueryPressureBenchmark.kt:222)
	at io.johnsonlee.graphite.webgraph.LargeBroadQueryPressureBenchmark.replayBroadQueries(LargeBroadQueryPressureBenchmark.kt:188)
	at MainReplayCapture.main(MainReplayCapture.java:91)
