loaded 1/64 fixture-android-00
loaded 2/64 fixture-android-01
loaded 3/64 fixture-android-02
loaded 4/64 fixture-android-03
loaded 5/64 fixture-android-04
loaded 6/64 fixture-android-05
loaded 7/64 fixture-android-06
loaded 8/64 fixture-android-07
loaded 9/64 fixture-android-08
loaded 10/64 fixture-android-09
loaded 11/64 fixture-android-10
loaded 12/64 fixture-android-11
loaded 13/64 fixture-android-12
loaded 14/64 fixture-android-13
loaded 15/64 fixture-android-14
loaded 16/64 fixture-android-15
loaded 17/64 fixture-hive-00
loaded 18/64 fixture-hive-01
loaded 19/64 fixture-hive-02
loaded 20/64 fixture-hive-03
loaded 21/64 fixture-hive-04
loaded 22/64 fixture-hive-05
loaded 23/64 fixture-hive-06
loaded 24/64 fixture-hive-07
loaded 25/64 fixture-hive-08
loaded 26/64 fixture-hive-09
loaded 27/64 fixture-hive-10
loaded 28/64 fixture-hive-11
loaded 29/64 fixture-hive-12
loaded 30/64 fixture-hive-13
loaded 31/64 fixture-hive-14
loaded 32/64 fixture-hive-15
loaded 33/64 fixture-kotlin-compiler-00
loaded 34/64 fixture-kotlin-compiler-01
loaded 35/64 fixture-kotlin-compiler-02
loaded 36/64 fixture-kotlin-compiler-03
loaded 37/64 fixture-kotlin-compiler-04
loaded 38/64 fixture-kotlin-compiler-05
loaded 39/64 fixture-kotlin-compiler-06
loaded 40/64 fixture-kotlin-compiler-07
loaded 41/64 fixture-kotlin-compiler-08
loaded 42/64 fixture-kotlin-compiler-09
loaded 43/64 fixture-kotlin-compiler-10
loaded 44/64 fixture-kotlin-compiler-11
loaded 45/64 fixture-kotlin-compiler-12
loaded 46/64 fixture-kotlin-compiler-13
loaded 47/64 fixture-kotlin-compiler-14
loaded 48/64 fixture-kotlin-compiler-15
loaded 49/64 fixture-tika-00
loaded 50/64 fixture-tika-01
loaded 51/64 fixture-tika-02
loaded 52/64 fixture-tika-03
loaded 53/64 fixture-tika-04
loaded 54/64 fixture-tika-05
loaded 55/64 fixture-tika-06
loaded 56/64 fixture-tika-07
loaded 57/64 fixture-tika-08
loaded 58/64 fixture-tika-09
loaded 59/64 fixture-tika-10
loaded 60/64 fixture-tika-11
loaded 61/64 fixture-tika-12
loaded 62/64 fixture-tika-13
loaded 63/64 fixture-tika-14
loaded 64/64 fixture-tika-15
CATALOG VERIFIED map[callSites:5046935 edges:20448885 methods:1374983 nodes:19431891]
PROFILE START first32-tuple-255 2026-09-07T02:40:16.370367Z
PROFILE DONE first32-tuple-255 bytes=55042 hash=c76e764d0f101f77a0b3ebd5caedbf4958e5c406ca07f1317d427bd2fca0c713 equal=true alloc=2254876408 GC=0
PROFILE START first32-tuple-256 2026-09-07T02:40:20.484034Z
PROFILE DONE first32-tuple-256 bytes=55234 hash=2d2776e240e3abefcb029c43c26db388dc8685630151bebd0e867807b4f2f221 equal=true alloc=76895128 GC=0
PROFILE START first32-tuple-256-repeat 2026-09-07T02:40:21.957411Z
PROFILE DONE first32-tuple-256-repeat bytes=55234 hash=2d2776e240e3abefcb029c43c26db388dc8685630151bebd0e867807b4f2f221 equal=true alloc=76887056 GC=0
PROFILE START last32-tuple-255 2026-09-07T02:40:23.525561Z
PROFILE DONE last32-tuple-255 bytes=69301 hash=67003ed76c5820465426c71918b00494a9926517b03a75122758aa6fd4d899ed equal=true alloc=3449741496 GC=0
PROFILE START last32-tuple-256 2026-09-07T02:40:26.624398Z
PROFILE DONE last32-tuple-256 bytes=69548 hash=d06045b6c9f0b8622b6a9f4162e5796d801ca58000961e8ec066725751d4ec52 equal=true alloc=81912728 GC=0
PROFILE START last32-tuple-256-repeat 2026-09-07T02:40:28.068495Z
PROFILE DONE last32-tuple-256-repeat bytes=69548 hash=d06045b6c9f0b8622b6a9f4162e5796d801ca58000961e8ec066725751d4ec52 equal=true alloc=81915720 GC=0
COMPLETE
