Applied patch to 'graphite-server/internal/query/indexed_distinct.go' cleanly.
Falling back to direct application...
Falling back to direct application...
Falling back to direct application...
Falling back to direct application...
Falling back to direct application...
Falling back to direct application...
Falling back to direct application...
Falling back to direct application...
Falling back to direct application...
Falling back to direct application...
Falling back to direct application...
Falling back to direct application...
Falling back to direct application...
Falling back to direct application...
Falling back to direct application...
Falling back to direct application...
Falling back to direct application...
Falling back to direct application...
Falling back to direct application...
Falling back to direct application...
Falling back to direct application...
Falling back to direct application...
Falling back to direct application...
Falling back to direct application...
Falling back to direct application...
Falling back to direct application...
Falling back to direct application...
Falling back to direct application...
Falling back to direct application...
Falling back to direct application...
Falling back to direct application...
Falling back to direct application...
Falling back to direct application...
Falling back to direct application...
Falling back to direct application...
Falling back to direct application...
Falling back to direct application...
Falling back to direct application...
Falling back to direct application...
Falling back to direct application...
Falling back to direct application...
Falling back to direct application...
Falling back to direct application...
Falling back to direct application...
Falling back to direct application...
Falling back to direct application...
Falling back to direct application...
Falling back to direct application...
Falling back to direct application...
Falling back to direct application...
Falling back to direct application...
Falling back to direct application...
Falling back to direct application...
Falling back to direct application...
Falling back to direct application...
Falling back to direct application...
Falling back to direct application...
Falling back to direct application...
Falling back to direct application...
Falling back to direct application...
Falling back to direct application...
Falling back to direct application...
Falling back to direct application...
Falling back to direct application...
Falling back to direct application...
Falling back to direct application...
Falling back to direct application...
Falling back to direct application...
Falling back to direct application...
Falling back to direct application...
Falling back to direct application...
Falling back to direct application...
Falling back to direct application...
Falling back to direct application...
Falling back to direct application...
Falling back to direct application...
Falling back to direct application...
Falling back to direct application...
Falling back to direct application...
Falling back to direct application...
Falling back to direct application...
Falling back to direct application...
Falling back to direct application...
Applied patch to 'graphite-server/internal/query/testdata/ordinary-projection/README.md' cleanly.
Applied patch to 'graphite-server/internal/store/distinct_projection.go' cleanly.
Applied patch to 'graphite-server/internal/store/projection_cache.go' cleanly.
Applied patch to 'graphite-server/internal/store/projection_persistence.go' cleanly.
Falling back to direct application...
Falling back to direct application...
Applied patch to 'graphite-server/internal/store/store.go' cleanly.
