or-single-early-rows rows=200 returnedGraphs=1 latencyMs=88.718
or-single-early-distinct rows=200 returnedGraphs=1 latencyMs=276.075292
and-single-early-rows rows=200 returnedGraphs=1 latencyMs=37.899292
and-single-early-distinct rows=50 returnedGraphs=1 latencyMs=167.583833
or-single-middle-rows rows=200 returnedGraphs=1 latencyMs=106.337084
or-single-middle-distinct rows=200 returnedGraphs=1 latencyMs=150.565
and-single-middle-rows rows=200 returnedGraphs=1 latencyMs=95.58325
and-single-middle-distinct rows=200 returnedGraphs=1 latencyMs=152.215958
or-single-late-rows rows=200 returnedGraphs=1 latencyMs=148.96725
or-single-late-distinct rows=200 returnedGraphs=1 latencyMs=143.141125
and-single-late-rows rows=29 returnedGraphs=1 latencyMs=147.974541
and-single-late-distinct rows=21 returnedGraphs=1 latencyMs=147.670083
or-few-early-late-rows rows=200 returnedGraphs=1 latencyMs=11.658459
or-few-early-late-distinct rows=200 returnedGraphs=1 latencyMs=146.777667
or-few-early-middle-rows rows=200 returnedGraphs=1 latencyMs=13.511417
or-few-early-middle-distinct rows=200 returnedGraphs=1 latencyMs=147.269416
or-broad-all-rows rows=200 returnedGraphs=1 latencyMs=4.488625
or-broad-all-distinct rows=200 returnedGraphs=2 latencyMs=186.036416
and-broad-all-rows rows=200 returnedGraphs=1 latencyMs=19.628333
and-broad-all-distinct rows=200 returnedGraphs=2 latencyMs=998.504666
mixed-four-few-rows rows=200 returnedGraphs=1 latencyMs=223.453459
mixed-four-few-distinct rows=71 returnedGraphs=2 latencyMs=39972.48325
and-zero-disjoint-graphs-rows rows=0 returnedGraphs=0 latencyMs=143.654625
and-zero-disjoint-graphs-distinct rows=0 returnedGraphs=0 latencyMs=134.7755
or-four-broad-rows rows=200 returnedGraphs=1 latencyMs=32.379083
or-four-broad-distinct rows=200 returnedGraphs=1 latencyMs=154.944292
or-four-single-early-rows rows=200 returnedGraphs=1 latencyMs=15.736334
or-four-single-early-distinct rows=200 returnedGraphs=1 latencyMs=153.842625
or-four-single-middle-rows rows=200 returnedGraphs=1 latencyMs=93.046791
or-four-single-middle-distinct rows=200 returnedGraphs=1 latencyMs=149.163916
or-four-single-late-rows rows=200 returnedGraphs=1 latencyMs=149.950959
or-four-single-late-distinct rows=200 returnedGraphs=1 latencyMs=150.61775
or-four-few-early-late-rows rows=200 returnedGraphs=1 latencyMs=14.918125
or-four-few-early-late-distinct rows=200 returnedGraphs=1 latencyMs=147.631792
or-four-all-rows rows=200 returnedGraphs=1 latencyMs=15.551958
or-four-all-distinct rows=200 returnedGraphs=2 latencyMs=177.941667
