or-single-early-rows rows=200 returnedGraphs=1 latencyMs=101.634792
or-single-early-distinct rows=200 returnedGraphs=1 latencyMs=252.435958
and-single-early-rows rows=200 returnedGraphs=1 latencyMs=39.019583
and-single-early-distinct rows=50 returnedGraphs=1 latencyMs=192.69625
or-single-middle-rows rows=200 returnedGraphs=1 latencyMs=108.952459
or-single-middle-distinct rows=200 returnedGraphs=1 latencyMs=158.430833
and-single-middle-rows rows=200 returnedGraphs=1 latencyMs=93.310583
and-single-middle-distinct rows=200 returnedGraphs=1 latencyMs=143.350375
or-single-late-rows rows=200 returnedGraphs=1 latencyMs=148.614208
or-single-late-distinct rows=200 returnedGraphs=1 latencyMs=143.167541
and-single-late-rows rows=29 returnedGraphs=1 latencyMs=147.004583
and-single-late-distinct rows=21 returnedGraphs=1 latencyMs=146.610625
or-few-early-late-rows rows=200 returnedGraphs=1 latencyMs=15.474917
or-few-early-late-distinct rows=200 returnedGraphs=1 latencyMs=146.0815
or-few-early-middle-rows rows=200 returnedGraphs=1 latencyMs=13.245125
or-few-early-middle-distinct rows=200 returnedGraphs=1 latencyMs=145.653209
or-broad-all-rows rows=200 returnedGraphs=1 latencyMs=4.579583
or-broad-all-distinct rows=200 returnedGraphs=2 latencyMs=185.57175
and-broad-all-rows rows=200 returnedGraphs=1 latencyMs=18.549917
and-broad-all-distinct rows=200 returnedGraphs=2 latencyMs=935.270166
mixed-four-few-rows rows=200 returnedGraphs=1 latencyMs=297.224584
mixed-four-few-distinct rows=71 returnedGraphs=2 latencyMs=37155.943125
and-zero-disjoint-graphs-rows rows=0 returnedGraphs=0 latencyMs=146.034542
and-zero-disjoint-graphs-distinct rows=0 returnedGraphs=0 latencyMs=144.712125
or-four-broad-rows rows=200 returnedGraphs=1 latencyMs=33.510875
or-four-broad-distinct rows=200 returnedGraphs=1 latencyMs=149.188833
or-four-single-early-rows rows=200 returnedGraphs=1 latencyMs=13.546541
or-four-single-early-distinct rows=200 returnedGraphs=1 latencyMs=148.709667
or-four-single-middle-rows rows=200 returnedGraphs=1 latencyMs=92.851334
or-four-single-middle-distinct rows=200 returnedGraphs=1 latencyMs=150.133959
or-four-single-late-rows rows=200 returnedGraphs=1 latencyMs=152.9205
or-four-single-late-distinct rows=200 returnedGraphs=1 latencyMs=145.348666
or-four-few-early-late-rows rows=200 returnedGraphs=1 latencyMs=15.917333
or-four-few-early-late-distinct rows=200 returnedGraphs=1 latencyMs=145.818083
or-four-all-rows rows=200 returnedGraphs=1 latencyMs=16.16375
or-four-all-distinct rows=200 returnedGraphs=2 latencyMs=181.258542
