2026-10-08T15:08:37.2107760Z Current runner version: '2.337.0'
2026-10-08T15:08:37.2142360Z ##[group]Runner Image Provisioner
2026-10-08T15:08:37.2143610Z Hosted Compute Agent
2026-10-08T15:08:37.2144550Z Version: 20260819.586
2026-10-08T15:08:37.2145860Z Commit: 3cc4a88dfa507ef76119ad1bb3eccc6378bb2b76
2026-10-08T15:08:37.2147080Z Build Date: 2026-08-18T23:20:18Z
2026-10-08T15:08:37.2148550Z Worker ID: {e6cd2681-01c4-4d67-9cd5-7056685f03cf}
2026-10-08T15:08:37.2149820Z Azure Region: westus
2026-10-08T15:08:37.2150620Z ##[endgroup]
2026-10-08T15:08:37.2153980Z ##[group]Operating System
2026-10-08T15:08:37.2155100Z macOS
2026-10-08T15:08:37.2155940Z 15.7.9
2026-10-08T15:08:37.2157350Z 24G830
2026-10-08T15:08:37.2158570Z ##[endgroup]
2026-10-08T15:08:37.2159690Z ##[group]Runner Image
2026-10-08T15:08:37.2160800Z Image: macos-15
2026-10-08T15:08:37.2161840Z Version: 20260824.0482.1
2026-10-08T15:08:37.2164660Z Included Software: https://github.com/actions/runner-images/blob/macos-15/20260824.0482/images/macos/macos-15-Readme.md
2026-10-08T15:08:37.2168540Z Image Release: https://github.com/actions/runner-images/releases/tag/macos-15%2F20260824.0482
2026-10-08T15:08:37.2170930Z ##[endgroup]
2026-10-08T15:08:37.2173570Z ##[group]GITHUB_TOKEN Permissions
2026-10-08T15:08:37.2177970Z Contents: read
2026-10-08T15:08:37.2179320Z Metadata: read
2026-10-08T15:08:37.2180080Z ##[endgroup]
2026-10-08T15:08:37.2183190Z Secret source: Actions
2026-10-08T15:08:37.2184870Z Cache mode: write
2026-10-08T15:08:37.2185810Z Prepare workflow directory
2026-10-08T15:08:37.2979380Z Prepare all required actions
2026-10-08T15:08:37.3065740Z Getting action download info
2026-10-08T15:08:37.7647890Z Download action repository 'actions/checkout@v7' (SHA:3d3c42e5aac5ba805825da76410c181273ba90b1)
2026-10-08T15:08:37.9999590Z Download action repository 'maxim-lobanov/setup-xcode@v1' (SHA:ed7a3b1fda3918c0306d1b724322adc0b8cc0a90)
2026-10-08T15:08:38.3813250Z Download action repository 'actions/upload-artifact@v7' (SHA:cf430e030ddbb5b0abf93d22962f4752f3646cd9)
2026-10-08T15:08:39.0264380Z Complete job name: apple-frontend (macos-15-intel, x86_64-apple-darwin)
2026-10-08T15:08:39.1753130Z ##[group]Run actions/checkout@v7
2026-10-08T15:08:39.1755720Z with:
2026-10-08T15:08:39.1757150Z   ref: 1ba3808f79db8190ecd278a3853ab7a27d5abac9
2026-10-08T15:08:39.1758680Z   repository: johnsonlee/graphite
2026-10-08T15:08:39.1770290Z   token: ***
2026-10-08T15:08:39.1771470Z   ssh-strict: true
2026-10-08T15:08:39.1772920Z   ssh-user: git
2026-10-08T15:08:39.1774440Z   persist-credentials: true
2026-10-08T15:08:39.1776240Z   clean: true
2026-10-08T15:08:39.1777550Z   sparse-checkout-cone-mode: true
2026-10-08T15:08:39.1778870Z   fetch-depth: 1
2026-10-08T15:08:39.1780130Z   fetch-tags: false
2026-10-08T15:08:39.1781390Z   show-progress: true
2026-10-08T15:08:39.1782740Z   lfs: false
2026-10-08T15:08:39.1783950Z   submodules: false
2026-10-08T15:08:39.1785300Z   set-safe-directory: true
2026-10-08T15:08:39.1786560Z   allow-unsafe-pr-checkout: false
2026-10-08T15:08:39.1788910Z env:
2026-10-08T15:08:39.1790630Z   RELEASE_TAG: v2.11.3-apple-validation.4
2026-10-08T15:08:39.1792490Z   DRY_RUN: true
2026-10-08T15:08:39.1793850Z   RELEASE_VERSION: 2.11.3-apple-validation.4
2026-10-08T15:08:39.1796360Z ##[endgroup]
2026-10-08T15:08:39.6445780Z Syncing repository: johnsonlee/graphite
2026-10-08T15:08:39.6449620Z ##[group]Getting Git version info
2026-10-08T15:08:39.6451590Z Working directory is '/Users/runner/work/graphite/graphite'
2026-10-08T15:08:39.6453580Z [command]/usr/local/bin/git version
2026-10-08T15:08:39.6795320Z git version 2.55.0
2026-10-08T15:08:39.6833310Z ##[endgroup]
2026-10-08T15:08:39.6848360Z Copying '/Users/runner/.gitconfig' to '/Users/runner/work/_temp/a4be5a4a-0335-4913-b664-4442eced11b5/.gitconfig'
2026-10-08T15:08:39.6869950Z Temporarily overriding HOME='/Users/runner/work/_temp/a4be5a4a-0335-4913-b664-4442eced11b5' before making global git config changes
2026-10-08T15:08:39.6872710Z Adding repository directory to the temporary git global config as a safe directory
2026-10-08T15:08:39.6883150Z [command]/usr/local/bin/git config --global --add safe.directory /Users/runner/work/graphite/graphite
2026-10-08T15:08:39.7062390Z Deleting the contents of '/Users/runner/work/graphite/graphite'
2026-10-08T15:08:39.7070980Z ##[group]Determining repository object format
2026-10-08T15:08:39.7072980Z ##[endgroup]
2026-10-08T15:08:39.7074300Z ##[group]Initializing the repository
2026-10-08T15:08:39.7081820Z [command]/usr/local/bin/git init /Users/runner/work/graphite/graphite
2026-10-08T15:08:39.7571960Z hint: Using 'master' as the name for the initial branch. This default branch name
2026-10-08T15:08:39.7575400Z hint: will change to "main" in Git 3.0. To configure the initial branch name
2026-10-08T15:08:39.7577540Z hint: to use in all of your new repositories, which will suppress this warning,
2026-10-08T15:08:39.7579660Z hint: call:
2026-10-08T15:08:39.7581410Z hint:
2026-10-08T15:08:39.7583160Z hint: 	git config --global init.defaultBranch <name>
2026-10-08T15:08:39.7585310Z hint:
2026-10-08T15:08:39.7587640Z hint: Names commonly chosen instead of 'master' are 'main', 'trunk' and
2026-10-08T15:08:39.7590880Z hint: 'development'. The just-created branch can be renamed via this command:
2026-10-08T15:08:39.7593050Z hint:
2026-10-08T15:08:39.7594350Z hint: 	git branch -m <name>
2026-10-08T15:08:39.7595720Z hint:
2026-10-08T15:08:39.7597560Z hint: Disable this message with "git config set advice.defaultBranchName false"
2026-10-08T15:08:39.7601110Z Initialized empty Git repository in /Users/runner/work/graphite/graphite/.git/
2026-10-08T15:08:39.7606520Z [command]/usr/local/bin/git remote add origin https://github.com/johnsonlee/graphite
2026-10-08T15:08:39.7810520Z ##[endgroup]
2026-10-08T15:08:39.7823150Z ##[group]Disabling automatic garbage collection
2026-10-08T15:08:39.7825890Z [command]/usr/local/bin/git config --local gc.auto 0
2026-10-08T15:08:39.7985870Z ##[endgroup]
2026-10-08T15:08:39.7988810Z ##[group]Setting up auth
2026-10-08T15:08:39.7990450Z Removing SSH command configuration
2026-10-08T15:08:39.7995370Z [command]/usr/local/bin/git config --local --name-only --get-regexp core\.sshCommand
2026-10-08T15:08:39.8182040Z [command]/usr/local/bin/git submodule foreach --recursive sh -c "git config --local --name-only --get-regexp 'core\.sshCommand' && git config --local --unset-all 'core.sshCommand' || :"
2026-10-08T15:08:40.0119420Z Removing HTTP extra header
2026-10-08T15:08:40.0124490Z [command]/usr/local/bin/git config --local --name-only --get-regexp http\.https\:\/\/github\.com\/\.extraheader
2026-10-08T15:08:40.0231330Z [command]/usr/local/bin/git submodule foreach --recursive sh -c "git config --local --name-only --get-regexp 'http\.https\:\/\/github\.com\/\.extraheader' && git config --local --unset-all 'http.https://github.com/.extraheader' || :"
2026-10-08T15:08:40.2283020Z Removing includeIf entries pointing to credentials config files
2026-10-08T15:08:40.2404370Z [command]/usr/local/bin/git config --local --name-only --get-regexp ^includeIf\.gitdir:
2026-10-08T15:08:40.2587540Z [command]/usr/local/bin/git submodule foreach --recursive git config --local --show-origin --name-only --get-regexp remote.origin.url
2026-10-08T15:08:40.4390980Z [command]/usr/local/bin/git config --file /Users/runner/work/_temp/git-credentials-1c45be05-0394-43c8-8eae-c8d1881ac7c7.config http.https://github.com/.extraheader AUTHORIZATION: basic ***
2026-10-08T15:08:40.4549650Z [command]/usr/local/bin/git config --local includeIf.gitdir:/Users/runner/work/graphite/graphite/.git.path /Users/runner/work/_temp/git-credentials-1c45be05-0394-43c8-8eae-c8d1881ac7c7.config
2026-10-08T15:08:40.4670230Z [command]/usr/local/bin/git config --local includeIf.gitdir:/Users/runner/work/graphite/graphite/.git/worktrees/*.path /Users/runner/work/_temp/git-credentials-1c45be05-0394-43c8-8eae-c8d1881ac7c7.config
2026-10-08T15:08:40.4829910Z [command]/usr/local/bin/git config --local includeIf.gitdir:/github/workspace/.git.path /github/runner_temp/git-credentials-1c45be05-0394-43c8-8eae-c8d1881ac7c7.config
2026-10-08T15:08:40.4964560Z [command]/usr/local/bin/git config --local includeIf.gitdir:/github/workspace/.git/worktrees/*.path /github/runner_temp/git-credentials-1c45be05-0394-43c8-8eae-c8d1881ac7c7.config
2026-10-08T15:08:40.5242310Z ##[endgroup]
2026-10-08T15:08:40.5252780Z ##[group]Fetching the repository
2026-10-08T15:08:40.5353150Z [command]/usr/local/bin/git -c protocol.version=2 fetch --no-tags --prune --no-recurse-submodules --depth=1 origin 1ba3808f79db8190ecd278a3853ab7a27d5abac9
2026-10-08T15:08:41.7181020Z From https://github.com/johnsonlee/graphite
2026-10-08T15:08:41.7183650Z  * branch            1ba3808f79db8190ecd278a3853ab7a27d5abac9 -> FETCH_HEAD
2026-10-08T15:08:41.7206990Z [command]/usr/local/bin/git rev-parse --verify --quiet 1ba3808f79db8190ecd278a3853ab7a27d5abac9^{object}
2026-10-08T15:08:41.7367010Z 1ba3808f79db8190ecd278a3853ab7a27d5abac9
2026-10-08T15:08:41.7471920Z ##[endgroup]
2026-10-08T15:08:41.7478740Z ##[group]Determining the checkout info
2026-10-08T15:08:41.7487190Z ##[endgroup]
2026-10-08T15:08:41.7492420Z [command]/usr/local/bin/git sparse-checkout disable
2026-10-08T15:08:41.7584000Z [command]/usr/local/bin/git config --local --unset-all extensions.worktreeConfig
2026-10-08T15:08:41.7697940Z ##[group]Checking out the ref
2026-10-08T15:08:41.7704190Z [command]/usr/local/bin/git checkout --progress --force 1ba3808f79db8190ecd278a3853ab7a27d5abac9
2026-10-08T15:08:42.2543780Z HEAD is now at 1ba3808 Fix hosted Apple corpus build prerequisites
2026-10-08T15:08:42.2709890Z ##[endgroup]
2026-10-08T15:08:42.2897650Z [command]/usr/local/bin/git log -1 --format=%H
2026-10-08T15:08:42.2981300Z 1ba3808f79db8190ecd278a3853ab7a27d5abac9
2026-10-08T15:08:42.3443900Z ##[group]Run maxim-lobanov/setup-xcode@v1
2026-10-08T15:08:42.3444830Z with:
2026-10-08T15:08:42.3445310Z   xcode-version: 16.4
2026-10-08T15:08:42.3445960Z env:
2026-10-08T15:08:42.3446580Z   RELEASE_TAG: v2.11.3-apple-validation.4
2026-10-08T15:08:42.3447330Z   DRY_RUN: true
2026-10-08T15:08:42.3448080Z   RELEASE_VERSION: 2.11.3-apple-validation.4
2026-10-08T15:08:42.3448990Z ##[endgroup]
2026-10-08T15:08:42.4907800Z Switching Xcode to version '16.4'...
2026-10-08T15:08:42.5933020Z Xcode is set to 16.4.0 (16F6)
2026-10-08T15:08:42.6217020Z ##[group]Run frontend/apple/swift.sh build -c release 
2026-10-08T15:08:42.6217890Z [36;1mfrontend/apple/swift.sh build -c release [0m
2026-10-08T15:08:42.6296630Z shell: /bin/bash -e {0}
2026-10-08T15:08:42.6297200Z env:
2026-10-08T15:08:42.6297670Z   RELEASE_TAG: v2.11.3-apple-validation.4
2026-10-08T15:08:42.6298350Z   DRY_RUN: true
2026-10-08T15:08:42.6298850Z   RELEASE_VERSION: 2.11.3-apple-validation.4
2026-10-08T15:08:42.6299560Z   MD_APPLE_SDK_ROOT: /Applications/Xcode_16.4.app
2026-10-08T15:08:42.6300190Z ##[endgroup]
2026-10-08T15:08:55.7511630Z Fetching https://github.com/apple/swift-protobuf.git
2026-10-08T15:08:55.7524110Z Fetching https://github.com/swiftlang/swift-syntax.git
2026-10-08T15:08:55.7528590Z Fetching https://github.com/apple/swift-argument-parser.git
2026-10-08T15:08:57.0001390Z [1/19096] Fetching swift-argument-parser
2026-10-08T15:08:57.2987380Z [9168/99477] Fetching swift-argument-parser, swift-syntax
2026-10-08T15:08:57.3993250Z [14364/154323] Fetching swift-argument-parser, swift-syntax, swift-protobuf
2026-10-08T15:09:14.4789560Z Fetched https://github.com/swiftlang/swift-syntax.git from cache (18.72s)
2026-10-08T15:09:14.4793860Z Fetched https://github.com/apple/swift-argument-parser.git from cache (18.72s)
2026-10-08T15:09:14.4798840Z Fetched https://github.com/apple/swift-protobuf.git from cache (18.72s)
2026-10-08T15:09:14.5005800Z Fetching https://github.com/swiftlang/indexstore-db.git
2026-10-08T15:09:16.3445700Z [1/6125] Fetching indexstore-db
2026-10-08T15:09:16.7390720Z Fetched https://github.com/swiftlang/indexstore-db.git from cache (2.24s)
2026-10-08T15:09:16.7780440Z Creating working copy for https://github.com/apple/swift-protobuf.git
2026-10-08T15:09:19.6527520Z Working copy of https://github.com/apple/swift-protobuf.git resolved at 1.38.1
2026-10-08T15:09:19.7266990Z Creating working copy for https://github.com/swiftlang/swift-syntax.git
2026-10-08T15:09:20.7166570Z Working copy of https://github.com/swiftlang/swift-syntax.git resolved at 601.0.1
2026-10-08T15:09:20.7543590Z Creating working copy for https://github.com/apple/swift-argument-parser.git
2026-10-08T15:09:21.2595100Z Working copy of https://github.com/apple/swift-argument-parser.git resolved at 1.8.2
2026-10-08T15:09:21.2826720Z Creating working copy for https://github.com/swiftlang/indexstore-db.git
2026-10-08T15:09:21.7510180Z Working copy of https://github.com/swiftlang/indexstore-db.git resolved at release/6.1 (54212fc)
2026-10-08T15:10:34.3103320Z [1/1] Compiling plugin GenerateManual
2026-10-08T15:10:37.1799110Z [2/2] Compiling plugin GenerateDoccReference
2026-10-08T15:10:39.5602780Z [3/3] Compiling plugin SwiftProtobufPlugin
2026-10-08T15:10:39.5777190Z Building for production...
2026-10-08T15:10:39.6369660Z [3/106] Write sources
2026-10-08T15:10:39.6431450Z [3/106] Copying PrivacyInfo.xcprivacy
2026-10-08T15:10:39.6771910Z [11/106] Write sources
2026-10-08T15:10:40.2936950Z [12/106] Write swift-version--79AA4F9932D1E87A.txt
2026-10-08T15:10:40.4647370Z [13/106] Compiling _SwiftSyntaxCShims dummy.c
2026-10-08T15:10:41.4328770Z [15/107] Compiling SwiftSyntax601 Empty.swift
2026-10-08T15:10:41.8975930Z [16/108] Compiling SwiftSyntax600 Empty.swift
2026-10-08T15:10:43.0532860Z [17/109] Compiling SwiftSyntax510 Empty.swift
2026-10-08T15:10:44.0234670Z [18/110] Compiling SwiftSyntax509 Empty.swift
2026-10-08T15:10:48.0877900Z [18/111] Compiling IndexStoreDB_Support PatternMatching.cpp
2026-10-08T15:10:48.5825790Z [19/112] Compiling IndexStoreDB_Support Logging.cpp
2026-10-08T15:10:48.6828230Z [20/112] Compiling IndexStoreDB_Support Logging-NonMac.cpp
2026-10-08T15:10:50.3296150Z [21/112] Compiling IndexStoreDB_Support Path.cpp
2026-10-08T15:10:52.0587820Z [22/112] Compiling IndexStoreDB_Support Logging-Mac.mm
2026-10-08T15:10:55.1034990Z [23/112] Compiling IndexStoreDB_Support Concurrency-Mac.cpp
2026-10-08T15:10:55.6637400Z [24/112] Compiling IndexStoreDB_Support FilePathWatcher.cpp
2026-10-08T15:10:58.8569350Z [25/112] Compiling circular_raw_ostream.cpp
2026-10-08T15:11:01.9902200Z [26/112] Compiling raw_ostream.cpp
2026-10-08T15:11:07.7458120Z [27/112] Compiling YAMLTraits.cpp
2026-10-08T15:11:09.9697200Z [28/112] Compiling YAMLParser.cpp
2026-10-08T15:11:10.1547820Z [29/112] Compiling Watchdog.cpp
2026-10-08T15:11:10.5748440Z [30/112] Compiling WithColor.cpp
2026-10-08T15:11:10.6752480Z [31/112] Compiling Valgrind.cpp
2026-10-08T15:11:10.8468120Z [32/112] Compiling UnicodeCaseFold.cpp
2026-10-08T15:11:13.3743800Z [33/112] Compiling VersionTuple.cpp
2026-10-08T15:11:14.1749840Z [34/112] Compiling Unicode.cpp
2026-10-08T15:11:16.8634480Z [35/112] Compiling Twine.cpp
2026-10-08T15:11:20.3348260Z [36/112] Compiling Triple.cpp
2026-10-08T15:11:21.6628720Z [37/112] Compiling ToolOutputFile.cpp
2026-10-08T15:11:25.4734080Z [38/112] Compiling Threading.cpp
2026-10-08T15:11:29.5911290Z [39/112] Compiling Timer.cpp
2026-10-08T15:11:29.8918040Z [40/112] Compiling TargetParser.cpp
2026-10-08T15:11:34.3021810Z [41/112] Compiling StringSaver.cpp
2026-10-08T15:11:35.8048900Z [42/112] Compiling StringRef.cpp
2026-10-08T15:11:37.8090220Z [43/112] Compiling StringMap.cpp
2026-10-08T15:11:39.4256970Z [44/112] Compiling StringExtras.cpp
2026-10-08T15:11:44.9680400Z [45/112] Compiling Statistic.cpp
2026-10-08T15:11:46.5024350Z [46/112] Compiling SmallVector.cpp
2026-10-08T15:11:47.6803840Z [47/112] Compiling SourceMgr.cpp
2026-10-08T15:11:49.9989560Z [48/112] Compiling SmallPtrSet.cpp
2026-10-08T15:11:50.4598420Z [49/112] Compiling Signposts.cpp
2026-10-08T15:11:55.1279900Z [50/112] Compiling Program.cpp
2026-10-08T15:11:55.1589060Z [51/112] Compiling Signals.cpp
2026-10-08T15:11:57.9017520Z [52/112] Compiling PrettyStackTrace.cpp
2026-10-08T15:11:59.1408210Z [53/112] Compiling Process.cpp
2026-10-08T15:12:02.8315880Z [54/112] Compiling Options.cpp
2026-10-08T15:12:04.9832240Z [55/112] Compiling Optional.cpp
2026-10-08T15:12:05.7840860Z [56/112] Compiling Path.cpp
2026-10-08T15:12:07.5456990Z [57/112] Compiling NativeFormatting.cpp
2026-10-08T15:12:07.5852280Z [58/112] Compiling Mutex.cpp
2026-10-08T15:12:11.5234430Z [59/112] Compiling Memory.cpp
2026-10-08T15:12:12.8203890Z [60/112] Compiling MathExtras.cpp
2026-10-08T15:12:13.2148420Z [61/112] Compiling MemoryBuffer.cpp
2026-10-08T15:12:14.6996220Z [62/112] Compiling ManagedStatic.cpp
2026-10-08T15:12:15.6880600Z [63/112] Compiling MD5.cpp
2026-10-08T15:12:17.2911600Z [64/112] Compiling Locale.cpp
2026-10-08T15:12:19.7264500Z [65/112] Compiling LineIterator.cpp
2026-10-08T15:12:27.6004620Z [66/112] Compiling JSON.cpp
2026-10-08T15:12:27.7191000Z [67/112] Compiling Host.cpp
2026-10-08T15:12:32.2856430Z [68/112] Compiling Hashing.cpp
2026-10-08T15:12:33.2774780Z [69/112] Compiling FormatVariadic.cpp
2026-10-08T15:12:37.0649760Z [70/112] Compiling FoldingSet.cpp
2026-10-08T15:12:38.3679000Z [71/112] Compiling FileUtilities.cpp
2026-10-08T15:12:42.1144610Z [72/112] Compiling ErrorHandling.cpp
2026-10-08T15:12:45.6053560Z [73/112] Compiling Error.cpp
2026-10-08T15:12:45.7783670Z [74/112] Compiling Errno.cpp
2026-10-08T15:12:51.8202750Z [75/112] Compiling DJB.cpp
2026-10-08T15:12:53.5960070Z [76/112] Compiling Debug.cpp
2026-10-08T15:12:58.1218490Z [77/112] Compiling ConvertUTF.cpp
2026-10-08T15:12:58.9322940Z [78/112] Compiling ConvertUTFWrapper.cpp
2026-10-08T15:13:05.4519920Z [79/112] Compiling Chrono.cpp
2026-10-08T15:13:06.3793570Z [80/112] Compiling Atomic.cpp
2026-10-08T15:13:12.1645330Z [81/112] Compiling Allocator.cpp
2026-10-08T15:13:19.4837580Z [82/112] Compiling ARMTargetParser.cpp
2026-10-08T15:13:21.6588170Z [83/112] Compiling CommandLine.cpp
2026-10-08T15:13:23.8807340Z [84/112] Compiling APSInt.cpp
2026-10-08T15:13:32.4830140Z [85/112] Compiling APFloat.cpp
2026-10-08T15:13:33.7158080Z [86/112] Compiling APInt.cpp
2026-10-08T15:13:37.0776980Z [87/112] Compiling AArch64TargetParser.cpp
2026-10-08T15:13:48.1809950Z [88/112] Compiling IndexStoreDB_Index StoreSymbolRecord.cpp
2026-10-08T15:13:48.2845330Z [89/112] Compiling IndexStoreDB_Index SymbolIndex.cpp
2026-10-08T15:13:53.3100320Z [90/112] Compiling IndexStoreDB_Index IndexStoreLibraryProvider.cpp
2026-10-08T15:13:54.5396680Z [92/112] Compiling SwiftProtobuf AnyMessageStorage.swift
2026-10-08T15:13:58.4526110Z [92/112] Compiling IndexStoreDB_Index IndexSystem.cpp
2026-10-08T15:14:00.9610370Z [93/112] Compiling IndexStoreDB_Index FileVisibilityChecker.cpp
2026-10-08T15:14:01.5832050Z [94/112] Compiling midl.c
2026-10-08T15:14:04.9680680Z [95/112] Compiling IndexStoreDB_Index FilePathIndex.cpp
2026-10-08T15:14:06.4057660Z [96/112] Compiling mdb.c
2026-10-08T15:14:10.1889880Z [97/112] Compiling IndexStoreDB_Database ReadTransaction.cpp
2026-10-08T15:14:11.6175420Z [98/112] Compiling IndexStoreDB_Index IndexDatastore.cpp
2026-10-08T15:14:11.7335170Z [99/112] Compiling IndexStoreDB_Database ImportTransaction.cpp
2026-10-08T15:14:12.3846810Z [100/112] Compiling IndexStoreDB_Database DatabaseError.cpp
2026-10-08T15:14:14.1999270Z [101/112] Compiling IndexStoreDB_Core Symbol.cpp
2026-10-08T15:14:14.2355660Z [102/112] Write sources
2026-10-08T15:14:16.3388460Z [105/113] Compiling IndexStoreDB_CIndexStoreDB CIndexStoreDB.cpp
2026-10-08T15:14:16.4391080Z [106/113] Write sources
2026-10-08T15:14:16.5540420Z [108/113] Compiling IndexStoreDB_Database Database.cpp
2026-10-08T15:14:25.2799990Z [110/115] Compiling ArgumentParserToolInfo ToolInfo.swift
2026-10-08T15:14:35.5456590Z [111/116] Compiling IndexStoreDB IndexDelegate.swift
2026-10-08T15:14:35.5644010Z <module-includes>:1:9: note: in file included from <module-includes>:1:
2026-10-08T15:14:35.6267400Z 1 | #import "CIndexStoreDB.h"
2026-10-08T15:14:35.6500050Z   |         `- note: in file included from <module-includes>:1:
2026-10-08T15:14:35.6648440Z 2 | 
2026-10-08T15:15:01.4309720Z [112/116] Compiling GraphiteIR IRWriter.swift
2026-10-08T15:15:19.6819170Z [113/116] Compiling ArgumentParser BashCompletionsGenerator.swift
2026-10-08T15:21:17.9173520Z [114/116] Compiling SwiftSyntax AbsolutePosition.swift
2026-10-08T15:22:20.1196360Z [115/117] Compiling SwiftParser Attributes.swift
2026-10-08T15:22:35.9135970Z [116/118] Compiling GraphiteFrontend ClangUSR.swift
2026-10-08T15:22:37.2954570Z [117/119] Compiling graphite_frontend_apple main.swift
2026-10-08T15:22:37.3129120Z [117/119] Write Objects.LinkFileList
2026-10-08T15:22:42.2783530Z [118/119] Linking graphite-frontend-apple
2026-10-08T15:22:42.3313480Z Build complete! (826.19s)
2026-10-08T15:22:42.8600680Z ##[group]Run ASSET="graphite-frontend-apple-${RELEASE_VERSION}-x86_64-apple-darwin.tar.gz"
2026-10-08T15:22:42.8602410Z [36;1mASSET="graphite-frontend-apple-${RELEASE_VERSION}-x86_64-apple-darwin.tar.gz"[0m
2026-10-08T15:22:42.8603670Z [36;1mBIN="frontend/apple/.build/release/graphite-frontend-apple"[0m
2026-10-08T15:22:42.8604710Z [36;1m"${BIN}" version[0m
2026-10-08T15:22:42.8605700Z [36;1m"${BIN}" describe | grep -F '"ir_schema": [1]'[0m
2026-10-08T15:22:42.8606720Z [36;1mmkdir -p release-assets[0m
2026-10-08T15:22:42.8607950Z [36;1mtar -czf "release-assets/${ASSET}" -C "$(dirname "${BIN}")" graphite-frontend-apple[0m
2026-10-08T15:22:42.8609390Z [36;1m(cd release-assets && shasum -a 256 "${ASSET}" > "${ASSET}.sha256")[0m
2026-10-08T15:22:42.8610520Z [36;1mcat "release-assets/${ASSET}.sha256"[0m
2026-10-08T15:22:42.9282200Z shell: /bin/bash --noprofile --norc -e -o pipefail {0}
2026-10-08T15:22:42.9283110Z env:
2026-10-08T15:22:42.9284230Z   RELEASE_TAG: v2.11.3-apple-validation.4
2026-10-08T15:22:42.9284980Z   DRY_RUN: true
2026-10-08T15:22:42.9285790Z   RELEASE_VERSION: 2.11.3-apple-validation.4
2026-10-08T15:22:42.9286700Z   MD_APPLE_SDK_ROOT: /Applications/Xcode_16.4.app
2026-10-08T15:22:42.9287670Z ##[endgroup]
2026-10-08T15:22:43.0173960Z 0.1.0
2026-10-08T15:22:43.0488850Z {"name": "graphite-frontend-apple", "version": "0.1.0", "ir_schema": [1], "inputs": ["Package.swift", "xcodeproj", "xcworkspace", "index-store"], "aliases": {"swift": "apple", "ios": "apple", "macos": "apple"}, "indexable": ["swift"]}
2026-10-08T15:22:45.2955020Z 874128ba564f6a9a60c2e7500376685db95e7049ba739e10b0dd203f7c73e5b2  graphite-frontend-apple-2.11.3-apple-validation.4-x86_64-apple-darwin.tar.gz
2026-10-08T15:22:45.3188950Z ##[group]Run actions/upload-artifact@v7
2026-10-08T15:22:45.3190530Z with:
2026-10-08T15:22:45.3191400Z   name: apple-frontend-x86_64-apple-darwin
2026-10-08T15:22:45.3192050Z   path: release-assets/*
2026-10-08T15:22:45.3192960Z   if-no-files-found: error
2026-10-08T15:22:45.3193590Z   compression-level: 6
2026-10-08T15:22:45.3194070Z   overwrite: false
2026-10-08T15:22:45.3194700Z   include-hidden-files: false
2026-10-08T15:22:45.3195240Z   archive: true
2026-10-08T15:22:45.3195890Z env:
2026-10-08T15:22:45.3196370Z   RELEASE_TAG: v2.11.3-apple-validation.4
2026-10-08T15:22:45.3196950Z   DRY_RUN: true
2026-10-08T15:22:45.3197600Z   RELEASE_VERSION: 2.11.3-apple-validation.4
2026-10-08T15:22:45.3198500Z   MD_APPLE_SDK_ROOT: /Applications/Xcode_16.4.app
2026-10-08T15:22:45.3199380Z ##[endgroup]
2026-10-08T15:22:46.2474570Z With the provided path, there will be 2 files uploaded
2026-10-08T15:22:46.2483510Z Artifact name is valid!
2026-10-08T15:22:46.2508140Z Root directory input is valid!
2026-10-08T15:22:46.6792010Z Uploading artifact: apple-frontend-x86_64-apple-darwin.zip
2026-10-08T15:22:46.6857420Z Beginning upload of artifact content to blob storage
2026-10-08T15:22:48.1149120Z Uploaded bytes 5565675
2026-10-08T15:22:48.1960220Z Finished uploading artifact content to blob storage!
2026-10-08T15:22:48.1961570Z SHA256 digest of uploaded artifact is 04c22e05f82c5aa34ebd6a534a74c2e6870d7e73ae58091c71b26ad30851a2d8
2026-10-08T15:22:48.1962620Z Finalizing artifact upload
2026-10-08T15:22:48.6752260Z Artifact apple-frontend-x86_64-apple-darwin successfully finalized. Artifact ID 11561560186
2026-10-08T15:22:48.6753890Z Artifact apple-frontend-x86_64-apple-darwin has been successfully uploaded! Final size is 5565675 bytes. Artifact ID is 11561560186
2026-10-08T15:22:48.6760810Z Artifact download URL: https://github.com/johnsonlee/graphite/actions/runs/37798249852/artifacts/11561560186
2026-10-08T15:22:48.7109810Z Post job cleanup.
2026-10-08T15:22:48.8574230Z [command]/usr/local/bin/git version
2026-10-08T15:22:48.9212620Z git version 2.55.0
2026-10-08T15:22:48.9260250Z Copying '/Users/runner/.gitconfig' to '/Users/runner/work/_temp/23435230-a860-4e6f-8e0e-16bf6f576756/.gitconfig'
2026-10-08T15:22:48.9278170Z Temporarily overriding HOME='/Users/runner/work/_temp/23435230-a860-4e6f-8e0e-16bf6f576756' before making global git config changes
2026-10-08T15:22:48.9279740Z Adding repository directory to the temporary git global config as a safe directory
2026-10-08T15:22:48.9285850Z [command]/usr/local/bin/git config --global --add safe.directory /Users/runner/work/graphite/graphite
2026-10-08T15:22:48.9452680Z Removing SSH command configuration
2026-10-08T15:22:48.9461830Z [command]/usr/local/bin/git config --local --name-only --get-regexp core\.sshCommand
2026-10-08T15:22:48.9586690Z [command]/usr/local/bin/git submodule foreach --recursive sh -c "git config --local --name-only --get-regexp 'core\.sshCommand' && git config --local --unset-all 'core.sshCommand' || :"
2026-10-08T15:22:49.1895650Z Removing HTTP extra header
2026-10-08T15:22:49.1903670Z [command]/usr/local/bin/git config --local --name-only --get-regexp http\.https\:\/\/github\.com\/\.extraheader
2026-10-08T15:22:49.2018910Z [command]/usr/local/bin/git submodule foreach --recursive sh -c "git config --local --name-only --get-regexp 'http\.https\:\/\/github\.com\/\.extraheader' && git config --local --unset-all 'http.https://github.com/.extraheader' || :"
2026-10-08T15:22:49.3391580Z Removing includeIf entries pointing to credentials config files
2026-10-08T15:22:49.3399070Z [command]/usr/local/bin/git config --local --name-only --get-regexp ^includeIf\.gitdir:
2026-10-08T15:22:49.3489520Z includeif.gitdir:/Users/runner/work/graphite/graphite/.git.path
2026-10-08T15:22:49.3491920Z includeif.gitdir:/Users/runner/work/graphite/graphite/.git/worktrees/*.path
2026-10-08T15:22:49.3493610Z includeif.gitdir:/github/workspace/.git.path
2026-10-08T15:22:49.3494840Z includeif.gitdir:/github/workspace/.git/worktrees/*.path
2026-10-08T15:22:49.3520930Z [command]/usr/local/bin/git config --local --get-all includeif.gitdir:/Users/runner/work/graphite/graphite/.git.path
2026-10-08T15:22:49.3597380Z /Users/runner/work/_temp/git-credentials-1c45be05-0394-43c8-8eae-c8d1881ac7c7.config
2026-10-08T15:22:49.3613420Z [command]/usr/local/bin/git config --local --unset includeif.gitdir:/Users/runner/work/graphite/graphite/.git.path \/Users\/runner\/work\/_temp\/git\-credentials\-1c45be05\-0394\-43c8\-8eae\-c8d1881ac7c7\.config
2026-10-08T15:22:49.3751170Z [command]/usr/local/bin/git config --local --get-all includeif.gitdir:/Users/runner/work/graphite/graphite/.git/worktrees/*.path
2026-10-08T15:22:49.3858770Z /Users/runner/work/_temp/git-credentials-1c45be05-0394-43c8-8eae-c8d1881ac7c7.config
2026-10-08T15:22:49.3890720Z [command]/usr/local/bin/git config --local --unset includeif.gitdir:/Users/runner/work/graphite/graphite/.git/worktrees/*.path \/Users\/runner\/work\/_temp\/git\-credentials\-1c45be05\-0394\-43c8\-8eae\-c8d1881ac7c7\.config
2026-10-08T15:22:49.4092680Z [command]/usr/local/bin/git config --local --get-all includeif.gitdir:/github/workspace/.git.path
2026-10-08T15:22:49.4166950Z /github/runner_temp/git-credentials-1c45be05-0394-43c8-8eae-c8d1881ac7c7.config
2026-10-08T15:22:49.4187710Z [command]/usr/local/bin/git config --local --unset includeif.gitdir:/github/workspace/.git.path \/github\/runner_temp\/git\-credentials\-1c45be05\-0394\-43c8\-8eae\-c8d1881ac7c7\.config
2026-10-08T15:22:49.4301160Z [command]/usr/local/bin/git config --local --get-all includeif.gitdir:/github/workspace/.git/worktrees/*.path
2026-10-08T15:22:49.4392260Z /github/runner_temp/git-credentials-1c45be05-0394-43c8-8eae-c8d1881ac7c7.config
2026-10-08T15:22:49.4403990Z [command]/usr/local/bin/git config --local --unset includeif.gitdir:/github/workspace/.git/worktrees/*.path \/github\/runner_temp\/git\-credentials\-1c45be05\-0394\-43c8\-8eae\-c8d1881ac7c7\.config
2026-10-08T15:22:49.4521230Z [command]/usr/local/bin/git submodule foreach --recursive git config --local --show-origin --name-only --get-regexp remote.origin.url
2026-10-08T15:22:49.5915050Z Removing credentials config '/Users/runner/work/_temp/git-credentials-1c45be05-0394-43c8-8eae-c8d1881ac7c7.config'
2026-10-08T15:22:49.6160550Z Cleaning up orphan processes
