2026-10-08T15:25:23.2905380Z Current runner version: '2.337.0'
2026-10-08T15:25:23.2937960Z ##[group]Runner Image Provisioner
2026-10-08T15:25:23.2939160Z Hosted Compute Agent
2026-10-08T15:25:23.2939910Z Version: 20260819.586
2026-10-08T15:25:23.2940760Z Commit: 3cc4a88dfa507ef76119ad1bb3eccc6378bb2b76
2026-10-08T15:25:23.2941750Z Build Date: 2026-08-18T23:20:18Z
2026-10-08T15:25:23.2942670Z Worker ID: {85a691ed-7a3e-44d8-aced-73f4448e3178}
2026-10-08T15:25:23.2943650Z Azure Region: westus
2026-10-08T15:25:23.2944400Z ##[endgroup]
2026-10-08T15:25:23.2947900Z ##[group]Operating System
2026-10-08T15:25:23.2948720Z macOS
2026-10-08T15:25:23.2949350Z 15.7.9
2026-10-08T15:25:23.2949960Z 24G830
2026-10-08T15:25:23.2950590Z ##[endgroup]
2026-10-08T15:25:23.2951260Z ##[group]Runner Image
2026-10-08T15:25:23.2951990Z Image: macos-15
2026-10-08T15:25:23.2952680Z Version: 20260824.0482.1
2026-10-08T15:25:23.2954460Z Included Software: https://github.com/actions/runner-images/blob/macos-15/20260824.0482/images/macos/macos-15-Readme.md
2026-10-08T15:25:23.2956790Z Image Release: https://github.com/actions/runner-images/releases/tag/macos-15%2F20260824.0482
2026-10-08T15:25:23.2958220Z ##[endgroup]
2026-10-08T15:25:23.2959990Z ##[group]GITHUB_TOKEN Permissions
2026-10-08T15:25:23.2962600Z Contents: read
2026-10-08T15:25:23.2963330Z Metadata: read
2026-10-08T15:25:23.2964030Z Packages: read
2026-10-08T15:25:23.2964720Z ##[endgroup]
2026-10-08T15:25:23.2967490Z Secret source: Actions
2026-10-08T15:25:23.2968750Z Cache mode: write
2026-10-08T15:25:23.2969620Z Prepare workflow directory
2026-10-08T15:25:23.3732570Z Prepare all required actions
2026-10-08T15:25:23.3796920Z Getting action download info
2026-10-08T15:25:23.8841880Z Download action repository 'actions/checkout@v7' (SHA:3d3c42e5aac5ba805825da76410c181273ba90b1)
2026-10-08T15:25:24.8360440Z Download action repository 'actions/setup-java@v5' (SHA:b6effb05e454b25005698d916606bdc6ffcbf961)
2026-10-08T15:25:26.1276890Z Download action repository 'actions/download-artifact@v8' (SHA:9000827ccba6bdab643e8b6fd33ac0654aef8333)
2026-10-08T15:25:26.6900080Z Download action repository 'actions/upload-artifact@v7' (SHA:cf430e030ddbb5b0abf93d22962f4752f3646cd9)
2026-10-08T15:25:27.8732460Z Complete job name: apple-release-smoke (x86_64-apple-darwin)
2026-10-08T15:25:28.0332770Z ##[group]Run actions/checkout@v7
2026-10-08T15:25:28.0336810Z with:
2026-10-08T15:25:28.0339240Z   ref: 1ba3808f79db8190ecd278a3853ab7a27d5abac9
2026-10-08T15:25:28.0342950Z   repository: johnsonlee/graphite
2026-10-08T15:25:28.0371220Z   token: ***
2026-10-08T15:25:28.0373410Z   ssh-strict: true
2026-10-08T15:25:28.0375520Z   ssh-user: git
2026-10-08T15:25:28.0377720Z   persist-credentials: true
2026-10-08T15:25:28.0380210Z   clean: true
2026-10-08T15:25:28.0382790Z   sparse-checkout-cone-mode: true
2026-10-08T15:25:28.0385640Z   fetch-depth: 1
2026-10-08T15:25:28.0387780Z   fetch-tags: false
2026-10-08T15:25:28.0390020Z   show-progress: true
2026-10-08T15:25:28.0392320Z   lfs: false
2026-10-08T15:25:28.0394310Z   submodules: false
2026-10-08T15:25:28.0396990Z   set-safe-directory: true
2026-10-08T15:25:28.0399520Z   allow-unsafe-pr-checkout: false
2026-10-08T15:25:28.0403620Z env:
2026-10-08T15:25:28.0405690Z   RELEASE_TAG: v2.11.3-apple-validation.4
2026-10-08T15:25:28.0408470Z   DRY_RUN: true
2026-10-08T15:25:28.0410730Z   RELEASE_VERSION: 2.11.3-apple-validation.4
2026-10-08T15:25:28.0413520Z ##[endgroup]
2026-10-08T15:25:28.5046620Z Syncing repository: johnsonlee/graphite
2026-10-08T15:25:28.5053320Z ##[group]Getting Git version info
2026-10-08T15:25:28.5057280Z Working directory is '/Users/runner/work/graphite/graphite'
2026-10-08T15:25:28.5061860Z [command]/usr/local/bin/git version
2026-10-08T15:25:28.5417810Z git version 2.55.0
2026-10-08T15:25:28.5454460Z ##[endgroup]
2026-10-08T15:25:28.5467740Z Copying '/Users/runner/.gitconfig' to '/Users/runner/work/_temp/a5bed989-18d1-4c6f-8c2c-0ae641a5f5b4/.gitconfig'
2026-10-08T15:25:28.5483820Z Temporarily overriding HOME='/Users/runner/work/_temp/a5bed989-18d1-4c6f-8c2c-0ae641a5f5b4' before making global git config changes
2026-10-08T15:25:28.5491290Z Adding repository directory to the temporary git global config as a safe directory
2026-10-08T15:25:28.5496830Z [command]/usr/local/bin/git config --global --add safe.directory /Users/runner/work/graphite/graphite
2026-10-08T15:25:28.5670570Z Deleting the contents of '/Users/runner/work/graphite/graphite'
2026-10-08T15:25:28.5679790Z ##[group]Determining repository object format
2026-10-08T15:25:28.5685930Z ##[endgroup]
2026-10-08T15:25:28.5690710Z ##[group]Initializing the repository
2026-10-08T15:25:28.5695810Z [command]/usr/local/bin/git init /Users/runner/work/graphite/graphite
2026-10-08T15:25:28.6145590Z hint: Using 'master' as the name for the initial branch. This default branch name
2026-10-08T15:25:28.6161580Z hint: will change to "main" in Git 3.0. To configure the initial branch name
2026-10-08T15:25:28.6168090Z hint: to use in all of your new repositories, which will suppress this warning,
2026-10-08T15:25:28.6173310Z hint: call:
2026-10-08T15:25:28.6175530Z hint:
2026-10-08T15:25:28.6177880Z hint: 	git config --global init.defaultBranch <name>
2026-10-08T15:25:28.6181140Z hint:
2026-10-08T15:25:28.6184310Z hint: Names commonly chosen instead of 'master' are 'main', 'trunk' and
2026-10-08T15:25:28.6189600Z hint: 'development'. The just-created branch can be renamed via this command:
2026-10-08T15:25:28.6193450Z hint:
2026-10-08T15:25:28.6195400Z hint: 	git branch -m <name>
2026-10-08T15:25:28.6197980Z hint:
2026-10-08T15:25:28.6201670Z hint: Disable this message with "git config set advice.defaultBranchName false"
2026-10-08T15:25:28.6207380Z Initialized empty Git repository in /Users/runner/work/graphite/graphite/.git/
2026-10-08T15:25:28.6216630Z [command]/usr/local/bin/git remote add origin https://github.com/johnsonlee/graphite
2026-10-08T15:25:28.6358230Z ##[endgroup]
2026-10-08T15:25:28.6363170Z ##[group]Disabling automatic garbage collection
2026-10-08T15:25:28.6367770Z [command]/usr/local/bin/git config --local gc.auto 0
2026-10-08T15:25:28.6526780Z ##[endgroup]
2026-10-08T15:25:28.6531180Z ##[group]Setting up auth
2026-10-08T15:25:28.6534450Z Removing SSH command configuration
2026-10-08T15:25:28.6541690Z [command]/usr/local/bin/git config --local --name-only --get-regexp core\.sshCommand
2026-10-08T15:25:28.6699840Z [command]/usr/local/bin/git submodule foreach --recursive sh -c "git config --local --name-only --get-regexp 'core\.sshCommand' && git config --local --unset-all 'core.sshCommand' || :"
2026-10-08T15:25:28.8681920Z Removing HTTP extra header
2026-10-08T15:25:28.8686900Z [command]/usr/local/bin/git config --local --name-only --get-regexp http\.https\:\/\/github\.com\/\.extraheader
2026-10-08T15:25:28.8831070Z [command]/usr/local/bin/git submodule foreach --recursive sh -c "git config --local --name-only --get-regexp 'http\.https\:\/\/github\.com\/\.extraheader' && git config --local --unset-all 'http.https://github.com/.extraheader' || :"
2026-10-08T15:25:29.0675480Z Removing includeIf entries pointing to credentials config files
2026-10-08T15:25:29.0681880Z [command]/usr/local/bin/git config --local --name-only --get-regexp ^includeIf\.gitdir:
2026-10-08T15:25:29.0834230Z [command]/usr/local/bin/git submodule foreach --recursive git config --local --show-origin --name-only --get-regexp remote.origin.url
2026-10-08T15:25:29.2885900Z [command]/usr/local/bin/git config --file /Users/runner/work/_temp/git-credentials-17057e62-a219-4bbd-bfeb-a26cad79a6e8.config http.https://github.com/.extraheader AUTHORIZATION: basic ***
2026-10-08T15:25:29.3054640Z [command]/usr/local/bin/git config --local includeIf.gitdir:/Users/runner/work/graphite/graphite/.git.path /Users/runner/work/_temp/git-credentials-17057e62-a219-4bbd-bfeb-a26cad79a6e8.config
2026-10-08T15:25:29.3175390Z [command]/usr/local/bin/git config --local includeIf.gitdir:/Users/runner/work/graphite/graphite/.git/worktrees/*.path /Users/runner/work/_temp/git-credentials-17057e62-a219-4bbd-bfeb-a26cad79a6e8.config
2026-10-08T15:25:29.3288850Z [command]/usr/local/bin/git config --local includeIf.gitdir:/github/workspace/.git.path /github/runner_temp/git-credentials-17057e62-a219-4bbd-bfeb-a26cad79a6e8.config
2026-10-08T15:25:29.3400650Z [command]/usr/local/bin/git config --local includeIf.gitdir:/github/workspace/.git/worktrees/*.path /github/runner_temp/git-credentials-17057e62-a219-4bbd-bfeb-a26cad79a6e8.config
2026-10-08T15:25:29.3511010Z ##[endgroup]
2026-10-08T15:25:29.3513960Z ##[group]Fetching the repository
2026-10-08T15:25:29.3519250Z [command]/usr/local/bin/git -c protocol.version=2 fetch --no-tags --prune --no-recurse-submodules --depth=1 origin 1ba3808f79db8190ecd278a3853ab7a27d5abac9
2026-10-08T15:25:30.8000740Z From https://github.com/johnsonlee/graphite
2026-10-08T15:25:30.8005040Z  * branch            1ba3808f79db8190ecd278a3853ab7a27d5abac9 -> FETCH_HEAD
2026-10-08T15:25:30.8008870Z [command]/usr/local/bin/git rev-parse --verify --quiet 1ba3808f79db8190ecd278a3853ab7a27d5abac9^{object}
2026-10-08T15:25:30.8010110Z 1ba3808f79db8190ecd278a3853ab7a27d5abac9
2026-10-08T15:25:30.8012990Z ##[endgroup]
2026-10-08T15:25:30.8014050Z ##[group]Determining the checkout info
2026-10-08T15:25:30.8015070Z ##[endgroup]
2026-10-08T15:25:30.8015770Z [command]/usr/local/bin/git sparse-checkout disable
2026-10-08T15:25:30.8177940Z [command]/usr/local/bin/git config --local --unset-all extensions.worktreeConfig
2026-10-08T15:25:30.8327320Z ##[group]Checking out the ref
2026-10-08T15:25:30.8330930Z [command]/usr/local/bin/git checkout --progress --force 1ba3808f79db8190ecd278a3853ab7a27d5abac9
2026-10-08T15:25:31.6397330Z HEAD is now at 1ba3808 Fix hosted Apple corpus build prerequisites
2026-10-08T15:25:31.6715000Z ##[endgroup]
2026-10-08T15:25:31.6957140Z [command]/usr/local/bin/git log -1 --format=%H
2026-10-08T15:25:31.7115380Z 1ba3808f79db8190ecd278a3853ab7a27d5abac9
2026-10-08T15:25:31.7725160Z ##[group]Run actions/setup-java@v5
2026-10-08T15:25:31.7725770Z with:
2026-10-08T15:25:31.7726150Z   distribution: temurin
2026-10-08T15:25:31.7726740Z   java-version: 17
2026-10-08T15:25:31.7727180Z   java-package: jdk
2026-10-08T15:25:31.7727610Z   check-latest: false
2026-10-08T15:25:31.7728150Z   set-default: true
2026-10-08T15:25:31.7728600Z   verify-signature: false
2026-10-08T15:25:31.7729070Z   server-id: github
2026-10-08T15:25:31.7729510Z   server-username: GITHUB_ACTOR
2026-10-08T15:25:31.7730040Z   server-password: GITHUB_TOKEN
2026-10-08T15:25:31.7730700Z   overwrite-settings: true
2026-10-08T15:25:31.7731190Z   job-status: success
2026-10-08T15:25:31.7737110Z   token: ***
2026-10-08T15:25:31.7737560Z   show-download-progress: false
2026-10-08T15:25:31.7738060Z env:
2026-10-08T15:25:31.7738460Z   RELEASE_TAG: v2.11.3-apple-validation.4
2026-10-08T15:25:31.7739010Z   DRY_RUN: true
2026-10-08T15:25:31.7739460Z   RELEASE_VERSION: 2.11.3-apple-validation.4
2026-10-08T15:25:31.7740250Z ##[endgroup]
2026-10-08T15:25:32.5172420Z ##[group]Installed distributions
2026-10-08T15:25:32.5302080Z Resolved Java 17.0.20+101 from tool-cache
2026-10-08T15:25:32.5304200Z Setting Java 17.0.20+101 as the default
2026-10-08T15:25:32.5307390Z Creating toolchains.xml for JDK version 17 from temurin
2026-10-08T15:25:32.5398960Z Writing to /Users/runner/.m2/toolchains.xml
2026-10-08T15:25:32.5411470Z 
2026-10-08T15:25:32.5426360Z Java configuration:
2026-10-08T15:25:32.5432130Z   Distribution: temurin
2026-10-08T15:25:32.5468090Z   Version: 17.0.20+101
2026-10-08T15:25:32.5484370Z   Path: /Users/runner/hostedtoolcache/Java_Temurin-Hotspot_jdk/17.0.20-101/x64/Contents/Home
2026-10-08T15:25:32.5518210Z 
2026-10-08T15:25:32.5558430Z ##[endgroup]
2026-10-08T15:25:32.5833160Z Creating settings.xml with server-id: github
2026-10-08T15:25:32.5845970Z Writing to /Users/runner/.m2/settings.xml
2026-10-08T15:25:32.5855930Z Configured MAVEN_ARGS to include -ntp to suppress Maven transfer progress logs. Set 'show-download-progress: true' to keep the download progress output.
2026-10-08T15:25:32.6421730Z ##[group]Run actions/download-artifact@v8
2026-10-08T15:25:32.6422420Z with:
2026-10-08T15:25:32.6422910Z   name: release-v2.11.3-apple-validation.4
2026-10-08T15:25:32.6424050Z   path: dry-run
2026-10-08T15:25:32.6424530Z   merge-multiple: false
2026-10-08T15:25:32.6425190Z   repository: johnsonlee/graphite
2026-10-08T15:25:32.6425820Z   run-id: 37798249852
2026-10-08T15:25:32.6426540Z   skip-decompress: false
2026-10-08T15:25:32.6427280Z   digest-mismatch: error
2026-10-08T15:25:32.6427940Z env:
2026-10-08T15:25:32.6428430Z   RELEASE_TAG: v2.11.3-apple-validation.4
2026-10-08T15:25:32.6429070Z   DRY_RUN: true
2026-10-08T15:25:32.6429600Z   RELEASE_VERSION: 2.11.3-apple-validation.4
2026-10-08T15:25:32.6430780Z   JAVA_HOME: /Users/runner/hostedtoolcache/Java_Temurin-Hotspot_jdk/17.0.20-101/x64/Contents/Home
2026-10-08T15:25:32.6432390Z   JAVA_HOME_17_X64: /Users/runner/hostedtoolcache/Java_Temurin-Hotspot_jdk/17.0.20-101/x64/Contents/Home
2026-10-08T15:25:32.6433670Z   MAVEN_ARGS: -ntp
2026-10-08T15:25:32.6434160Z ##[endgroup]
2026-10-08T15:25:33.8276690Z Downloading single artifact
2026-10-08T15:25:34.3610050Z Preparing to download the following artifacts:
2026-10-08T15:25:34.3613900Z - release-v2.11.3-apple-validation.4 (ID: 11561030466, Size: 104057988, Expected Digest: sha256:eedbe9a9e5d3e802da24aa02e8451acec07c9291987d3131903d60c09e938696)
2026-10-08T15:25:34.9762320Z Redirecting to blob download url: https://productionresultssa13.blob.core.windows.net/actions-results/d97cd4f8-f4a6-4c9a-b2b9-fe1ec5b7999f/workflow-job-run-62403cbc-6b52-5f3c-9c5e-772953032411/artifacts/e1c3514b3e1bb853e8a5910771b5177a871dd0ff035ab41479985fced5e029e1.zip
2026-10-08T15:25:34.9807630Z Starting download of artifact to: /Users/runner/work/graphite/graphite/dry-run
2026-10-08T15:25:35.3929660Z (node:16579) [DEP0005] DeprecationWarning: Buffer() is deprecated due to security and usability issues. Please use the Buffer.alloc(), Buffer.allocUnsafe(), or Buffer.from() methods instead.
2026-10-08T15:25:35.4914220Z (Use `node --trace-deprecation ...` to show where the warning was created)
2026-10-08T15:25:43.6707670Z SHA256 digest of downloaded artifact is eedbe9a9e5d3e802da24aa02e8451acec07c9291987d3131903d60c09e938696
2026-10-08T15:25:43.6771960Z Artifact download completed successfully.
2026-10-08T15:25:43.6818690Z Total of 1 artifact(s) downloaded
2026-10-08T15:25:43.7820950Z Download artifact has finished successfully
2026-10-08T15:25:43.8505080Z ##[group]Run set -euo pipefail
2026-10-08T15:25:43.8505970Z [36;1mset -euo pipefail[0m
2026-10-08T15:25:43.8506600Z [36;1mASSETS="$PWD/dry-run/release-assets"[0m
2026-10-08T15:25:43.8507340Z [36;1mINSTALLED="${RUNNER_TEMP}/apple-release"[0m
2026-10-08T15:25:43.8508080Z [36;1mmkdir -p "${INSTALLED}"[0m
2026-10-08T15:25:43.8508880Z [36;1mCLI="graphite-${RELEASE_VERSION}-x86_64-apple-darwin.tar.gz"[0m
2026-10-08T15:25:43.8510560Z [36;1mAPPLE="graphite-frontend-apple-${RELEASE_VERSION}-x86_64-apple-darwin.tar.gz"[0m
2026-10-08T15:25:43.8512340Z [36;1m(cd "${ASSETS}" && shasum -a 256 -c "${CLI}.sha256" "${APPLE}.sha256" graphite.jar.sha256)[0m
2026-10-08T15:25:43.8513480Z [36;1mtar -xzf "${ASSETS}/${CLI}" -C "${INSTALLED}"[0m
2026-10-08T15:25:43.8514330Z [36;1mtar -xzf "${ASSETS}/${APPLE}" -C "${INSTALLED}"[0m
2026-10-08T15:25:43.8515940Z [36;1mcp "${ASSETS}/graphite.jar" "${INSTALLED}/graphite.jar"[0m
2026-10-08T15:25:43.8517320Z [36;1m"${INSTALLED}/graphite" --version | grep -F "${RELEASE_VERSION}"[0m
2026-10-08T15:25:43.8518890Z [36;1mbash .github/scripts/verify-apple-release.sh "${INSTALLED}/graphite" \[0m
2026-10-08T15:25:43.8520230Z [36;1m  frontend/apple/Fixtures/AcmeShop "${RUNNER_TEMP}/apple-release-check"[0m
2026-10-08T15:25:43.8609940Z shell: /bin/bash --noprofile --norc -e -o pipefail {0}
2026-10-08T15:25:43.8610700Z env:
2026-10-08T15:25:43.8611150Z   RELEASE_TAG: v2.11.3-apple-validation.4
2026-10-08T15:25:43.8611790Z   DRY_RUN: true
2026-10-08T15:25:43.8612310Z   RELEASE_VERSION: 2.11.3-apple-validation.4
2026-10-08T15:25:43.8613420Z   JAVA_HOME: /Users/runner/hostedtoolcache/Java_Temurin-Hotspot_jdk/17.0.20-101/x64/Contents/Home
2026-10-08T15:25:43.8614970Z   JAVA_HOME_17_X64: /Users/runner/hostedtoolcache/Java_Temurin-Hotspot_jdk/17.0.20-101/x64/Contents/Home
2026-10-08T15:25:43.8616920Z   MAVEN_ARGS: -ntp
2026-10-08T15:25:43.8617430Z ##[endgroup]
2026-10-08T15:25:43.9750060Z graphite-2.11.3-apple-validation.4-x86_64-apple-darwin.tar.gz: OK
2026-10-08T15:25:44.0006660Z graphite-frontend-apple-2.11.3-apple-validation.4-x86_64-apple-darwin.tar.gz: OK
2026-10-08T15:25:44.1658720Z graphite.jar: OK
2026-10-08T15:25:44.2939840Z graphite 2.11.3-apple-validation.4
2026-10-08T15:25:44.3398630Z {
2026-10-08T15:25:44.3399270Z   "name": "apple",
2026-10-08T15:25:44.3399740Z   "kind": "executable",
2026-10-08T15:25:44.3400420Z   "path": "/Users/runner/work/_temp/apple-release/graphite-frontend-apple",
2026-10-08T15:25:44.3401270Z   "found_via": "next to the graphite executable",
2026-10-08T15:25:44.3401860Z   "version": "0.1.0",
2026-10-08T15:25:44.3402310Z   "inputs": [
2026-10-08T15:25:44.3402710Z     "Package.swift",
2026-10-08T15:25:44.3403120Z     "xcodeproj",
2026-10-08T15:25:44.3403530Z     "xcworkspace",
2026-10-08T15:25:44.3404050Z     "index-store"
2026-10-08T15:25:44.3404430Z   ],
2026-10-08T15:25:44.3404800Z   "ir_schema": [
2026-10-08T15:25:44.3405170Z     1
2026-10-08T15:25:44.3405550Z   ],
2026-10-08T15:25:44.3405890Z   "aliases": {
2026-10-08T15:25:44.3406290Z     "swift": "apple",
2026-10-08T15:25:44.3406710Z     "ios": "apple",
2026-10-08T15:25:44.3407120Z     "macos": "apple"
2026-10-08T15:25:44.3407550Z   },
2026-10-08T15:25:44.3407900Z   "indexable": [
2026-10-08T15:25:44.3408270Z     "swift"
2026-10-08T15:25:44.3408630Z   ],
2026-10-08T15:25:44.3409010Z   "writes": "ir"
2026-10-08T15:25:44.3590260Z Running /Users/runner/work/_temp/apple-release/graphite-frontend-apple build
2026-10-08T15:25:44.3591210Z }
2026-10-08T15:25:44.3727730Z {"phase": "swift build", "done": 0, "total": 1}
2026-10-08T15:25:55.2334080Z Building for debugging...
2026-10-08T15:25:55.2421510Z [0/7] Write sources
2026-10-08T15:25:55.2422380Z [2/7] Write acme-tool-entitlement.plist
2026-10-08T15:25:55.5496660Z [3/7] Write swift-version--79AA4F9932D1E87A.txt
2026-10-08T15:25:56.7643910Z [5/11] Compiling AcmeShop PaymentClient.swift
2026-10-08T15:25:56.7713260Z [6/11] Emitting module AcmeShop
2026-10-08T15:25:56.7714130Z [7/11] Compiling AcmeShop CartService.swift
2026-10-08T15:25:56.7716090Z [8/11] Compiling AcmeShop Models.swift
2026-10-08T15:25:57.1080730Z [9/13] Emitting module AcmeShopTool
2026-10-08T15:25:57.1081480Z [10/13] Compiling AcmeShopTool Tool.swift
2026-10-08T15:25:57.1154540Z [10/13] Write Objects.LinkFileList
2026-10-08T15:25:57.6365630Z [11/13] Linking acme-tool
2026-10-08T15:25:57.6669780Z [12/13] Applying acme-tool
2026-10-08T15:25:57.6692700Z Build complete! (2.48s)
2026-10-08T15:25:57.6724060Z {"phase": "swift build", "done": 1, "total": 1}
2026-10-08T15:25:57.6725970Z {"phase": "swift package describe", "done": 0, "total": 1}
2026-10-08T15:25:58.2407930Z {"phase": "swift package describe", "done": 1, "total": 1}
2026-10-08T15:25:59.2785260Z {"phase": "index", "done": 0, "total": 4}
2026-10-08T15:25:59.3229500Z {"phase": "index", "done": 4, "total": 4}
2026-10-08T15:25:59.3247280Z {"phase": "syntax", "done": 1, "total": 4}
2026-10-08T15:25:59.3255950Z {"phase": "syntax", "done": 2, "total": 4}
2026-10-08T15:25:59.3262520Z {"phase": "syntax", "done": 3, "total": 4}
2026-10-08T15:25:59.3269160Z {"phase": "syntax", "done": 4, "total": 4}
2026-10-08T15:25:59.3270160Z {"phase": "demangle", "done": 0, "total": 115}
2026-10-08T15:25:59.4490430Z {"phase": "demangle", "done": 115, "total": 115}
2026-10-08T15:25:59.4498690Z {"phase": "emit", "done": 0, "total": 1}
2026-10-08T15:25:59.4536390Z {"phase": "emit", "done": 1, "total": 1}
2026-10-08T15:25:59.4586170Z graphite-frontend-apple 0.1.0: 4 files, 11 types, 15 methods, 13 fields, 24 call sites, 15 constants, 3 annotations; 68 nodes, 28 edges, 84 strings -> /Users/runner/work/_temp/apple-release-check/acme.graphite.ir-16867.graphite-ir
2026-10-08T15:25:59.6022770Z Picked up JAVA_TOOL_OPTIONS: -Xmx8g
2026-10-08T15:26:00.2201570Z Reading IR from: /Users/runner/work/_temp/apple-release-check/acme.graphite.ir-16867.graphite-ir
2026-10-08T15:26:00.5619090Z IR from graphite-frontend-apple 0.1.0 (swift): 68 nodes, 28 edges, 84 strings
2026-10-08T15:26:00.5637640Z Saving to: /Users/runner/work/_temp/apple-release-check/acme.graphite.build-16867
2026-10-08T15:26:00.9493460Z Done.
2026-10-08T15:26:00.9932210Z Packed 19 entries (83663 bytes) into /Users/runner/work/_temp/apple-release-check/acme.graphite
2026-10-08T15:26:00.9933520Z fingerprint: 2bd92ed12a0caedf2021f8300360540ad551771fcef61e52d9b4fe2a443a53d2
2026-10-08T15:26:00.9935200Z sha256: 716885920995b356dd1973f113279d0bf331850f05d6462cb259fa3bdd78091f (written to /Users/runner/work/_temp/apple-release-check/acme.graphite.sha256)
2026-10-08T15:26:01.0048530Z file sha256 ok (716885920995b356dd1973f113279d0bf331850f05d6462cb259fa3bdd78091f)
2026-10-08T15:26:01.0063210Z OK: 19 entries verified in /Users/runner/work/_temp/apple-release-check/acme.graphite
2026-10-08T15:26:01.0064590Z fingerprint: 2bd92ed12a0caedf2021f8300360540ad551771fcef61e52d9b4fe2a443a53d2
2026-10-08T15:26:01.0197900Z "checkout(order:method:)"
2026-10-08T15:26:01.0233500Z "init(client:)"
2026-10-08T15:26:01.0382100Z "payments.charge"
2026-10-08T15:26:01.0422870Z true
2026-10-08T15:26:01.0577600Z "checkout(order:method:)"
2026-10-08T15:26:01.0906480Z ##[group]Run actions/upload-artifact@v7
2026-10-08T15:26:01.0907160Z with:
2026-10-08T15:26:01.0907690Z   name: apple-release-check-x86_64-apple-darwin
2026-10-08T15:26:01.0908980Z   path: /Users/runner/work/_temp/apple-release-check/*.csv
/Users/runner/work/_temp/apple-release-check/*.graphite

2026-10-08T15:26:01.0910220Z   if-no-files-found: warn
2026-10-08T15:26:01.0910760Z   compression-level: 6
2026-10-08T15:26:01.0911280Z   overwrite: false
2026-10-08T15:26:01.0911820Z   include-hidden-files: false
2026-10-08T15:26:01.0912360Z   archive: true
2026-10-08T15:26:01.0912820Z env:
2026-10-08T15:26:01.0913290Z   RELEASE_TAG: v2.11.3-apple-validation.4
2026-10-08T15:26:01.0913960Z   DRY_RUN: true
2026-10-08T15:26:01.0914500Z   RELEASE_VERSION: 2.11.3-apple-validation.4
2026-10-08T15:26:01.0915580Z   JAVA_HOME: /Users/runner/hostedtoolcache/Java_Temurin-Hotspot_jdk/17.0.20-101/x64/Contents/Home
2026-10-08T15:26:01.0917350Z   JAVA_HOME_17_X64: /Users/runner/hostedtoolcache/Java_Temurin-Hotspot_jdk/17.0.20-101/x64/Contents/Home
2026-10-08T15:26:01.0918360Z   MAVEN_ARGS: -ntp
2026-10-08T15:26:01.0918800Z ##[endgroup]
2026-10-08T15:26:01.3085050Z With the provided path, there will be 4 files uploaded
2026-10-08T15:26:01.3090090Z Artifact name is valid!
2026-10-08T15:26:01.3093150Z Root directory input is valid!
2026-10-08T15:26:01.6923850Z Uploading artifact: apple-release-check-x86_64-apple-darwin.zip
2026-10-08T15:26:01.6977770Z Beginning upload of artifact content to blob storage
2026-10-08T15:26:02.0377370Z Uploaded bytes 9034
2026-10-08T15:26:02.1196520Z Finished uploading artifact content to blob storage!
2026-10-08T15:26:02.1197630Z SHA256 digest of uploaded artifact is fe2fa48819f24684160d05b9cf0227b99478e938c89f0793bf376ff56879fdc6
2026-10-08T15:26:02.1198740Z Finalizing artifact upload
2026-10-08T15:26:02.5604410Z Artifact apple-release-check-x86_64-apple-darwin successfully finalized. Artifact ID 11560312686
2026-10-08T15:26:02.5606120Z Artifact apple-release-check-x86_64-apple-darwin has been successfully uploaded! Final size is 9034 bytes. Artifact ID is 11560312686
2026-10-08T15:26:02.5612320Z Artifact download URL: https://github.com/johnsonlee/graphite/actions/runs/37798249852/artifacts/11560312686
2026-10-08T15:26:02.5875600Z Post job cleanup.
2026-10-08T15:26:02.8075710Z Post job cleanup.
2026-10-08T15:26:02.9496890Z [command]/usr/local/bin/git version
2026-10-08T15:26:02.9606810Z git version 2.55.0
2026-10-08T15:26:02.9651280Z Copying '/Users/runner/.gitconfig' to '/Users/runner/work/_temp/c3e22259-377f-40d4-8b0e-6ef6842f769d/.gitconfig'
2026-10-08T15:26:02.9672250Z Temporarily overriding HOME='/Users/runner/work/_temp/c3e22259-377f-40d4-8b0e-6ef6842f769d' before making global git config changes
2026-10-08T15:26:02.9677100Z Adding repository directory to the temporary git global config as a safe directory
2026-10-08T15:26:02.9681000Z [command]/usr/local/bin/git config --global --add safe.directory /Users/runner/work/graphite/graphite
2026-10-08T15:26:02.9855570Z Removing SSH command configuration
2026-10-08T15:26:02.9857220Z [command]/usr/local/bin/git config --local --name-only --get-regexp core\.sshCommand
2026-10-08T15:26:02.9918810Z [command]/usr/local/bin/git submodule foreach --recursive sh -c "git config --local --name-only --get-regexp 'core\.sshCommand' && git config --local --unset-all 'core.sshCommand' || :"
2026-10-08T15:26:03.1363230Z Removing HTTP extra header
2026-10-08T15:26:03.1369190Z [command]/usr/local/bin/git config --local --name-only --get-regexp http\.https\:\/\/github\.com\/\.extraheader
2026-10-08T15:26:03.1472970Z [command]/usr/local/bin/git submodule foreach --recursive sh -c "git config --local --name-only --get-regexp 'http\.https\:\/\/github\.com\/\.extraheader' && git config --local --unset-all 'http.https://github.com/.extraheader' || :"
2026-10-08T15:26:03.2804250Z Removing includeIf entries pointing to credentials config files
2026-10-08T15:26:03.2813510Z [command]/usr/local/bin/git config --local --name-only --get-regexp ^includeIf\.gitdir:
2026-10-08T15:26:03.2914850Z includeif.gitdir:/Users/runner/work/graphite/graphite/.git.path
2026-10-08T15:26:03.2916310Z includeif.gitdir:/Users/runner/work/graphite/graphite/.git/worktrees/*.path
2026-10-08T15:26:03.2917440Z includeif.gitdir:/github/workspace/.git.path
2026-10-08T15:26:03.2918490Z includeif.gitdir:/github/workspace/.git/worktrees/*.path
2026-10-08T15:26:03.2929070Z [command]/usr/local/bin/git config --local --get-all includeif.gitdir:/Users/runner/work/graphite/graphite/.git.path
2026-10-08T15:26:03.3025450Z /Users/runner/work/_temp/git-credentials-17057e62-a219-4bbd-bfeb-a26cad79a6e8.config
2026-10-08T15:26:03.3040100Z [command]/usr/local/bin/git config --local --unset includeif.gitdir:/Users/runner/work/graphite/graphite/.git.path \/Users\/runner\/work\/_temp\/git\-credentials\-17057e62\-a219\-4bbd\-bfeb\-a26cad79a6e8\.config
2026-10-08T15:26:03.3140790Z [command]/usr/local/bin/git config --local --get-all includeif.gitdir:/Users/runner/work/graphite/graphite/.git/worktrees/*.path
2026-10-08T15:26:03.3221350Z /Users/runner/work/_temp/git-credentials-17057e62-a219-4bbd-bfeb-a26cad79a6e8.config
2026-10-08T15:26:03.3236580Z [command]/usr/local/bin/git config --local --unset includeif.gitdir:/Users/runner/work/graphite/graphite/.git/worktrees/*.path \/Users\/runner\/work\/_temp\/git\-credentials\-17057e62\-a219\-4bbd\-bfeb\-a26cad79a6e8\.config
2026-10-08T15:26:03.3460030Z [command]/usr/local/bin/git config --local --get-all includeif.gitdir:/github/workspace/.git.path
2026-10-08T15:26:03.3486080Z /github/runner_temp/git-credentials-17057e62-a219-4bbd-bfeb-a26cad79a6e8.config
2026-10-08T15:26:03.3490230Z [command]/usr/local/bin/git config --local --unset includeif.gitdir:/github/workspace/.git.path \/github\/runner_temp\/git\-credentials\-17057e62\-a219\-4bbd\-bfeb\-a26cad79a6e8\.config
2026-10-08T15:26:03.3545860Z [command]/usr/local/bin/git config --local --get-all includeif.gitdir:/github/workspace/.git/worktrees/*.path
2026-10-08T15:26:03.3630310Z /github/runner_temp/git-credentials-17057e62-a219-4bbd-bfeb-a26cad79a6e8.config
2026-10-08T15:26:03.3641440Z [command]/usr/local/bin/git config --local --unset includeif.gitdir:/github/workspace/.git/worktrees/*.path \/github\/runner_temp\/git\-credentials\-17057e62\-a219\-4bbd\-bfeb\-a26cad79a6e8\.config
2026-10-08T15:26:03.3733310Z [command]/usr/local/bin/git submodule foreach --recursive git config --local --show-origin --name-only --get-regexp remote.origin.url
2026-10-08T15:26:03.4998670Z Removing credentials config '/Users/runner/work/_temp/git-credentials-17057e62-a219-4bbd-bfeb-a26cad79a6e8.config'
2026-10-08T15:26:03.5170470Z Cleaning up orphan processes
