2026-10-08T15:22:56.7931345Z Current runner version: '2.337.0'
2026-10-08T15:22:56.7949494Z ##[group]Runner Image Provisioner
2026-10-08T15:22:56.7950043Z Hosted Compute Agent
2026-10-08T15:22:56.7950483Z Version: 20261002.596
2026-10-08T15:22:56.7950884Z Commit: c3d12f3313a95f25162a1503be624f3b0617f8c0
2026-10-08T15:22:56.7951322Z Build Date: 2026-10-02T22:28:27Z
2026-10-08T15:22:56.7951801Z Worker ID: {4983e84e-623c-4e27-be09-77345705e663}
2026-10-08T15:22:56.7952222Z Region: centralus
2026-10-08T15:22:56.7952553Z Cloud: Azure
2026-10-08T15:22:56.7952936Z ##[endgroup]
2026-10-08T15:22:56.7953777Z ##[group]Operating System
2026-10-08T15:22:56.7954372Z Ubuntu
2026-10-08T15:22:56.7954704Z 24.04.5
2026-10-08T15:22:56.7955025Z LTS
2026-10-08T15:22:56.7955700Z ##[endgroup]
2026-10-08T15:22:56.7956038Z ##[group]Runner Image
2026-10-08T15:22:56.7956472Z Image: ubuntu-24.04
2026-10-08T15:22:56.7956833Z Version: 20261004.327.1
2026-10-08T15:22:56.7957640Z Included Software: https://github.com/actions/runner-images/blob/ubuntu24/20261004.327/images/ubuntu/Ubuntu2404-Readme.md
2026-10-08T15:22:56.7958547Z Image Release: https://github.com/actions/runner-images/releases/tag/ubuntu24%2F20261004.327
2026-10-08T15:22:56.7959137Z ##[endgroup]
2026-10-08T15:22:56.7959838Z ##[group]GITHUB_TOKEN Permissions
2026-10-08T15:22:56.7961082Z Contents: write
2026-10-08T15:22:56.7961449Z Metadata: read
2026-10-08T15:22:56.7961826Z ##[endgroup]
2026-10-08T15:22:56.7963203Z Secret source: Actions
2026-10-08T15:22:56.7963780Z Cache mode: write
2026-10-08T15:22:56.7964378Z Prepare workflow directory
2026-10-08T15:22:56.8328616Z Prepare all required actions
2026-10-08T15:22:56.8360411Z Getting action download info
2026-10-08T15:22:57.0586980Z Download action repository 'actions/checkout@v7' (SHA:3d3c42e5aac5ba805825da76410c181273ba90b1)
2026-10-08T15:22:57.1320620Z Download action repository 'actions/setup-java@v5' (SHA:b6effb05e454b25005698d916606bdc6ffcbf961)
2026-10-08T15:22:58.0888014Z Download action repository 'actions/download-artifact@v8' (SHA:9000827ccba6bdab643e8b6fd33ac0654aef8333)
2026-10-08T15:22:58.5191840Z Download action repository 'actions/upload-artifact@v7' (SHA:cf430e030ddbb5b0abf93d22962f4752f3646cd9)
2026-10-08T15:22:59.1645177Z Complete job name: release
2026-10-08T15:22:59.2204672Z ##[group]Run actions/checkout@v7
2026-10-08T15:22:59.2205522Z with:
2026-10-08T15:22:59.2206204Z   ref: 1ba3808f79db8190ecd278a3853ab7a27d5abac9
2026-10-08T15:22:59.2206986Z   repository: johnsonlee/graphite
2026-10-08T15:22:59.2211782Z   token: ***
2026-10-08T15:22:59.2212353Z   ssh-strict: true
2026-10-08T15:22:59.2212927Z   ssh-user: git
2026-10-08T15:22:59.2213546Z   persist-credentials: true
2026-10-08T15:22:59.2214375Z   clean: true
2026-10-08T15:22:59.2214997Z   sparse-checkout-cone-mode: true
2026-10-08T15:22:59.2215761Z   fetch-depth: 1
2026-10-08T15:22:59.2216333Z   fetch-tags: false
2026-10-08T15:22:59.2216988Z   show-progress: true
2026-10-08T15:22:59.2217582Z   lfs: false
2026-10-08T15:22:59.2218150Z   submodules: false
2026-10-08T15:22:59.2218787Z   set-safe-directory: true
2026-10-08T15:22:59.2219474Z   allow-unsafe-pr-checkout: false
2026-10-08T15:22:59.2220299Z env:
2026-10-08T15:22:59.2220875Z   RELEASE_TAG: v2.11.3-apple-validation.4
2026-10-08T15:22:59.2221732Z   DRY_RUN: true
2026-10-08T15:22:59.2222346Z   RELEASE_VERSION: 2.11.3-apple-validation.4
2026-10-08T15:22:59.2223072Z   PRERELEASE: true
2026-10-08T15:22:59.2223679Z ##[endgroup]
2026-10-08T15:22:59.2941373Z Syncing repository: johnsonlee/graphite
2026-10-08T15:22:59.2943939Z ##[group]Getting Git version info
2026-10-08T15:22:59.2945385Z Working directory is '/home/runner/work/graphite/graphite'
2026-10-08T15:22:59.2947395Z [command]/usr/bin/git version
2026-10-08T15:22:59.2981028Z git version 2.55.0
2026-10-08T15:22:59.2999146Z ##[endgroup]
2026-10-08T15:22:59.3010765Z Temporarily overriding HOME='/home/runner/work/_temp/069e4ef7-6b76-4d76-8335-08e7609726ee' before making global git config changes
2026-10-08T15:22:59.3012498Z Adding repository directory to the temporary git global config as a safe directory
2026-10-08T15:22:59.3016766Z [command]/usr/bin/git config --global --add safe.directory /home/runner/work/graphite/graphite
2026-10-08T15:22:59.3057792Z Deleting the contents of '/home/runner/work/graphite/graphite'
2026-10-08T15:22:59.3060227Z ##[group]Determining repository object format
2026-10-08T15:22:59.3061663Z ##[endgroup]
2026-10-08T15:22:59.3062847Z ##[group]Initializing the repository
2026-10-08T15:22:59.3064909Z [command]/usr/bin/git init /home/runner/work/graphite/graphite
2026-10-08T15:22:59.3142570Z hint: Using 'master' as the name for the initial branch. This default branch name
2026-10-08T15:22:59.3143849Z hint: will change to "main" in Git 3.0. To configure the initial branch name
2026-10-08T15:22:59.3145357Z hint: to use in all of your new repositories, which will suppress this warning,
2026-10-08T15:22:59.3146332Z hint: call:
2026-10-08T15:22:59.3146859Z hint:
2026-10-08T15:22:59.3147520Z hint: 	git config --global init.defaultBranch <name>
2026-10-08T15:22:59.3148417Z hint:
2026-10-08T15:22:59.3149189Z hint: Names commonly chosen instead of 'master' are 'main', 'trunk' and
2026-10-08T15:22:59.3150380Z hint: 'development'. The just-created branch can be renamed via this command:
2026-10-08T15:22:59.3151330Z hint:
2026-10-08T15:22:59.3151885Z hint: 	git branch -m <name>
2026-10-08T15:22:59.3152550Z hint:
2026-10-08T15:22:59.3153364Z hint: Disable this message with "git config set advice.defaultBranchName false"
2026-10-08T15:22:59.3158429Z Initialized empty Git repository in /home/runner/work/graphite/graphite/.git/
2026-10-08T15:22:59.3166334Z [command]/usr/bin/git remote add origin https://github.com/johnsonlee/graphite
2026-10-08T15:22:59.3210632Z ##[endgroup]
2026-10-08T15:22:59.3212106Z ##[group]Disabling automatic garbage collection
2026-10-08T15:22:59.3213290Z [command]/usr/bin/git config --local gc.auto 0
2026-10-08T15:22:59.3245746Z ##[endgroup]
2026-10-08T15:22:59.3247512Z ##[group]Setting up auth
2026-10-08T15:22:59.3248560Z Removing SSH command configuration
2026-10-08T15:22:59.3250852Z [command]/usr/bin/git config --local --name-only --get-regexp core\.sshCommand
2026-10-08T15:22:59.3282278Z [command]/usr/bin/git submodule foreach --recursive sh -c "git config --local --name-only --get-regexp 'core\.sshCommand' && git config --local --unset-all 'core.sshCommand' || :"
2026-10-08T15:22:59.3555767Z Removing HTTP extra header
2026-10-08T15:22:59.3559707Z [command]/usr/bin/git config --local --name-only --get-regexp http\.https\:\/\/github\.com\/\.extraheader
2026-10-08T15:22:59.3591289Z [command]/usr/bin/git submodule foreach --recursive sh -c "git config --local --name-only --get-regexp 'http\.https\:\/\/github\.com\/\.extraheader' && git config --local --unset-all 'http.https://github.com/.extraheader' || :"
2026-10-08T15:22:59.3759537Z Removing includeIf entries pointing to credentials config files
2026-10-08T15:22:59.3762706Z [command]/usr/bin/git config --local --name-only --get-regexp ^includeIf\.gitdir:
2026-10-08T15:22:59.3790985Z [command]/usr/bin/git submodule foreach --recursive git config --local --show-origin --name-only --get-regexp remote.origin.url
2026-10-08T15:22:59.3969824Z [command]/usr/bin/git config --file /home/runner/work/_temp/git-credentials-95ace00d-035b-4ba2-b8a0-08ff159e6482.config http.https://github.com/.extraheader AUTHORIZATION: basic ***
2026-10-08T15:22:59.4001776Z [command]/usr/bin/git config --local includeIf.gitdir:/home/runner/work/graphite/graphite/.git.path /home/runner/work/_temp/git-credentials-95ace00d-035b-4ba2-b8a0-08ff159e6482.config
2026-10-08T15:22:59.4029584Z [command]/usr/bin/git config --local includeIf.gitdir:/home/runner/work/graphite/graphite/.git/worktrees/*.path /home/runner/work/_temp/git-credentials-95ace00d-035b-4ba2-b8a0-08ff159e6482.config
2026-10-08T15:22:59.4060019Z [command]/usr/bin/git config --local includeIf.gitdir:/github/workspace/.git.path /github/runner_temp/git-credentials-95ace00d-035b-4ba2-b8a0-08ff159e6482.config
2026-10-08T15:22:59.4089226Z [command]/usr/bin/git config --local includeIf.gitdir:/github/workspace/.git/worktrees/*.path /github/runner_temp/git-credentials-95ace00d-035b-4ba2-b8a0-08ff159e6482.config
2026-10-08T15:22:59.4117525Z ##[endgroup]
2026-10-08T15:22:59.4118964Z ##[group]Fetching the repository
2026-10-08T15:22:59.4122485Z [command]/usr/bin/git -c protocol.version=2 fetch --no-tags --prune --no-recurse-submodules --depth=1 origin 1ba3808f79db8190ecd278a3853ab7a27d5abac9
2026-10-08T15:23:00.3515811Z From https://github.com/johnsonlee/graphite
2026-10-08T15:23:00.3516725Z  * branch            1ba3808f79db8190ecd278a3853ab7a27d5abac9 -> FETCH_HEAD
2026-10-08T15:23:00.3525674Z [command]/usr/bin/git rev-parse --verify --quiet 1ba3808f79db8190ecd278a3853ab7a27d5abac9^{object}
2026-10-08T15:23:00.3554739Z 1ba3808f79db8190ecd278a3853ab7a27d5abac9
2026-10-08T15:23:00.3563926Z ##[endgroup]
2026-10-08T15:23:00.3564405Z ##[group]Determining the checkout info
2026-10-08T15:23:00.3564775Z ##[endgroup]
2026-10-08T15:23:00.3565025Z [command]/usr/bin/git sparse-checkout disable
2026-10-08T15:23:00.3609159Z [command]/usr/bin/git config --local --unset-all extensions.worktreeConfig
2026-10-08T15:23:00.3639189Z ##[group]Checking out the ref
2026-10-08T15:23:00.3642745Z [command]/usr/bin/git checkout --progress --force 1ba3808f79db8190ecd278a3853ab7a27d5abac9
2026-10-08T15:23:00.4307800Z Note: switching to '1ba3808f79db8190ecd278a3853ab7a27d5abac9'.
2026-10-08T15:23:00.4308436Z 
2026-10-08T15:23:00.4308843Z You are in 'detached HEAD' state. You can look around, make experimental
2026-10-08T15:23:00.4309628Z changes and commit them, and you can discard any commits you make in this
2026-10-08T15:23:00.4310199Z state without impacting any branches by switching back to a branch.
2026-10-08T15:23:00.4310458Z 
2026-10-08T15:23:00.4310652Z If you want to create a new branch to retain commits you create, you may
2026-10-08T15:23:00.4311079Z do so (now or later) by using -c with the switch command. Example:
2026-10-08T15:23:00.4311314Z 
2026-10-08T15:23:00.4311425Z   git switch -c <new-branch-name>
2026-10-08T15:23:00.4311597Z 
2026-10-08T15:23:00.4311734Z Or undo this operation with:
2026-10-08T15:23:00.4311900Z 
2026-10-08T15:23:00.4312014Z   git switch -
2026-10-08T15:23:00.4312131Z 
2026-10-08T15:23:00.4312602Z Turn off this advice by setting config variable advice.detachedHead to false
2026-10-08T15:23:00.4312881Z 
2026-10-08T15:23:00.4313058Z HEAD is now at 1ba3808 Fix hosted Apple corpus build prerequisites
2026-10-08T15:23:00.4325347Z ##[endgroup]
2026-10-08T15:23:00.4367622Z [command]/usr/bin/git log -1 --format=%H
2026-10-08T15:23:00.4393795Z 1ba3808f79db8190ecd278a3853ab7a27d5abac9
2026-10-08T15:23:00.4586235Z ##[group]Run actions/setup-java@v5
2026-10-08T15:23:00.4586390Z with:
2026-10-08T15:23:00.4586502Z   distribution: temurin
2026-10-08T15:23:00.4586629Z   java-version: 17
2026-10-08T15:23:00.4586746Z   java-package: jdk
2026-10-08T15:23:00.4586864Z   check-latest: false
2026-10-08T15:23:00.4586986Z   set-default: true
2026-10-08T15:23:00.4587147Z   verify-signature: false
2026-10-08T15:23:00.4587296Z   server-id: github
2026-10-08T15:23:00.4587434Z   server-username: GITHUB_ACTOR
2026-10-08T15:23:00.4587573Z   server-password: GITHUB_TOKEN
2026-10-08T15:23:00.4587713Z   overwrite-settings: true
2026-10-08T15:23:00.4587844Z   job-status: success
2026-10-08T15:23:00.4589063Z   token: ***
2026-10-08T15:23:00.4589184Z   show-download-progress: false
2026-10-08T15:23:00.4589317Z env:
2026-10-08T15:23:00.4589462Z   RELEASE_TAG: v2.11.3-apple-validation.4
2026-10-08T15:23:00.4589611Z   DRY_RUN: true
2026-10-08T15:23:00.4589737Z   RELEASE_VERSION: 2.11.3-apple-validation.4
2026-10-08T15:23:00.4589915Z   PRERELEASE: true
2026-10-08T15:23:00.4590031Z ##[endgroup]
2026-10-08T15:23:00.5540233Z ##[group]Installed distributions
2026-10-08T15:23:00.6057193Z Resolved Java 17.0.20+1 from tool-cache
2026-10-08T15:23:00.6057507Z Setting Java 17.0.20+1 as the default
2026-10-08T15:23:00.6063577Z Creating toolchains.xml for JDK version 17 from temurin
2026-10-08T15:23:00.6106439Z Writing to /home/runner/.m2/toolchains.xml
2026-10-08T15:23:00.6106896Z 
2026-10-08T15:23:00.6106991Z Java configuration:
2026-10-08T15:23:00.6107191Z   Distribution: temurin
2026-10-08T15:23:00.6107390Z   Version: 17.0.20+1
2026-10-08T15:23:00.6107687Z   Path: /opt/hostedtoolcache/Java_Temurin-Hotspot_jdk/17.0.20-1/x64
2026-10-08T15:23:00.6107920Z 
2026-10-08T15:23:00.6111065Z ##[endgroup]
2026-10-08T15:23:00.6150115Z Creating settings.xml with server-id: github
2026-10-08T15:23:00.6150491Z Writing to /home/runner/.m2/settings.xml
2026-10-08T15:23:00.6151183Z Configured MAVEN_ARGS to include -ntp to suppress Maven transfer progress logs. Set 'show-download-progress: true' to keep the download progress output.
2026-10-08T15:23:00.6263635Z ##[group]Run ./gradlew :query:shadowJar --no-daemon -Pversion=${RELEASE_VERSION}
2026-10-08T15:23:00.6264018Z [36;1m./gradlew :query:shadowJar --no-daemon -Pversion=${RELEASE_VERSION}[0m
2026-10-08T15:23:00.6264518Z [36;1mmkdir -p release-assets[0m
2026-10-08T15:23:00.6264753Z [36;1mcp frontend/jvm/query/build/libs/graphite.jar release-assets/graphite.jar[0m
2026-10-08T15:23:00.6265062Z [36;1m(cd release-assets && sha256sum graphite.jar > graphite.jar.sha256)[0m
2026-10-08T15:23:00.6571143Z shell: /usr/bin/bash -e {0}
2026-10-08T15:23:00.6571380Z env:
2026-10-08T15:23:00.6571528Z   RELEASE_TAG: v2.11.3-apple-validation.4
2026-10-08T15:23:00.6571694Z   DRY_RUN: true
2026-10-08T15:23:00.6571830Z   RELEASE_VERSION: 2.11.3-apple-validation.4
2026-10-08T15:23:00.6571995Z   PRERELEASE: true
2026-10-08T15:23:00.6572184Z   JAVA_HOME: /opt/hostedtoolcache/Java_Temurin-Hotspot_jdk/17.0.20-1/x64
2026-10-08T15:23:00.6572536Z   JAVA_HOME_17_X64: /opt/hostedtoolcache/Java_Temurin-Hotspot_jdk/17.0.20-1/x64
2026-10-08T15:23:00.6572758Z   MAVEN_ARGS: -ntp
2026-10-08T15:23:00.6572880Z ##[endgroup]
2026-10-08T15:23:03.4850888Z Downloading https://services.gradle.org/distributions/gradle-8.13-bin.zip
2026-10-08T15:23:06.4806243Z .............10%.............20%.............30%.............40%.............50%.............60%.............70%.............80%.............90%.............100%
2026-10-08T15:23:07.7903236Z 
2026-10-08T15:23:07.7904387Z Welcome to Gradle 8.13!
2026-10-08T15:23:07.7904832Z 
2026-10-08T15:23:07.7905036Z Here are the highlights of this release:
2026-10-08T15:23:07.7905346Z  - Daemon JVM auto-provisioning
2026-10-08T15:23:07.7905595Z  - Enhancements for Scala plugin and JUnit testing
2026-10-08T15:23:07.7905885Z  - Improvements for build authors and plugin developers
2026-10-08T15:23:07.7906134Z 
2026-10-08T15:23:07.7906294Z For more details see https://docs.gradle.org/8.13/release-notes.html
2026-10-08T15:23:07.7906529Z 
2026-10-08T15:23:07.8897212Z To honour the JVM settings for this build a single-use Daemon process will be forked. For more on this, please refer to https://docs.gradle.org/8.13/userguide/gradle_daemon.html#sec:disabling_the_daemon in the Gradle documentation.
2026-10-08T15:23:09.1896162Z Daemon will be stopped at the end of the build 
2026-10-08T15:23:38.7898840Z 
2026-10-08T15:23:38.7912383Z > Configure project :
2026-10-08T15:23:38.7913295Z [root project 'graphite'] Configuring `nexusPublishing` skipped: `OSSRH_USERNAME` or `OSSRH_PASSWORD` not found
2026-10-08T15:23:38.7914345Z [root project 'graphite'] Configuring nexus skipped: `NEXUS_URL` or `NEXUS_USERNAME` or `NEXUS_PASSWORD` not found
2026-10-08T15:23:38.7915423Z [root project 'graphite'] Configuring `signing` skipped: `signing.keyId` or `signing.password` or `signing.secretKeyRingFile` not found
2026-10-08T15:23:43.9895643Z [root project 'graphite'] Configuring nexus skipped: `NEXUS_URL` or `NEXUS_USERNAME` or `NEXUS_PASSWORD` not found
2026-10-08T15:23:45.9894486Z 
2026-10-08T15:23:45.9897551Z > Configure project :core
2026-10-08T15:23:45.9904802Z [root project 'graphite'] Configuring `nexusPublishing` skipped: `OSSRH_USERNAME` or `OSSRH_PASSWORD` not found
2026-10-08T15:23:45.9907801Z [project ':core'] Configuring nexus skipped: `NEXUS_URL` or `NEXUS_USERNAME` or `NEXUS_PASSWORD` not found
2026-10-08T15:23:45.9909242Z [project ':core'] Configuring `signing` skipped: `signing.keyId` or `signing.password` or `signing.secretKeyRingFile` not found
2026-10-08T15:23:46.4894818Z [project ':core'] Configuring nexus skipped: `NEXUS_URL` or `NEXUS_USERNAME` or `NEXUS_PASSWORD` not found
2026-10-08T15:23:51.2893719Z 
2026-10-08T15:23:51.2894804Z > Configure project :cypher
2026-10-08T15:23:51.2895702Z [root project 'graphite'] Configuring `nexusPublishing` skipped: `OSSRH_USERNAME` or `OSSRH_PASSWORD` not found
2026-10-08T15:23:51.2914650Z [project ':cypher'] Configuring nexus skipped: `NEXUS_URL` or `NEXUS_USERNAME` or `NEXUS_PASSWORD` not found
2026-10-08T15:23:51.2935750Z [project ':cypher'] Configuring `signing` skipped: `signing.keyId` or `signing.password` or `signing.secretKeyRingFile` not found
2026-10-08T15:23:51.2980759Z [project ':cypher'] Configuring nexus skipped: `NEXUS_URL` or `NEXUS_USERNAME` or `NEXUS_PASSWORD` not found
2026-10-08T15:23:58.4894335Z 
2026-10-08T15:23:58.4937794Z > Configure project :ir
2026-10-08T15:23:58.4962223Z [root project 'graphite'] Configuring `nexusPublishing` skipped: `OSSRH_USERNAME` or `OSSRH_PASSWORD` not found
2026-10-08T15:23:58.4962778Z [project ':ir'] Configuring nexus skipped: `NEXUS_URL` or `NEXUS_USERNAME` or `NEXUS_PASSWORD` not found
2026-10-08T15:23:58.4963383Z [project ':ir'] Configuring `signing` skipped: `signing.keyId` or `signing.password` or `signing.secretKeyRingFile` not found
2026-10-08T15:23:58.4971449Z [project ':ir'] Configuring nexus skipped: `NEXUS_URL` or `NEXUS_USERNAME` or `NEXUS_PASSWORD` not found
2026-10-08T15:24:00.8893090Z 
2026-10-08T15:24:00.8900032Z > Configure project :sootup
2026-10-08T15:24:00.8900976Z [root project 'graphite'] Configuring `nexusPublishing` skipped: `OSSRH_USERNAME` or `OSSRH_PASSWORD` not found
2026-10-08T15:24:00.8901751Z [project ':sootup'] Configuring nexus skipped: `NEXUS_URL` or `NEXUS_USERNAME` or `NEXUS_PASSWORD` not found
2026-10-08T15:24:00.8902560Z [project ':sootup'] Configuring `signing` skipped: `signing.keyId` or `signing.password` or `signing.secretKeyRingFile` not found
2026-10-08T15:24:00.8903369Z [project ':sootup'] Configuring nexus skipped: `NEXUS_URL` or `NEXUS_USERNAME` or `NEXUS_PASSWORD` not found
2026-10-08T15:24:02.1895788Z 
2026-10-08T15:24:02.1906258Z > Configure project :webgraph
2026-10-08T15:24:02.1907084Z [root project 'graphite'] Configuring `nexusPublishing` skipped: `OSSRH_USERNAME` or `OSSRH_PASSWORD` not found
2026-10-08T15:24:02.1907871Z [project ':webgraph'] Configuring nexus skipped: `NEXUS_URL` or `NEXUS_USERNAME` or `NEXUS_PASSWORD` not found
2026-10-08T15:24:02.1908687Z [project ':webgraph'] Configuring `signing` skipped: `signing.keyId` or `signing.password` or `signing.secretKeyRingFile` not found
2026-10-08T15:24:02.1909476Z [project ':webgraph'] Configuring nexus skipped: `NEXUS_URL` or `NEXUS_USERNAME` or `NEXUS_PASSWORD` not found
2026-10-08T15:24:08.7897577Z 
2026-10-08T15:24:08.7898538Z > Task :core:checkKotlinGradlePluginConfigurationErrors SKIPPED
2026-10-08T15:24:13.2925789Z > Task :core:processResources NO-SOURCE
2026-10-08T15:24:13.2945879Z > Task :cypher:checkKotlinGradlePluginConfigurationErrors SKIPPED
2026-10-08T15:24:15.3915283Z > Task :cypher:generateGrammarSource
2026-10-08T15:24:15.3945133Z > Task :cypher:processResources NO-SOURCE
2026-10-08T15:24:15.3956460Z > Task :explore:checkKotlinGradlePluginConfigurationErrors SKIPPED
2026-10-08T15:24:15.3994964Z > Task :webgraph:checkKotlinGradlePluginConfigurationErrors SKIPPED
2026-10-08T15:24:15.3995679Z > Task :webgraph:processResources NO-SOURCE
2026-10-08T15:24:15.4894951Z > Task :explore:processResources
2026-10-08T15:24:15.4895542Z > Task :ir:checkKotlinGradlePluginConfigurationErrors SKIPPED
2026-10-08T15:24:15.9913885Z > Task :ir:extractIncludeProto
2026-10-08T15:24:15.9916390Z > Task :ir:extractProto
2026-10-08T15:24:16.4919391Z > Task :ir:generateProto
2026-10-08T15:24:16.4975155Z > Task :ir:processResources
2026-10-08T15:24:16.4985292Z > Task :query:checkKotlinGradlePluginConfigurationErrors SKIPPED
2026-10-08T15:24:16.5014642Z > Task :sootup:checkKotlinGradlePluginConfigurationErrors SKIPPED
2026-10-08T15:24:16.5034539Z > Task :sootup:processResources NO-SOURCE
2026-10-08T15:24:16.5034852Z > Task :query:processResources NO-SOURCE
2026-10-08T15:24:25.5918325Z 
2026-10-08T15:24:25.5919525Z > Task :core:compileKotlin
2026-10-08T15:24:25.5921468Z w: file:///home/runner/work/graphite/graphite/frontend/jvm/core/src/main/kotlin/io/johnsonlee/graphite/analysis/BranchReachabilityAnalysis.kt:295:25 This synthetic property is based on the getter function 'fun isEmpty(): Boolean' from Kotlin. In the future, synthetic properties will be available only if the base getter function came from Java. Consider replacing this property access with a 'isEmpty()' function call.
2026-10-08T15:24:25.6914858Z 
2026-10-08T15:24:25.6915555Z > Task :core:compileJava NO-SOURCE
2026-10-08T15:24:25.6915970Z > Task :core:classes UP-TO-DATE
2026-10-08T15:24:25.6916208Z > Task :core:jar
2026-10-08T15:24:32.9935537Z > Task :ir:compileKotlin
2026-10-08T15:24:45.2965365Z > Task :ir:compileJava
2026-10-08T15:24:45.2994962Z > Task :ir:classes
2026-10-08T15:24:45.3905203Z > Task :ir:jar
2026-10-08T15:24:47.2914900Z 
2026-10-08T15:24:47.2975161Z > Task :sootup:compileKotlin
2026-10-08T15:24:47.3066087Z w: file:///home/runner/work/graphite/graphite/frontend/jvm/sootup/src/main/kotlin/io/johnsonlee/graphite/sootup/ConstantFolding.kt:496:31 Java type mismatch: inferred type is '@NonNull() sootup.core.jimple.common.Local?', but '@NonNull() sootup.core.jimple.common.Local' was expected.
2026-10-08T15:24:47.3150283Z w: file:///home/runner/work/graphite/graphite/frontend/jvm/sootup/src/main/kotlin/sootup/java/bytecode/frontend/conversion/GraphiteClassNode.kt:26:64 Java type mismatch: inferred type is 'kotlin.String?', but '@NonNull() kotlin.String' was expected.
2026-10-08T15:24:47.3945016Z 
2026-10-08T15:24:47.4005106Z > Task :sootup:compileJava NO-SOURCE
2026-10-08T15:24:47.4051835Z > Task :sootup:classes UP-TO-DATE
2026-10-08T15:24:47.4918061Z > Task :sootup:jar
2026-10-08T15:24:47.8955260Z > Task :webgraph:compileKotlin
2026-10-08T15:24:47.9015014Z > Task :webgraph:compileJava NO-SOURCE
2026-10-08T15:24:47.9044730Z > Task :webgraph:classes UP-TO-DATE
2026-10-08T15:24:47.9905235Z > Task :webgraph:jar
2026-10-08T15:24:47.9930956Z > Task :cypher:compileKotlin
2026-10-08T15:24:48.7894239Z > Task :cypher:compileJava
2026-10-08T15:24:48.7898234Z > Task :cypher:classes
2026-10-08T15:24:48.8893667Z > Task :cypher:jar
2026-10-08T15:24:55.2915610Z > Task :explore:compileKotlin
2026-10-08T15:24:55.2916438Z > Task :explore:compileJava NO-SOURCE
2026-10-08T15:24:55.2916869Z > Task :explore:classes
2026-10-08T15:24:55.3894477Z > Task :explore:jar
2026-10-08T15:24:56.3894534Z > Task :query:compileKotlin
2026-10-08T15:24:56.3900031Z > Task :query:compileJava NO-SOURCE
2026-10-08T15:24:56.3900523Z > Task :query:classes UP-TO-DATE
2026-10-08T15:24:56.3900885Z > Task :query:jar
2026-10-08T15:24:57.6897921Z > Task :query:compileTestKotlin
2026-10-08T15:24:57.6923452Z > Task :query:compileTestJava NO-SOURCE
2026-10-08T15:25:05.4893335Z > Task :query:shadowJar
2026-10-08T15:25:05.4893674Z 
2026-10-08T15:25:05.4893966Z BUILD SUCCESSFUL in 2m 2s
2026-10-08T15:25:05.4896094Z 24 actionable tasks: 24 executed
2026-10-08T15:25:05.8902616Z ##[group]Run actions/download-artifact@v8
2026-10-08T15:25:05.8902779Z with:
2026-10-08T15:25:05.8902906Z   pattern: {binaries,apple-frontend}-*
2026-10-08T15:25:05.8903060Z   path: release-assets
2026-10-08T15:25:05.8903182Z   merge-multiple: true
2026-10-08T15:25:05.8903309Z   repository: johnsonlee/graphite
2026-10-08T15:25:05.8903446Z   run-id: 37798249852
2026-10-08T15:25:05.8903567Z   skip-decompress: false
2026-10-08T15:25:05.8903695Z   digest-mismatch: error
2026-10-08T15:25:05.8903819Z env:
2026-10-08T15:25:05.8903933Z   RELEASE_TAG: v2.11.3-apple-validation.4
2026-10-08T15:25:05.8904196Z   DRY_RUN: true
2026-10-08T15:25:05.8904324Z   RELEASE_VERSION: 2.11.3-apple-validation.4
2026-10-08T15:25:05.8904475Z   PRERELEASE: true
2026-10-08T15:25:05.8904648Z   JAVA_HOME: /opt/hostedtoolcache/Java_Temurin-Hotspot_jdk/17.0.20-1/x64
2026-10-08T15:25:05.8905057Z   JAVA_HOME_17_X64: /opt/hostedtoolcache/Java_Temurin-Hotspot_jdk/17.0.20-1/x64
2026-10-08T15:25:05.8905286Z   MAVEN_ARGS: -ntp
2026-10-08T15:25:05.8905400Z ##[endgroup]
2026-10-08T15:25:06.1659207Z Found 7 artifact(s)
2026-10-08T15:25:06.1659884Z Filtering artifacts by pattern '{binaries,apple-frontend}-*'
2026-10-08T15:25:06.1678324Z Preparing to download the following artifacts:
2026-10-08T15:25:06.1679009Z - apple-frontend-x86_64-apple-darwin (ID: 11561560186, Size: 5565675, Expected Digest: sha256:04c22e05f82c5aa34ebd6a534a74c2e6870d7e73ae58091c71b26ad30851a2d8)
2026-10-08T15:25:06.1679908Z - binaries-x86_64-apple-darwin (ID: 11560295194, Size: 3587006, Expected Digest: sha256:bfccd29c9df0644b92d0c89d6efba755814372685d0937589594ed72f22c78bd)
2026-10-08T15:25:06.1680865Z - binaries-aarch64-unknown-linux-musl (ID: 11560145752, Size: 3852383, Expected Digest: sha256:0f87cb107f340c06f0b9bb95f44056b781999be9db3808aae190e194a82b0978)
2026-10-08T15:25:06.1681811Z - binaries-aarch64-apple-darwin (ID: 11559137881, Size: 3396036, Expected Digest: sha256:a2e8d44259b2317978ac9f2cea6553c70fe73c7ce01d78de61c0f3b9f5ac98ec)
2026-10-08T15:25:06.1682927Z - apple-frontend-aarch64-apple-darwin (ID: 11558953853, Size: 5653708, Expected Digest: sha256:561ce6e63d0f2b26b849b324fd47e94fda1b3b09a7518fc931ccd588d6428bc4)
2026-10-08T15:25:06.1684026Z - binaries-x86_64-unknown-linux-musl (ID: 11558749734, Size: 4057802, Expected Digest: sha256:f15920e644fe6f42c0b2d230842b0bfab5b8a45352188b07321ffe214672ee83)
2026-10-08T15:25:06.1685126Z - apple-frontend-x86_64-unknown-linux-gnu (ID: 11558604770, Size: 41277220, Expected Digest: sha256:be7c1520ef22bc1ab1ee6458b12ca19dd551b98cb4f2159c54f398b9bf681be0)
2026-10-08T15:25:06.4714046Z Redirecting to blob download url: https://productionresultssa13.blob.core.windows.net/actions-results/d97cd4f8-f4a6-4c9a-b2b9-fe1ec5b7999f/workflow-job-run-71805001-5371-517a-9a22-6b3a24b7804e/artifacts/2f91d322ccd3c769f37ccde63719a0daccce37348f4ed6485ac60210df857bb6.zip
2026-10-08T15:25:06.4715039Z Starting download of artifact to: /home/runner/work/graphite/graphite/release-assets
2026-10-08T15:25:06.4942409Z Redirecting to blob download url: https://productionresultssa13.blob.core.windows.net/actions-results/d97cd4f8-f4a6-4c9a-b2b9-fe1ec5b7999f/workflow-job-run-7ea933cf-454b-5ff3-84e1-ac4d4d565415/artifacts/439911566e422640f6473905e0445133f987daa23d53b0db5464eb54ae7a2c1e.zip
2026-10-08T15:25:06.4943121Z Starting download of artifact to: /home/runner/work/graphite/graphite/release-assets
2026-10-08T15:25:06.4963804Z Redirecting to blob download url: https://productionresultssa13.blob.core.windows.net/actions-results/d97cd4f8-f4a6-4c9a-b2b9-fe1ec5b7999f/workflow-job-run-e0af20db-73ce-5474-91b2-0df14834973f/artifacts/6a91db31fd7133ab04e764048a4452278ccf8cbe1a651510c5b35ee6b19745f0.zip
2026-10-08T15:25:06.4964830Z Starting download of artifact to: /home/runner/work/graphite/graphite/release-assets
2026-10-08T15:25:06.4994690Z Redirecting to blob download url: https://productionresultssa13.blob.core.windows.net/actions-results/d97cd4f8-f4a6-4c9a-b2b9-fe1ec5b7999f/workflow-job-run-7d9fd67a-aa87-50d6-9e3a-2f626b8c0699/artifacts/35a1104dd4b08af6d0e8860f362cd2b8785b6619939d057f52e89c9aa2a75770.zip
2026-10-08T15:25:06.4995548Z Starting download of artifact to: /home/runner/work/graphite/graphite/release-assets
2026-10-08T15:25:06.5046512Z Redirecting to blob download url: https://productionresultssa13.blob.core.windows.net/actions-results/d97cd4f8-f4a6-4c9a-b2b9-fe1ec5b7999f/workflow-job-run-39d64521-e151-544d-999e-f3510e4c570c/artifacts/f6e3565b2a9b63457127301b2c6237c1648704117a66b252dbc3688b71d69a7c.zip
2026-10-08T15:25:06.5047255Z Starting download of artifact to: /home/runner/work/graphite/graphite/release-assets
2026-10-08T15:25:06.5166610Z Redirecting to blob download url: https://productionresultssa13.blob.core.windows.net/actions-results/d97cd4f8-f4a6-4c9a-b2b9-fe1ec5b7999f/workflow-job-run-a4d139b8-19e0-54a1-bed0-4e7b7c9ba961/artifacts/cc63c524445030b191bcb8111db0ec53e99fdaa320abd2bd1395c97b76d59b76.zip
2026-10-08T15:25:06.5168043Z Starting download of artifact to: /home/runner/work/graphite/graphite/release-assets
2026-10-08T15:25:06.5257438Z Redirecting to blob download url: https://productionresultssa13.blob.core.windows.net/actions-results/d97cd4f8-f4a6-4c9a-b2b9-fe1ec5b7999f/workflow-job-run-a2b57e92-36e4-5cc3-a7f2-a06451267a77/artifacts/fe8a6f02d3eb6b5a304c98868edee50cad657b96e73b36a28e2ed47490537408.zip
2026-10-08T15:25:06.5258682Z Starting download of artifact to: /home/runner/work/graphite/graphite/release-assets
2026-10-08T15:25:06.6562506Z (node:2474) [DEP0005] DeprecationWarning: Buffer() is deprecated due to security and usability issues. Please use the Buffer.alloc(), Buffer.allocUnsafe(), or Buffer.from() methods instead.
2026-10-08T15:25:06.6563406Z (Use `node --trace-deprecation ...` to show where the warning was created)
2026-10-08T15:25:06.9740620Z SHA256 digest of downloaded artifact is a2e8d44259b2317978ac9f2cea6553c70fe73c7ce01d78de61c0f3b9f5ac98ec
2026-10-08T15:25:06.9741040Z Artifact download completed successfully.
2026-10-08T15:25:06.9940767Z SHA256 digest of downloaded artifact is bfccd29c9df0644b92d0c89d6efba755814372685d0937589594ed72f22c78bd
2026-10-08T15:25:06.9941138Z Artifact download completed successfully.
2026-10-08T15:25:07.0024995Z SHA256 digest of downloaded artifact is f15920e644fe6f42c0b2d230842b0bfab5b8a45352188b07321ffe214672ee83
2026-10-08T15:25:07.0025537Z Artifact download completed successfully.
2026-10-08T15:25:07.0057778Z SHA256 digest of downloaded artifact is 561ce6e63d0f2b26b849b324fd47e94fda1b3b09a7518fc931ccd588d6428bc4
2026-10-08T15:25:07.0058117Z Artifact download completed successfully.
2026-10-08T15:25:07.1628978Z SHA256 digest of downloaded artifact is 04c22e05f82c5aa34ebd6a534a74c2e6870d7e73ae58091c71b26ad30851a2d8
2026-10-08T15:25:07.1629360Z Artifact download completed successfully.
2026-10-08T15:25:07.1792269Z SHA256 digest of downloaded artifact is 0f87cb107f340c06f0b9bb95f44056b781999be9db3808aae190e194a82b0978
2026-10-08T15:25:07.1792694Z Artifact download completed successfully.
2026-10-08T15:25:09.6985319Z SHA256 digest of downloaded artifact is be7c1520ef22bc1ab1ee6458b12ca19dd551b98cb4f2159c54f398b9bf681be0
2026-10-08T15:25:09.6985904Z Artifact download completed successfully.
2026-10-08T15:25:09.6986232Z Total of 7 artifact(s) downloaded
2026-10-08T15:25:09.6988397Z Download artifact has finished successfully
2026-10-08T15:25:09.7079047Z ##[group]Run cd release-assets
2026-10-08T15:25:09.7079275Z [36;1mcd release-assets[0m
2026-10-08T15:25:09.7079436Z [36;1mls -la[0m
2026-10-08T15:25:09.7079744Z [36;1mfor TARGET in x86_64-unknown-linux-musl aarch64-unknown-linux-musl x86_64-apple-darwin aarch64-apple-darwin; do[0m
2026-10-08T15:25:09.7080121Z [36;1m  test -f "graphite-${RELEASE_VERSION}-${TARGET}.tar.gz"[0m
2026-10-08T15:25:09.7080401Z [36;1m  sha256sum -c "graphite-${RELEASE_VERSION}-${TARGET}.tar.gz.sha256"[0m
2026-10-08T15:25:09.7080635Z [36;1mdone[0m
2026-10-08T15:25:09.7080871Z [36;1mfor TARGET in aarch64-apple-darwin x86_64-apple-darwin x86_64-unknown-linux-gnu; do[0m
2026-10-08T15:25:09.7081223Z [36;1m  test -f "graphite-frontend-apple-${RELEASE_VERSION}-${TARGET}.tar.gz"[0m
2026-10-08T15:25:09.7081551Z [36;1m  sha256sum -c "graphite-frontend-apple-${RELEASE_VERSION}-${TARGET}.tar.gz.sha256"[0m
2026-10-08T15:25:09.7081805Z [36;1mdone[0m
2026-10-08T15:25:09.7081971Z [36;1msha256sum -c graphite.jar.sha256[0m
2026-10-08T15:25:09.7134770Z shell: /usr/bin/bash -e {0}
2026-10-08T15:25:09.7134936Z env:
2026-10-08T15:25:09.7135082Z   RELEASE_TAG: v2.11.3-apple-validation.4
2026-10-08T15:25:09.7135263Z   DRY_RUN: true
2026-10-08T15:25:09.7135417Z   RELEASE_VERSION: 2.11.3-apple-validation.4
2026-10-08T15:25:09.7135599Z   PRERELEASE: true
2026-10-08T15:25:09.7135807Z   JAVA_HOME: /opt/hostedtoolcache/Java_Temurin-Hotspot_jdk/17.0.20-1/x64
2026-10-08T15:25:09.7136101Z   JAVA_HOME_17_X64: /opt/hostedtoolcache/Java_Temurin-Hotspot_jdk/17.0.20-1/x64
2026-10-08T15:25:09.7136332Z   MAVEN_ARGS: -ntp
2026-10-08T15:25:09.7136601Z ##[endgroup]
2026-10-08T15:25:09.7211798Z total 105588
2026-10-08T15:25:09.7212236Z drwxr-xr-x  2 runner runner     4096 Oct  8 15:25 .
2026-10-08T15:25:09.7212592Z drwxr-xr-x 17 runner runner     4096 Oct  8 15:25 ..
2026-10-08T15:25:09.7213116Z -rw-r--r--  1 runner runner  3408538 Oct  8 15:25 graphite-2.11.3-apple-validation.4-aarch64-apple-darwin.tar.gz
2026-10-08T15:25:09.7213820Z -rw-r--r--  1 runner runner      129 Oct  8 15:25 graphite-2.11.3-apple-validation.4-aarch64-apple-darwin.tar.gz.sha256
2026-10-08T15:25:09.7214503Z -rw-r--r--  1 runner runner  3868457 Oct  8 15:25 graphite-2.11.3-apple-validation.4-aarch64-unknown-linux-musl.tar.gz
2026-10-08T15:25:09.7214975Z -rw-r--r--  1 runner runner      135 Oct  8 15:25 graphite-2.11.3-apple-validation.4-aarch64-unknown-linux-musl.tar.gz.sha256
2026-10-08T15:25:09.7215424Z -rw-r--r--  1 runner runner  3598838 Oct  8 15:25 graphite-2.11.3-apple-validation.4-x86_64-apple-darwin.tar.gz
2026-10-08T15:25:09.7215841Z -rw-r--r--  1 runner runner      128 Oct  8 15:25 graphite-2.11.3-apple-validation.4-x86_64-apple-darwin.tar.gz.sha256
2026-10-08T15:25:09.7216269Z -rw-r--r--  1 runner runner  4080785 Oct  8 15:25 graphite-2.11.3-apple-validation.4-x86_64-unknown-linux-musl.tar.gz
2026-10-08T15:25:09.7216704Z -rw-r--r--  1 runner runner      134 Oct  8 15:25 graphite-2.11.3-apple-validation.4-x86_64-unknown-linux-musl.tar.gz.sha256
2026-10-08T15:25:09.7217190Z -rw-r--r--  1 runner runner  5781496 Oct  8 15:25 graphite-frontend-apple-2.11.3-apple-validation.4-aarch64-apple-darwin.tar.gz
2026-10-08T15:25:09.7217721Z -rw-r--r--  1 runner runner      144 Oct  8 15:25 graphite-frontend-apple-2.11.3-apple-validation.4-aarch64-apple-darwin.tar.gz.sha256
2026-10-08T15:25:09.7218228Z -rw-r--r--  1 runner runner  5749524 Oct  8 15:25 graphite-frontend-apple-2.11.3-apple-validation.4-x86_64-apple-darwin.tar.gz
2026-10-08T15:25:09.7218714Z -rw-r--r--  1 runner runner      143 Oct  8 15:25 graphite-frontend-apple-2.11.3-apple-validation.4-x86_64-apple-darwin.tar.gz.sha256
2026-10-08T15:25:09.7219213Z -rw-r--r--  1 runner runner 41870184 Oct  8 15:25 graphite-frontend-apple-2.11.3-apple-validation.4-x86_64-unknown-linux-gnu.tar.gz
2026-10-08T15:25:09.7219716Z -rw-r--r--  1 runner runner      148 Oct  8 15:25 graphite-frontend-apple-2.11.3-apple-validation.4-x86_64-unknown-linux-gnu.tar.gz.sha256
2026-10-08T15:25:09.7220286Z -rw-r--r--  1 runner runner 39706470 Oct  8 15:25 graphite.jar
2026-10-08T15:25:09.7220551Z -rw-r--r--  1 runner runner       79 Oct  8 15:25 graphite.jar.sha256
2026-10-08T15:25:09.7248513Z graphite-2.11.3-apple-validation.4-x86_64-unknown-linux-musl.tar.gz: OK
2026-10-08T15:25:09.7283099Z graphite-2.11.3-apple-validation.4-aarch64-unknown-linux-musl.tar.gz: OK
2026-10-08T15:25:09.7315176Z graphite-2.11.3-apple-validation.4-x86_64-apple-darwin.tar.gz: OK
2026-10-08T15:25:09.7346018Z graphite-2.11.3-apple-validation.4-aarch64-apple-darwin.tar.gz: OK
2026-10-08T15:25:09.7390815Z graphite-frontend-apple-2.11.3-apple-validation.4-aarch64-apple-darwin.tar.gz: OK
2026-10-08T15:25:09.7436148Z graphite-frontend-apple-2.11.3-apple-validation.4-x86_64-apple-darwin.tar.gz: OK
2026-10-08T15:25:09.7692192Z graphite-frontend-apple-2.11.3-apple-validation.4-x86_64-unknown-linux-gnu.tar.gz: OK
2026-10-08T15:25:09.7916155Z graphite.jar: OK
2026-10-08T15:25:09.7943002Z ##[group]Run QUERY_SHA=$(sha256sum release-assets/graphite.jar | awk '{print $1}')
2026-10-08T15:25:09.7943410Z [36;1mQUERY_SHA=$(sha256sum release-assets/graphite.jar | awk '{print $1}')[0m
2026-10-08T15:25:09.7943760Z [36;1masset_sha() { awk '{print $1}' "release-assets/graphite-${RELEASE_VERSION}-$1.tar.gz.sha256"; }[0m
2026-10-08T15:25:09.7944062Z [36;1mSHA_MAC_ARM=$(asset_sha aarch64-apple-darwin)[0m
2026-10-08T15:25:09.7944486Z [36;1mSHA_MAC_X86=$(asset_sha x86_64-apple-darwin)[0m
2026-10-08T15:25:09.7944728Z [36;1mSHA_LINUX_ARM=$(asset_sha aarch64-unknown-linux-musl)[0m
2026-10-08T15:25:09.7944978Z [36;1mSHA_LINUX_X86=$(asset_sha x86_64-unknown-linux-musl)[0m
2026-10-08T15:25:09.7945461Z [36;1mapple_sha() { awk '{print $1}' "release-assets/graphite-frontend-apple-${RELEASE_VERSION}-$1.tar.gz.sha256"; }[0m
2026-10-08T15:25:09.7945814Z [36;1mSHA_APPLE_MAC_ARM=$(apple_sha aarch64-apple-darwin)[0m
2026-10-08T15:25:09.7946085Z [36;1mSHA_APPLE_MAC_X86=$(apple_sha x86_64-apple-darwin)[0m
2026-10-08T15:25:09.7946343Z [36;1mSHA_APPLE_LINUX_X86=$(apple_sha x86_64-unknown-linux-gnu)[0m
2026-10-08T15:25:09.7946666Z [36;1mBASE="https://github.com/johnsonlee/graphite/releases/download/v${RELEASE_VERSION}"[0m
2026-10-08T15:25:09.7947048Z [36;1m[0m
2026-10-08T15:25:09.7947211Z [36;1mmkdir -p formula/Formula[0m
2026-10-08T15:25:09.7947382Z [36;1mcd formula[0m
2026-10-08T15:25:09.7947523Z [36;1m[0m
2026-10-08T15:25:09.7947726Z [36;1m# The formula installs the Rust binary and the JVM frontend jar next to it.[0m
2026-10-08T15:25:09.7948049Z [36;1m# `graphite build` finds the jar and openjdk@17 through the two variables the[0m
2026-10-08T15:25:09.7948380Z [36;1m# wrapper sets; every command line written for the jar-based formula still works.[0m
2026-10-08T15:25:09.7948649Z [36;1mcat > Formula/graphite.rb <<RUBY[0m
2026-10-08T15:25:09.7948833Z [36;1mclass Graphite < Formula[0m
2026-10-08T15:25:09.7949061Z [36;1m  desc "Build, query, and serve Graphite static analysis graphs"[0m
2026-10-08T15:25:09.7949332Z [36;1m  homepage "https://github.com/johnsonlee/graphite"[0m
2026-10-08T15:25:09.7949546Z [36;1m  version "${RELEASE_VERSION}"[0m
2026-10-08T15:25:09.7949726Z [36;1m  license "Apache-2.0"[0m
2026-10-08T15:25:09.7949889Z [36;1m[0m
2026-10-08T15:25:09.7950015Z [36;1m  on_macos do[0m
2026-10-08T15:25:09.7950172Z [36;1m    on_arm do[0m
2026-10-08T15:25:09.7950395Z [36;1m      url "${BASE}/graphite-${RELEASE_VERSION}-aarch64-apple-darwin.tar.gz"[0m
2026-10-08T15:25:09.7950639Z [36;1m      sha256 "${SHA_MAC_ARM}"[0m
2026-10-08T15:25:09.7950806Z [36;1m    end[0m
2026-10-08T15:25:09.7950947Z [36;1m    on_intel do[0m
2026-10-08T15:25:09.7951165Z [36;1m      url "${BASE}/graphite-${RELEASE_VERSION}-x86_64-apple-darwin.tar.gz"[0m
2026-10-08T15:25:09.7951406Z [36;1m      sha256 "${SHA_MAC_X86}"[0m
2026-10-08T15:25:09.7951568Z [36;1m    end[0m
2026-10-08T15:25:09.7951700Z [36;1m  end[0m
2026-10-08T15:25:09.7951829Z [36;1m[0m
2026-10-08T15:25:09.7951955Z [36;1m  on_linux do[0m
2026-10-08T15:25:09.7952101Z [36;1m    on_arm do[0m
2026-10-08T15:25:09.7952330Z [36;1m      url "${BASE}/graphite-${RELEASE_VERSION}-aarch64-unknown-linux-musl.tar.gz"[0m
2026-10-08T15:25:09.7952586Z [36;1m      sha256 "${SHA_LINUX_ARM}"[0m
2026-10-08T15:25:09.7952753Z [36;1m    end[0m
2026-10-08T15:25:09.7952891Z [36;1m    on_intel do[0m
2026-10-08T15:25:09.7953119Z [36;1m      url "${BASE}/graphite-${RELEASE_VERSION}-x86_64-unknown-linux-musl.tar.gz"[0m
2026-10-08T15:25:09.7953372Z [36;1m      sha256 "${SHA_LINUX_X86}"[0m
2026-10-08T15:25:09.7953537Z [36;1m    end[0m
2026-10-08T15:25:09.7953669Z [36;1m  end[0m
2026-10-08T15:25:09.7953797Z [36;1m[0m
2026-10-08T15:25:09.7954006Z [36;1m  # The JVM frontend: \`graphite build\` runs it to analyse JAR/WAR/APK inputs.[0m
2026-10-08T15:25:09.7954450Z [36;1m  resource "frontend-jvm" do[0m
2026-10-08T15:25:09.7954631Z [36;1m    url "${BASE}/graphite.jar"[0m
2026-10-08T15:25:09.7954936Z [36;1m    sha256 "${QUERY_SHA}"[0m
2026-10-08T15:25:09.7955099Z [36;1m  end[0m
2026-10-08T15:25:09.7955229Z [36;1m[0m
2026-10-08T15:25:09.7955439Z [36;1m  # The Apple frontend: \`graphite build\` runs it on a Swift package. It drives[0m
2026-10-08T15:25:09.7955760Z [36;1m  # the Swift toolchain on the machine (Xcode, or swift.org's on Linux); the[0m
2026-10-08T15:25:09.7956016Z [36;1m  # formula does not depend on one.[0m
2026-10-08T15:25:09.7956206Z [36;1m  resource "frontend-apple" do[0m
2026-10-08T15:25:09.7956381Z [36;1m    on_macos do[0m
2026-10-08T15:25:09.7956533Z [36;1m      on_arm do[0m
2026-10-08T15:25:09.7956792Z [36;1m        url "${BASE}/graphite-frontend-apple-${RELEASE_VERSION}-aarch64-apple-darwin.tar.gz"[0m
2026-10-08T15:25:09.7957166Z [36;1m        sha256 "${SHA_APPLE_MAC_ARM}"[0m
2026-10-08T15:25:09.7957343Z [36;1m      end[0m
2026-10-08T15:25:09.7957485Z [36;1m      on_intel do[0m
2026-10-08T15:25:09.7957744Z [36;1m        url "${BASE}/graphite-frontend-apple-${RELEASE_VERSION}-x86_64-apple-darwin.tar.gz"[0m
2026-10-08T15:25:09.7958025Z [36;1m        sha256 "${SHA_APPLE_MAC_X86}"[0m
2026-10-08T15:25:09.7958200Z [36;1m      end[0m
2026-10-08T15:25:09.7958334Z [36;1m    end[0m
2026-10-08T15:25:09.7958472Z [36;1m    on_linux do[0m
2026-10-08T15:25:09.7958734Z [36;1m      url "${BASE}/graphite-frontend-apple-${RELEASE_VERSION}-x86_64-unknown-linux-gnu.tar.gz"[0m
2026-10-08T15:25:09.7959020Z [36;1m      sha256 "${SHA_APPLE_LINUX_X86}"[0m
2026-10-08T15:25:09.7959193Z [36;1m    end[0m
2026-10-08T15:25:09.7959323Z [36;1m  end[0m
2026-10-08T15:25:09.7959451Z [36;1m[0m
2026-10-08T15:25:09.7959585Z [36;1m  depends_on "openjdk@17"[0m
2026-10-08T15:25:09.7959750Z [36;1m[0m
2026-10-08T15:25:09.7959879Z [36;1m  def install[0m
2026-10-08T15:25:09.7960039Z [36;1m    libexec.install "graphite"[0m
2026-10-08T15:25:09.7960281Z [36;1m    resource("frontend-jvm").stage { libexec.install "graphite.jar" }[0m
2026-10-08T15:25:09.7960538Z [36;1m    if OS.mac? || Hardware::CPU.intel?[0m
2026-10-08T15:25:09.7960819Z [36;1m      resource("frontend-apple").stage { libexec.install "graphite-frontend-apple" }[0m
2026-10-08T15:25:09.7961077Z [36;1m    end[0m
2026-10-08T15:25:09.7961260Z [36;1m    (bin/"graphite").write_env_script libexec/"graphite",[0m
2026-10-08T15:25:09.7961521Z [36;1m      GRAPHITE_JAVA:         "#{Formula["openjdk@17"].opt_bin}/java",[0m
2026-10-08T15:25:09.7961787Z [36;1m      GRAPHITE_FRONTEND_JVM: "#{libexec}/graphite.jar"[0m
2026-10-08T15:25:09.7961986Z [36;1m  end[0m
2026-10-08T15:25:09.7962117Z [36;1m[0m
2026-10-08T15:25:09.7962241Z [36;1m  test do[0m
2026-10-08T15:25:09.7962444Z [36;1m    assert_match "Usage", shell_output("#{bin}/graphite --help")[0m
2026-10-08T15:25:09.7962730Z [36;1m    assert_match "jvm", shell_output("#{bin}/graphite frontend list")[0m
2026-10-08T15:25:09.7963026Z [36;1m    assert_match "apple", shell_output("#{bin}/graphite frontend list")[0m
2026-10-08T15:25:09.7963253Z [36;1m  end[0m
2026-10-08T15:25:09.7963385Z [36;1mend[0m
2026-10-08T15:25:09.7963513Z [36;1mRUBY[0m
2026-10-08T15:25:09.7963657Z [36;1mruby -c Formula/graphite.rb[0m
2026-10-08T15:25:09.7963841Z [36;1mcat Formula/graphite.rb[0m
2026-10-08T15:25:09.8018549Z shell: /usr/bin/bash -e {0}
2026-10-08T15:25:09.8018717Z env:
2026-10-08T15:25:09.8018864Z   RELEASE_TAG: v2.11.3-apple-validation.4
2026-10-08T15:25:09.8019047Z   DRY_RUN: true
2026-10-08T15:25:09.8019206Z   RELEASE_VERSION: 2.11.3-apple-validation.4
2026-10-08T15:25:09.8019388Z   PRERELEASE: true
2026-10-08T15:25:09.8019600Z   JAVA_HOME: /opt/hostedtoolcache/Java_Temurin-Hotspot_jdk/17.0.20-1/x64
2026-10-08T15:25:09.8019898Z   JAVA_HOME_17_X64: /opt/hostedtoolcache/Java_Temurin-Hotspot_jdk/17.0.20-1/x64
2026-10-08T15:25:09.8020139Z   MAVEN_ARGS: -ntp
2026-10-08T15:25:09.8020283Z ##[endgroup]
2026-10-08T15:25:10.2327701Z Syntax OK
2026-10-08T15:25:10.2354335Z class Graphite < Formula
2026-10-08T15:25:10.2354738Z   desc "Build, query, and serve Graphite static analysis graphs"
2026-10-08T15:25:10.2355447Z   homepage "https://github.com/johnsonlee/graphite"
2026-10-08T15:25:10.2355791Z   version "2.11.3-apple-validation.4"
2026-10-08T15:25:10.2356071Z   license "Apache-2.0"
2026-10-08T15:25:10.2356215Z 
2026-10-08T15:25:10.2356307Z   on_macos do
2026-10-08T15:25:10.2356505Z     on_arm do
2026-10-08T15:25:10.2357096Z       url "https://github.com/johnsonlee/graphite/releases/download/v2.11.3-apple-validation.4/graphite-2.11.3-apple-validation.4-aarch64-apple-darwin.tar.gz"
2026-10-08T15:25:10.2357859Z       sha256 "033d8f4f2fd063e4728ed6538e040424a0edfa83b8107dd13a1115ab5a358f90"
2026-10-08T15:25:10.2358215Z     end
2026-10-08T15:25:10.2358398Z     on_intel do
2026-10-08T15:25:10.2358952Z       url "https://github.com/johnsonlee/graphite/releases/download/v2.11.3-apple-validation.4/graphite-2.11.3-apple-validation.4-x86_64-apple-darwin.tar.gz"
2026-10-08T15:25:10.2359781Z       sha256 "e36c67d36d51497f4ab14c94ff7ada97fb0f5bf4b38d6db1d646367292e43020"
2026-10-08T15:25:10.2360017Z     end
2026-10-08T15:25:10.2360143Z   end
2026-10-08T15:25:10.2360215Z 
2026-10-08T15:25:10.2360271Z   on_linux do
2026-10-08T15:25:10.2360401Z     on_arm do
2026-10-08T15:25:10.2360772Z       url "https://github.com/johnsonlee/graphite/releases/download/v2.11.3-apple-validation.4/graphite-2.11.3-apple-validation.4-aarch64-unknown-linux-musl.tar.gz"
2026-10-08T15:25:10.2361250Z       sha256 "28dec8617b1d7977f33aee91adc37366d788ec8c8ec7fc4e5c4c4a3c2924bae0"
2026-10-08T15:25:10.2361486Z     end
2026-10-08T15:25:10.2361607Z     on_intel do
2026-10-08T15:25:10.2361969Z       url "https://github.com/johnsonlee/graphite/releases/download/v2.11.3-apple-validation.4/graphite-2.11.3-apple-validation.4-x86_64-unknown-linux-musl.tar.gz"
2026-10-08T15:25:10.2362430Z       sha256 "c5ab6d73056281822d998644b2eb1dc03146730863bbcc076f442ae0be82e2a6"
2026-10-08T15:25:10.2362655Z     end
2026-10-08T15:25:10.2362772Z   end
2026-10-08T15:25:10.2362840Z 
2026-10-08T15:25:10.2362977Z   # The JVM frontend: `graphite build` runs it to analyse JAR/WAR/APK inputs.
2026-10-08T15:25:10.2363219Z   resource "frontend-jvm" do
2026-10-08T15:25:10.2363512Z     url "https://github.com/johnsonlee/graphite/releases/download/v2.11.3-apple-validation.4/graphite.jar"
2026-10-08T15:25:10.2363874Z     sha256 "6d4d3446e7bf6595f80db7af5965de860f31328f72eb50cd9f95ac3750c42b45"
2026-10-08T15:25:10.2364263Z   end
2026-10-08T15:25:10.2364331Z 
2026-10-08T15:25:10.2364463Z   # The Apple frontend: `graphite build` runs it on a Swift package. It drives
2026-10-08T15:25:10.2364756Z   # the Swift toolchain on the machine (Xcode, or swift.org's on Linux); the
2026-10-08T15:25:10.2364991Z   # formula does not depend on one.
2026-10-08T15:25:10.2365175Z   resource "frontend-apple" do
2026-10-08T15:25:10.2365342Z     on_macos do
2026-10-08T15:25:10.2365476Z       on_arm do
2026-10-08T15:25:10.2365884Z         url "https://github.com/johnsonlee/graphite/releases/download/v2.11.3-apple-validation.4/graphite-frontend-apple-2.11.3-apple-validation.4-aarch64-apple-darwin.tar.gz"
2026-10-08T15:25:10.2366399Z         sha256 "f94ebebbb617f321a2e86a88e17c3f966af36167d993f15304c369dc6989ea61"
2026-10-08T15:25:10.2366635Z       end
2026-10-08T15:25:10.2366760Z       on_intel do
2026-10-08T15:25:10.2367150Z         url "https://github.com/johnsonlee/graphite/releases/download/v2.11.3-apple-validation.4/graphite-frontend-apple-2.11.3-apple-validation.4-x86_64-apple-darwin.tar.gz"
2026-10-08T15:25:10.2367632Z         sha256 "874128ba564f6a9a60c2e7500376685db95e7049ba739e10b0dd203f7c73e5b2"
2026-10-08T15:25:10.2367860Z       end
2026-10-08T15:25:10.2367979Z     end
2026-10-08T15:25:10.2368099Z     on_linux do
2026-10-08T15:25:10.2368490Z       url "https://github.com/johnsonlee/graphite/releases/download/v2.11.3-apple-validation.4/graphite-frontend-apple-2.11.3-apple-validation.4-x86_64-unknown-linux-gnu.tar.gz"
2026-10-08T15:25:10.2368993Z       sha256 "5bbef01799115ac66f67b86e5ba7ca5cdf1521a86ef2b7405fc7f07a026d8a7d"
2026-10-08T15:25:10.2369225Z     end
2026-10-08T15:25:10.2369342Z   end
2026-10-08T15:25:10.2369516Z 
2026-10-08T15:25:10.2369587Z   depends_on "openjdk@17"
2026-10-08T15:25:10.2369687Z 
2026-10-08T15:25:10.2369743Z   def install
2026-10-08T15:25:10.2369885Z     libexec.install "graphite"
2026-10-08T15:25:10.2370112Z     resource("frontend-jvm").stage { libexec.install "graphite.jar" }
2026-10-08T15:25:10.2370374Z     if OS.mac? || Hardware::CPU.intel?
2026-10-08T15:25:10.2370633Z       resource("frontend-apple").stage { libexec.install "graphite-frontend-apple" }
2026-10-08T15:25:10.2370877Z     end
2026-10-08T15:25:10.2371039Z     (bin/"graphite").write_env_script libexec/"graphite",
2026-10-08T15:25:10.2371286Z       GRAPHITE_JAVA:         "#{Formula["openjdk@17"].opt_bin}/java",
2026-10-08T15:25:10.2371524Z       GRAPHITE_FRONTEND_JVM: "#{libexec}/graphite.jar"
2026-10-08T15:25:10.2371796Z   end
2026-10-08T15:25:10.2371864Z 
2026-10-08T15:25:10.2371918Z   test do
2026-10-08T15:25:10.2372104Z     assert_match "Usage", shell_output("#{bin}/graphite --help")
2026-10-08T15:25:10.2372374Z     assert_match "jvm", shell_output("#{bin}/graphite frontend list")
2026-10-08T15:25:10.2372645Z     assert_match "apple", shell_output("#{bin}/graphite frontend list")
2026-10-08T15:25:10.2372858Z   end
2026-10-08T15:25:10.2372976Z end
2026-10-08T15:25:10.2431327Z ##[group]Run actions/upload-artifact@v7
2026-10-08T15:25:10.2431515Z with:
2026-10-08T15:25:10.2431661Z   name: release-v2.11.3-apple-validation.4
2026-10-08T15:25:10.2431876Z   path: release-assets/*
formula/Formula/graphite.rb

2026-10-08T15:25:10.2432077Z   if-no-files-found: error
2026-10-08T15:25:10.2432235Z   compression-level: 6
2026-10-08T15:25:10.2432379Z   overwrite: false
2026-10-08T15:25:10.2432524Z   include-hidden-files: false
2026-10-08T15:25:10.2432683Z   archive: true
2026-10-08T15:25:10.2432822Z env:
2026-10-08T15:25:10.2432961Z   RELEASE_TAG: v2.11.3-apple-validation.4
2026-10-08T15:25:10.2433130Z   DRY_RUN: true
2026-10-08T15:25:10.2433277Z   RELEASE_VERSION: 2.11.3-apple-validation.4
2026-10-08T15:25:10.2433451Z   PRERELEASE: true
2026-10-08T15:25:10.2433649Z   JAVA_HOME: /opt/hostedtoolcache/Java_Temurin-Hotspot_jdk/17.0.20-1/x64
2026-10-08T15:25:10.2433939Z   JAVA_HOME_17_X64: /opt/hostedtoolcache/Java_Temurin-Hotspot_jdk/17.0.20-1/x64
2026-10-08T15:25:10.2434410Z   MAVEN_ARGS: -ntp
2026-10-08T15:25:10.2434551Z ##[endgroup]
2026-10-08T15:25:10.3387845Z Multiple search paths detected. Calculating the least common ancestor of all paths
2026-10-08T15:25:10.3388847Z The least common ancestor is /home/runner/work/graphite/graphite. This will be the root directory of the artifact
2026-10-08T15:25:10.3389440Z With the provided path, there will be 17 files uploaded
2026-10-08T15:25:10.3390985Z Artifact name is valid!
2026-10-08T15:25:10.3391418Z Root directory input is valid!
2026-10-08T15:25:10.5978444Z Uploading artifact: release-v2.11.3-apple-validation.4.zip
2026-10-08T15:25:10.6020733Z Beginning upload of artifact content to blob storage
2026-10-08T15:25:11.3942170Z Uploaded bytes 8388608
2026-10-08T15:25:11.4990035Z Uploaded bytes 16777216
2026-10-08T15:25:11.7436995Z Uploaded bytes 25165824
2026-10-08T15:25:11.8030280Z Uploaded bytes 33554432
2026-10-08T15:25:11.8583115Z Uploaded bytes 41943040
2026-10-08T15:25:11.9343621Z Uploaded bytes 50331648
2026-10-08T15:25:12.0695145Z Uploaded bytes 58720256
2026-10-08T15:25:12.2905006Z Uploaded bytes 67108864
2026-10-08T15:25:12.4645356Z Uploaded bytes 75497472
2026-10-08T15:25:12.7205802Z Uploaded bytes 83886080
2026-10-08T15:25:12.8716653Z Uploaded bytes 92274688
2026-10-08T15:25:12.9952334Z Uploaded bytes 100663296
2026-10-08T15:25:13.1017962Z Uploaded bytes 104057988
2026-10-08T15:25:13.1395542Z Finished uploading artifact content to blob storage!
2026-10-08T15:25:13.1398046Z SHA256 digest of uploaded artifact is eedbe9a9e5d3e802da24aa02e8451acec07c9291987d3131903d60c09e938696
2026-10-08T15:25:13.1399078Z Finalizing artifact upload
2026-10-08T15:25:13.4778597Z Artifact release-v2.11.3-apple-validation.4 successfully finalized. Artifact ID 11561030466
2026-10-08T15:25:13.4779236Z Artifact release-v2.11.3-apple-validation.4 has been successfully uploaded! Final size is 104057988 bytes. Artifact ID is 11561030466
2026-10-08T15:25:13.4781757Z Artifact download URL: https://github.com/johnsonlee/graphite/actions/runs/37798249852/artifacts/11561030466
2026-10-08T15:25:13.4909902Z ##[group]Run bash .github/scripts/publish-release.sh --self-test
2026-10-08T15:25:13.4910211Z [36;1mbash .github/scripts/publish-release.sh --self-test[0m
2026-10-08T15:25:13.4964561Z shell: /usr/bin/bash -e {0}
2026-10-08T15:25:13.4964732Z env:
2026-10-08T15:25:13.4964882Z   RELEASE_TAG: v2.11.3-apple-validation.4
2026-10-08T15:25:13.4965069Z   DRY_RUN: true
2026-10-08T15:25:13.4965227Z   RELEASE_VERSION: 2.11.3-apple-validation.4
2026-10-08T15:25:13.4965568Z   PRERELEASE: true
2026-10-08T15:25:13.4965776Z   JAVA_HOME: /opt/hostedtoolcache/Java_Temurin-Hotspot_jdk/17.0.20-1/x64
2026-10-08T15:25:13.4966075Z   JAVA_HOME_17_X64: /opt/hostedtoolcache/Java_Temurin-Hotspot_jdk/17.0.20-1/x64
2026-10-08T15:25:13.4966307Z   MAVEN_ARGS: -ntp
2026-10-08T15:25:13.4966453Z ##[endgroup]
2026-10-08T15:25:13.5090844Z publish-release: self-test 1: fresh tag is created as a draft, then published
2026-10-08T15:25:13.5185533Z publish-release: creating draft release v9.9.9-rc.1 with 2 assets
2026-10-08T15:25:13.5788058Z publish-release: 2 assets verified by name and sha256
2026-10-08T15:25:13.5788629Z publish-release: publishing release v9.9.9-rc.1 (prerelease=true)
2026-10-08T15:25:13.6076894Z publish-release: 2 assets verified by name and sha256
2026-10-08T15:25:13.6100647Z publish-release: self-test 2: re-run on the published release verifies and uploads nothing
2026-10-08T15:25:13.6173887Z publish-release: release v9.9.9-rc.1 is already published; verifying it instead of uploading
2026-10-08T15:25:13.6326430Z publish-release: 2 assets verified by name and sha256
2026-10-08T15:25:13.6341681Z publish-release: self-test 3: a published release with different assets cannot be repaired
2026-10-08T15:25:13.6652567Z publish-release: self-test 4: a draft left by a failed upload is reconciled and published
2026-10-08T15:25:13.7037284Z publish-release: draft release v9.9.9-rc.1 exists; reconciling its assets
2026-10-08T15:25:13.7205487Z publish-release: uploading extra.txt
2026-10-08T15:25:13.7333645Z publish-release: uploading graphite.jar
2026-10-08T15:25:13.7742773Z publish-release: 3 assets verified by name and sha256
2026-10-08T15:25:13.7743266Z publish-release: publishing release v9.9.9-rc.1 (prerelease=true)
2026-10-08T15:25:13.8238910Z publish-release: 3 assets verified by name and sha256
2026-10-08T15:25:13.8677868Z publish-release: draft release v9.9.9-rc.1 exists; reconciling its assets
2026-10-08T15:25:13.8911612Z publish-release: uploading graphite.jar
2026-10-08T15:25:13.9029806Z publish-release: removing extra.txt, which is not a local asset
2026-10-08T15:25:13.9330026Z publish-release: 2 assets verified by name and sha256
2026-10-08T15:25:13.9330335Z publish-release: publishing release v9.9.9-rc.1 (prerelease=true)
2026-10-08T15:25:13.9678743Z publish-release: 2 assets verified by name and sha256
2026-10-08T15:25:13.9723897Z publish-release: self-test 5: an ambiguous publish response is resolved by reading the state back
2026-10-08T15:25:13.9833480Z publish-release: creating draft release v9.9.9-rc.1 with 2 assets
2026-10-08T15:25:14.0536503Z publish-release: 2 assets verified by name and sha256
2026-10-08T15:25:14.0536810Z publish-release: publishing release v9.9.9-rc.1 (prerelease=true)
2026-10-08T15:25:14.0635824Z gateway timeout
2026-10-08T15:25:14.0637891Z publish-release: the publish request did not return success; reading the release state back
2026-10-08T15:25:14.0825295Z publish-release: 2 assets verified by name and sha256
2026-10-08T15:25:14.0848930Z publish-release: self-test: 5 scenarios passed
2026-10-08T15:25:14.0940408Z Post job cleanup.
2026-10-08T15:25:14.1856781Z Post job cleanup.
2026-10-08T15:25:14.2466164Z [command]/usr/bin/git version
2026-10-08T15:25:14.2501778Z git version 2.55.0
2026-10-08T15:25:14.2530827Z Temporarily overriding HOME='/home/runner/work/_temp/c016976b-3719-4400-a2a6-41ee1aa94a38' before making global git config changes
2026-10-08T15:25:14.2531460Z Adding repository directory to the temporary git global config as a safe directory
2026-10-08T15:25:14.2533907Z [command]/usr/bin/git config --global --add safe.directory /home/runner/work/graphite/graphite
2026-10-08T15:25:14.2562952Z Removing SSH command configuration
2026-10-08T15:25:14.2567436Z [command]/usr/bin/git config --local --name-only --get-regexp core\.sshCommand
2026-10-08T15:25:14.2595309Z [command]/usr/bin/git submodule foreach --recursive sh -c "git config --local --name-only --get-regexp 'core\.sshCommand' && git config --local --unset-all 'core.sshCommand' || :"
2026-10-08T15:25:14.2790749Z Removing HTTP extra header
2026-10-08T15:25:14.2795482Z [command]/usr/bin/git config --local --name-only --get-regexp http\.https\:\/\/github\.com\/\.extraheader
2026-10-08T15:25:14.2834890Z [command]/usr/bin/git submodule foreach --recursive sh -c "git config --local --name-only --get-regexp 'http\.https\:\/\/github\.com\/\.extraheader' && git config --local --unset-all 'http.https://github.com/.extraheader' || :"
2026-10-08T15:25:14.3026050Z Removing includeIf entries pointing to credentials config files
2026-10-08T15:25:14.3031750Z [command]/usr/bin/git config --local --name-only --get-regexp ^includeIf\.gitdir:
2026-10-08T15:25:14.3064202Z includeif.gitdir:/home/runner/work/graphite/graphite/.git.path
2026-10-08T15:25:14.3064691Z includeif.gitdir:/home/runner/work/graphite/graphite/.git/worktrees/*.path
2026-10-08T15:25:14.3065137Z includeif.gitdir:/github/workspace/.git.path
2026-10-08T15:25:14.3065498Z includeif.gitdir:/github/workspace/.git/worktrees/*.path
2026-10-08T15:25:14.3071467Z [command]/usr/bin/git config --local --get-all includeif.gitdir:/home/runner/work/graphite/graphite/.git.path
2026-10-08T15:25:14.3094501Z /home/runner/work/_temp/git-credentials-95ace00d-035b-4ba2-b8a0-08ff159e6482.config
2026-10-08T15:25:14.3102067Z [command]/usr/bin/git config --local --unset includeif.gitdir:/home/runner/work/graphite/graphite/.git.path \/home\/runner\/work\/_temp\/git\-credentials\-95ace00d\-035b\-4ba2\-b8a0\-08ff159e6482\.config
2026-10-08T15:25:14.3134362Z [command]/usr/bin/git config --local --get-all includeif.gitdir:/home/runner/work/graphite/graphite/.git/worktrees/*.path
2026-10-08T15:25:14.3156770Z /home/runner/work/_temp/git-credentials-95ace00d-035b-4ba2-b8a0-08ff159e6482.config
2026-10-08T15:25:14.3162628Z [command]/usr/bin/git config --local --unset includeif.gitdir:/home/runner/work/graphite/graphite/.git/worktrees/*.path \/home\/runner\/work\/_temp\/git\-credentials\-95ace00d\-035b\-4ba2\-b8a0\-08ff159e6482\.config
2026-10-08T15:25:14.3197305Z [command]/usr/bin/git config --local --get-all includeif.gitdir:/github/workspace/.git.path
2026-10-08T15:25:14.3219157Z /github/runner_temp/git-credentials-95ace00d-035b-4ba2-b8a0-08ff159e6482.config
2026-10-08T15:25:14.3223649Z [command]/usr/bin/git config --local --unset includeif.gitdir:/github/workspace/.git.path \/github\/runner_temp\/git\-credentials\-95ace00d\-035b\-4ba2\-b8a0\-08ff159e6482\.config
2026-10-08T15:25:14.3252791Z [command]/usr/bin/git config --local --get-all includeif.gitdir:/github/workspace/.git/worktrees/*.path
2026-10-08T15:25:14.3273508Z /github/runner_temp/git-credentials-95ace00d-035b-4ba2-b8a0-08ff159e6482.config
2026-10-08T15:25:14.3279367Z [command]/usr/bin/git config --local --unset includeif.gitdir:/github/workspace/.git/worktrees/*.path \/github\/runner_temp\/git\-credentials\-95ace00d\-035b\-4ba2\-b8a0\-08ff159e6482\.config
2026-10-08T15:25:14.3308868Z [command]/usr/bin/git submodule foreach --recursive git config --local --show-origin --name-only --get-regexp remote.origin.url
2026-10-08T15:25:14.3481993Z Removing credentials config '/home/runner/work/_temp/git-credentials-95ace00d-035b-4ba2-b8a0-08ff159e6482.config'
2026-10-08T15:25:14.3602626Z Cleaning up orphan processes
