2026-10-08T15:35:28.2064160Z Current runner version: '2.337.0'
2026-10-08T15:35:28.2080700Z ##[group]Runner Image Provisioner
2026-10-08T15:35:28.2081260Z Hosted Compute Agent
2026-10-08T15:35:28.2081640Z Version: 20260828.587
2026-10-08T15:35:28.2082050Z Commit: abac92662cab4cc7352de4f9f9d2e2419aad9c29
2026-10-08T15:35:28.2082520Z Build Date: 2026-08-28T16:44:25Z
2026-10-08T15:35:28.2082950Z Worker ID: {ab424025-c1ac-4bda-a56b-601bfd78aebc}
2026-10-08T15:35:28.2083440Z Azure Region: westus
2026-10-08T15:35:28.2083860Z ##[endgroup]
2026-10-08T15:35:28.2085370Z ##[group]Operating System
2026-10-08T15:35:28.2085750Z macOS
2026-10-08T15:35:28.2086070Z 26.6.2
2026-10-08T15:35:28.2086390Z 25G83
2026-10-08T15:35:28.2086720Z ##[endgroup]
2026-10-08T15:35:28.2087080Z ##[group]Runner Image
2026-10-08T15:35:28.2087500Z Image: macos-26-arm64
2026-10-08T15:35:28.2087870Z Version: 20260907.0351.1
2026-10-08T15:35:28.2088700Z Included Software: https://github.com/actions/runner-images/blob/macos-26-arm64/20260907.0351/images/macos/macos-26-arm64-Readme.md
2026-10-08T15:35:28.2089720Z Image Release: https://github.com/actions/runner-images/releases/tag/macos-26-arm64%2F20260907.0351
2026-10-08T15:35:28.2090370Z ##[endgroup]
2026-10-08T15:35:28.2091170Z ##[group]GITHUB_TOKEN Permissions
2026-10-08T15:35:28.2092270Z Contents: read
2026-10-08T15:35:28.2092640Z Metadata: read
2026-10-08T15:35:28.2093000Z Packages: read
2026-10-08T15:35:28.2093360Z ##[endgroup]
2026-10-08T15:35:28.2094780Z Secret source: Actions
2026-10-08T15:35:28.2095360Z Cache mode: write
2026-10-08T15:35:28.2095820Z Prepare workflow directory
2026-10-08T15:35:28.2515630Z Prepare all required actions
2026-10-08T15:35:28.2580240Z Getting action download info
2026-10-08T15:35:28.5755110Z Download action repository 'actions/checkout@v7' (SHA:3d3c42e5aac5ba805825da76410c181273ba90b1)
2026-10-08T15:35:29.1296430Z Download action repository 'actions/setup-java@v5' (SHA:b6effb05e454b25005698d916606bdc6ffcbf961)
2026-10-08T15:35:29.6479020Z Download action repository 'actions/download-artifact@v8' (SHA:9000827ccba6bdab643e8b6fd33ac0654aef8333)
2026-10-08T15:35:30.0749480Z Download action repository 'actions/upload-artifact@v7' (SHA:cf430e030ddbb5b0abf93d22962f4752f3646cd9)
2026-10-08T15:35:30.5638390Z Complete job name: apple-release-smoke (aarch64-apple-darwin)
2026-10-08T15:35:30.6246350Z ##[group]Run actions/checkout@v7
2026-10-08T15:35:30.6247320Z with:
2026-10-08T15:35:30.6247940Z   ref: 1ba3808f79db8190ecd278a3853ab7a27d5abac9
2026-10-08T15:35:30.6248750Z   repository: johnsonlee/graphite
2026-10-08T15:35:30.6255490Z   token: ***
2026-10-08T15:35:30.6256070Z   ssh-strict: true
2026-10-08T15:35:30.6256650Z   ssh-user: git
2026-10-08T15:35:30.6257250Z   persist-credentials: true
2026-10-08T15:35:30.6257900Z   clean: true
2026-10-08T15:35:30.6258510Z   sparse-checkout-cone-mode: true
2026-10-08T15:35:30.6259210Z   fetch-depth: 1
2026-10-08T15:35:30.6259810Z   fetch-tags: false
2026-10-08T15:35:30.6260410Z   show-progress: true
2026-10-08T15:35:30.6261020Z   lfs: false
2026-10-08T15:35:30.6261690Z   submodules: false
2026-10-08T15:35:30.6262430Z   set-safe-directory: true
2026-10-08T15:35:30.6263130Z   allow-unsafe-pr-checkout: false
2026-10-08T15:35:30.6264730Z env:
2026-10-08T15:35:30.6265330Z   RELEASE_TAG: v2.11.3-apple-validation.4
2026-10-08T15:35:30.6266100Z   DRY_RUN: true
2026-10-08T15:35:30.6266710Z   RELEASE_VERSION: 2.11.3-apple-validation.4
2026-10-08T15:35:30.6267470Z ##[endgroup]
2026-10-08T15:35:30.9608430Z Syncing repository: johnsonlee/graphite
2026-10-08T15:35:30.9610570Z ##[group]Getting Git version info
2026-10-08T15:35:30.9611480Z Working directory is '/Users/runner/work/graphite/graphite'
2026-10-08T15:35:30.9613020Z [command]/opt/homebrew/bin/git version
2026-10-08T15:35:31.0124540Z git version 2.55.0
2026-10-08T15:35:31.0140140Z ##[endgroup]
2026-10-08T15:35:31.0150000Z Copying '/Users/runner/.gitconfig' to '/Users/runner/work/_temp/24b1ced2-c88b-4c4a-967f-0d685fa2fb8c/.gitconfig'
2026-10-08T15:35:31.0155670Z Temporarily overriding HOME='/Users/runner/work/_temp/24b1ced2-c88b-4c4a-967f-0d685fa2fb8c' before making global git config changes
2026-10-08T15:35:31.0159380Z Adding repository directory to the temporary git global config as a safe directory
2026-10-08T15:35:31.0161270Z [command]/opt/homebrew/bin/git config --global --add safe.directory /Users/runner/work/graphite/graphite
2026-10-08T15:35:31.0284880Z Deleting the contents of '/Users/runner/work/graphite/graphite'
2026-10-08T15:35:31.0288480Z ##[group]Determining repository object format
2026-10-08T15:35:31.0289840Z ##[endgroup]
2026-10-08T15:35:31.0290980Z ##[group]Initializing the repository
2026-10-08T15:35:31.0292480Z [command]/opt/homebrew/bin/git init /Users/runner/work/graphite/graphite
2026-10-08T15:35:31.0560900Z hint: Using 'master' as the name for the initial branch. This default branch name
2026-10-08T15:35:31.0566100Z hint: will change to "main" in Git 3.0. To configure the initial branch name
2026-10-08T15:35:31.0569860Z hint: to use in all of your new repositories, which will suppress this warning,
2026-10-08T15:35:31.0576250Z hint: call:
2026-10-08T15:35:31.0577700Z hint:
2026-10-08T15:35:31.0581050Z hint: 	git config --global init.defaultBranch <name>
2026-10-08T15:35:31.0582290Z hint:
2026-10-08T15:35:31.0583300Z hint: Names commonly chosen instead of 'master' are 'main', 'trunk' and
2026-10-08T15:35:31.0584630Z hint: 'development'. The just-created branch can be renamed via this command:
2026-10-08T15:35:31.0585720Z hint:
2026-10-08T15:35:31.0586360Z hint: 	git branch -m <name>
2026-10-08T15:35:31.0587070Z hint:
2026-10-08T15:35:31.0587970Z hint: Disable this message with "git config set advice.defaultBranchName false"
2026-10-08T15:35:31.0589920Z Initialized empty Git repository in /Users/runner/work/graphite/graphite/.git/
2026-10-08T15:35:31.0593250Z [command]/opt/homebrew/bin/git remote add origin https://github.com/johnsonlee/graphite
2026-10-08T15:35:31.0674390Z ##[endgroup]
2026-10-08T15:35:31.0675640Z ##[group]Disabling automatic garbage collection
2026-10-08T15:35:31.0676770Z [command]/opt/homebrew/bin/git config --local gc.auto 0
2026-10-08T15:35:31.0746850Z ##[endgroup]
2026-10-08T15:35:31.0748310Z ##[group]Setting up auth
2026-10-08T15:35:31.0749110Z Removing SSH command configuration
2026-10-08T15:35:31.0752960Z [command]/opt/homebrew/bin/git config --local --name-only --get-regexp core\.sshCommand
2026-10-08T15:35:31.0825930Z [command]/opt/homebrew/bin/git submodule foreach --recursive sh -c "git config --local --name-only --get-regexp 'core\.sshCommand' && git config --local --unset-all 'core.sshCommand' || :"
2026-10-08T15:35:31.1889080Z Removing HTTP extra header
2026-10-08T15:35:31.1891160Z [command]/opt/homebrew/bin/git config --local --name-only --get-regexp http\.https\:\/\/github\.com\/\.extraheader
2026-10-08T15:35:31.1967820Z [command]/opt/homebrew/bin/git submodule foreach --recursive sh -c "git config --local --name-only --get-regexp 'http\.https\:\/\/github\.com\/\.extraheader' && git config --local --unset-all 'http.https://github.com/.extraheader' || :"
2026-10-08T15:35:31.3208630Z Removing includeIf entries pointing to credentials config files
2026-10-08T15:35:31.3311520Z [command]/opt/homebrew/bin/git config --local --name-only --get-regexp ^includeIf\.gitdir:
2026-10-08T15:35:31.3534240Z [command]/opt/homebrew/bin/git submodule foreach --recursive git config --local --show-origin --name-only --get-regexp remote.origin.url
2026-10-08T15:35:31.4872380Z [command]/opt/homebrew/bin/git config --file /Users/runner/work/_temp/git-credentials-765c3151-6f2a-407c-9407-99df2c5e100e.config http.https://github.com/.extraheader AUTHORIZATION: basic ***
2026-10-08T15:35:31.4973740Z [command]/opt/homebrew/bin/git config --local includeIf.gitdir:/Users/runner/work/graphite/graphite/.git.path /Users/runner/work/_temp/git-credentials-765c3151-6f2a-407c-9407-99df2c5e100e.config
2026-10-08T15:35:31.5047900Z [command]/opt/homebrew/bin/git config --local includeIf.gitdir:/Users/runner/work/graphite/graphite/.git/worktrees/*.path /Users/runner/work/_temp/git-credentials-765c3151-6f2a-407c-9407-99df2c5e100e.config
2026-10-08T15:35:31.5125010Z [command]/opt/homebrew/bin/git config --local includeIf.gitdir:/github/workspace/.git.path /github/runner_temp/git-credentials-765c3151-6f2a-407c-9407-99df2c5e100e.config
2026-10-08T15:35:31.5222130Z [command]/opt/homebrew/bin/git config --local includeIf.gitdir:/github/workspace/.git/worktrees/*.path /github/runner_temp/git-credentials-765c3151-6f2a-407c-9407-99df2c5e100e.config
2026-10-08T15:35:31.5300140Z ##[endgroup]
2026-10-08T15:35:31.5302410Z ##[group]Fetching the repository
2026-10-08T15:35:31.5304400Z [command]/opt/homebrew/bin/git -c protocol.version=2 fetch --no-tags --prune --no-recurse-submodules --depth=1 origin 1ba3808f79db8190ecd278a3853ab7a27d5abac9
2026-10-08T15:35:32.8799270Z From https://github.com/johnsonlee/graphite
2026-10-08T15:35:32.8800560Z  * branch            1ba3808f79db8190ecd278a3853ab7a27d5abac9 -> FETCH_HEAD
2026-10-08T15:35:32.8811700Z [command]/opt/homebrew/bin/git rev-parse --verify --quiet 1ba3808f79db8190ecd278a3853ab7a27d5abac9^{object}
2026-10-08T15:35:32.8893770Z 1ba3808f79db8190ecd278a3853ab7a27d5abac9
2026-10-08T15:35:32.8899550Z ##[endgroup]
2026-10-08T15:35:32.8900440Z ##[group]Determining the checkout info
2026-10-08T15:35:32.8901370Z ##[endgroup]
2026-10-08T15:35:32.8902040Z [command]/opt/homebrew/bin/git sparse-checkout disable
2026-10-08T15:35:32.9004270Z [command]/opt/homebrew/bin/git config --local --unset-all extensions.worktreeConfig
2026-10-08T15:35:32.9080300Z ##[group]Checking out the ref
2026-10-08T15:35:32.9084330Z [command]/opt/homebrew/bin/git checkout --progress --force 1ba3808f79db8190ecd278a3853ab7a27d5abac9
2026-10-08T15:35:33.0386590Z HEAD is now at 1ba3808 Fix hosted Apple corpus build prerequisites
2026-10-08T15:35:33.0395370Z ##[endgroup]
2026-10-08T15:35:33.0494700Z [command]/opt/homebrew/bin/git log -1 --format=%H
2026-10-08T15:35:33.0575970Z 1ba3808f79db8190ecd278a3853ab7a27d5abac9
2026-10-08T15:35:33.0838850Z ##[group]Run actions/setup-java@v5
2026-10-08T15:35:33.0839080Z with:
2026-10-08T15:35:33.0839230Z   distribution: temurin
2026-10-08T15:35:33.0839410Z   java-version: 17
2026-10-08T15:35:33.0839570Z   java-package: jdk
2026-10-08T15:35:33.0839730Z   check-latest: false
2026-10-08T15:35:33.0840000Z   set-default: true
2026-10-08T15:35:33.0840200Z   verify-signature: false
2026-10-08T15:35:33.0840390Z   server-id: github
2026-10-08T15:35:33.0840550Z   server-username: GITHUB_ACTOR
2026-10-08T15:35:33.0840750Z   server-password: GITHUB_TOKEN
2026-10-08T15:35:33.0840940Z   overwrite-settings: true
2026-10-08T15:35:33.0841120Z   job-status: success
2026-10-08T15:35:33.0843130Z   token: ***
2026-10-08T15:35:33.0843390Z   show-download-progress: false
2026-10-08T15:35:33.0843620Z env:
2026-10-08T15:35:33.0843780Z   RELEASE_TAG: v2.11.3-apple-validation.4
2026-10-08T15:35:33.0843990Z   DRY_RUN: true
2026-10-08T15:35:33.0844150Z   RELEASE_VERSION: 2.11.3-apple-validation.4
2026-10-08T15:35:33.0844400Z ##[endgroup]
2026-10-08T15:35:33.2303470Z ##[group]Installed distributions
2026-10-08T15:35:33.2361460Z Resolved Java 17.0.20+101 from tool-cache
2026-10-08T15:35:33.2362700Z Setting Java 17.0.20+101 as the default
2026-10-08T15:35:33.2378850Z Creating toolchains.xml for JDK version 17 from temurin
2026-10-08T15:35:33.2440910Z Writing to /Users/runner/.m2/toolchains.xml
2026-10-08T15:35:33.2442360Z 
2026-10-08T15:35:33.2443560Z Java configuration:
2026-10-08T15:35:33.2443910Z   Distribution: temurin
2026-10-08T15:35:33.2444110Z   Version: 17.0.20+101
2026-10-08T15:35:33.2444470Z   Path: /Users/runner/hostedtoolcache/Java_Temurin-Hotspot_jdk/17.0.20-101/arm64/Contents/Home
2026-10-08T15:35:33.2444800Z 
2026-10-08T15:35:33.2445170Z ##[endgroup]
2026-10-08T15:35:33.2464510Z Creating settings.xml with server-id: github
2026-10-08T15:35:33.2464820Z Writing to /Users/runner/.m2/settings.xml
2026-10-08T15:35:33.2465510Z Configured MAVEN_ARGS to include -ntp to suppress Maven transfer progress logs. Set 'show-download-progress: true' to keep the download progress output.
2026-10-08T15:35:33.2583600Z ##[group]Run actions/download-artifact@v8
2026-10-08T15:35:33.2584070Z with:
2026-10-08T15:35:33.2584260Z   name: release-v2.11.3-apple-validation.4
2026-10-08T15:35:33.2584490Z   path: dry-run
2026-10-08T15:35:33.2584650Z   merge-multiple: false
2026-10-08T15:35:33.2584850Z   repository: johnsonlee/graphite
2026-10-08T15:35:33.2585060Z   run-id: 37798249852
2026-10-08T15:35:33.2585240Z   skip-decompress: false
2026-10-08T15:35:33.2585440Z   digest-mismatch: error
2026-10-08T15:35:33.2585620Z env:
2026-10-08T15:35:33.2585840Z   RELEASE_TAG: v2.11.3-apple-validation.4
2026-10-08T15:35:33.2586100Z   DRY_RUN: true
2026-10-08T15:35:33.2586320Z   RELEASE_VERSION: 2.11.3-apple-validation.4
2026-10-08T15:35:33.2587090Z   JAVA_HOME: /Users/runner/hostedtoolcache/Java_Temurin-Hotspot_jdk/17.0.20-101/arm64/Contents/Home
2026-10-08T15:35:33.2587730Z   JAVA_HOME_17_ARM64: /Users/runner/hostedtoolcache/Java_Temurin-Hotspot_jdk/17.0.20-101/arm64/Contents/Home
2026-10-08T15:35:33.2588170Z   MAVEN_ARGS: -ntp
2026-10-08T15:35:33.2588340Z ##[endgroup]
2026-10-08T15:35:33.4066100Z Downloading single artifact
2026-10-08T15:35:33.6900220Z Preparing to download the following artifacts:
2026-10-08T15:35:33.7003650Z - release-v2.11.3-apple-validation.4 (ID: 11561030466, Size: 104057988, Expected Digest: sha256:eedbe9a9e5d3e802da24aa02e8451acec07c9291987d3131903d60c09e938696)
2026-10-08T15:35:34.0186070Z Redirecting to blob download url: https://productionresultssa13.blob.core.windows.net/actions-results/d97cd4f8-f4a6-4c9a-b2b9-fe1ec5b7999f/workflow-job-run-62403cbc-6b52-5f3c-9c5e-772953032411/artifacts/e1c3514b3e1bb853e8a5910771b5177a871dd0ff035ab41479985fced5e029e1.zip
2026-10-08T15:35:34.0187810Z Starting download of artifact to: /Users/runner/work/graphite/graphite/dry-run
2026-10-08T15:35:34.2293370Z (node:1187) [DEP0005] DeprecationWarning: Buffer() is deprecated due to security and usability issues. Please use the Buffer.alloc(), Buffer.allocUnsafe(), or Buffer.from() methods instead.
2026-10-08T15:35:34.2295040Z (Use `node --trace-deprecation ...` to show where the warning was created)
2026-10-08T15:35:39.9800790Z SHA256 digest of downloaded artifact is eedbe9a9e5d3e802da24aa02e8451acec07c9291987d3131903d60c09e938696
2026-10-08T15:35:39.9802870Z Artifact download completed successfully.
2026-10-08T15:35:39.9803670Z Total of 1 artifact(s) downloaded
2026-10-08T15:35:39.9805510Z Download artifact has finished successfully
2026-10-08T15:35:40.0141520Z ##[group]Run set -euo pipefail
2026-10-08T15:35:40.0142130Z [36;1mset -euo pipefail[0m
2026-10-08T15:35:40.0142410Z [36;1mASSETS="$PWD/dry-run/release-assets"[0m
2026-10-08T15:35:40.0142980Z [36;1mINSTALLED="${RUNNER_TEMP}/apple-release"[0m
2026-10-08T15:35:40.0143390Z [36;1mmkdir -p "${INSTALLED}"[0m
2026-10-08T15:35:40.0143820Z [36;1mCLI="graphite-${RELEASE_VERSION}-aarch64-apple-darwin.tar.gz"[0m
2026-10-08T15:35:40.0144340Z [36;1mAPPLE="graphite-frontend-apple-${RELEASE_VERSION}-aarch64-apple-darwin.tar.gz"[0m
2026-10-08T15:35:40.0144950Z [36;1m(cd "${ASSETS}" && shasum -a 256 -c "${CLI}.sha256" "${APPLE}.sha256" graphite.jar.sha256)[0m
2026-10-08T15:35:40.0145800Z [36;1mtar -xzf "${ASSETS}/${CLI}" -C "${INSTALLED}"[0m
2026-10-08T15:35:40.0146210Z [36;1mtar -xzf "${ASSETS}/${APPLE}" -C "${INSTALLED}"[0m
2026-10-08T15:35:40.0146640Z [36;1mcp "${ASSETS}/graphite.jar" "${INSTALLED}/graphite.jar"[0m
2026-10-08T15:35:40.0147310Z [36;1m"${INSTALLED}/graphite" --version | grep -F "${RELEASE_VERSION}"[0m
2026-10-08T15:35:40.0147950Z [36;1mbash .github/scripts/verify-apple-release.sh "${INSTALLED}/graphite" \[0m
2026-10-08T15:35:40.0148630Z [36;1m  frontend/apple/Fixtures/AcmeShop "${RUNNER_TEMP}/apple-release-check"[0m
2026-10-08T15:35:40.0406950Z shell: /bin/bash --noprofile --norc -e -o pipefail {0}
2026-10-08T15:35:40.0407270Z env:
2026-10-08T15:35:40.0407480Z   RELEASE_TAG: v2.11.3-apple-validation.4
2026-10-08T15:35:40.0407730Z   DRY_RUN: true
2026-10-08T15:35:40.0407910Z   RELEASE_VERSION: 2.11.3-apple-validation.4
2026-10-08T15:35:40.0408360Z   JAVA_HOME: /Users/runner/hostedtoolcache/Java_Temurin-Hotspot_jdk/17.0.20-101/arm64/Contents/Home
2026-10-08T15:35:40.0419660Z   JAVA_HOME_17_ARM64: /Users/runner/hostedtoolcache/Java_Temurin-Hotspot_jdk/17.0.20-101/arm64/Contents/Home
2026-10-08T15:35:40.0420120Z   MAVEN_ARGS: -ntp
2026-10-08T15:35:40.0420600Z ##[endgroup]
2026-10-08T15:35:40.2318880Z graphite-2.11.3-apple-validation.4-aarch64-apple-darwin.tar.gz: OK
2026-10-08T15:35:40.2561700Z graphite-frontend-apple-2.11.3-apple-validation.4-aarch64-apple-darwin.tar.gz: OK
2026-10-08T15:35:40.4373880Z graphite.jar: OK
2026-10-08T15:35:40.6015800Z graphite 2.11.3-apple-validation.4
2026-10-08T15:35:40.6563450Z {
2026-10-08T15:35:40.6564010Z   "name": "apple",
2026-10-08T15:35:40.6565030Z   "kind": "executable",
2026-10-08T15:35:40.6576930Z   "path": "/Users/runner/work/_temp/apple-release/graphite-frontend-apple",
2026-10-08T15:35:40.6579010Z   "found_via": "next to the graphite executable",
2026-10-08T15:35:40.6579560Z   "version": "0.1.0",
2026-10-08T15:35:40.6579960Z   "inputs": [
2026-10-08T15:35:40.6580350Z     "Package.swift",
2026-10-08T15:35:40.6580750Z     "xcodeproj",
2026-10-08T15:35:40.6581090Z     "xcworkspace",
2026-10-08T15:35:40.6581870Z     "index-store"
2026-10-08T15:35:40.6584690Z   ],
2026-10-08T15:35:40.6585450Z   "ir_schema": [
2026-10-08T15:35:40.6586220Z     1
2026-10-08T15:35:40.6589710Z   ],
2026-10-08T15:35:40.6590100Z   "aliases": {
2026-10-08T15:35:40.6590560Z     "swift": "apple",
2026-10-08T15:35:40.6590950Z     "ios": "apple",
2026-10-08T15:35:40.6591320Z     "macos": "apple"
2026-10-08T15:35:40.6592940Z   },
2026-10-08T15:35:40.6593590Z   "indexable": [
2026-10-08T15:35:40.6594410Z     "swift"
2026-10-08T15:35:40.6595260Z   ],
2026-10-08T15:35:40.6595890Z   "writes": "ir"
2026-10-08T15:35:40.6596670Z }
2026-10-08T15:35:40.6742050Z Running /Users/runner/work/_temp/apple-release/graphite-frontend-apple build
2026-10-08T15:35:40.6848460Z {"phase": "swift build", "done": 0, "total": 1}
2026-10-08T15:35:57.7537370Z Building for debugging...
2026-10-08T15:35:57.7784520Z [0/7] Write sources
2026-10-08T15:35:57.7887980Z [1/7] Write acme-tool-entitlement.plist
2026-10-08T15:35:57.7991920Z [1/7] Write sources
2026-10-08T15:35:58.0864020Z [3/7] Write swift-version-7974D3F7F03D5E95.txt
2026-10-08T15:36:01.2779400Z [5/10] Compiling AcmeShop CartService.swift
2026-10-08T15:36:01.2947560Z [6/10] Emitting module AcmeShop
2026-10-08T15:36:01.3054650Z [7/10] Compiling AcmeShop Models.swift
2026-10-08T15:36:01.5261680Z [8/11] Compiling AcmeShop PaymentClient.swift
2026-10-08T15:36:01.9839500Z [9/13] Emitting module AcmeShopTool
2026-10-08T15:36:01.9973870Z [10/13] Compiling AcmeShopTool Tool.swift
2026-10-08T15:36:02.0110090Z [10/13] Write Objects.LinkFileList
2026-10-08T15:36:03.7395840Z [11/13] Linking acme-tool
2026-10-08T15:36:03.8604020Z [12/13] Applying acme-tool
2026-10-08T15:36:03.8644410Z Build complete! (6.25s)
2026-10-08T15:36:03.9685910Z {"phase": "swift build", "done": 1, "total": 1}
2026-10-08T15:36:03.9831610Z {"phase": "swift package describe", "done": 0, "total": 1}
2026-10-08T15:36:12.6519740Z {"phase": "swift package describe", "done": 1, "total": 1}
2026-10-08T15:36:14.9529950Z {"phase": "index", "done": 0, "total": 4}
2026-10-08T15:36:15.3836710Z {"phase": "index", "done": 4, "total": 4}
2026-10-08T15:36:15.5042650Z {"phase": "syntax", "done": 1, "total": 4}
2026-10-08T15:36:15.5293210Z {"phase": "syntax", "done": 2, "total": 4}
2026-10-08T15:36:15.5342350Z {"phase": "syntax", "done": 3, "total": 4}
2026-10-08T15:36:15.5356290Z {"phase": "syntax", "done": 4, "total": 4}
2026-10-08T15:36:15.5357220Z {"phase": "demangle", "done": 0, "total": 115}
2026-10-08T15:36:15.7040300Z {"phase": "demangle", "done": 115, "total": 115}
2026-10-08T15:36:15.7114970Z {"phase": "emit", "done": 0, "total": 1}
2026-10-08T15:36:15.7163660Z {"phase": "emit", "done": 1, "total": 1}
2026-10-08T15:36:15.7198340Z graphite-frontend-apple 0.1.0: 4 files, 11 types, 15 methods, 13 fields, 24 call sites, 15 constants, 3 annotations; 68 nodes, 28 edges, 84 strings -> /Users/runner/work/_temp/apple-release-check/acme.graphite.ir-1260.graphite-ir
2026-10-08T15:36:15.9157560Z Picked up JAVA_TOOL_OPTIONS: -Xmx8g
2026-10-08T15:36:16.3872510Z Reading IR from: /Users/runner/work/_temp/apple-release-check/acme.graphite.ir-1260.graphite-ir
2026-10-08T15:36:16.7348680Z IR from graphite-frontend-apple 0.1.0 (swift): 68 nodes, 28 edges, 84 strings
2026-10-08T15:36:16.7350850Z Saving to: /Users/runner/work/_temp/apple-release-check/acme.graphite.build-1260
2026-10-08T15:36:17.1276840Z Done.
2026-10-08T15:36:17.1589150Z Packed 19 entries (83663 bytes) into /Users/runner/work/_temp/apple-release-check/acme.graphite
2026-10-08T15:36:17.1690210Z fingerprint: 8f470b8c5413b5247e55acd7c51322487215f327f6eeeabfb46ef5cbe1123ca4
2026-10-08T15:36:17.1736500Z sha256: 3fcb474e46495179c696b3ebbeaf6edb7b0ba539642743881b5e1737070855d9 (written to /Users/runner/work/_temp/apple-release-check/acme.graphite.sha256)
2026-10-08T15:36:17.1747400Z file sha256 ok (3fcb474e46495179c696b3ebbeaf6edb7b0ba539642743881b5e1737070855d9)
2026-10-08T15:36:17.1892140Z OK: 19 entries verified in /Users/runner/work/_temp/apple-release-check/acme.graphite
2026-10-08T15:36:17.1896860Z fingerprint: 8f470b8c5413b5247e55acd7c51322487215f327f6eeeabfb46ef5cbe1123ca4
2026-10-08T15:36:17.2112420Z "checkout(order:method:)"
2026-10-08T15:36:17.2179870Z "init(client:)"
2026-10-08T15:36:17.2312350Z "payments.charge"
2026-10-08T15:36:17.2396840Z true
2026-10-08T15:36:17.2546480Z "checkout(order:method:)"
2026-10-08T15:36:17.2983930Z ##[group]Run actions/upload-artifact@v7
2026-10-08T15:36:17.2984380Z with:
2026-10-08T15:36:17.2984630Z   name: apple-release-check-aarch64-apple-darwin
2026-10-08T15:36:17.2985150Z   path: /Users/runner/work/_temp/apple-release-check/*.csv
/Users/runner/work/_temp/apple-release-check/*.graphite

2026-10-08T15:36:17.2985640Z   if-no-files-found: warn
2026-10-08T15:36:17.2985870Z   compression-level: 6
2026-10-08T15:36:17.2986110Z   overwrite: false
2026-10-08T15:36:17.2986400Z   include-hidden-files: false
2026-10-08T15:36:17.2986710Z   archive: true
2026-10-08T15:36:17.2986920Z env:
2026-10-08T15:36:17.2987240Z   RELEASE_TAG: v2.11.3-apple-validation.4
2026-10-08T15:36:17.2987560Z   DRY_RUN: true
2026-10-08T15:36:17.2987910Z   RELEASE_VERSION: 2.11.3-apple-validation.4
2026-10-08T15:36:17.2988480Z   JAVA_HOME: /Users/runner/hostedtoolcache/Java_Temurin-Hotspot_jdk/17.0.20-101/arm64/Contents/Home
2026-10-08T15:36:17.2989110Z   JAVA_HOME_17_ARM64: /Users/runner/hostedtoolcache/Java_Temurin-Hotspot_jdk/17.0.20-101/arm64/Contents/Home
2026-10-08T15:36:17.2989570Z   MAVEN_ARGS: -ntp
2026-10-08T15:36:17.2989810Z ##[endgroup]
2026-10-08T15:36:18.0982110Z With the provided path, there will be 4 files uploaded
2026-10-08T15:36:18.0987880Z Artifact name is valid!
2026-10-08T15:36:18.0988920Z Root directory input is valid!
2026-10-08T15:36:18.4654940Z Uploading artifact: apple-release-check-aarch64-apple-darwin.zip
2026-10-08T15:36:18.4656760Z Beginning upload of artifact content to blob storage
2026-10-08T15:36:18.7197030Z Uploaded bytes 9029
2026-10-08T15:36:18.7686270Z Finished uploading artifact content to blob storage!
2026-10-08T15:36:18.7717360Z SHA256 digest of uploaded artifact is 95ae8bb0557c0ed627233a1ff6b384835bf94bbd1ec57cdc38c55709c788a1e0
2026-10-08T15:36:18.7719650Z Finalizing artifact upload
2026-10-08T15:36:19.1833830Z Artifact apple-release-check-aarch64-apple-darwin successfully finalized. Artifact ID 11561830693
2026-10-08T15:36:19.1834900Z Artifact apple-release-check-aarch64-apple-darwin has been successfully uploaded! Final size is 9029 bytes. Artifact ID is 11561830693
2026-10-08T15:36:19.1836170Z Artifact download URL: https://github.com/johnsonlee/graphite/actions/runs/37798249852/artifacts/11561830693
2026-10-08T15:36:19.2157200Z Post job cleanup.
2026-10-08T15:36:19.4978250Z Post job cleanup.
2026-10-08T15:36:19.6826370Z [command]/opt/homebrew/bin/git version
2026-10-08T15:36:19.8314020Z git version 2.55.0
2026-10-08T15:36:19.8360930Z Copying '/Users/runner/.gitconfig' to '/Users/runner/work/_temp/04d4787c-43d6-4ab4-a06e-c1819061b86d/.gitconfig'
2026-10-08T15:36:19.8383730Z Temporarily overriding HOME='/Users/runner/work/_temp/04d4787c-43d6-4ab4-a06e-c1819061b86d' before making global git config changes
2026-10-08T15:36:19.8388960Z Adding repository directory to the temporary git global config as a safe directory
2026-10-08T15:36:19.8396550Z [command]/opt/homebrew/bin/git config --global --add safe.directory /Users/runner/work/graphite/graphite
2026-10-08T15:36:19.8680170Z Removing SSH command configuration
2026-10-08T15:36:19.8685960Z [command]/opt/homebrew/bin/git config --local --name-only --get-regexp core\.sshCommand
2026-10-08T15:36:19.8798680Z [command]/opt/homebrew/bin/git submodule foreach --recursive sh -c "git config --local --name-only --get-regexp 'core\.sshCommand' && git config --local --unset-all 'core.sshCommand' || :"
2026-10-08T15:36:20.0238660Z Removing HTTP extra header
2026-10-08T15:36:20.0283100Z [command]/opt/homebrew/bin/git config --local --name-only --get-regexp http\.https\:\/\/github\.com\/\.extraheader
2026-10-08T15:36:20.0309730Z [command]/opt/homebrew/bin/git submodule foreach --recursive sh -c "git config --local --name-only --get-regexp 'http\.https\:\/\/github\.com\/\.extraheader' && git config --local --unset-all 'http.https://github.com/.extraheader' || :"
2026-10-08T15:36:20.2094220Z Removing includeIf entries pointing to credentials config files
2026-10-08T15:36:20.2204270Z [command]/opt/homebrew/bin/git config --local --name-only --get-regexp ^includeIf\.gitdir:
2026-10-08T15:36:20.2306960Z includeif.gitdir:/Users/runner/work/graphite/graphite/.git.path
2026-10-08T15:36:20.2389930Z includeif.gitdir:/Users/runner/work/graphite/graphite/.git/worktrees/*.path
2026-10-08T15:36:20.2452290Z includeif.gitdir:/github/workspace/.git.path
2026-10-08T15:36:20.2491640Z includeif.gitdir:/github/workspace/.git/worktrees/*.path
2026-10-08T15:36:20.2607450Z [command]/opt/homebrew/bin/git config --local --get-all includeif.gitdir:/Users/runner/work/graphite/graphite/.git.path
2026-10-08T15:36:20.2612490Z /Users/runner/work/_temp/git-credentials-765c3151-6f2a-407c-9407-99df2c5e100e.config
2026-10-08T15:36:20.2614500Z [command]/opt/homebrew/bin/git config --local --unset includeif.gitdir:/Users/runner/work/graphite/graphite/.git.path \/Users\/runner\/work\/_temp\/git\-credentials\-765c3151\-6f2a\-407c\-9407\-99df2c5e100e\.config
2026-10-08T15:36:20.2616130Z [command]/opt/homebrew/bin/git config --local --get-all includeif.gitdir:/Users/runner/work/graphite/graphite/.git/worktrees/*.path
2026-10-08T15:36:20.2616990Z /Users/runner/work/_temp/git-credentials-765c3151-6f2a-407c-9407-99df2c5e100e.config
2026-10-08T15:36:20.2618480Z [command]/opt/homebrew/bin/git config --local --unset includeif.gitdir:/Users/runner/work/graphite/graphite/.git/worktrees/*.path \/Users\/runner\/work\/_temp\/git\-credentials\-765c3151\-6f2a\-407c\-9407\-99df2c5e100e\.config
2026-10-08T15:36:20.2619980Z [command]/opt/homebrew/bin/git config --local --get-all includeif.gitdir:/github/workspace/.git.path
2026-10-08T15:36:20.2620570Z /github/runner_temp/git-credentials-765c3151-6f2a-407c-9407-99df2c5e100e.config
2026-10-08T15:36:20.2621970Z [command]/opt/homebrew/bin/git config --local --unset includeif.gitdir:/github/workspace/.git.path \/github\/runner_temp\/git\-credentials\-765c3151\-6f2a\-407c\-9407\-99df2c5e100e\.config
2026-10-08T15:36:20.2623300Z [command]/opt/homebrew/bin/git config --local --get-all includeif.gitdir:/github/workspace/.git/worktrees/*.path
2026-10-08T15:36:20.2672720Z /github/runner_temp/git-credentials-765c3151-6f2a-407c-9407-99df2c5e100e.config
2026-10-08T15:36:20.2676710Z [command]/opt/homebrew/bin/git config --local --unset includeif.gitdir:/github/workspace/.git/worktrees/*.path \/github\/runner_temp\/git\-credentials\-765c3151\-6f2a\-407c\-9407\-99df2c5e100e\.config
2026-10-08T15:36:20.2747260Z [command]/opt/homebrew/bin/git submodule foreach --recursive git config --local --show-origin --name-only --get-regexp remote.origin.url
2026-10-08T15:36:20.4109600Z Removing credentials config '/Users/runner/work/_temp/git-credentials-765c3151-6f2a-407c-9407-99df2c5e100e.config'
2026-10-08T15:36:20.4216820Z Cleaning up orphan processes
