2026-10-08T15:08:36.1599540Z Current runner version: '2.337.0'
2026-10-08T15:08:36.1618608Z ##[group]Runner Image Provisioner
2026-10-08T15:08:36.1619269Z Hosted Compute Agent
2026-10-08T15:08:36.1619636Z Version: 20261002.596
2026-10-08T15:08:36.1620048Z Commit: c3d12f3313a95f25162a1503be624f3b0617f8c0
2026-10-08T15:08:36.1620596Z Build Date: 2026-10-02T22:28:27Z
2026-10-08T15:08:36.1621032Z Worker ID: {d8d980dd-d615-4f97-81c5-552ea1faede6}
2026-10-08T15:08:36.1621500Z Region: centralus
2026-10-08T15:08:36.1621844Z Cloud: Azure
2026-10-08T15:08:36.1622176Z ##[endgroup]
2026-10-08T15:08:36.1623219Z ##[group]Operating System
2026-10-08T15:08:36.1623592Z Ubuntu
2026-10-08T15:08:36.1624197Z 24.04.5
2026-10-08T15:08:36.1624587Z LTS
2026-10-08T15:08:36.1624916Z ##[endgroup]
2026-10-08T15:08:36.1625349Z ##[group]Runner Image
2026-10-08T15:08:36.1625735Z Image: ubuntu-24.04
2026-10-08T15:08:36.1626160Z Version: 20261004.327.1
2026-10-08T15:08:36.1627019Z Included Software: https://github.com/actions/runner-images/blob/ubuntu24/20261004.327/images/ubuntu/Ubuntu2404-Readme.md
2026-10-08T15:08:36.1628166Z Image Release: https://github.com/actions/runner-images/releases/tag/ubuntu24%2F20261004.327
2026-10-08T15:08:36.1628799Z ##[endgroup]
2026-10-08T15:08:36.1629906Z ##[group]GITHUB_TOKEN Permissions
2026-10-08T15:08:36.1631196Z Contents: read
2026-10-08T15:08:36.1631678Z Metadata: read
2026-10-08T15:08:36.1632059Z ##[endgroup]
2026-10-08T15:08:36.1633599Z Secret source: Actions
2026-10-08T15:08:36.1634398Z Cache mode: write
2026-10-08T15:08:36.1634868Z Prepare workflow directory
2026-10-08T15:08:36.2017125Z Prepare all required actions
2026-10-08T15:08:36.2052553Z Getting action download info
2026-10-08T15:08:36.4208429Z Download action repository 'actions/checkout@v7' (SHA:3d3c42e5aac5ba805825da76410c181273ba90b1)
2026-10-08T15:08:36.5356010Z Download action repository 'maxim-lobanov/setup-xcode@v1' (SHA:ed7a3b1fda3918c0306d1b724322adc0b8cc0a90)
2026-10-08T15:08:36.8378177Z Download action repository 'actions/upload-artifact@v7' (SHA:cf430e030ddbb5b0abf93d22962f4752f3646cd9)
2026-10-08T15:08:37.5005763Z Complete job name: apple-frontend (ubuntu-latest, x86_64-unknown-linux-gnu, swift:6.1.3, --static-swift-stdlib)
2026-10-08T15:08:37.5375751Z ##[group]Checking docker version
2026-10-08T15:08:37.5384917Z ##[command]/usr/bin/docker version --format '{{.Server.APIVersion}}'
2026-10-08T15:08:37.6295476Z '1.48'
2026-10-08T15:08:37.6309182Z Docker daemon API version: '1.48'
2026-10-08T15:08:37.6310187Z ##[command]/usr/bin/docker version --format '{{.Client.APIVersion}}'
2026-10-08T15:08:37.6440935Z '1.48'
2026-10-08T15:08:37.6451266Z Docker client API version: '1.48'
2026-10-08T15:08:37.6457444Z ##[endgroup]
2026-10-08T15:08:37.6459205Z ##[group]Clean up resources from previous jobs
2026-10-08T15:08:37.6464714Z ##[command]/usr/bin/docker ps --all --quiet --no-trunc --filter "label=6ce55d"
2026-10-08T15:08:37.6585523Z ##[command]/usr/bin/docker network prune --force --filter "label=6ce55d"
2026-10-08T15:08:37.6693809Z ##[endgroup]
2026-10-08T15:08:37.6695003Z ##[group]Create local container network
2026-10-08T15:08:37.6703120Z ##[command]/usr/bin/docker network create --label 6ce55d github_network_c2a712b12ba64b819b9b002b2c999d08
2026-10-08T15:08:37.7232159Z ec9236efea3fd13ec85873be69caca9c5a8ea1fbae7ee49c0f2c1d86ed940c12
2026-10-08T15:08:37.7254449Z ##[endgroup]
2026-10-08T15:08:37.7273087Z ##[group]Starting job container
2026-10-08T15:08:37.7289271Z ##[command]/usr/bin/docker pull swift:6.1.3
2026-10-08T15:08:38.4626208Z 6.1.3: Pulling from library/swift
2026-10-08T15:08:38.8040870Z a60ef8ec184e: Already exists
2026-10-08T15:08:38.8330929Z 6d384ac63da7: Pulling fs layer
2026-10-08T15:08:38.8331658Z 23c386ab9005: Pulling fs layer
2026-10-08T15:08:38.8332110Z 934353e7332e: Pulling fs layer
2026-10-08T15:08:38.9761787Z 934353e7332e: Verifying Checksum
2026-10-08T15:08:38.9762530Z 934353e7332e: Download complete
2026-10-08T15:08:39.4028464Z 6d384ac63da7: Verifying Checksum
2026-10-08T15:08:39.4029009Z 6d384ac63da7: Download complete
2026-10-08T15:08:42.1955623Z 23c386ab9005: Verifying Checksum
2026-10-08T15:08:42.1956631Z 23c386ab9005: Download complete
2026-10-08T15:08:52.7612197Z 6d384ac63da7: Pull complete
2026-10-08T15:09:13.1685436Z 23c386ab9005: Pull complete
2026-10-08T15:09:13.1852185Z 934353e7332e: Pull complete
2026-10-08T15:09:13.1885859Z Digest: sha256:6e43114610e161e38ad41636ebcafd6940dc67dfab355eace3a0ca100b2263db
2026-10-08T15:09:13.1898173Z Status: Downloaded newer image for swift:6.1.3
2026-10-08T15:09:13.1917352Z docker.io/library/swift:6.1.3
2026-10-08T15:09:13.1969195Z ##[command]/usr/bin/docker create --name c15b380ef75f4fd2b4afce642f8c0244_swift613_de1686 --label 6ce55d --workdir /__w/graphite/graphite --network github_network_c2a712b12ba64b819b9b002b2c999d08  -e "HOME=/github/home" -e GITHUB_ACTIONS=true -e CI=true -v "/var/run/docker.sock":"/var/run/docker.sock" -v "/home/runner/work":"/__w" -v "/home/runner/actions-runner/cached/2.337.0/externals":"/__e":ro -v "/home/runner/work/_temp":"/__w/_temp" -v "/home/runner/work/_actions":"/__w/_actions" -v "/opt/hostedtoolcache":"/__t" -v "/home/runner/work/_temp/_github_home":"/github/home" -v "/home/runner/work/_temp/_github_workflow":"/github/workflow" --entrypoint "tail" swift:6.1.3 "-f" "/dev/null"
2026-10-08T15:09:13.2195257Z c8340d210b76795b86ed1cead7aaf952fb8ef91584d867d3a6e07ba502a83231
2026-10-08T15:09:13.2217454Z ##[command]/usr/bin/docker start c8340d210b76795b86ed1cead7aaf952fb8ef91584d867d3a6e07ba502a83231
2026-10-08T15:09:13.3946493Z c8340d210b76795b86ed1cead7aaf952fb8ef91584d867d3a6e07ba502a83231
2026-10-08T15:09:13.3963171Z ##[command]/usr/bin/docker ps --all --filter id=c8340d210b76795b86ed1cead7aaf952fb8ef91584d867d3a6e07ba502a83231 --filter status=running --no-trunc --format "{{.ID}} {{.Status}}"
2026-10-08T15:09:13.4058350Z c8340d210b76795b86ed1cead7aaf952fb8ef91584d867d3a6e07ba502a83231 Up Less than a second
2026-10-08T15:09:13.4077673Z ##[command]/usr/bin/docker inspect --format "{{range .Config.Env}}{{println .}}{{end}}" c8340d210b76795b86ed1cead7aaf952fb8ef91584d867d3a6e07ba502a83231
2026-10-08T15:09:13.4185812Z HOME=/github/home
2026-10-08T15:09:13.4186106Z GITHUB_ACTIONS=true
2026-10-08T15:09:13.4186288Z CI=true
2026-10-08T15:09:13.4187122Z PATH=/usr/local/sbin:/usr/local/bin:/usr/sbin:/usr/bin:/sbin:/bin
2026-10-08T15:09:13.4187508Z SWIFT_SIGNING_KEY=52BB7E3DE28A71BE22EC05FFEF80A866B47A981F
2026-10-08T15:09:13.4187808Z SWIFT_PLATFORM=ubuntu24.04
2026-10-08T15:09:13.4188027Z SWIFT_BRANCH=swift-6.1.3-release
2026-10-08T15:09:13.4188260Z SWIFT_VERSION=swift-6.1.3-RELEASE
2026-10-08T15:09:13.4188554Z SWIFT_WEBROOT=https://download.swift.org
2026-10-08T15:09:13.4208833Z ##[endgroup]
2026-10-08T15:09:13.4216653Z ##[group]Waiting for all services to be ready
2026-10-08T15:09:13.4217952Z ##[endgroup]
2026-10-08T15:09:13.4409561Z ##[group]Run actions/checkout@v7
2026-10-08T15:09:13.4409837Z with:
2026-10-08T15:09:13.4409984Z   ref: 1ba3808f79db8190ecd278a3853ab7a27d5abac9
2026-10-08T15:09:13.4410162Z   repository: johnsonlee/graphite
2026-10-08T15:09:13.4411516Z   token: ***
2026-10-08T15:09:13.4411701Z   ssh-strict: true
2026-10-08T15:09:13.4411821Z   ssh-user: git
2026-10-08T15:09:13.4411951Z   persist-credentials: true
2026-10-08T15:09:13.4412087Z   clean: true
2026-10-08T15:09:13.4412212Z   sparse-checkout-cone-mode: true
2026-10-08T15:09:13.4412359Z   fetch-depth: 1
2026-10-08T15:09:13.4412477Z   fetch-tags: false
2026-10-08T15:09:13.4412597Z   show-progress: true
2026-10-08T15:09:13.4412719Z   lfs: false
2026-10-08T15:09:13.4412830Z   submodules: false
2026-10-08T15:09:13.4412954Z   set-safe-directory: true
2026-10-08T15:09:13.4413112Z   allow-unsafe-pr-checkout: false
2026-10-08T15:09:13.4413414Z env:
2026-10-08T15:09:13.4413560Z   RELEASE_TAG: v2.11.3-apple-validation.4
2026-10-08T15:09:13.4413757Z   DRY_RUN: true
2026-10-08T15:09:13.4414076Z   RELEASE_VERSION: 2.11.3-apple-validation.4
2026-10-08T15:09:13.4414237Z ##[endgroup]
2026-10-08T15:09:13.4454883Z ##[command]/usr/bin/docker exec  c8340d210b76795b86ed1cead7aaf952fb8ef91584d867d3a6e07ba502a83231 sh -c "cat /etc/*release | grep ^ID"
2026-10-08T15:09:13.7826131Z Syncing repository: johnsonlee/graphite
2026-10-08T15:09:13.7827542Z ##[group]Getting Git version info
2026-10-08T15:09:13.7827875Z Working directory is '/__w/graphite/graphite'
2026-10-08T15:09:13.7828362Z [command]/usr/bin/git version
2026-10-08T15:09:13.7974674Z git version 2.43.0
2026-10-08T15:09:13.7992828Z ##[endgroup]
2026-10-08T15:09:13.8014290Z Temporarily overriding HOME='/__w/_temp/78fe7785-ebd3-4c72-90e4-f4ddb4d8cc9a' before making global git config changes
2026-10-08T15:09:13.8015505Z Adding repository directory to the temporary git global config as a safe directory
2026-10-08T15:09:13.8032644Z [command]/usr/bin/git config --global --add safe.directory /__w/graphite/graphite
2026-10-08T15:09:13.8063243Z Deleting the contents of '/__w/graphite/graphite'
2026-10-08T15:09:13.8086224Z ##[group]Determining repository object format
2026-10-08T15:09:13.8087168Z ##[endgroup]
2026-10-08T15:09:13.8087538Z ##[group]Initializing the repository
2026-10-08T15:09:13.8087879Z [command]/usr/bin/git init /__w/graphite/graphite
2026-10-08T15:09:13.8123486Z hint: Using 'master' as the name for the initial branch. This default branch name
2026-10-08T15:09:13.8124173Z hint: is subject to change. To configure the initial branch name to use in all
2026-10-08T15:09:13.8124619Z hint: of your new repositories, which will suppress this warning, call:
2026-10-08T15:09:13.8124954Z hint: 
2026-10-08T15:09:13.8125234Z hint: 	git config --global init.defaultBranch <name>
2026-10-08T15:09:13.8125509Z hint: 
2026-10-08T15:09:13.8125803Z hint: Names commonly chosen instead of 'master' are 'main', 'trunk' and
2026-10-08T15:09:13.8126219Z hint: 'development'. The just-created branch can be renamed via this command:
2026-10-08T15:09:13.8126622Z hint: 
2026-10-08T15:09:13.8126811Z hint: 	git branch -m <name>
2026-10-08T15:09:13.8232862Z Initialized empty Git repository in /__w/graphite/graphite/.git/
2026-10-08T15:09:13.8243772Z [command]/usr/bin/git remote add origin https://github.com/johnsonlee/graphite
2026-10-08T15:09:13.8293383Z ##[endgroup]
2026-10-08T15:09:13.8295000Z ##[group]Disabling automatic garbage collection
2026-10-08T15:09:13.8295722Z [command]/usr/bin/git config --local gc.auto 0
2026-10-08T15:09:13.8337348Z ##[endgroup]
2026-10-08T15:09:13.8337651Z ##[group]Setting up auth
2026-10-08T15:09:13.8337998Z Removing SSH command configuration
2026-10-08T15:09:13.8342986Z [command]/usr/bin/git config --local --name-only --get-regexp core\.sshCommand
2026-10-08T15:09:13.8379384Z [command]/usr/bin/git submodule foreach --recursive sh -c "git config --local --name-only --get-regexp 'core\.sshCommand' && git config --local --unset-all 'core.sshCommand' || :"
2026-10-08T15:09:13.9242363Z Removing HTTP extra header
2026-10-08T15:09:13.9247309Z [command]/usr/bin/git config --local --name-only --get-regexp http\.https\:\/\/github\.com\/\.extraheader
2026-10-08T15:09:13.9280875Z [command]/usr/bin/git submodule foreach --recursive sh -c "git config --local --name-only --get-regexp 'http\.https\:\/\/github\.com\/\.extraheader' && git config --local --unset-all 'http.https://github.com/.extraheader' || :"
2026-10-08T15:09:13.9476274Z Removing includeIf entries pointing to credentials config files
2026-10-08T15:09:13.9476664Z [command]/usr/bin/git config --local --name-only --get-regexp ^includeIf\.gitdir:
2026-10-08T15:09:13.9509559Z [command]/usr/bin/git submodule foreach --recursive git config --local --show-origin --name-only --get-regexp remote.origin.url
2026-10-08T15:09:13.9700291Z [command]/usr/bin/git config --file /__w/_temp/git-credentials-779384fe-99bb-4ca1-a561-e695acb29969.config http.https://github.com/.extraheader AUTHORIZATION: basic ***
2026-10-08T15:09:13.9740743Z [command]/usr/bin/git config --local includeIf.gitdir:/__w/graphite/graphite/.git.path /__w/_temp/git-credentials-779384fe-99bb-4ca1-a561-e695acb29969.config
2026-10-08T15:09:13.9780234Z [command]/usr/bin/git config --local includeIf.gitdir:/__w/graphite/graphite/.git/worktrees/*.path /__w/_temp/git-credentials-779384fe-99bb-4ca1-a561-e695acb29969.config
2026-10-08T15:09:13.9815509Z [command]/usr/bin/git config --local includeIf.gitdir:/github/workspace/.git.path /github/runner_temp/git-credentials-779384fe-99bb-4ca1-a561-e695acb29969.config
2026-10-08T15:09:13.9849295Z [command]/usr/bin/git config --local includeIf.gitdir:/github/workspace/.git/worktrees/*.path /github/runner_temp/git-credentials-779384fe-99bb-4ca1-a561-e695acb29969.config
2026-10-08T15:09:13.9881740Z ##[endgroup]
2026-10-08T15:09:13.9882114Z ##[group]Fetching the repository
2026-10-08T15:09:13.9887941Z [command]/usr/bin/git -c protocol.version=2 fetch --no-tags --prune --no-recurse-submodules --depth=1 origin 1ba3808f79db8190ecd278a3853ab7a27d5abac9
2026-10-08T15:09:15.5544472Z From https://github.com/johnsonlee/graphite
2026-10-08T15:09:15.5544835Z  * branch            1ba3808f79db8190ecd278a3853ab7a27d5abac9 -> FETCH_HEAD
2026-10-08T15:09:15.5563732Z [command]/usr/bin/git rev-parse --verify --quiet 1ba3808f79db8190ecd278a3853ab7a27d5abac9^{object}
2026-10-08T15:09:15.5588924Z 1ba3808f79db8190ecd278a3853ab7a27d5abac9
2026-10-08T15:09:15.5591799Z ##[endgroup]
2026-10-08T15:09:15.5592150Z ##[group]Determining the checkout info
2026-10-08T15:09:15.5592607Z ##[endgroup]
2026-10-08T15:09:15.5595775Z [command]/usr/bin/git sparse-checkout disable
2026-10-08T15:09:15.5631163Z [command]/usr/bin/git config --local --unset-all extensions.worktreeConfig
2026-10-08T15:09:15.5658030Z ##[group]Checking out the ref
2026-10-08T15:09:15.5660714Z [command]/usr/bin/git checkout --progress --force 1ba3808f79db8190ecd278a3853ab7a27d5abac9
2026-10-08T15:09:15.6353514Z Note: switching to '1ba3808f79db8190ecd278a3853ab7a27d5abac9'.
2026-10-08T15:09:15.6353794Z 
2026-10-08T15:09:15.6354287Z You are in 'detached HEAD' state. You can look around, make experimental
2026-10-08T15:09:15.6354696Z changes and commit them, and you can discard any commits you make in this
2026-10-08T15:09:15.6354963Z state without impacting any branches by switching back to a branch.
2026-10-08T15:09:15.6355112Z 
2026-10-08T15:09:15.6355233Z If you want to create a new branch to retain commits you create, you may
2026-10-08T15:09:15.6355490Z do so (now or later) by using -c with the switch command. Example:
2026-10-08T15:09:15.6355654Z 
2026-10-08T15:09:15.6355725Z   git switch -c <new-branch-name>
2026-10-08T15:09:15.6355845Z 
2026-10-08T15:09:15.6355937Z Or undo this operation with:
2026-10-08T15:09:15.6356030Z 
2026-10-08T15:09:15.6356085Z   git switch -
2026-10-08T15:09:15.6356154Z 
2026-10-08T15:09:15.6356272Z Turn off this advice by setting config variable advice.detachedHead to false
2026-10-08T15:09:15.6356434Z 
2026-10-08T15:09:15.6356532Z HEAD is now at 1ba3808 Fix hosted Apple corpus build prerequisites
2026-10-08T15:09:15.6359625Z ##[endgroup]
2026-10-08T15:09:15.6399756Z [command]/usr/bin/git log -1 --format=%H
2026-10-08T15:09:15.6426114Z 1ba3808f79db8190ecd278a3853ab7a27d5abac9
2026-10-08T15:09:15.6709527Z ##[group]Run apt-get update -q && apt-get install -y -q --no-install-recommends ca-certificates
2026-10-08T15:09:15.6709942Z [36;1mapt-get update -q && apt-get install -y -q --no-install-recommends ca-certificates[0m
2026-10-08T15:09:15.6712061Z shell: sh -e {0}
2026-10-08T15:09:15.6712181Z env:
2026-10-08T15:09:15.6712305Z   RELEASE_TAG: v2.11.3-apple-validation.4
2026-10-08T15:09:15.6712457Z   DRY_RUN: true
2026-10-08T15:09:15.6712588Z   RELEASE_VERSION: 2.11.3-apple-validation.4
2026-10-08T15:09:15.6712740Z ##[endgroup]
2026-10-08T15:09:16.2104107Z Get:1 http://archive.ubuntu.com/ubuntu noble InRelease [256 kB]
2026-10-08T15:09:16.2833561Z Get:2 http://security.ubuntu.com/ubuntu noble-security InRelease [126 kB]
2026-10-08T15:09:16.3680123Z Get:3 http://archive.ubuntu.com/ubuntu noble-updates InRelease [126 kB]
2026-10-08T15:09:16.4117203Z Get:4 http://archive.ubuntu.com/ubuntu noble-backports InRelease [126 kB]
2026-10-08T15:09:16.5717578Z Get:5 http://archive.ubuntu.com/ubuntu noble/universe amd64 Packages [19.3 MB]
2026-10-08T15:09:16.6624151Z Get:6 http://security.ubuntu.com/ubuntu noble-security/universe amd64 Packages [1545 kB]
2026-10-08T15:09:16.9019763Z Get:7 http://security.ubuntu.com/ubuntu noble-security/main amd64 Packages [1362 kB]
2026-10-08T15:09:16.9571817Z Get:8 http://security.ubuntu.com/ubuntu noble-security/restricted amd64 Packages [1998 kB]
2026-10-08T15:09:16.9905154Z Get:9 http://archive.ubuntu.com/ubuntu noble/main amd64 Packages [1808 kB]
2026-10-08T15:09:16.9970425Z Get:10 http://archive.ubuntu.com/ubuntu noble/multiverse amd64 Packages [331 kB]
2026-10-08T15:09:16.9977251Z Get:11 http://archive.ubuntu.com/ubuntu noble/restricted amd64 Packages [117 kB]
2026-10-08T15:09:16.9982386Z Get:12 http://archive.ubuntu.com/ubuntu noble-updates/restricted amd64 Packages [2177 kB]
2026-10-08T15:09:16.9998042Z Get:13 http://security.ubuntu.com/ubuntu noble-security/multiverse amd64 Packages [50.0 kB]
2026-10-08T15:09:17.0056242Z Get:14 http://archive.ubuntu.com/ubuntu noble-updates/universe amd64 Packages [2166 kB]
2026-10-08T15:09:17.0120054Z Get:15 http://archive.ubuntu.com/ubuntu noble-updates/main amd64 Packages [1702 kB]
2026-10-08T15:09:17.0224627Z Get:16 http://archive.ubuntu.com/ubuntu noble-updates/multiverse amd64 Packages [67.4 kB]
2026-10-08T15:09:17.0226833Z Get:17 http://archive.ubuntu.com/ubuntu noble-backports/main amd64 Packages [49.0 kB]
2026-10-08T15:09:17.0231607Z Get:18 http://archive.ubuntu.com/ubuntu noble-backports/multiverse amd64 Packages [671 B]
2026-10-08T15:09:17.0232576Z Get:19 http://archive.ubuntu.com/ubuntu noble-backports/universe amd64 Packages [36.0 kB]
2026-10-08T15:09:17.7247680Z Fetched 33.4 MB in 2s (20.4 MB/s)
2026-10-08T15:09:18.3302314Z Reading package lists...
2026-10-08T15:09:18.9519711Z Reading package lists...
2026-10-08T15:09:19.1300556Z Building dependency tree...
2026-10-08T15:09:19.1300959Z Reading state information...
2026-10-08T15:09:19.3427897Z ca-certificates is already the newest version (20260601~24.04.1).
2026-10-08T15:09:19.3428219Z ca-certificates set to manually installed.
2026-10-08T15:09:19.3428436Z 0 upgraded, 0 newly installed, 0 to remove and 4 not upgraded.
2026-10-08T15:09:19.3510956Z ##[group]Run frontend/apple/swift.sh build -c release --static-swift-stdlib
2026-10-08T15:09:19.3511273Z [36;1mfrontend/apple/swift.sh build -c release --static-swift-stdlib[0m
2026-10-08T15:09:19.3511578Z shell: sh -e {0}
2026-10-08T15:09:19.3511694Z env:
2026-10-08T15:09:19.3511817Z   RELEASE_TAG: v2.11.3-apple-validation.4
2026-10-08T15:09:19.3511969Z   DRY_RUN: true
2026-10-08T15:09:19.3512096Z   RELEASE_VERSION: 2.11.3-apple-validation.4
2026-10-08T15:09:19.3512251Z ##[endgroup]
2026-10-08T15:09:20.1405952Z Fetching https://github.com/swiftlang/indexstore-db.git
2026-10-08T15:09:20.1406688Z Fetching https://github.com/apple/swift-protobuf.git
2026-10-08T15:09:20.1407200Z Fetching https://github.com/swiftlang/swift-syntax.git
2026-10-08T15:09:20.6921182Z [1/6125] Fetching indexstore-db
2026-10-08T15:09:21.4229173Z [6126/86506] Fetching indexstore-db, swift-syntax
2026-10-08T15:09:21.4804913Z [6930/141352] Fetching indexstore-db, swift-syntax, swift-protobuf
2026-10-08T15:09:25.3826771Z Fetched https://github.com/swiftlang/indexstore-db.git from cache (5.24s)
2026-10-08T15:09:25.3868489Z Fetching https://github.com/apple/swift-argument-parser.git
2026-10-08T15:09:25.4346981Z Fetched https://github.com/swiftlang/swift-syntax.git from cache (5.29s)
2026-10-08T15:09:25.9338705Z [1/19096] Fetching swift-argument-parser
2026-10-08T15:09:26.7928459Z Fetched https://github.com/apple/swift-protobuf.git from cache (6.65s)
2026-10-08T15:09:26.8456059Z Fetched https://github.com/apple/swift-argument-parser.git from cache (1.46s)
2026-10-08T15:09:26.8486631Z Creating working copy for https://github.com/apple/swift-protobuf.git
2026-10-08T15:09:27.1861719Z Working copy of https://github.com/apple/swift-protobuf.git resolved at 1.38.1
2026-10-08T15:09:27.1887840Z Creating working copy for https://github.com/swiftlang/swift-syntax.git
2026-10-08T15:09:27.3687740Z Working copy of https://github.com/swiftlang/swift-syntax.git resolved at 601.0.1
2026-10-08T15:09:27.3714452Z Creating working copy for https://github.com/swiftlang/indexstore-db.git
2026-10-08T15:09:27.4992509Z Working copy of https://github.com/swiftlang/indexstore-db.git resolved at release/6.1 (54212fc)
2026-10-08T15:09:27.5018666Z Creating working copy for https://github.com/apple/swift-argument-parser.git
2026-10-08T15:09:27.6114611Z Working copy of https://github.com/apple/swift-argument-parser.git resolved at 1.8.2
2026-10-08T15:09:36.0683682Z [1/1] Compiling plugin GenerateManual
2026-10-08T15:09:36.7391845Z [2/2] Compiling plugin GenerateDoccReference
2026-10-08T15:09:37.2414205Z [3/3] Compiling plugin SwiftProtobufPlugin
2026-10-08T15:09:37.2414513Z Building for production...
2026-10-08T15:09:37.2588272Z [3/105] Write sources
2026-10-08T15:09:37.4089312Z [11/105] Compiling _SwiftSyntaxCShims dummy.c
2026-10-08T15:09:37.4110160Z [12/105] Write swift-version-24593BA9C3E375BF.txt
2026-10-08T15:09:37.4450198Z [13/105] Compiling IndexStoreDB_Support Logging-NonMac.cpp
2026-10-08T15:09:37.6434052Z [15/106] Compiling SwiftSyntax601 Empty.swift
2026-10-08T15:09:37.6829202Z [15/106] Compiling IndexStoreDB_Support PatternMatching.cpp
2026-10-08T15:09:37.8237975Z [17/108] Compiling SwiftSyntax600 Empty.swift
2026-10-08T15:09:37.8694953Z [18/108] Compiling SwiftSyntax510 Empty.swift
2026-10-08T15:09:38.0055183Z [19/110] Compiling SwiftSyntax509 Empty.swift
2026-10-08T15:09:38.1402264Z [19/111] Compiling IndexStoreDB_Support Logging.cpp
2026-10-08T15:09:38.1610454Z [20/111] Compiling IndexStoreDB_Support Logging-Mac.mm
2026-10-08T15:09:38.2494824Z [21/111] Compiling IndexStoreDB_Support Path.cpp
2026-10-08T15:09:38.6748120Z [22/111] Compiling IndexStoreDB_Support FilePathWatcher.cpp
2026-10-08T15:09:38.8578774Z [23/111] Compiling IndexStoreDB_Support Concurrency-Mac.cpp
2026-10-08T15:09:39.3894528Z [24/111] Compiling circular_raw_ostream.cpp
2026-10-08T15:09:39.8514955Z [25/111] Compiling raw_ostream.cpp
2026-10-08T15:09:41.6406832Z [26/111] Compiling YAMLTraits.cpp
2026-10-08T15:09:42.3264852Z [27/111] Compiling WithColor.cpp
2026-10-08T15:09:42.3561280Z [28/111] Compiling Watchdog.cpp
2026-10-08T15:09:42.4964852Z [29/111] Compiling YAMLParser.cpp
2026-10-08T15:09:42.5231158Z [30/111] Compiling Valgrind.cpp
2026-10-08T15:09:42.6191745Z [31/111] Compiling UnicodeCaseFold.cpp
2026-10-08T15:09:42.9154962Z [32/111] Compiling VersionTuple.cpp
2026-10-08T15:09:43.2774052Z [33/111] Compiling Unicode.cpp
2026-10-08T15:09:43.5304791Z [34/111] Compiling Twine.cpp
2026-10-08T15:09:44.7328365Z [35/111] Compiling ToolOutputFile.cpp
2026-10-08T15:09:44.8979449Z [36/111] Compiling Triple.cpp
2026-10-08T15:09:45.7935502Z [37/111] Compiling Threading.cpp
2026-10-08T15:09:46.9525986Z [38/111] Compiling TargetParser.cpp
2026-10-08T15:09:47.6358562Z [39/111] Compiling Timer.cpp
2026-10-08T15:09:48.1765604Z [40/111] Compiling StringSaver.cpp
2026-10-08T15:09:48.7826504Z [41/111] Compiling StringRef.cpp
2026-10-08T15:09:49.0474004Z [42/111] Compiling StringMap.cpp
2026-10-08T15:09:49.4256379Z [43/111] Compiling StringExtras.cpp
2026-10-08T15:09:51.0878253Z [44/111] Compiling Statistic.cpp
2026-10-08T15:09:51.5095066Z [45/111] Compiling SmallVector.cpp
2026-10-08T15:09:51.5405486Z [46/111] Compiling SourceMgr.cpp
2026-10-08T15:09:52.0925804Z [47/111] Compiling Signposts.cpp
2026-10-08T15:09:52.1243830Z [48/111] Compiling SmallPtrSet.cpp
2026-10-08T15:09:53.2525232Z [49/111] Compiling Program.cpp
2026-10-08T15:09:53.5815707Z [50/111] Compiling Signals.cpp
2026-10-08T15:09:54.1774784Z [51/111] Compiling PrettyStackTrace.cpp
2026-10-08T15:09:54.4145386Z [52/111] Compiling Process.cpp
2026-10-08T15:09:55.0344450Z [53/111] Compiling Options.cpp
2026-10-08T15:09:55.4964890Z [54/111] Compiling Optional.cpp
2026-10-08T15:09:56.1303195Z [55/111] Compiling NativeFormatting.cpp
2026-10-08T15:09:56.2465129Z [56/111] Compiling Path.cpp
2026-10-08T15:09:56.6024569Z [57/111] Compiling Mutex.cpp
2026-10-08T15:09:57.1254136Z [58/111] Compiling MemoryBuffer.cpp
2026-10-08T15:09:57.1363549Z [59/111] Compiling Memory.cpp
2026-10-08T15:09:57.2631911Z [60/111] Compiling MathExtras.cpp
2026-10-08T15:09:57.6143798Z [61/111] Compiling ManagedStatic.cpp
2026-10-08T15:09:57.8413691Z [62/111] Compiling MD5.cpp
2026-10-08T15:09:58.0533643Z [63/111] Compiling Locale.cpp
2026-10-08T15:09:58.5084145Z [64/111] Compiling LineIterator.cpp
2026-10-08T15:09:59.8004693Z [65/111] Compiling Host.cpp
2026-10-08T15:09:59.9684285Z [66/111] Compiling JSON.cpp
2026-10-08T15:10:00.2433779Z [67/111] Compiling Hashing.cpp
2026-10-08T15:10:00.7288513Z [68/111] Compiling FormatVariadic.cpp
2026-10-08T15:10:01.0863563Z [69/111] Compiling FoldingSet.cpp
2026-10-08T15:10:01.7254521Z [70/111] Compiling ErrorHandling.cpp
2026-10-08T15:10:01.9731257Z [71/111] Compiling FileUtilities.cpp
2026-10-08T15:10:02.4854149Z [72/111] Compiling Errno.cpp
2026-10-08T15:10:02.8487729Z [73/111] Compiling Error.cpp
2026-10-08T15:10:03.6963343Z [74/111] Compiling DJB.cpp
2026-10-08T15:10:03.7145850Z [75/111] Compiling Debug.cpp
2026-10-08T15:10:04.1442028Z [76/111] Compiling ConvertUTF.cpp
2026-10-08T15:10:04.5425210Z [77/111] Compiling ConvertUTFWrapper.cpp
2026-10-08T15:10:05.2164450Z [78/111] Compiling Chrono.cpp
2026-10-08T15:10:05.5308941Z [79/111] Compiling Atomic.cpp
2026-10-08T15:10:06.3775623Z [80/111] Compiling Allocator.cpp
2026-10-08T15:10:07.9964961Z [81/111] Compiling ARMTargetParser.cpp
2026-10-08T15:10:08.8455280Z [82/111] Compiling APSInt.cpp
2026-10-08T15:10:09.2904882Z [83/111] Compiling CommandLine.cpp
2026-10-08T15:10:12.9269891Z [84/111] Compiling APFloat.cpp
2026-10-08T15:10:13.4553797Z [85/111] Compiling APInt.cpp
2026-10-08T15:10:13.7044988Z [86/111] Compiling AArch64TargetParser.cpp
2026-10-08T15:10:15.6436105Z [87/111] Compiling IndexStoreDB_Index StoreSymbolRecord.cpp
2026-10-08T15:10:15.9864440Z [88/111] Compiling IndexStoreDB_Index SymbolIndex.cpp
2026-10-08T15:10:16.8206993Z [89/111] Compiling IndexStoreDB_Index IndexStoreLibraryProvider.cpp
2026-10-08T15:10:18.3575939Z [90/111] Compiling IndexStoreDB_Index IndexSystem.cpp
2026-10-08T15:10:19.4635704Z [91/111] Compiling IndexStoreDB_Index FileVisibilityChecker.cpp
2026-10-08T15:10:19.6099416Z [93/111] Compiling SwiftProtobuf AnyMessageStorage.swift
2026-10-08T15:10:19.7202234Z [93/111] Compiling midl.c
2026-10-08T15:10:21.0815267Z [94/111] Compiling IndexStoreDB_Index FilePathIndex.cpp
2026-10-08T15:10:21.2403593Z [95/111] Compiling mdb.c
2026-10-08T15:10:21.8025694Z [96/111] Compiling IndexStoreDB_Index IndexDatastore.cpp
2026-10-08T15:10:22.3895103Z [97/111] Compiling IndexStoreDB_Database DatabaseError.cpp
2026-10-08T15:10:22.5255325Z [98/111] Compiling IndexStoreDB_Database ReadTransaction.cpp
2026-10-08T15:10:22.8444791Z [99/111] Compiling IndexStoreDB_Database ImportTransaction.cpp
2026-10-08T15:10:23.2696225Z [100/111] Compiling IndexStoreDB_Core Symbol.cpp
2026-10-08T15:10:23.2709516Z [101/111] Write sources
2026-10-08T15:10:23.8956420Z [103/112] Compiling IndexStoreDB_Database Database.cpp
2026-10-08T15:10:23.8968125Z [104/112] Write sources
2026-10-08T15:10:24.1575243Z [107/113] Compiling IndexStoreDB_CIndexStoreDB CIndexStoreDB.cpp
2026-10-08T15:10:25.8297162Z [109/114] Compiling ArgumentParserToolInfo ToolInfo.swift
2026-10-08T15:10:26.3004550Z [110/115] Compiling IndexStoreDB IndexDelegate.swift
2026-10-08T15:10:26.3005466Z <module-includes>:1:10: note: in file included from <module-includes>:1:
2026-10-08T15:10:26.3006142Z 1 | #include "CIndexStoreDB.h"
2026-10-08T15:10:26.3020064Z   |          `- note: in file included from <module-includes>:1:
2026-10-08T15:10:26.3020728Z 2 | 
2026-10-08T15:10:32.1093560Z [111/115] Compiling GraphiteIR IRWriter.swift
2026-10-08T15:10:39.7002510Z [112/115] Compiling ArgumentParser BashCompletionsGenerator.swift
2026-10-08T15:13:17.7813530Z [113/115] Compiling SwiftSyntax AbsolutePosition.swift
2026-10-08T15:13:47.6426547Z [114/116] Compiling SwiftParser Attributes.swift
2026-10-08T15:13:54.9666422Z [115/117] Compiling GraphiteFrontend ClangUSR.swift
2026-10-08T15:13:55.4443840Z [116/118] Compiling graphite_frontend_apple main.swift
2026-10-08T15:13:55.4497083Z [116/118] Write Objects.LinkFileList
2026-10-08T15:13:56.9433273Z /usr/lib/swift_static/linux/libFoundationEssentials.a(Data+Writing.swift.o):_ThreadLocal.swift.o:function $s20FoundationEssentials19createTemporaryFile33_FC9EC52B075D2ACCFF86F1C9F84293BELL2at6inPath6prefix7options7variants5Int32V_SStSS_AA0Q5OrURLOSSAA4DataV14WritingOptionsVSSSgtKFTf4nnndn_n:(.text+0x250b): warning: the use of `mktemp' is dangerous, better use `mkstemp' or `mkdtemp'
2026-10-08T15:13:56.9435334Z /usr/lib/swift_static/linux/libFoundationEssentials.a(Data+Writing.swift.o):_ThreadLocal.swift.o:function $s20FoundationEssentials19createTemporaryFile33_FC9EC52B075D2ACCFF86F1C9F84293BELL2at6inPath6prefix7options7variants5Int32V_SStSS_AA0Q5OrURLOSSAA4DataV14WritingOptionsVSSSgtKFTf4nnndn_n:(.text+0x25a8): warning: the use of `mktemp' is dangerous, better use `mkstemp' or `mkdtemp'
2026-10-08T15:13:56.9437109Z /usr/lib/swift_static/linux/libFoundationEssentials.a(Data+Writing.swift.o):_ThreadLocal.swift.o:function $s20FoundationEssentials19createTemporaryFile33_FC9EC52B075D2ACCFF86F1C9F84293BELL2at6inPath6prefix7options7variants5Int32V_SStSS_AA0Q5OrURLOSSAA4DataV14WritingOptionsVSSSgtKFTf4nnndn_n:(.text+0x25ef): warning: the use of `mktemp' is dangerous, better use `mkstemp' or `mkdtemp'
2026-10-08T15:13:56.9438846Z /usr/lib/swift_static/linux/libFoundationEssentials.a(Data+Writing.swift.o):_ThreadLocal.swift.o:function $s20FoundationEssentials19createTemporaryFile33_FC9EC52B075D2ACCFF86F1C9F84293BELL2at6inPath6prefix7options7variants5Int32V_SStSS_AA0Q5OrURLOSSAA4DataV14WritingOptionsVSSSgtKFTf4nnndn_n:(.text+0x268e): warning: the use of `mktemp' is dangerous, better use `mkstemp' or `mkdtemp'
2026-10-08T15:13:56.9440573Z /usr/lib/swift_static/linux/libFoundationEssentials.a(Data+Writing.swift.o):_ThreadLocal.swift.o:function $s20FoundationEssentials19createTemporaryFile33_FC9EC52B075D2ACCFF86F1C9F84293BELL2at6inPath6prefix7options7variants5Int32V_SStSS_AA0Q5OrURLOSSAA4DataV14WritingOptionsVSSSgtKFTf4nnndn_n:(.text+0x26df): warning: the use of `mktemp' is dangerous, better use `mkstemp' or `mkdtemp'
2026-10-08T15:13:56.9442230Z [117/118] Linking graphite-frontend-apple
2026-10-08T15:13:56.9462836Z Build complete! (276.81s)
2026-10-08T15:13:56.9643112Z ##[group]Run ASSET="graphite-frontend-apple-${RELEASE_VERSION}-x86_64-unknown-linux-gnu.tar.gz"
2026-10-08T15:13:56.9643526Z [36;1mASSET="graphite-frontend-apple-${RELEASE_VERSION}-x86_64-unknown-linux-gnu.tar.gz"[0m
2026-10-08T15:13:56.9643805Z [36;1mBIN="frontend/apple/.build/release/graphite-frontend-apple"[0m
2026-10-08T15:13:56.9644167Z [36;1m"${BIN}" version[0m
2026-10-08T15:13:56.9644321Z [36;1m"${BIN}" describe | grep -F '"ir_schema": [1]'[0m
2026-10-08T15:13:56.9644492Z [36;1mmkdir -p release-assets[0m
2026-10-08T15:13:56.9644714Z [36;1mtar -czf "release-assets/${ASSET}" -C "$(dirname "${BIN}")" graphite-frontend-apple[0m
2026-10-08T15:13:56.9644983Z [36;1m(cd release-assets && shasum -a 256 "${ASSET}" > "${ASSET}.sha256")[0m
2026-10-08T15:13:56.9645187Z [36;1mcat "release-assets/${ASSET}.sha256"[0m
2026-10-08T15:13:56.9646549Z shell: bash --noprofile --norc -e -o pipefail {0}
2026-10-08T15:13:56.9646723Z env:
2026-10-08T15:13:56.9646888Z   RELEASE_TAG: v2.11.3-apple-validation.4
2026-10-08T15:13:56.9647033Z   DRY_RUN: true
2026-10-08T15:13:56.9647152Z   RELEASE_VERSION: 2.11.3-apple-validation.4
2026-10-08T15:13:56.9647295Z ##[endgroup]
2026-10-08T15:13:57.0076172Z 0.1.0
2026-10-08T15:13:57.0125280Z {"name": "graphite-frontend-apple", "version": "0.1.0", "ir_schema": [1], "inputs": ["Package.swift", "xcodeproj", "xcworkspace", "index-store"], "aliases": {"swift": "apple", "ios": "apple", "macos": "apple"}, "indexable": ["swift"]}
2026-10-08T15:14:01.0112721Z 5bbef01799115ac66f67b86e5ba7ca5cdf1521a86ef2b7405fc7f07a026d8a7d  graphite-frontend-apple-2.11.3-apple-validation.4-x86_64-unknown-linux-gnu.tar.gz
2026-10-08T15:14:01.0186832Z ##[group]Run actions/upload-artifact@v7
2026-10-08T15:14:01.0187001Z with:
2026-10-08T15:14:01.0187138Z   name: apple-frontend-x86_64-unknown-linux-gnu
2026-10-08T15:14:01.0187310Z   path: release-assets/*
2026-10-08T15:14:01.0187569Z   if-no-files-found: error
2026-10-08T15:14:01.0187696Z   compression-level: 6
2026-10-08T15:14:01.0187812Z   overwrite: false
2026-10-08T15:14:01.0187928Z   include-hidden-files: false
2026-10-08T15:14:01.0188056Z   archive: true
2026-10-08T15:14:01.0188161Z env:
2026-10-08T15:14:01.0188277Z   RELEASE_TAG: v2.11.3-apple-validation.4
2026-10-08T15:14:01.0188420Z   DRY_RUN: true
2026-10-08T15:14:01.0188538Z   RELEASE_VERSION: 2.11.3-apple-validation.4
2026-10-08T15:14:01.0188683Z ##[endgroup]
2026-10-08T15:14:01.0191147Z ##[command]/usr/bin/docker exec  c8340d210b76795b86ed1cead7aaf952fb8ef91584d867d3a6e07ba502a83231 sh -c "cat /etc/*release | grep ^ID"
2026-10-08T15:14:01.1916118Z With the provided path, there will be 2 files uploaded
2026-10-08T15:14:01.1916674Z Artifact name is valid!
2026-10-08T15:14:01.1916880Z Root directory input is valid!
2026-10-08T15:14:01.4538797Z Uploading artifact: apple-frontend-x86_64-unknown-linux-gnu.zip
2026-10-08T15:14:01.4566912Z Beginning upload of artifact content to blob storage
2026-10-08T15:14:02.1773794Z Uploaded bytes 8388608
2026-10-08T15:14:02.3216919Z Uploaded bytes 16777216
2026-10-08T15:14:02.4419626Z Uploaded bytes 25165824
2026-10-08T15:14:02.7321535Z Uploaded bytes 33554432
2026-10-08T15:14:02.9408863Z Uploaded bytes 41277220
2026-10-08T15:14:02.9823801Z Finished uploading artifact content to blob storage!
2026-10-08T15:14:02.9824802Z SHA256 digest of uploaded artifact is be7c1520ef22bc1ab1ee6458b12ca19dd551b98cb4f2159c54f398b9bf681be0
2026-10-08T15:14:02.9826096Z Finalizing artifact upload
2026-10-08T15:14:03.3140824Z Artifact apple-frontend-x86_64-unknown-linux-gnu successfully finalized. Artifact ID 11558604770
2026-10-08T15:14:03.3141614Z Artifact apple-frontend-x86_64-unknown-linux-gnu has been successfully uploaded! Final size is 41277220 bytes. Artifact ID is 11558604770
2026-10-08T15:14:03.3145414Z Artifact download URL: https://github.com/johnsonlee/graphite/actions/runs/37798249852/artifacts/11558604770
2026-10-08T15:14:03.3341473Z Post job cleanup.
2026-10-08T15:14:03.3345947Z ##[command]/usr/bin/docker exec  c8340d210b76795b86ed1cead7aaf952fb8ef91584d867d3a6e07ba502a83231 sh -c "cat /etc/*release | grep ^ID"
2026-10-08T15:14:03.4574777Z [command]/usr/bin/git version
2026-10-08T15:14:03.4601486Z git version 2.43.0
2026-10-08T15:14:03.4626039Z Temporarily overriding HOME='/__w/_temp/d59128a3-28a5-45c5-a34d-aaa701946fc4' before making global git config changes
2026-10-08T15:14:03.4626921Z Adding repository directory to the temporary git global config as a safe directory
2026-10-08T15:14:03.4629656Z [command]/usr/bin/git config --global --add safe.directory /__w/graphite/graphite
2026-10-08T15:14:03.4658955Z Removing SSH command configuration
2026-10-08T15:14:03.4664094Z [command]/usr/bin/git config --local --name-only --get-regexp core\.sshCommand
2026-10-08T15:14:03.4695888Z [command]/usr/bin/git submodule foreach --recursive sh -c "git config --local --name-only --get-regexp 'core\.sshCommand' && git config --local --unset-all 'core.sshCommand' || :"
2026-10-08T15:14:03.4897966Z Removing HTTP extra header
2026-10-08T15:14:03.4898417Z [command]/usr/bin/git config --local --name-only --get-regexp http\.https\:\/\/github\.com\/\.extraheader
2026-10-08T15:14:03.4920087Z [command]/usr/bin/git submodule foreach --recursive sh -c "git config --local --name-only --get-regexp 'http\.https\:\/\/github\.com\/\.extraheader' && git config --local --unset-all 'http.https://github.com/.extraheader' || :"
2026-10-08T15:14:03.5108882Z Removing includeIf entries pointing to credentials config files
2026-10-08T15:14:03.5116298Z [command]/usr/bin/git config --local --name-only --get-regexp ^includeIf\.gitdir:
2026-10-08T15:14:03.5140676Z includeif.gitdir:/__w/graphite/graphite/.git.path
2026-10-08T15:14:03.5141034Z includeif.gitdir:/__w/graphite/graphite/.git/worktrees/*.path
2026-10-08T15:14:03.5141423Z includeif.gitdir:/github/workspace/.git.path
2026-10-08T15:14:03.5142060Z includeif.gitdir:/github/workspace/.git/worktrees/*.path
2026-10-08T15:14:03.5147687Z [command]/usr/bin/git config --local --get-all includeif.gitdir:/__w/graphite/graphite/.git.path
2026-10-08T15:14:03.5170330Z /__w/_temp/git-credentials-779384fe-99bb-4ca1-a561-e695acb29969.config
2026-10-08T15:14:03.5177321Z [command]/usr/bin/git config --local --unset includeif.gitdir:/__w/graphite/graphite/.git.path \/__w\/_temp\/git\-credentials\-779384fe\-99bb\-4ca1\-a561\-e695acb29969\.config
2026-10-08T15:14:03.5208532Z [command]/usr/bin/git config --local --get-all includeif.gitdir:/__w/graphite/graphite/.git/worktrees/*.path
2026-10-08T15:14:03.5229921Z /__w/_temp/git-credentials-779384fe-99bb-4ca1-a561-e695acb29969.config
2026-10-08T15:14:03.5235583Z [command]/usr/bin/git config --local --unset includeif.gitdir:/__w/graphite/graphite/.git/worktrees/*.path \/__w\/_temp\/git\-credentials\-779384fe\-99bb\-4ca1\-a561\-e695acb29969\.config
2026-10-08T15:14:03.5264979Z [command]/usr/bin/git config --local --get-all includeif.gitdir:/github/workspace/.git.path
2026-10-08T15:14:03.5285405Z /github/runner_temp/git-credentials-779384fe-99bb-4ca1-a561-e695acb29969.config
2026-10-08T15:14:03.5313041Z [command]/usr/bin/git config --local --unset includeif.gitdir:/github/workspace/.git.path \/github\/runner_temp\/git\-credentials\-779384fe\-99bb\-4ca1\-a561\-e695acb29969\.config
2026-10-08T15:14:03.5320576Z [command]/usr/bin/git config --local --get-all includeif.gitdir:/github/workspace/.git/worktrees/*.path
2026-10-08T15:14:03.5342615Z /github/runner_temp/git-credentials-779384fe-99bb-4ca1-a561-e695acb29969.config
2026-10-08T15:14:03.5354905Z [command]/usr/bin/git config --local --unset includeif.gitdir:/github/workspace/.git/worktrees/*.path \/github\/runner_temp\/git\-credentials\-779384fe\-99bb\-4ca1\-a561\-e695acb29969\.config
2026-10-08T15:14:03.5385638Z [command]/usr/bin/git submodule foreach --recursive git config --local --show-origin --name-only --get-regexp remote.origin.url
2026-10-08T15:14:03.5575584Z Removing credentials config '/__w/_temp/git-credentials-779384fe-99bb-4ca1-a561-e695acb29969.config'
2026-10-08T15:14:03.5710654Z Stop and remove container: c15b380ef75f4fd2b4afce642f8c0244_swift613_de1686
2026-10-08T15:14:03.5713493Z ##[command]/usr/bin/docker rm --force c8340d210b76795b86ed1cead7aaf952fb8ef91584d867d3a6e07ba502a83231
2026-10-08T15:14:04.6611739Z c8340d210b76795b86ed1cead7aaf952fb8ef91584d867d3a6e07ba502a83231
2026-10-08T15:14:04.6635463Z Remove container network: github_network_c2a712b12ba64b819b9b002b2c999d08
2026-10-08T15:14:04.6638161Z ##[command]/usr/bin/docker network rm github_network_c2a712b12ba64b819b9b002b2c999d08
2026-10-08T15:14:04.7794032Z github_network_c2a712b12ba64b819b9b002b2c999d08
2026-10-08T15:14:04.7892559Z Cleaning up orphan processes
