2026-10-08T15:08:39.9736210Z Current runner version: '2.337.0'
2026-10-08T15:08:39.9753270Z ##[group]Runner Image Provisioner
2026-10-08T15:08:39.9753830Z Hosted Compute Agent
2026-10-08T15:08:39.9754190Z Version: 20260828.587
2026-10-08T15:08:39.9754590Z Commit: abac92662cab4cc7352de4f9f9d2e2419aad9c29
2026-10-08T15:08:39.9755290Z Build Date: 2026-08-28T16:44:25Z
2026-10-08T15:08:39.9755730Z Worker ID: {0ea62016-13be-4b6e-b009-cbcc66195964}
2026-10-08T15:08:39.9756180Z Azure Region: westus
2026-10-08T15:08:39.9756540Z ##[endgroup]
2026-10-08T15:08:39.9757540Z ##[group]Operating System
2026-10-08T15:08:39.9757930Z macOS
2026-10-08T15:08:39.9758270Z 15.7.9
2026-10-08T15:08:39.9758670Z 24G830
2026-10-08T15:08:39.9759040Z ##[endgroup]
2026-10-08T15:08:39.9759470Z ##[group]Runner Image
2026-10-08T15:08:39.9759900Z Image: macos-15-arm64
2026-10-08T15:08:39.9760290Z Version: 20260907.0337.1
2026-10-08T15:08:39.9761140Z Included Software: https://github.com/actions/runner-images/blob/macos-15-arm64/20260907.0337/images/macos/macos-15-arm64-Readme.md
2026-10-08T15:08:39.9762190Z Image Release: https://github.com/actions/runner-images/releases/tag/macos-15-arm64%2F20260907.0337
2026-10-08T15:08:39.9762900Z ##[endgroup]
2026-10-08T15:08:39.9763650Z ##[group]GITHUB_TOKEN Permissions
2026-10-08T15:08:39.9764780Z Contents: read
2026-10-08T15:08:39.9765130Z Metadata: read
2026-10-08T15:08:39.9765540Z ##[endgroup]
2026-10-08T15:08:39.9766910Z Secret source: Actions
2026-10-08T15:08:39.9767500Z Cache mode: write
2026-10-08T15:08:39.9767940Z Prepare workflow directory
2026-10-08T15:08:40.0130440Z Prepare all required actions
2026-10-08T15:08:40.0171100Z Getting action download info
2026-10-08T15:08:40.1509300Z Download action repository 'actions/checkout@v7' (SHA:3d3c42e5aac5ba805825da76410c181273ba90b1)
2026-10-08T15:08:40.4836230Z Download action repository 'maxim-lobanov/setup-xcode@v1' (SHA:ed7a3b1fda3918c0306d1b724322adc0b8cc0a90)
2026-10-08T15:08:41.0479430Z Download action repository 'actions/upload-artifact@v7' (SHA:cf430e030ddbb5b0abf93d22962f4752f3646cd9)
2026-10-08T15:08:41.9374040Z Complete job name: apple-frontend (macos-15, aarch64-apple-darwin)
2026-10-08T15:08:41.9983880Z ##[group]Run actions/checkout@v7
2026-10-08T15:08:41.9985030Z with:
2026-10-08T15:08:41.9985700Z   ref: 1ba3808f79db8190ecd278a3853ab7a27d5abac9
2026-10-08T15:08:41.9986560Z   repository: johnsonlee/graphite
2026-10-08T15:08:41.9993300Z   token: ***
2026-10-08T15:08:41.9993930Z   ssh-strict: true
2026-10-08T15:08:41.9994640Z   ssh-user: git
2026-10-08T15:08:41.9995310Z   persist-credentials: true
2026-10-08T15:08:41.9996070Z   clean: true
2026-10-08T15:08:41.9996700Z   sparse-checkout-cone-mode: true
2026-10-08T15:08:41.9997520Z   fetch-depth: 1
2026-10-08T15:08:41.9998230Z   fetch-tags: false
2026-10-08T15:08:41.9998900Z   show-progress: true
2026-10-08T15:08:41.9999650Z   lfs: false
2026-10-08T15:08:42.0000260Z   submodules: false
2026-10-08T15:08:42.0001440Z   set-safe-directory: true
2026-10-08T15:08:42.0002290Z   allow-unsafe-pr-checkout: false
2026-10-08T15:08:42.0003330Z env:
2026-10-08T15:08:42.0004070Z   RELEASE_TAG: v2.11.3-apple-validation.4
2026-10-08T15:08:42.0005250Z   DRY_RUN: true
2026-10-08T15:08:42.0005930Z   RELEASE_VERSION: 2.11.3-apple-validation.4
2026-10-08T15:08:42.0007050Z ##[endgroup]
2026-10-08T15:08:42.3695070Z Syncing repository: johnsonlee/graphite
2026-10-08T15:08:42.3701290Z ##[group]Getting Git version info
2026-10-08T15:08:42.3703730Z Working directory is '/Users/runner/work/graphite/graphite'
2026-10-08T15:08:42.3707620Z [command]/opt/homebrew/bin/git version
2026-10-08T15:08:42.4202510Z git version 2.55.0
2026-10-08T15:08:42.4223130Z ##[endgroup]
2026-10-08T15:08:42.4230980Z Copying '/Users/runner/.gitconfig' to '/Users/runner/work/_temp/18f09f7f-d530-4a74-913b-b1b2e18009fb/.gitconfig'
2026-10-08T15:08:42.4233900Z Temporarily overriding HOME='/Users/runner/work/_temp/18f09f7f-d530-4a74-913b-b1b2e18009fb' before making global git config changes
2026-10-08T15:08:42.4237310Z Adding repository directory to the temporary git global config as a safe directory
2026-10-08T15:08:42.4240340Z [command]/opt/homebrew/bin/git config --global --add safe.directory /Users/runner/work/graphite/graphite
2026-10-08T15:08:42.4363370Z Deleting the contents of '/Users/runner/work/graphite/graphite'
2026-10-08T15:08:42.4367140Z ##[group]Determining repository object format
2026-10-08T15:08:42.4369740Z ##[endgroup]
2026-10-08T15:08:42.4371210Z ##[group]Initializing the repository
2026-10-08T15:08:42.4378470Z [command]/opt/homebrew/bin/git init /Users/runner/work/graphite/graphite
2026-10-08T15:08:42.4657750Z hint: Using 'master' as the name for the initial branch. This default branch name
2026-10-08T15:08:42.4668270Z hint: will change to "main" in Git 3.0. To configure the initial branch name
2026-10-08T15:08:42.4669780Z hint: to use in all of your new repositories, which will suppress this warning,
2026-10-08T15:08:42.4670940Z hint: call:
2026-10-08T15:08:42.4671630Z hint:
2026-10-08T15:08:42.4672540Z hint: 	git config --global init.defaultBranch <name>
2026-10-08T15:08:42.4674300Z hint:
2026-10-08T15:08:42.4675670Z hint: Names commonly chosen instead of 'master' are 'main', 'trunk' and
2026-10-08T15:08:42.4679700Z hint: 'development'. The just-created branch can be renamed via this command:
2026-10-08T15:08:42.4682750Z hint:
2026-10-08T15:08:42.4684710Z hint: 	git branch -m <name>
2026-10-08T15:08:42.4686760Z hint:
2026-10-08T15:08:42.4689150Z hint: Disable this message with "git config set advice.defaultBranchName false"
2026-10-08T15:08:42.4693210Z Initialized empty Git repository in /Users/runner/work/graphite/graphite/.git/
2026-10-08T15:08:42.4699680Z [command]/opt/homebrew/bin/git remote add origin https://github.com/johnsonlee/graphite
2026-10-08T15:08:42.4801920Z ##[endgroup]
2026-10-08T15:08:42.4803780Z ##[group]Disabling automatic garbage collection
2026-10-08T15:08:42.4804890Z [command]/opt/homebrew/bin/git config --local gc.auto 0
2026-10-08T15:08:42.4872000Z ##[endgroup]
2026-10-08T15:08:42.4875180Z ##[group]Setting up auth
2026-10-08T15:08:42.4877600Z Removing SSH command configuration
2026-10-08T15:08:42.4881120Z [command]/opt/homebrew/bin/git config --local --name-only --get-regexp core\.sshCommand
2026-10-08T15:08:42.4941970Z [command]/opt/homebrew/bin/git submodule foreach --recursive sh -c "git config --local --name-only --get-regexp 'core\.sshCommand' && git config --local --unset-all 'core.sshCommand' || :"
2026-10-08T15:08:42.6297710Z Removing HTTP extra header
2026-10-08T15:08:42.6301890Z [command]/opt/homebrew/bin/git config --local --name-only --get-regexp http\.https\:\/\/github\.com\/\.extraheader
2026-10-08T15:08:42.6371910Z [command]/opt/homebrew/bin/git submodule foreach --recursive sh -c "git config --local --name-only --get-regexp 'http\.https\:\/\/github\.com\/\.extraheader' && git config --local --unset-all 'http.https://github.com/.extraheader' || :"
2026-10-08T15:08:42.7413070Z Removing includeIf entries pointing to credentials config files
2026-10-08T15:08:42.7450240Z [command]/opt/homebrew/bin/git config --local --name-only --get-regexp ^includeIf\.gitdir:
2026-10-08T15:08:42.7562310Z [command]/opt/homebrew/bin/git submodule foreach --recursive git config --local --show-origin --name-only --get-regexp remote.origin.url
2026-10-08T15:08:42.8685890Z [command]/opt/homebrew/bin/git config --file /Users/runner/work/_temp/git-credentials-40fb2bdc-a24c-48ff-8054-40d968ad34fa.config http.https://github.com/.extraheader AUTHORIZATION: basic ***
2026-10-08T15:08:42.8694110Z [command]/opt/homebrew/bin/git config --local includeIf.gitdir:/Users/runner/work/graphite/graphite/.git.path /Users/runner/work/_temp/git-credentials-40fb2bdc-a24c-48ff-8054-40d968ad34fa.config
2026-10-08T15:08:42.8732310Z [command]/opt/homebrew/bin/git config --local includeIf.gitdir:/Users/runner/work/graphite/graphite/.git/worktrees/*.path /Users/runner/work/_temp/git-credentials-40fb2bdc-a24c-48ff-8054-40d968ad34fa.config
2026-10-08T15:08:42.8800780Z [command]/opt/homebrew/bin/git config --local includeIf.gitdir:/github/workspace/.git.path /github/runner_temp/git-credentials-40fb2bdc-a24c-48ff-8054-40d968ad34fa.config
2026-10-08T15:08:42.8887520Z [command]/opt/homebrew/bin/git config --local includeIf.gitdir:/github/workspace/.git/worktrees/*.path /github/runner_temp/git-credentials-40fb2bdc-a24c-48ff-8054-40d968ad34fa.config
2026-10-08T15:08:42.8954430Z ##[endgroup]
2026-10-08T15:08:42.8955600Z ##[group]Fetching the repository
2026-10-08T15:08:42.8956760Z [command]/opt/homebrew/bin/git -c protocol.version=2 fetch --no-tags --prune --no-recurse-submodules --depth=1 origin 1ba3808f79db8190ecd278a3853ab7a27d5abac9
2026-10-08T15:08:44.1394360Z From https://github.com/johnsonlee/graphite
2026-10-08T15:08:44.1396950Z  * branch            1ba3808f79db8190ecd278a3853ab7a27d5abac9 -> FETCH_HEAD
2026-10-08T15:08:44.1423410Z [command]/opt/homebrew/bin/git rev-parse --verify --quiet 1ba3808f79db8190ecd278a3853ab7a27d5abac9^{object}
2026-10-08T15:08:44.1468940Z 1ba3808f79db8190ecd278a3853ab7a27d5abac9
2026-10-08T15:08:44.1471100Z ##[endgroup]
2026-10-08T15:08:44.1471530Z ##[group]Determining the checkout info
2026-10-08T15:08:44.1472010Z ##[endgroup]
2026-10-08T15:08:44.1473570Z [command]/opt/homebrew/bin/git sparse-checkout disable
2026-10-08T15:08:44.1549280Z [command]/opt/homebrew/bin/git config --local --unset-all extensions.worktreeConfig
2026-10-08T15:08:44.1607690Z ##[group]Checking out the ref
2026-10-08T15:08:44.1609720Z [command]/opt/homebrew/bin/git checkout --progress --force 1ba3808f79db8190ecd278a3853ab7a27d5abac9
2026-10-08T15:08:44.3314010Z HEAD is now at 1ba3808 Fix hosted Apple corpus build prerequisites
2026-10-08T15:08:44.3404650Z ##[endgroup]
2026-10-08T15:08:44.3500210Z [command]/opt/homebrew/bin/git log -1 --format=%H
2026-10-08T15:08:44.3531000Z 1ba3808f79db8190ecd278a3853ab7a27d5abac9
2026-10-08T15:08:44.3704450Z ##[group]Run maxim-lobanov/setup-xcode@v1
2026-10-08T15:08:44.3704690Z with:
2026-10-08T15:08:44.3704880Z   xcode-version: 16.4
2026-10-08T15:08:44.3705050Z env:
2026-10-08T15:08:44.3705250Z   RELEASE_TAG: v2.11.3-apple-validation.4
2026-10-08T15:08:44.3705470Z   DRY_RUN: true
2026-10-08T15:08:44.3705790Z   RELEASE_VERSION: 2.11.3-apple-validation.4
2026-10-08T15:08:44.3706110Z ##[endgroup]
2026-10-08T15:08:44.4420350Z Switching Xcode to version '16.4'...
2026-10-08T15:08:44.6037300Z Xcode is set to 16.4.0 (16F6)
2026-10-08T15:08:44.6167610Z ##[group]Run frontend/apple/swift.sh build -c release 
2026-10-08T15:08:44.6168030Z [36;1mfrontend/apple/swift.sh build -c release [0m
2026-10-08T15:08:44.6208040Z shell: /bin/bash -e {0}
2026-10-08T15:08:44.6208420Z env:
2026-10-08T15:08:44.6208650Z   RELEASE_TAG: v2.11.3-apple-validation.4
2026-10-08T15:08:44.6208980Z   DRY_RUN: true
2026-10-08T15:08:44.6209180Z   RELEASE_VERSION: 2.11.3-apple-validation.4
2026-10-08T15:08:44.6209510Z   MD_APPLE_SDK_ROOT: /Applications/Xcode_16.4.app
2026-10-08T15:08:44.6209770Z ##[endgroup]
2026-10-08T15:08:51.4538560Z Fetching https://github.com/apple/swift-argument-parser.git
2026-10-08T15:08:51.4551840Z Fetching https://github.com/swiftlang/indexstore-db.git
2026-10-08T15:08:52.4176220Z [1/19096] Fetching swift-argument-parser
2026-10-08T15:08:52.4861220Z [192/25221] Fetching swift-argument-parser, indexstore-db
2026-10-08T15:08:54.2799630Z Fetched https://github.com/swiftlang/indexstore-db.git from cache (2.82s)
2026-10-08T15:08:54.2801960Z Fetched https://github.com/apple/swift-argument-parser.git from cache (2.83s)
2026-10-08T15:08:54.2911190Z Fetching https://github.com/swiftlang/swift-syntax.git
2026-10-08T15:08:54.2950440Z Fetching https://github.com/apple/swift-protobuf.git
2026-10-08T15:08:55.8004700Z [1/54846] Fetching swift-protobuf
2026-10-08T15:08:56.0960760Z [4389/135227] Fetching swift-protobuf, swift-syntax
2026-10-08T15:09:02.3971970Z Fetched https://github.com/swiftlang/swift-syntax.git from cache (8.11s)
2026-10-08T15:09:02.3974040Z Fetched https://github.com/apple/swift-protobuf.git from cache (8.11s)
2026-10-08T15:09:02.4135740Z Creating working copy for https://github.com/swiftlang/indexstore-db.git
2026-10-08T15:09:02.5919330Z Working copy of https://github.com/swiftlang/indexstore-db.git resolved at release/6.1 (54212fc)
2026-10-08T15:09:02.6055090Z Creating working copy for https://github.com/swiftlang/swift-syntax.git
2026-10-08T15:09:02.8821640Z Working copy of https://github.com/swiftlang/swift-syntax.git resolved at 601.0.1
2026-10-08T15:09:02.8957430Z Creating working copy for https://github.com/apple/swift-protobuf.git
2026-10-08T15:09:03.5658740Z Working copy of https://github.com/apple/swift-protobuf.git resolved at 1.38.1
2026-10-08T15:09:03.5923780Z Creating working copy for https://github.com/apple/swift-argument-parser.git
2026-10-08T15:09:03.7430890Z Working copy of https://github.com/apple/swift-argument-parser.git resolved at 1.8.2
2026-10-08T15:09:30.6455030Z [1/1] Compiling plugin GenerateManual
2026-10-08T15:09:32.1424010Z [2/2] Compiling plugin GenerateDoccReference
2026-10-08T15:09:33.2919790Z [3/3] Compiling plugin SwiftProtobufPlugin
2026-10-08T15:09:33.2920790Z Building for production...
2026-10-08T15:09:33.3483860Z [3/106] Write sources
2026-10-08T15:09:33.3544400Z [9/106] Copying PrivacyInfo.xcprivacy
2026-10-08T15:09:33.3656190Z [9/106] Write sources
2026-10-08T15:09:33.5255900Z [12/106] Compiling _SwiftSyntaxCShims dummy.c
2026-10-08T15:09:33.8056220Z [13/106] Write swift-version--79AA4F9932D1E87A.txt
2026-10-08T15:09:35.1373770Z [14/106] Compiling IndexStoreDB_Support PatternMatching.cpp
2026-10-08T15:09:35.2425880Z [15/106] Compiling IndexStoreDB_Support Logging.cpp
2026-10-08T15:09:35.4569380Z [17/108] Compiling SwiftSyntax601 Empty.swift
2026-10-08T15:09:35.4771030Z [18/108] Compiling SwiftSyntax600 Empty.swift
2026-10-08T15:09:35.6691760Z [19/110] Compiling SwiftSyntax510 Empty.swift
2026-10-08T15:09:35.6792950Z [20/110] Compiling SwiftSyntax509 Empty.swift
2026-10-08T15:09:35.6997430Z [20/110] Compiling IndexStoreDB_Support Logging-NonMac.cpp
2026-10-08T15:09:35.7799640Z [21/110] Compiling IndexStoreDB_Support Path.cpp
2026-10-08T15:09:36.5340430Z [22/112] Compiling IndexStoreDB_Support Logging-Mac.mm
2026-10-08T15:09:38.0919060Z [23/112] Compiling IndexStoreDB_Support FilePathWatcher.cpp
2026-10-08T15:09:38.8713820Z [24/112] Compiling IndexStoreDB_Support Concurrency-Mac.cpp
2026-10-08T15:09:40.3255740Z [25/112] Compiling raw_ostream.cpp
2026-10-08T15:09:40.9267190Z [26/112] Compiling circular_raw_ostream.cpp
2026-10-08T15:09:42.5411670Z [27/112] Compiling YAMLTraits.cpp
2026-10-08T15:09:43.9927860Z [28/112] Compiling YAMLParser.cpp
2026-10-08T15:09:44.6154980Z [29/112] Compiling WithColor.cpp
2026-10-08T15:09:44.6603930Z [30/112] Compiling Watchdog.cpp
2026-10-08T15:09:45.1993230Z [31/112] Compiling VersionTuple.cpp
2026-10-08T15:09:45.2264650Z [32/112] Compiling Valgrind.cpp
2026-10-08T15:09:45.2865900Z [33/112] Compiling UnicodeCaseFold.cpp
2026-10-08T15:09:45.7264470Z [34/112] Compiling Unicode.cpp
2026-10-08T15:09:46.4632690Z [35/112] Compiling Twine.cpp
2026-10-08T15:09:47.4733050Z [36/112] Compiling Triple.cpp
2026-10-08T15:09:48.2238870Z [37/112] Compiling ToolOutputFile.cpp
2026-10-08T15:09:49.8035050Z [38/112] Compiling Timer.cpp
2026-10-08T15:09:50.6557150Z [39/112] Compiling Threading.cpp
2026-10-08T15:09:51.3938980Z [40/112] Compiling TargetParser.cpp
2026-10-08T15:09:52.0824920Z [41/112] Compiling StringSaver.cpp
2026-10-08T15:09:53.2638470Z [42/112] Compiling StringRef.cpp
2026-10-08T15:09:54.0938500Z [43/112] Compiling StringMap.cpp
2026-10-08T15:09:54.9354480Z [44/112] Compiling StringExtras.cpp
2026-10-08T15:09:56.5089530Z [45/112] Compiling Statistic.cpp
2026-10-08T15:09:58.2149550Z [46/112] Compiling SourceMgr.cpp
2026-10-08T15:09:58.9356510Z [47/112] Compiling SmallVector.cpp
2026-10-08T15:10:00.1512560Z [48/112] Compiling SmallPtrSet.cpp
2026-10-08T15:10:01.0663540Z [49/112] Compiling Signposts.cpp
2026-10-08T15:10:02.3217450Z [50/112] Compiling Signals.cpp
2026-10-08T15:10:03.8088080Z [51/112] Compiling Program.cpp
2026-10-08T15:10:05.3203310Z [52/112] Compiling Process.cpp
2026-10-08T15:10:06.2948400Z [53/112] Compiling PrettyStackTrace.cpp
2026-10-08T15:10:08.8042970Z [54/112] Compiling Path.cpp
2026-10-08T15:10:09.7858400Z [55/112] Compiling Options.cpp
2026-10-08T15:10:10.1529900Z [56/112] Compiling Optional.cpp
2026-10-08T15:10:10.7007380Z [57/112] Compiling NativeFormatting.cpp
2026-10-08T15:10:11.0807500Z [58/112] Compiling Mutex.cpp
2026-10-08T15:10:11.7787440Z [59/112] Compiling MemoryBuffer.cpp
2026-10-08T15:10:12.2658020Z [60/112] Compiling Memory.cpp
2026-10-08T15:10:12.4692080Z [61/112] Compiling MathExtras.cpp
2026-10-08T15:10:12.8607180Z [62/112] Compiling ManagedStatic.cpp
2026-10-08T15:10:13.2853220Z [64/112] Compiling SwiftProtobuf AnyMessageStorage.swift
2026-10-08T15:10:13.4821670Z [64/112] Compiling MD5.cpp
2026-10-08T15:10:13.7283710Z [65/112] Compiling Locale.cpp
2026-10-08T15:10:14.0831680Z [66/112] Compiling LineIterator.cpp
2026-10-08T15:10:15.1289490Z [67/112] Compiling Host.cpp
2026-10-08T15:10:15.4808910Z [68/112] Compiling JSON.cpp
2026-10-08T15:10:15.7914710Z [69/112] Compiling Hashing.cpp
2026-10-08T15:10:16.2084470Z [70/112] Compiling FormatVariadic.cpp
2026-10-08T15:10:16.4691620Z [71/112] Compiling FoldingSet.cpp
2026-10-08T15:10:16.9628140Z [72/112] Compiling FileUtilities.cpp
2026-10-08T15:10:17.0429540Z [73/112] Compiling ErrorHandling.cpp
2026-10-08T15:10:17.4125260Z [74/112] Compiling Errno.cpp
2026-10-08T15:10:17.8211550Z [75/112] Compiling Error.cpp
2026-10-08T15:10:18.1323900Z [76/112] Compiling Debug.cpp
2026-10-08T15:10:18.4665320Z [77/112] Compiling DJB.cpp
2026-10-08T15:10:18.7373270Z [78/112] Compiling ConvertUTFWrapper.cpp
2026-10-08T15:10:18.8398180Z [79/112] Compiling ConvertUTF.cpp
2026-10-08T15:10:19.3682030Z [80/112] Compiling Chrono.cpp
2026-10-08T15:10:19.4258890Z [81/112] Compiling Atomic.cpp
2026-10-08T15:10:19.7671600Z [82/112] Compiling Allocator.cpp
2026-10-08T15:10:20.5714860Z [83/112] Compiling ARMTargetParser.cpp
2026-10-08T15:10:21.0349940Z [84/112] Compiling APSInt.cpp
2026-10-08T15:10:21.5124250Z [85/112] Compiling CommandLine.cpp
2026-10-08T15:10:23.1077370Z [86/112] Compiling APFloat.cpp
2026-10-08T15:10:23.2494080Z [87/112] Compiling APInt.cpp
2026-10-08T15:10:23.8031790Z [88/112] Compiling AArch64TargetParser.cpp
2026-10-08T15:10:24.6565320Z [89/112] Compiling IndexStoreDB_Index SymbolIndex.cpp
2026-10-08T15:10:24.7938050Z [90/112] Compiling IndexStoreDB_Index StoreSymbolRecord.cpp
2026-10-08T15:10:25.5457880Z [91/112] Compiling IndexStoreDB_Index IndexStoreLibraryProvider.cpp
2026-10-08T15:10:26.3419860Z [92/112] Compiling IndexStoreDB_Index IndexSystem.cpp
2026-10-08T15:10:27.1014400Z [93/112] Compiling IndexStoreDB_Index FileVisibilityChecker.cpp
2026-10-08T15:10:28.0327100Z [94/112] Compiling IndexStoreDB_Index FilePathIndex.cpp
2026-10-08T15:10:28.4509010Z [95/112] Compiling midl.c
2026-10-08T15:10:28.7505630Z [96/112] Compiling IndexStoreDB_Index IndexDatastore.cpp
2026-10-08T15:10:29.6696830Z [97/112] Compiling IndexStoreDB_Database ReadTransaction.cpp
2026-10-08T15:10:29.9166490Z [98/112] Compiling mdb.c
2026-10-08T15:10:30.3595880Z [99/112] Compiling IndexStoreDB_Database DatabaseError.cpp
2026-10-08T15:10:30.6994580Z [100/112] Compiling IndexStoreDB_Database ImportTransaction.cpp
2026-10-08T15:10:31.2547320Z [101/112] Compiling IndexStoreDB_Core Symbol.cpp
2026-10-08T15:10:31.3114960Z [102/112] Compiling IndexStoreDB_Database Database.cpp
2026-10-08T15:10:31.3216280Z [103/112] Write sources
2026-10-08T15:10:31.9956080Z [108/113] Compiling IndexStoreDB_CIndexStoreDB CIndexStoreDB.cpp
2026-10-08T15:10:33.5636290Z [110/114] Compiling ArgumentParserToolInfo ToolInfo.swift
2026-10-08T15:10:37.7811800Z [111/115] Compiling IndexStoreDB IndexDelegate.swift
2026-10-08T15:10:37.8003290Z <module-includes>:1:9: note: in file included from <module-includes>:1:
2026-10-08T15:10:37.8100510Z 1 | #import "CIndexStoreDB.h"
2026-10-08T15:10:37.8236060Z   |         `- note: in file included from <module-includes>:1:
2026-10-08T15:10:37.8350750Z 2 | 
2026-10-08T15:10:42.3396480Z [112/116] Compiling GraphiteIR IRWriter.swift
2026-10-08T15:10:52.3113250Z [113/116] Compiling ArgumentParser BashCompletionsGenerator.swift
2026-10-08T15:13:44.2338390Z [114/116] Compiling SwiftSyntax AbsolutePosition.swift
2026-10-08T15:14:33.6145140Z [115/117] Compiling SwiftParser Attributes.swift
2026-10-08T15:14:45.9203700Z [116/118] Compiling GraphiteFrontend ClangUSR.swift
2026-10-08T15:14:46.9388050Z [117/119] Compiling graphite_frontend_apple main.swift
2026-10-08T15:14:46.9512120Z [117/119] Write Objects.LinkFileList
2026-10-08T15:14:50.3472240Z [118/119] Linking graphite-frontend-apple
2026-10-08T15:14:50.3593410Z Build complete! (358.91s)
2026-10-08T15:14:50.4082480Z ##[group]Run ASSET="graphite-frontend-apple-${RELEASE_VERSION}-aarch64-apple-darwin.tar.gz"
2026-10-08T15:14:50.4085680Z [36;1mASSET="graphite-frontend-apple-${RELEASE_VERSION}-aarch64-apple-darwin.tar.gz"[0m
2026-10-08T15:14:50.4087990Z [36;1mBIN="frontend/apple/.build/release/graphite-frontend-apple"[0m
2026-10-08T15:14:50.4090320Z [36;1m"${BIN}" version[0m
2026-10-08T15:14:50.4090720Z [36;1m"${BIN}" describe | grep -F '"ir_schema": [1]'[0m
2026-10-08T15:14:50.4091240Z [36;1mmkdir -p release-assets[0m
2026-10-08T15:14:50.4091930Z [36;1mtar -czf "release-assets/${ASSET}" -C "$(dirname "${BIN}")" graphite-frontend-apple[0m
2026-10-08T15:14:50.4092730Z [36;1m(cd release-assets && shasum -a 256 "${ASSET}" > "${ASSET}.sha256")[0m
2026-10-08T15:14:50.4093690Z [36;1mcat "release-assets/${ASSET}.sha256"[0m
2026-10-08T15:14:50.4662710Z shell: /bin/bash --noprofile --norc -e -o pipefail {0}
2026-10-08T15:14:50.4664030Z env:
2026-10-08T15:14:50.4665210Z   RELEASE_TAG: v2.11.3-apple-validation.4
2026-10-08T15:14:50.4667270Z   DRY_RUN: true
2026-10-08T15:14:50.4668040Z   RELEASE_VERSION: 2.11.3-apple-validation.4
2026-10-08T15:14:50.4670190Z   MD_APPLE_SDK_ROOT: /Applications/Xcode_16.4.app
2026-10-08T15:14:50.4671140Z ##[endgroup]
2026-10-08T15:14:50.6607090Z 0.1.0
2026-10-08T15:14:50.6754900Z {"name": "graphite-frontend-apple", "version": "0.1.0", "ir_schema": [1], "inputs": ["Package.swift", "xcodeproj", "xcworkspace", "index-store"], "aliases": {"swift": "apple", "ios": "apple", "macos": "apple"}, "indexable": ["swift"]}
2026-10-08T15:14:51.7227990Z f94ebebbb617f321a2e86a88e17c3f966af36167d993f15304c369dc6989ea61  graphite-frontend-apple-2.11.3-apple-validation.4-aarch64-apple-darwin.tar.gz
2026-10-08T15:14:51.7501000Z ##[group]Run actions/upload-artifact@v7
2026-10-08T15:14:51.7501310Z with:
2026-10-08T15:14:51.7501520Z   name: apple-frontend-aarch64-apple-darwin
2026-10-08T15:14:51.7501750Z   path: release-assets/*
2026-10-08T15:14:51.7501950Z   if-no-files-found: error
2026-10-08T15:14:51.7502140Z   compression-level: 6
2026-10-08T15:14:51.7502310Z   overwrite: false
2026-10-08T15:14:51.7502480Z   include-hidden-files: false
2026-10-08T15:14:51.7502660Z   archive: true
2026-10-08T15:14:51.7502860Z env:
2026-10-08T15:14:51.7503050Z   RELEASE_TAG: v2.11.3-apple-validation.4
2026-10-08T15:14:51.7503290Z   DRY_RUN: true
2026-10-08T15:14:51.7503470Z   RELEASE_VERSION: 2.11.3-apple-validation.4
2026-10-08T15:14:51.7503740Z   MD_APPLE_SDK_ROOT: /Applications/Xcode_16.4.app
2026-10-08T15:14:51.7504020Z ##[endgroup]
2026-10-08T15:14:52.5666900Z With the provided path, there will be 2 files uploaded
2026-10-08T15:14:52.5869760Z Artifact name is valid!
2026-10-08T15:14:52.5972350Z Root directory input is valid!
2026-10-08T15:14:52.7763980Z Uploading artifact: apple-frontend-aarch64-apple-darwin.zip
2026-10-08T15:14:52.7805290Z Beginning upload of artifact content to blob storage
2026-10-08T15:14:53.2467380Z Uploaded bytes 5653708
2026-10-08T15:14:53.2670950Z Finished uploading artifact content to blob storage!
2026-10-08T15:14:53.2772730Z SHA256 digest of uploaded artifact is 561ce6e63d0f2b26b849b324fd47e94fda1b3b09a7518fc931ccd588d6428bc4
2026-10-08T15:14:53.2874360Z Finalizing artifact upload
2026-10-08T15:14:53.4951450Z Artifact apple-frontend-aarch64-apple-darwin successfully finalized. Artifact ID 11558953853
2026-10-08T15:14:53.4955610Z Artifact apple-frontend-aarch64-apple-darwin has been successfully uploaded! Final size is 5653708 bytes. Artifact ID is 11558953853
2026-10-08T15:14:53.5071050Z Artifact download URL: https://github.com/johnsonlee/graphite/actions/runs/37798249852/artifacts/11558953853
2026-10-08T15:14:53.5425710Z Post job cleanup.
2026-10-08T15:14:53.6577850Z [command]/opt/homebrew/bin/git version
2026-10-08T15:14:53.6893120Z git version 2.55.0
2026-10-08T15:14:53.6939080Z Copying '/Users/runner/.gitconfig' to '/Users/runner/work/_temp/01fe8e8b-53fc-4aea-a43a-af6b2f5f7e8c/.gitconfig'
2026-10-08T15:14:53.6974150Z Temporarily overriding HOME='/Users/runner/work/_temp/01fe8e8b-53fc-4aea-a43a-af6b2f5f7e8c' before making global git config changes
2026-10-08T15:14:53.6975700Z Adding repository directory to the temporary git global config as a safe directory
2026-10-08T15:14:53.6980820Z [command]/opt/homebrew/bin/git config --global --add safe.directory /Users/runner/work/graphite/graphite
2026-10-08T15:14:53.7099960Z Removing SSH command configuration
2026-10-08T15:14:53.7106570Z [command]/opt/homebrew/bin/git config --local --name-only --get-regexp core\.sshCommand
2026-10-08T15:14:53.7168860Z [command]/opt/homebrew/bin/git submodule foreach --recursive sh -c "git config --local --name-only --get-regexp 'core\.sshCommand' && git config --local --unset-all 'core.sshCommand' || :"
2026-10-08T15:14:53.8382330Z Removing HTTP extra header
2026-10-08T15:14:53.8386510Z [command]/opt/homebrew/bin/git config --local --name-only --get-regexp http\.https\:\/\/github\.com\/\.extraheader
2026-10-08T15:14:53.8447590Z [command]/opt/homebrew/bin/git submodule foreach --recursive sh -c "git config --local --name-only --get-regexp 'http\.https\:\/\/github\.com\/\.extraheader' && git config --local --unset-all 'http.https://github.com/.extraheader' || :"
2026-10-08T15:14:53.9306030Z Removing includeIf entries pointing to credentials config files
2026-10-08T15:14:53.9309390Z [command]/opt/homebrew/bin/git config --local --name-only --get-regexp ^includeIf\.gitdir:
2026-10-08T15:14:53.9385270Z includeif.gitdir:/Users/runner/work/graphite/graphite/.git.path
2026-10-08T15:14:53.9390170Z includeif.gitdir:/Users/runner/work/graphite/graphite/.git/worktrees/*.path
2026-10-08T15:14:53.9492090Z includeif.gitdir:/github/workspace/.git.path
2026-10-08T15:14:53.9524520Z includeif.gitdir:/github/workspace/.git/worktrees/*.path
2026-10-08T15:14:53.9526140Z [command]/opt/homebrew/bin/git config --local --get-all includeif.gitdir:/Users/runner/work/graphite/graphite/.git.path
2026-10-08T15:14:53.9539320Z /Users/runner/work/_temp/git-credentials-40fb2bdc-a24c-48ff-8054-40d968ad34fa.config
2026-10-08T15:14:53.9653830Z [command]/opt/homebrew/bin/git config --local --unset includeif.gitdir:/Users/runner/work/graphite/graphite/.git.path \/Users\/runner\/work\/_temp\/git\-credentials\-40fb2bdc\-a24c\-48ff\-8054\-40d968ad34fa\.config
2026-10-08T15:14:53.9763550Z [command]/opt/homebrew/bin/git config --local --get-all includeif.gitdir:/Users/runner/work/graphite/graphite/.git/worktrees/*.path
2026-10-08T15:14:53.9808760Z /Users/runner/work/_temp/git-credentials-40fb2bdc-a24c-48ff-8054-40d968ad34fa.config
2026-10-08T15:14:53.9943320Z [command]/opt/homebrew/bin/git config --local --unset includeif.gitdir:/Users/runner/work/graphite/graphite/.git/worktrees/*.path \/Users\/runner\/work\/_temp\/git\-credentials\-40fb2bdc\-a24c\-48ff\-8054\-40d968ad34fa\.config
2026-10-08T15:14:54.0205000Z [command]/opt/homebrew/bin/git config --local --get-all includeif.gitdir:/github/workspace/.git.path
2026-10-08T15:14:54.0250220Z /github/runner_temp/git-credentials-40fb2bdc-a24c-48ff-8054-40d968ad34fa.config
2026-10-08T15:14:54.0302120Z [command]/opt/homebrew/bin/git config --local --unset includeif.gitdir:/github/workspace/.git.path \/github\/runner_temp\/git\-credentials\-40fb2bdc\-a24c\-48ff\-8054\-40d968ad34fa\.config
2026-10-08T15:14:54.0317510Z [command]/opt/homebrew/bin/git config --local --get-all includeif.gitdir:/github/workspace/.git/worktrees/*.path
2026-10-08T15:14:54.0320680Z /github/runner_temp/git-credentials-40fb2bdc-a24c-48ff-8054-40d968ad34fa.config
2026-10-08T15:14:54.0362780Z [command]/opt/homebrew/bin/git config --local --unset includeif.gitdir:/github/workspace/.git/worktrees/*.path \/github\/runner_temp\/git\-credentials\-40fb2bdc\-a24c\-48ff\-8054\-40d968ad34fa\.config
2026-10-08T15:14:54.0393350Z [command]/opt/homebrew/bin/git submodule foreach --recursive git config --local --show-origin --name-only --get-regexp remote.origin.url
2026-10-08T15:14:54.1062240Z Removing credentials config '/Users/runner/work/_temp/git-credentials-40fb2bdc-a24c-48ff-8054-40d968ad34fa.config'
2026-10-08T15:14:54.1421600Z Cleaning up orphan processes
