2026-10-08T15:25:23.6634768Z Current runner version: '2.337.0'
2026-10-08T15:25:23.6662528Z ##[group]Runner Image Provisioner
2026-10-08T15:25:23.6663505Z Hosted Compute Agent
2026-10-08T15:25:23.6664179Z Version: 20261002.596
2026-10-08T15:25:23.6665326Z Commit: c3d12f3313a95f25162a1503be624f3b0617f8c0
2026-10-08T15:25:23.6666094Z Build Date: 2026-10-02T22:28:27Z
2026-10-08T15:25:23.6666810Z Worker ID: {03cd4dea-450b-4e5c-9882-2e64113b81cb}
2026-10-08T15:25:23.6667594Z Region: westus
2026-10-08T15:25:23.6668162Z Cloud: Azure
2026-10-08T15:25:23.6668743Z ##[endgroup]
2026-10-08T15:25:23.6670515Z ##[group]Operating System
2026-10-08T15:25:23.6671178Z Ubuntu
2026-10-08T15:25:23.6671788Z 24.04.5
2026-10-08T15:25:23.6672436Z LTS
2026-10-08T15:25:23.6672968Z ##[endgroup]
2026-10-08T15:25:23.6673647Z ##[group]Runner Image
2026-10-08T15:25:23.6674280Z Image: ubuntu-24.04
2026-10-08T15:25:23.6674994Z Version: 20261004.327.1
2026-10-08T15:25:23.6676354Z Included Software: https://github.com/actions/runner-images/blob/ubuntu24/20261004.327/images/ubuntu/Ubuntu2404-Readme.md
2026-10-08T15:25:23.6677987Z Image Release: https://github.com/actions/runner-images/releases/tag/ubuntu24%2F20261004.327
2026-10-08T15:25:23.6678986Z ##[endgroup]
2026-10-08T15:25:23.6680190Z ##[group]GITHUB_TOKEN Permissions
2026-10-08T15:25:23.6682433Z Contents: read
2026-10-08T15:25:23.6683136Z Metadata: read
2026-10-08T15:25:23.6683744Z ##[endgroup]
2026-10-08T15:25:23.6685809Z Secret source: Actions
2026-10-08T15:25:23.6686932Z Cache mode: write
2026-10-08T15:25:23.6687645Z Prepare workflow directory
2026-10-08T15:25:23.7312859Z Prepare all required actions
2026-10-08T15:25:23.7362410Z Getting action download info
2026-10-08T15:25:24.1222749Z Download action repository 'actions/checkout@v7' (SHA:3d3c42e5aac5ba805825da76410c181273ba90b1)
2026-10-08T15:25:24.1976327Z Download action repository 'maxim-lobanov/setup-xcode@v1' (SHA:ed7a3b1fda3918c0306d1b724322adc0b8cc0a90)
2026-10-08T15:25:24.5096679Z Download action repository 'actions/setup-java@v5' (SHA:b6effb05e454b25005698d916606bdc6ffcbf961)
2026-10-08T15:25:25.0294813Z Download action repository 'actions/download-artifact@v8' (SHA:9000827ccba6bdab643e8b6fd33ac0654aef8333)
2026-10-08T15:25:25.4708250Z Download action repository 'actions/upload-artifact@v7' (SHA:cf430e030ddbb5b0abf93d22962f4752f3646cd9)
2026-10-08T15:25:26.0227047Z Complete job name: apple-corpus-calibration (swiftformat)
2026-10-08T15:25:26.0723041Z ##[group]Checking docker version
2026-10-08T15:25:26.0736314Z ##[command]/usr/bin/docker version --format '{{.Server.APIVersion}}'
2026-10-08T15:25:26.1377156Z '1.48'
2026-10-08T15:25:26.1389268Z Docker daemon API version: '1.48'
2026-10-08T15:25:26.1389888Z ##[command]/usr/bin/docker version --format '{{.Client.APIVersion}}'
2026-10-08T15:25:26.1560952Z '1.48'
2026-10-08T15:25:26.1576553Z Docker client API version: '1.48'
2026-10-08T15:25:26.1583076Z ##[endgroup]
2026-10-08T15:25:26.1585372Z ##[group]Clean up resources from previous jobs
2026-10-08T15:25:26.1591382Z ##[command]/usr/bin/docker ps --all --quiet --no-trunc --filter "label=5fbc04"
2026-10-08T15:25:26.1744748Z ##[command]/usr/bin/docker network prune --force --filter "label=5fbc04"
2026-10-08T15:25:26.1886487Z ##[endgroup]
2026-10-08T15:25:26.1886970Z ##[group]Create local container network
2026-10-08T15:25:26.1897302Z ##[command]/usr/bin/docker network create --label 5fbc04 github_network_9b920668bdbb4081a9886921fd2c8407
2026-10-08T15:25:26.2482581Z 2e4705096072d9a3abc5e24035840ecb91338de415ecf8e01eec3ff40914c26c
2026-10-08T15:25:26.2507046Z ##[endgroup]
2026-10-08T15:25:26.2534710Z ##[group]Starting job container
2026-10-08T15:25:26.2563129Z ##[command]/usr/bin/docker pull swift:6.1.3
2026-10-08T15:25:27.1190584Z 6.1.3: Pulling from library/swift
2026-10-08T15:25:27.4124706Z a60ef8ec184e: Already exists
2026-10-08T15:25:27.4144755Z 6d384ac63da7: Pulling fs layer
2026-10-08T15:25:27.4145507Z 23c386ab9005: Pulling fs layer
2026-10-08T15:25:27.4145950Z 934353e7332e: Pulling fs layer
2026-10-08T15:25:27.6468751Z 934353e7332e: Verifying Checksum
2026-10-08T15:25:27.6469572Z 934353e7332e: Download complete
2026-10-08T15:25:28.2327468Z 6d384ac63da7: Download complete
2026-10-08T15:25:30.6520777Z 23c386ab9005: Verifying Checksum
2026-10-08T15:25:30.6521576Z 23c386ab9005: Download complete
2026-10-08T15:25:35.6534247Z 6d384ac63da7: Pull complete
2026-10-08T15:25:51.8378316Z 23c386ab9005: Pull complete
2026-10-08T15:25:51.8457296Z 934353e7332e: Pull complete
2026-10-08T15:25:51.8505788Z Digest: sha256:6e43114610e161e38ad41636ebcafd6940dc67dfab355eace3a0ca100b2263db
2026-10-08T15:25:51.8529391Z Status: Downloaded newer image for swift:6.1.3
2026-10-08T15:25:51.8537261Z docker.io/library/swift:6.1.3
2026-10-08T15:25:51.8650759Z ##[command]/usr/bin/docker create --name 1665cf488155416ab2b5a62bc0781aa5_swift613_be0ce9 --label 5fbc04 --workdir /__w/graphite/graphite --network github_network_9b920668bdbb4081a9886921fd2c8407  -e "HOME=/github/home" -e GITHUB_ACTIONS=true -e CI=true -v "/var/run/docker.sock":"/var/run/docker.sock" -v "/home/runner/work":"/__w" -v "/home/runner/actions-runner/cached/2.337.0/externals":"/__e":ro -v "/home/runner/work/_temp":"/__w/_temp" -v "/home/runner/work/_actions":"/__w/_actions" -v "/opt/hostedtoolcache":"/__t" -v "/home/runner/work/_temp/_github_home":"/github/home" -v "/home/runner/work/_temp/_github_workflow":"/github/workflow" --entrypoint "tail" swift:6.1.3 "-f" "/dev/null"
2026-10-08T15:25:51.8982608Z db609f06ca22c94a75d5ada86eb52c590f002d7a63b46b5e3a6e0b17be0f6b8b
2026-10-08T15:25:51.9009240Z ##[command]/usr/bin/docker start db609f06ca22c94a75d5ada86eb52c590f002d7a63b46b5e3a6e0b17be0f6b8b
2026-10-08T15:25:52.1234481Z db609f06ca22c94a75d5ada86eb52c590f002d7a63b46b5e3a6e0b17be0f6b8b
2026-10-08T15:25:52.1261923Z ##[command]/usr/bin/docker ps --all --filter id=db609f06ca22c94a75d5ada86eb52c590f002d7a63b46b5e3a6e0b17be0f6b8b --filter status=running --no-trunc --format "{{.ID}} {{.Status}}"
2026-10-08T15:25:52.1465943Z db609f06ca22c94a75d5ada86eb52c590f002d7a63b46b5e3a6e0b17be0f6b8b Up Less than a second
2026-10-08T15:25:52.1489215Z ##[command]/usr/bin/docker inspect --format "{{range .Config.Env}}{{println .}}{{end}}" db609f06ca22c94a75d5ada86eb52c590f002d7a63b46b5e3a6e0b17be0f6b8b
2026-10-08T15:25:52.1624671Z HOME=/github/home
2026-10-08T15:25:52.1637256Z GITHUB_ACTIONS=true
2026-10-08T15:25:52.1637637Z CI=true
2026-10-08T15:25:52.1638067Z PATH=/usr/local/sbin:/usr/local/bin:/usr/sbin:/usr/bin:/sbin:/bin
2026-10-08T15:25:52.1639238Z SWIFT_SIGNING_KEY=52BB7E3DE28A71BE22EC05FFEF80A866B47A981F
2026-10-08T15:25:52.1639619Z SWIFT_PLATFORM=ubuntu24.04
2026-10-08T15:25:52.1639885Z SWIFT_BRANCH=swift-6.1.3-release
2026-10-08T15:25:52.1640152Z SWIFT_VERSION=swift-6.1.3-RELEASE
2026-10-08T15:25:52.1640727Z SWIFT_WEBROOT=https://download.swift.org
2026-10-08T15:25:52.1649373Z ##[endgroup]
2026-10-08T15:25:52.1659419Z ##[group]Waiting for all services to be ready
2026-10-08T15:25:52.1661707Z ##[endgroup]
2026-10-08T15:25:52.1887628Z ##[group]Run apt-get update -q && apt-get install -y -q --no-install-recommends git curl ca-certificates python3 libsqlite3-dev pkg-config
2026-10-08T15:25:52.1888722Z [36;1mapt-get update -q && apt-get install -y -q --no-install-recommends git curl ca-certificates python3 libsqlite3-dev pkg-config[0m
2026-10-08T15:25:52.1893040Z shell: sh -e {0}
2026-10-08T15:25:52.1893485Z env:
2026-10-08T15:25:52.1893747Z   RELEASE_TAG: v2.11.3-apple-validation.4
2026-10-08T15:25:52.1894103Z   DRY_RUN: true
2026-10-08T15:25:52.1894363Z   RELEASE_VERSION: 2.11.3-apple-validation.4
2026-10-08T15:25:52.1894690Z   JAVA_TOOL_OPTIONS: -Xmx2g
2026-10-08T15:25:52.1895010Z   BASELINE_SHA: 332c0d8a6fec650a6e7979e3dce37aa1a891c03a
2026-10-08T15:25:52.1895335Z ##[endgroup]
2026-10-08T15:25:53.1422369Z Get:1 http://archive.ubuntu.com/ubuntu noble InRelease [256 kB]
2026-10-08T15:25:53.3269505Z Get:2 http://security.ubuntu.com/ubuntu noble-security InRelease [126 kB]
2026-10-08T15:25:53.4870528Z Get:3 http://archive.ubuntu.com/ubuntu noble-updates InRelease [126 kB]
2026-10-08T15:25:53.5907554Z Get:4 http://archive.ubuntu.com/ubuntu noble-backports InRelease [126 kB]
2026-10-08T15:25:53.7267244Z Get:5 http://archive.ubuntu.com/ubuntu noble/restricted amd64 Packages [117 kB]
2026-10-08T15:25:53.8652452Z Get:6 http://archive.ubuntu.com/ubuntu noble/multiverse amd64 Packages [331 kB]
2026-10-08T15:25:53.9590464Z Get:7 http://archive.ubuntu.com/ubuntu noble/universe amd64 Packages [19.3 MB]
2026-10-08T15:25:53.9972380Z Get:8 http://security.ubuntu.com/ubuntu noble-security/universe amd64 Packages [1545 kB]
2026-10-08T15:25:54.6535743Z Get:9 http://archive.ubuntu.com/ubuntu noble/main amd64 Packages [1808 kB]
2026-10-08T15:25:54.6639723Z Get:10 http://archive.ubuntu.com/ubuntu noble-updates/main amd64 Packages [1702 kB]
2026-10-08T15:25:54.6798108Z Get:11 http://archive.ubuntu.com/ubuntu noble-updates/restricted amd64 Packages [2177 kB]
2026-10-08T15:25:54.7065390Z Get:12 http://archive.ubuntu.com/ubuntu noble-updates/multiverse amd64 Packages [67.4 kB]
2026-10-08T15:25:54.7074611Z Get:13 http://archive.ubuntu.com/ubuntu noble-updates/universe amd64 Packages [2166 kB]
2026-10-08T15:25:54.7249413Z Get:14 http://archive.ubuntu.com/ubuntu noble-backports/universe amd64 Packages [36.0 kB]
2026-10-08T15:25:54.7282146Z Get:15 http://archive.ubuntu.com/ubuntu noble-backports/multiverse amd64 Packages [671 B]
2026-10-08T15:25:54.7311451Z Get:16 http://archive.ubuntu.com/ubuntu noble-backports/main amd64 Packages [49.0 kB]
2026-10-08T15:25:54.9713543Z Get:17 http://security.ubuntu.com/ubuntu noble-security/restricted amd64 Packages [1998 kB]
2026-10-08T15:25:55.2627491Z Get:18 http://security.ubuntu.com/ubuntu noble-security/multiverse amd64 Packages [50.0 kB]
2026-10-08T15:25:55.2656946Z Get:19 http://security.ubuntu.com/ubuntu noble-security/main amd64 Packages [1362 kB]
2026-10-08T15:25:55.8179832Z Fetched 33.4 MB in 3s (11.4 MB/s)
2026-10-08T15:25:56.6252301Z Reading package lists...
2026-10-08T15:25:57.4578387Z Reading package lists...
2026-10-08T15:25:57.6886857Z Building dependency tree...
2026-10-08T15:25:57.6892579Z Reading state information...
2026-10-08T15:25:57.8681603Z git is already the newest version (1:2.43.0-1ubuntu7.3).
2026-10-08T15:25:57.8682266Z ca-certificates is already the newest version (20260601~24.04.1).
2026-10-08T15:25:57.8682672Z ca-certificates set to manually installed.
2026-10-08T15:25:57.8683039Z pkg-config is already the newest version (1.8.1-2build1).
2026-10-08T15:25:57.8683445Z The following additional packages will be installed:
2026-10-08T15:25:57.8685942Z   libpython3-stdlib python3-minimal python3.12 python3.12-minimal
2026-10-08T15:25:57.8694543Z Suggested packages:
2026-10-08T15:25:57.8695234Z   sqlite3-doc python3-doc python3-tk python3-venv python3.12-venv
2026-10-08T15:25:57.8695818Z   python3.12-doc binfmt-support
2026-10-08T15:25:57.9152105Z The following NEW packages will be installed:
2026-10-08T15:25:57.9165520Z   curl libpython3-stdlib libsqlite3-dev python3 python3-minimal python3.12
2026-10-08T15:25:57.9166439Z   python3.12-minimal
2026-10-08T15:25:58.2709445Z 0 upgraded, 7 newly installed, 0 to remove and 4 not upgraded.
2026-10-08T15:25:58.2709928Z Need to get 4183 kB of archives.
2026-10-08T15:25:58.2710534Z After this operation, 13.0 MB of additional disk space will be used.
2026-10-08T15:25:58.2711250Z Get:1 http://archive.ubuntu.com/ubuntu noble-updates/main amd64 python3.12-minimal amd64 3.12.3-1ubuntu0.17 [2335 kB]
2026-10-08T15:25:59.9823026Z Get:2 http://archive.ubuntu.com/ubuntu noble-updates/main amd64 python3-minimal amd64 3.12.3-0ubuntu2.1 [27.4 kB]
2026-10-08T15:25:59.9826664Z Get:3 http://archive.ubuntu.com/ubuntu noble-updates/main amd64 python3.12 amd64 3.12.3-1ubuntu0.17 [651 kB]
2026-10-08T15:26:00.0266766Z Get:4 http://archive.ubuntu.com/ubuntu noble-updates/main amd64 libpython3-stdlib amd64 3.12.3-0ubuntu2.1 [10.1 kB]
2026-10-08T15:26:00.0274773Z Get:5 http://archive.ubuntu.com/ubuntu noble-updates/main amd64 python3 amd64 3.12.3-0ubuntu2.1 [23.0 kB]
2026-10-08T15:26:00.0286329Z Get:6 http://archive.ubuntu.com/ubuntu noble-updates/main amd64 curl amd64 8.5.0-2ubuntu10.15 [227 kB]
2026-10-08T15:26:00.0448916Z Get:7 http://archive.ubuntu.com/ubuntu noble-updates/main amd64 libsqlite3-dev amd64 3.45.1-1ubuntu2.8 [911 kB]
2026-10-08T15:26:00.9485998Z debconf: delaying package configuration, since apt-utils is not installed
2026-10-08T15:26:00.9782241Z Fetched 4183 kB in 2s (1876 kB/s)
2026-10-08T15:26:01.1433972Z Selecting previously unselected package python3.12-minimal.
2026-10-08T15:26:01.1474803Z (Reading database ... 
2026-10-08T15:26:01.1475274Z (Reading database ... 5%
2026-10-08T15:26:01.1475556Z (Reading database ... 10%
2026-10-08T15:26:01.1475808Z (Reading database ... 15%
2026-10-08T15:26:01.1476033Z (Reading database ... 20%
2026-10-08T15:26:01.1476259Z (Reading database ... 25%
2026-10-08T15:26:01.1476585Z (Reading database ... 30%
2026-10-08T15:26:01.1476924Z (Reading database ... 35%
2026-10-08T15:26:01.1477271Z (Reading database ... 40%
2026-10-08T15:26:01.1477671Z (Reading database ... 45%
2026-10-08T15:26:01.1478038Z (Reading database ... 50%
2026-10-08T15:26:01.1478353Z (Reading database ... 55%
2026-10-08T15:26:01.1478695Z (Reading database ... 60%
2026-10-08T15:26:01.1479059Z (Reading database ... 65%
2026-10-08T15:26:01.2547202Z (Reading database ... 70%
2026-10-08T15:26:01.3612021Z (Reading database ... 75%
2026-10-08T15:26:01.4322838Z (Reading database ... 80%
2026-10-08T15:26:01.4328881Z (Reading database ... 85%
2026-10-08T15:26:01.4339829Z (Reading database ... 90%
2026-10-08T15:26:01.4358583Z (Reading database ... 95%
2026-10-08T15:26:01.4358999Z (Reading database ... 100%
2026-10-08T15:26:01.4359529Z (Reading database ... 16750 files and directories currently installed.)
2026-10-08T15:26:01.4368487Z Preparing to unpack .../python3.12-minimal_3.12.3-1ubuntu0.17_amd64.deb ...
2026-10-08T15:26:01.5059793Z Unpacking python3.12-minimal (3.12.3-1ubuntu0.17) ...
2026-10-08T15:26:01.5556562Z Setting up python3.12-minimal (3.12.3-1ubuntu0.17) ...
2026-10-08T15:26:02.3683759Z Selecting previously unselected package python3-minimal.
2026-10-08T15:26:02.3707885Z (Reading database ... 
2026-10-08T15:26:02.3708349Z (Reading database ... 5%
2026-10-08T15:26:02.3708866Z (Reading database ... 10%
2026-10-08T15:26:02.3709314Z (Reading database ... 15%
2026-10-08T15:26:02.3709721Z (Reading database ... 20%
2026-10-08T15:26:02.3710129Z (Reading database ... 25%
2026-10-08T15:26:02.3710733Z (Reading database ... 30%
2026-10-08T15:26:02.3711134Z (Reading database ... 35%
2026-10-08T15:26:02.3711490Z (Reading database ... 40%
2026-10-08T15:26:02.3711899Z (Reading database ... 45%
2026-10-08T15:26:02.3712320Z (Reading database ... 50%
2026-10-08T15:26:02.3712738Z (Reading database ... 55%
2026-10-08T15:26:02.3713136Z (Reading database ... 60%
2026-10-08T15:26:02.3713540Z (Reading database ... 65%
2026-10-08T15:26:02.3731000Z (Reading database ... 70%
2026-10-08T15:26:02.3737225Z (Reading database ... 75%
2026-10-08T15:26:02.3759375Z (Reading database ... 80%
2026-10-08T15:26:02.3768088Z (Reading database ... 85%
2026-10-08T15:26:02.3779038Z (Reading database ... 90%
2026-10-08T15:26:02.3801036Z (Reading database ... 95%
2026-10-08T15:26:02.3801571Z (Reading database ... 100%
2026-10-08T15:26:02.3802117Z (Reading database ... 16761 files and directories currently installed.)
2026-10-08T15:26:02.3809182Z Preparing to unpack .../python3-minimal_3.12.3-0ubuntu2.1_amd64.deb ...
2026-10-08T15:26:02.3816319Z Unpacking python3-minimal (3.12.3-0ubuntu2.1) ...
2026-10-08T15:26:02.3964647Z Selecting previously unselected package python3.12.
2026-10-08T15:26:02.3982802Z Preparing to unpack .../python3.12_3.12.3-1ubuntu0.17_amd64.deb ...
2026-10-08T15:26:02.3988111Z Unpacking python3.12 (3.12.3-1ubuntu0.17) ...
2026-10-08T15:26:02.4203078Z Selecting previously unselected package libpython3-stdlib:amd64.
2026-10-08T15:26:02.4220805Z Preparing to unpack .../libpython3-stdlib_3.12.3-0ubuntu2.1_amd64.deb ...
2026-10-08T15:26:02.4227182Z Unpacking libpython3-stdlib:amd64 (3.12.3-0ubuntu2.1) ...
2026-10-08T15:26:02.4388657Z Setting up python3-minimal (3.12.3-0ubuntu2.1) ...
2026-10-08T15:26:02.5575240Z Selecting previously unselected package python3.
2026-10-08T15:26:02.5597993Z (Reading database ... 
2026-10-08T15:26:02.5598718Z (Reading database ... 5%
2026-10-08T15:26:02.5599321Z (Reading database ... 10%
2026-10-08T15:26:02.5600005Z (Reading database ... 15%
2026-10-08T15:26:02.5600696Z (Reading database ... 20%
2026-10-08T15:26:02.5601132Z (Reading database ... 25%
2026-10-08T15:26:02.5601625Z (Reading database ... 30%
2026-10-08T15:26:02.5602087Z (Reading database ... 35%
2026-10-08T15:26:02.5602556Z (Reading database ... 40%
2026-10-08T15:26:02.5603000Z (Reading database ... 45%
2026-10-08T15:26:02.5603471Z (Reading database ... 50%
2026-10-08T15:26:02.5603943Z (Reading database ... 55%
2026-10-08T15:26:02.5604401Z (Reading database ... 60%
2026-10-08T15:26:02.5604846Z (Reading database ... 65%
2026-10-08T15:26:02.5614743Z (Reading database ... 70%
2026-10-08T15:26:02.5621593Z (Reading database ... 75%
2026-10-08T15:26:02.5639889Z (Reading database ... 80%
2026-10-08T15:26:02.5647771Z (Reading database ... 85%
2026-10-08T15:26:02.5659803Z (Reading database ... 90%
2026-10-08T15:26:02.5673852Z (Reading database ... 95%
2026-10-08T15:26:02.5674222Z (Reading database ... 100%
2026-10-08T15:26:02.5674734Z (Reading database ... 16808 files and directories currently installed.)
2026-10-08T15:26:02.5683816Z Preparing to unpack .../python3_3.12.3-0ubuntu2.1_amd64.deb ...
2026-10-08T15:26:02.6151067Z Unpacking python3 (3.12.3-0ubuntu2.1) ...
2026-10-08T15:26:02.6295696Z Selecting previously unselected package curl.
2026-10-08T15:26:02.6314467Z Preparing to unpack .../curl_8.5.0-2ubuntu10.15_amd64.deb ...
2026-10-08T15:26:02.6321615Z Unpacking curl (8.5.0-2ubuntu10.15) ...
2026-10-08T15:26:02.6454225Z Selecting previously unselected package libsqlite3-dev:amd64.
2026-10-08T15:26:02.6470577Z Preparing to unpack .../libsqlite3-dev_3.45.1-1ubuntu2.8_amd64.deb ...
2026-10-08T15:26:02.6476708Z Unpacking libsqlite3-dev:amd64 (3.45.1-1ubuntu2.8) ...
2026-10-08T15:26:02.6765027Z Setting up python3.12 (3.12.3-1ubuntu0.17) ...
2026-10-08T15:26:03.5113447Z Setting up libsqlite3-dev:amd64 (3.45.1-1ubuntu2.8) ...
2026-10-08T15:26:03.5127876Z Setting up curl (8.5.0-2ubuntu10.15) ...
2026-10-08T15:26:03.5142977Z Setting up libpython3-stdlib:amd64 (3.12.3-0ubuntu2.1) ...
2026-10-08T15:26:03.5158443Z Setting up python3 (3.12.3-0ubuntu2.1) ...
2026-10-08T15:26:03.5211954Z running python rtupdate hooks for python3.12...
2026-10-08T15:26:03.5212613Z running python post-rtupdate hooks for python3.12...
2026-10-08T15:26:03.6378910Z ##[group]Run actions/checkout@v7
2026-10-08T15:26:03.6379212Z with:
2026-10-08T15:26:03.6379464Z   ref: 1ba3808f79db8190ecd278a3853ab7a27d5abac9
2026-10-08T15:26:03.6379791Z   repository: johnsonlee/graphite
2026-10-08T15:26:03.6382401Z   token: ***
2026-10-08T15:26:03.6382627Z   ssh-strict: true
2026-10-08T15:26:03.6382845Z   ssh-user: git
2026-10-08T15:26:03.6383067Z   persist-credentials: true
2026-10-08T15:26:03.6383305Z   clean: true
2026-10-08T15:26:03.6383532Z   sparse-checkout-cone-mode: true
2026-10-08T15:26:03.6383971Z   fetch-depth: 1
2026-10-08T15:26:03.6384288Z   fetch-tags: false
2026-10-08T15:26:03.6384606Z   show-progress: true
2026-10-08T15:26:03.6384976Z   lfs: false
2026-10-08T15:26:03.6385274Z   submodules: false
2026-10-08T15:26:03.6385602Z   set-safe-directory: true
2026-10-08T15:26:03.6385983Z   allow-unsafe-pr-checkout: false
2026-10-08T15:26:03.6386350Z env:
2026-10-08T15:26:03.6386572Z   RELEASE_TAG: v2.11.3-apple-validation.4
2026-10-08T15:26:03.6386900Z   DRY_RUN: true
2026-10-08T15:26:03.6387142Z   RELEASE_VERSION: 2.11.3-apple-validation.4
2026-10-08T15:26:03.6387446Z   JAVA_TOOL_OPTIONS: -Xmx2g
2026-10-08T15:26:03.6387747Z   BASELINE_SHA: 332c0d8a6fec650a6e7979e3dce37aa1a891c03a
2026-10-08T15:26:03.6388060Z ##[endgroup]
2026-10-08T15:26:03.6436076Z ##[command]/usr/bin/docker exec  db609f06ca22c94a75d5ada86eb52c590f002d7a63b46b5e3a6e0b17be0f6b8b sh -c "cat /etc/*release | grep ^ID"
2026-10-08T15:26:03.8673727Z Syncing repository: johnsonlee/graphite
2026-10-08T15:26:03.8676308Z ##[group]Getting Git version info
2026-10-08T15:26:03.8677243Z Working directory is '/__w/graphite/graphite'
2026-10-08T15:26:03.8678021Z [command]/usr/bin/git version
2026-10-08T15:26:03.8678409Z git version 2.43.0
2026-10-08T15:26:03.8681073Z ##[endgroup]
2026-10-08T15:26:03.8688522Z Temporarily overriding HOME='/__w/_temp/239b493a-997d-4e14-adee-96a407db4249' before making global git config changes
2026-10-08T15:26:03.8689980Z Adding repository directory to the temporary git global config as a safe directory
2026-10-08T15:26:03.8714242Z [command]/usr/bin/git config --global --add safe.directory /__w/graphite/graphite
2026-10-08T15:26:03.8751790Z Deleting the contents of '/__w/graphite/graphite'
2026-10-08T15:26:03.8762406Z ##[group]Determining repository object format
2026-10-08T15:26:03.8764315Z ##[endgroup]
2026-10-08T15:26:03.8765352Z ##[group]Initializing the repository
2026-10-08T15:26:03.8765910Z [command]/usr/bin/git init /__w/graphite/graphite
2026-10-08T15:26:03.8802546Z hint: Using 'master' as the name for the initial branch. This default branch name
2026-10-08T15:26:03.8803274Z hint: is subject to change. To configure the initial branch name to use in all
2026-10-08T15:26:03.8803804Z hint: of your new repositories, which will suppress this warning, call:
2026-10-08T15:26:03.8804193Z hint: 
2026-10-08T15:26:03.8804517Z hint: 	git config --global init.defaultBranch <name>
2026-10-08T15:26:03.8804839Z hint: 
2026-10-08T15:26:03.8805157Z hint: Names commonly chosen instead of 'master' are 'main', 'trunk' and
2026-10-08T15:26:03.8805668Z hint: 'development'. The just-created branch can be renamed via this command:
2026-10-08T15:26:03.8806058Z hint: 
2026-10-08T15:26:03.8806258Z hint: 	git branch -m <name>
2026-10-08T15:26:03.8818458Z Initialized empty Git repository in /__w/graphite/graphite/.git/
2026-10-08T15:26:03.8829897Z [command]/usr/bin/git remote add origin https://github.com/johnsonlee/graphite
2026-10-08T15:26:03.8867364Z ##[endgroup]
2026-10-08T15:26:03.8867991Z ##[group]Disabling automatic garbage collection
2026-10-08T15:26:03.8871211Z [command]/usr/bin/git config --local gc.auto 0
2026-10-08T15:26:03.8904849Z ##[endgroup]
2026-10-08T15:26:03.8905451Z ##[group]Setting up auth
2026-10-08T15:26:03.8907311Z Removing SSH command configuration
2026-10-08T15:26:03.8911425Z [command]/usr/bin/git config --local --name-only --get-regexp core\.sshCommand
2026-10-08T15:26:03.8946916Z [command]/usr/bin/git submodule foreach --recursive sh -c "git config --local --name-only --get-regexp 'core\.sshCommand' && git config --local --unset-all 'core.sshCommand' || :"
2026-10-08T15:26:03.9394864Z Removing HTTP extra header
2026-10-08T15:26:03.9398899Z [command]/usr/bin/git config --local --name-only --get-regexp http\.https\:\/\/github\.com\/\.extraheader
2026-10-08T15:26:03.9448868Z [command]/usr/bin/git submodule foreach --recursive sh -c "git config --local --name-only --get-regexp 'http\.https\:\/\/github\.com\/\.extraheader' && git config --local --unset-all 'http.https://github.com/.extraheader' || :"
2026-10-08T15:26:03.9702924Z Removing includeIf entries pointing to credentials config files
2026-10-08T15:26:03.9707959Z [command]/usr/bin/git config --local --name-only --get-regexp ^includeIf\.gitdir:
2026-10-08T15:26:03.9745545Z [command]/usr/bin/git submodule foreach --recursive git config --local --show-origin --name-only --get-regexp remote.origin.url
2026-10-08T15:26:03.9991652Z [command]/usr/bin/git config --file /__w/_temp/git-credentials-1e6ef74a-707d-43a5-ba06-69d888f58f28.config http.https://github.com/.extraheader AUTHORIZATION: basic ***
2026-10-08T15:26:04.0041748Z [command]/usr/bin/git config --local includeIf.gitdir:/__w/graphite/graphite/.git.path /__w/_temp/git-credentials-1e6ef74a-707d-43a5-ba06-69d888f58f28.config
2026-10-08T15:26:04.0077173Z [command]/usr/bin/git config --local includeIf.gitdir:/__w/graphite/graphite/.git/worktrees/*.path /__w/_temp/git-credentials-1e6ef74a-707d-43a5-ba06-69d888f58f28.config
2026-10-08T15:26:04.0113039Z [command]/usr/bin/git config --local includeIf.gitdir:/github/workspace/.git.path /github/runner_temp/git-credentials-1e6ef74a-707d-43a5-ba06-69d888f58f28.config
2026-10-08T15:26:04.0149336Z [command]/usr/bin/git config --local includeIf.gitdir:/github/workspace/.git/worktrees/*.path /github/runner_temp/git-credentials-1e6ef74a-707d-43a5-ba06-69d888f58f28.config
2026-10-08T15:26:04.0182171Z ##[endgroup]
2026-10-08T15:26:04.0182630Z ##[group]Fetching the repository
2026-10-08T15:26:04.0190115Z [command]/usr/bin/git -c protocol.version=2 fetch --no-tags --prune --no-recurse-submodules --depth=1 origin 1ba3808f79db8190ecd278a3853ab7a27d5abac9
2026-10-08T15:26:06.2325909Z From https://github.com/johnsonlee/graphite
2026-10-08T15:26:06.2326655Z  * branch            1ba3808f79db8190ecd278a3853ab7a27d5abac9 -> FETCH_HEAD
2026-10-08T15:26:06.2352042Z [command]/usr/bin/git rev-parse --verify --quiet 1ba3808f79db8190ecd278a3853ab7a27d5abac9^{object}
2026-10-08T15:26:06.2406232Z 1ba3808f79db8190ecd278a3853ab7a27d5abac9
2026-10-08T15:26:06.2407609Z ##[endgroup]
2026-10-08T15:26:06.2408149Z ##[group]Determining the checkout info
2026-10-08T15:26:06.2408817Z ##[endgroup]
2026-10-08T15:26:06.2409181Z [command]/usr/bin/git sparse-checkout disable
2026-10-08T15:26:06.2444610Z [command]/usr/bin/git config --local --unset-all extensions.worktreeConfig
2026-10-08T15:26:06.2484130Z ##[group]Checking out the ref
2026-10-08T15:26:06.2487220Z [command]/usr/bin/git checkout --progress --force 1ba3808f79db8190ecd278a3853ab7a27d5abac9
2026-10-08T15:26:06.3445348Z Note: switching to '1ba3808f79db8190ecd278a3853ab7a27d5abac9'.
2026-10-08T15:26:06.3445817Z 
2026-10-08T15:26:06.3446145Z You are in 'detached HEAD' state. You can look around, make experimental
2026-10-08T15:26:06.3446897Z changes and commit them, and you can discard any commits you make in this
2026-10-08T15:26:06.3447642Z state without impacting any branches by switching back to a branch.
2026-10-08T15:26:06.3448082Z 
2026-10-08T15:26:06.3448357Z If you want to create a new branch to retain commits you create, you may
2026-10-08T15:26:06.3448902Z do so (now or later) by using -c with the switch command. Example:
2026-10-08T15:26:06.3449188Z 
2026-10-08T15:26:06.3449296Z   git switch -c <new-branch-name>
2026-10-08T15:26:06.3449583Z 
2026-10-08T15:26:06.3449747Z Or undo this operation with:
2026-10-08T15:26:06.3449997Z 
2026-10-08T15:26:06.3450169Z   git switch -
2026-10-08T15:26:06.3450536Z 
2026-10-08T15:26:06.3450790Z Turn off this advice by setting config variable advice.detachedHead to false
2026-10-08T15:26:06.3451358Z 
2026-10-08T15:26:06.3451553Z HEAD is now at 1ba3808 Fix hosted Apple corpus build prerequisites
2026-10-08T15:26:06.3453974Z ##[endgroup]
2026-10-08T15:26:06.3498090Z [command]/usr/bin/git log -1 --format=%H
2026-10-08T15:26:06.3529029Z 1ba3808f79db8190ecd278a3853ab7a27d5abac9
2026-10-08T15:26:06.3793774Z ##[group]Run actions/setup-java@v5
2026-10-08T15:26:06.3794067Z with:
2026-10-08T15:26:06.3794280Z   distribution: temurin
2026-10-08T15:26:06.3794509Z   java-version: 17
2026-10-08T15:26:06.3794725Z   java-package: jdk
2026-10-08T15:26:06.3794942Z   check-latest: false
2026-10-08T15:26:06.3795180Z   set-default: true
2026-10-08T15:26:06.3795393Z   verify-signature: false
2026-10-08T15:26:06.3795634Z   server-id: github
2026-10-08T15:26:06.3795864Z   server-username: GITHUB_ACTOR
2026-10-08T15:26:06.3796132Z   server-password: GITHUB_TOKEN
2026-10-08T15:26:06.3796390Z   overwrite-settings: true
2026-10-08T15:26:06.3796635Z   job-status: success
2026-10-08T15:26:06.3798899Z   token: ***
2026-10-08T15:26:06.3799135Z   show-download-progress: false
2026-10-08T15:26:06.3799390Z env:
2026-10-08T15:26:06.3799606Z   RELEASE_TAG: v2.11.3-apple-validation.4
2026-10-08T15:26:06.3799888Z   DRY_RUN: true
2026-10-08T15:26:06.3800122Z   RELEASE_VERSION: 2.11.3-apple-validation.4
2026-10-08T15:26:06.3800633Z   JAVA_TOOL_OPTIONS: -Xmx2g
2026-10-08T15:26:06.3800932Z   BASELINE_SHA: 332c0d8a6fec650a6e7979e3dce37aa1a891c03a
2026-10-08T15:26:06.3801258Z ##[endgroup]
2026-10-08T15:26:06.3809395Z ##[command]/usr/bin/docker exec  db609f06ca22c94a75d5ada86eb52c590f002d7a63b46b5e3a6e0b17be0f6b8b sh -c "cat /etc/*release | grep ^ID"
2026-10-08T15:26:06.6454082Z ##[group]Installed distributions
2026-10-08T15:26:06.6616314Z Trying to resolve the latest version from remote
2026-10-08T15:26:06.8724542Z Resolved latest version as 17.0.20+101
2026-10-08T15:26:06.8725070Z Trying to download...
2026-10-08T15:26:06.8726763Z Downloading Java 17.0.20+101 (Temurin-Hotspot) from https://github.com/adoptium/temurin17-binaries/releases/download/jdk-17.0.20.1%2B1/OpenJDK17U-jdk_x64_linux_hotspot_17.0.20.1_1.tar.gz ...
2026-10-08T15:26:08.0109286Z Extracting Java archive...
2026-10-08T15:26:08.0223750Z [command]/usr/bin/tar xz --warning=no-unknown-keyword --overwrite -C /__w/_temp/671c8ad1-1761-4c3d-b1b5-cc78073855da -f /__w/_temp/dedd4679-68bc-41da-8e77-7b0703e69afb
2026-10-08T15:26:10.7348505Z Java 17.0.20+101 was downloaded
2026-10-08T15:26:10.7348922Z Setting Java 17.0.20+101 as the default
2026-10-08T15:26:10.7357470Z Creating toolchains.xml for JDK version 17 from temurin
2026-10-08T15:26:10.7425165Z Writing to /github/home/.m2/toolchains.xml
2026-10-08T15:26:10.7425607Z 
2026-10-08T15:26:10.7425755Z Java configuration:
2026-10-08T15:26:10.7426123Z   Distribution: temurin
2026-10-08T15:26:10.7426482Z   Version: 17.0.20+101
2026-10-08T15:26:10.7426918Z   Path: /__t/Java_Temurin-Hotspot_jdk/17.0.20-101/x64
2026-10-08T15:26:10.7427293Z 
2026-10-08T15:26:10.7429916Z ##[endgroup]
2026-10-08T15:26:10.7462081Z Creating settings.xml with server-id: github
2026-10-08T15:26:10.7462505Z Writing to /github/home/.m2/settings.xml
2026-10-08T15:26:10.7463287Z Configured MAVEN_ARGS to include -ntp to suppress Maven transfer progress logs. Set 'show-download-progress: true' to keep the download progress output.
2026-10-08T15:26:10.7694912Z ##[group]Run actions/download-artifact@v8
2026-10-08T15:26:10.7695217Z with:
2026-10-08T15:26:10.7695449Z   name: release-v2.11.3-apple-validation.4
2026-10-08T15:26:10.7695739Z   path: dry-run
2026-10-08T15:26:10.7695964Z   merge-multiple: false
2026-10-08T15:26:10.7696222Z   repository: johnsonlee/graphite
2026-10-08T15:26:10.7696502Z   run-id: 37798249852
2026-10-08T15:26:10.7696727Z   skip-decompress: false
2026-10-08T15:26:10.7696965Z   digest-mismatch: error
2026-10-08T15:26:10.7697187Z env:
2026-10-08T15:26:10.7697401Z   RELEASE_TAG: v2.11.3-apple-validation.4
2026-10-08T15:26:10.7697675Z   DRY_RUN: true
2026-10-08T15:26:10.7697906Z   RELEASE_VERSION: 2.11.3-apple-validation.4
2026-10-08T15:26:10.7698205Z   JAVA_TOOL_OPTIONS: -Xmx2g
2026-10-08T15:26:10.7698521Z   BASELINE_SHA: 332c0d8a6fec650a6e7979e3dce37aa1a891c03a
2026-10-08T15:26:10.7698913Z   JAVA_HOME: /__t/Java_Temurin-Hotspot_jdk/17.0.20-101/x64
2026-10-08T15:26:10.7699320Z   JAVA_HOME_17_X64: /__t/Java_Temurin-Hotspot_jdk/17.0.20-101/x64
2026-10-08T15:26:10.7699667Z   MAVEN_ARGS: -ntp
2026-10-08T15:26:10.7699881Z ##[endgroup]
2026-10-08T15:26:10.7704932Z ##[command]/usr/bin/docker exec  db609f06ca22c94a75d5ada86eb52c590f002d7a63b46b5e3a6e0b17be0f6b8b sh -c "cat /etc/*release | grep ^ID"
2026-10-08T15:26:11.0085378Z Downloading single artifact
2026-10-08T15:26:11.3113192Z Preparing to download the following artifacts:
2026-10-08T15:26:11.3114716Z - release-v2.11.3-apple-validation.4 (ID: 11561030466, Size: 104057988, Expected Digest: sha256:eedbe9a9e5d3e802da24aa02e8451acec07c9291987d3131903d60c09e938696)
2026-10-08T15:26:11.8604516Z Redirecting to blob download url: https://productionresultssa13.blob.core.windows.net/actions-results/d97cd4f8-f4a6-4c9a-b2b9-fe1ec5b7999f/workflow-job-run-62403cbc-6b52-5f3c-9c5e-772953032411/artifacts/e1c3514b3e1bb853e8a5910771b5177a871dd0ff035ab41479985fced5e029e1.zip
2026-10-08T15:26:11.8606580Z Starting download of artifact to: /__w/graphite/graphite/dry-run
2026-10-08T15:26:12.2046074Z (node:453) [DEP0005] DeprecationWarning: Buffer() is deprecated due to security and usability issues. Please use the Buffer.alloc(), Buffer.allocUnsafe(), or Buffer.from() methods instead.
2026-10-08T15:26:12.2047037Z (Use `node --trace-deprecation ...` to show where the warning was created)
2026-10-08T15:26:26.9368751Z SHA256 digest of downloaded artifact is eedbe9a9e5d3e802da24aa02e8451acec07c9291987d3131903d60c09e938696
2026-10-08T15:26:26.9369370Z Artifact download completed successfully.
2026-10-08T15:26:26.9369887Z Total of 1 artifact(s) downloaded
2026-10-08T15:26:26.9385097Z Download artifact has finished successfully
2026-10-08T15:26:26.9541392Z ##[group]Run set -euo pipefail
2026-10-08T15:26:26.9541951Z [36;1mset -euo pipefail[0m
2026-10-08T15:26:26.9542425Z [36;1mASSETS="$PWD/dry-run/release-assets"[0m
2026-10-08T15:26:26.9543205Z [36;1mASSET="graphite-frontend-apple-${RELEASE_VERSION}-x86_64-unknown-linux-gnu.tar.gz"[0m
2026-10-08T15:26:26.9544131Z [36;1m(cd "${ASSETS}" && shasum -a 256 -c "${ASSET}.sha256" graphite.jar.sha256)[0m
2026-10-08T15:26:26.9544922Z [36;1mmkdir -p "${RUNNER_TEMP}/calibration-frontend" calibration-results[0m
2026-10-08T15:26:26.9545738Z [36;1mtar -xzf "${ASSETS}/${ASSET}" -C "${RUNNER_TEMP}/calibration-frontend"[0m
2026-10-08T15:26:26.9546697Z [36;1mcp "backend/bench/apple-frontend-corpus.json" calibration-results/corpus.json[0m
2026-10-08T15:26:26.9547463Z [36;1mpython3 - <<'PY'[0m
2026-10-08T15:26:26.9547877Z [36;1mimport json, os, pathlib[0m
2026-10-08T15:26:26.9548596Z [36;1moriginal = json.loads(pathlib.Path("calibration-results/corpus.json").read_text())[0m
2026-10-08T15:26:26.9549652Z [36;1munpinned = {**original, "shape": None, "files": None, "ceilings": None, "baselineShapes": {}}[0m
2026-10-08T15:26:26.9551100Z [36;1mpathlib.Path("calibration-results/unpinned-corpus.json").write_text(json.dumps(unpinned, indent=2) + "\n")[0m
2026-10-08T15:26:26.9552239Z [36;1mpathlib.Path("calibration-results/scope.json").write_text(json.dumps({[0m
2026-10-08T15:26:26.9553133Z [36;1m    "purpose": "real-source calibration only", "performanceAcceptance": False,[0m
2026-10-08T15:26:26.9554063Z [36;1m    "revision": os.environ["GITHUB_SHA"], "releaseVersion": os.environ["RELEASE_VERSION"],[0m
2026-10-08T15:26:26.9555556Z [36;1m    "baseline": os.environ["BASELINE_SHA"], "baselinePurpose": "shape calibration only; no paired acceptance", "timedBoundary": "existing compiler index store through IR emission",[0m
2026-10-08T15:26:26.9557086Z [36;1m    "excluded": ["compilation", "import/save timing", "graph load", "server query latency"],[0m
2026-10-08T15:26:26.9557843Z [36;1m}, indent=2) + "\n")[0m
2026-10-08T15:26:26.9558227Z [36;1mPY[0m
2026-10-08T15:26:26.9560579Z shell: bash --noprofile --norc -e -o pipefail {0}
2026-10-08T15:26:26.9561109Z env:
2026-10-08T15:26:26.9561462Z   RELEASE_TAG: v2.11.3-apple-validation.4
2026-10-08T15:26:26.9561926Z   DRY_RUN: true
2026-10-08T15:26:26.9562303Z   RELEASE_VERSION: 2.11.3-apple-validation.4
2026-10-08T15:26:26.9562794Z   JAVA_TOOL_OPTIONS: -Xmx2g
2026-10-08T15:26:26.9563280Z   BASELINE_SHA: 332c0d8a6fec650a6e7979e3dce37aa1a891c03a
2026-10-08T15:26:26.9563894Z   JAVA_HOME: /__t/Java_Temurin-Hotspot_jdk/17.0.20-101/x64
2026-10-08T15:26:26.9564539Z   JAVA_HOME_17_X64: /__t/Java_Temurin-Hotspot_jdk/17.0.20-101/x64
2026-10-08T15:26:26.9565109Z   MAVEN_ARGS: -ntp
2026-10-08T15:26:26.9565455Z ##[endgroup]
2026-10-08T15:26:27.1915771Z graphite-frontend-apple-2.11.3-apple-validation.4-x86_64-unknown-linux-gnu.tar.gz: OK
2026-10-08T15:26:27.3413035Z graphite.jar: OK
2026-10-08T15:26:28.3452368Z ##[group]Run set -euo pipefail
2026-10-08T15:26:28.3452702Z [36;1mset -euo pipefail[0m
2026-10-08T15:26:28.3453039Z [36;1mpython3 backend/bench/prepare-apple-corpus.py \[0m
2026-10-08T15:26:28.3453589Z [36;1m  --corpus "backend/bench/apple-frontend-corpus.json" --out "${RUNNER_TEMP}/corpus" \[0m
2026-10-08T15:26:28.3454225Z [36;1m  --derived-data "${RUNNER_TEMP}/derived-data" --log calibration-results/prepare.log[0m
2026-10-08T15:26:28.3454986Z shell: bash --noprofile --norc -e -o pipefail {0}
2026-10-08T15:26:28.3455294Z env:
2026-10-08T15:26:28.3455543Z   RELEASE_TAG: v2.11.3-apple-validation.4
2026-10-08T15:26:28.3469325Z   DRY_RUN: true
2026-10-08T15:26:28.3469632Z   RELEASE_VERSION: 2.11.3-apple-validation.4
2026-10-08T15:26:28.3469963Z   JAVA_TOOL_OPTIONS: -Xmx2g
2026-10-08T15:26:28.3471135Z   BASELINE_SHA: 332c0d8a6fec650a6e7979e3dce37aa1a891c03a
2026-10-08T15:26:28.3471534Z   JAVA_HOME: /__t/Java_Temurin-Hotspot_jdk/17.0.20-101/x64
2026-10-08T15:26:28.3471978Z   JAVA_HOME_17_X64: /__t/Java_Temurin-Hotspot_jdk/17.0.20-101/x64
2026-10-08T15:26:28.3472325Z   MAVEN_ARGS: -ntp
2026-10-08T15:26:28.3472551Z ##[endgroup]
2026-10-08T15:26:28.4409713Z Preparing corpus: git init --quiet /__w/_temp/corpus
2026-10-08T15:26:28.4446271Z Preparing corpus: git -C /__w/_temp/corpus remote add origin https://github.com/nicklockwood/SwiftFormat.git
2026-10-08T15:26:28.4468039Z Preparing corpus: git -C /__w/_temp/corpus fetch --quiet --depth 1 origin 173d2cb252474cd8e8baeaf13636f5d565408ec9
2026-10-08T15:26:29.5041407Z Preparing corpus: git -C /__w/_temp/corpus checkout --quiet 173d2cb252474cd8e8baeaf13636f5d565408ec9
2026-10-08T15:26:29.7903707Z Preparing corpus: swift build --package-path /__w/_temp/corpus --jobs 4 -c debug --enable-index-store
2026-10-08T15:27:25.1080838Z Prepared pinned real-source corpus swiftformat: /__w/_temp/corpus/.build/debug/index/store
2026-10-08T15:27:25.1215595Z ##[group]Run set -euo pipefail
2026-10-08T15:27:25.1215949Z [36;1mset -euo pipefail[0m
2026-10-08T15:27:25.1216277Z [36;1mCORPUS=calibration-results/unpinned-corpus.json[0m
2026-10-08T15:27:25.1216675Z [36;1mif [[ "${CORPUS_INPUT}" = package ]]; then[0m
2026-10-08T15:27:25.1217031Z [36;1m  INPUT=(--package "${RUNNER_TEMP}/corpus")[0m
2026-10-08T15:27:25.1217333Z [36;1melse[0m
2026-10-08T15:27:25.1217772Z [36;1m  PROJECT=$(python3 -c 'import json,sys; print(json.load(open(sys.argv[1]))["project"])' "${CORPUS}")[0m
2026-10-08T15:27:25.1218464Z [36;1m  INPUT=(--project "${RUNNER_TEMP}/corpus/${PROJECT}" --derived-data "${RUNNER_TEMP}/derived-data")[0m
2026-10-08T15:27:25.1218925Z [36;1mfi[0m
2026-10-08T15:27:25.1219184Z [36;1mpython3 backend/bench/apple-frontend.py \[0m
2026-10-08T15:27:25.1219651Z [36;1m  --frontend "${RUNNER_TEMP}/calibration-frontend/graphite-frontend-apple" \[0m
2026-10-08T15:27:25.1220213Z [36;1m  "${INPUT[@]}" --corpus "${CORPUS}" --repetitions 5 --warmup 1 \[0m
2026-10-08T15:27:25.1221022Z [36;1m  --verify "java -jar '$PWD/dry-run/release-assets/graphite.jar' import {ir} -o {out}" \[0m
2026-10-08T15:27:25.1221698Z [36;1m  --log calibration-results/candidate-frontend.log --out calibration-results/candidate-samples.json[0m
2026-10-08T15:27:25.1222361Z shell: bash --noprofile --norc -e -o pipefail {0}
2026-10-08T15:27:25.1222667Z env:
2026-10-08T15:27:25.1222895Z   RELEASE_TAG: v2.11.3-apple-validation.4
2026-10-08T15:27:25.1223175Z   DRY_RUN: true
2026-10-08T15:27:25.1223423Z   RELEASE_VERSION: 2.11.3-apple-validation.4
2026-10-08T15:27:25.1223727Z   JAVA_TOOL_OPTIONS: -Xmx2g
2026-10-08T15:27:25.1224034Z   BASELINE_SHA: 332c0d8a6fec650a6e7979e3dce37aa1a891c03a
2026-10-08T15:27:25.1224414Z   JAVA_HOME: /__t/Java_Temurin-Hotspot_jdk/17.0.20-101/x64
2026-10-08T15:27:25.1224809Z   JAVA_HOME_17_X64: /__t/Java_Temurin-Hotspot_jdk/17.0.20-101/x64
2026-10-08T15:27:25.1225155Z   MAVEN_ARGS: -ntp
2026-10-08T15:27:25.1225390Z   CORPUS_INPUT: package
2026-10-08T15:27:25.1225657Z   MANIFEST: apple-frontend-corpus.json
2026-10-08T15:27:25.1225945Z ##[endgroup]
2026-10-08T15:27:35.1164715Z swiftformat: 181 files, 32530 nodes, 14655 edges, wall 1312.278 ms, peak RSS 78.68 MiB over 5 runs (+1 warm-up), IR sha256 783ce80903e6, verified by the production reader
2026-10-08T15:27:35.1350910Z ##[group]Run actions/checkout@v7
2026-10-08T15:27:35.1351210Z with:
2026-10-08T15:27:35.1351463Z   ref: 332c0d8a6fec650a6e7979e3dce37aa1a891c03a
2026-10-08T15:27:35.1351787Z   path: calibration-baseline
2026-10-08T15:27:35.1352068Z   persist-credentials: false
2026-10-08T15:27:35.1352338Z   repository: johnsonlee/graphite
2026-10-08T15:27:35.1354652Z   token: ***
2026-10-08T15:27:35.1354880Z   ssh-strict: true
2026-10-08T15:27:35.1355099Z   ssh-user: git
2026-10-08T15:27:35.1355305Z   clean: true
2026-10-08T15:27:35.1355537Z   sparse-checkout-cone-mode: true
2026-10-08T15:27:35.1356055Z   fetch-depth: 1
2026-10-08T15:27:35.1356283Z   fetch-tags: false
2026-10-08T15:27:35.1356515Z   show-progress: true
2026-10-08T15:27:35.1356741Z   lfs: false
2026-10-08T15:27:35.1356941Z   submodules: false
2026-10-08T15:27:35.1357171Z   set-safe-directory: true
2026-10-08T15:27:35.1357430Z   allow-unsafe-pr-checkout: false
2026-10-08T15:27:35.1357688Z env:
2026-10-08T15:27:35.1357955Z   RELEASE_TAG: v2.11.3-apple-validation.4
2026-10-08T15:27:35.1358245Z   DRY_RUN: true
2026-10-08T15:27:35.1358478Z   RELEASE_VERSION: 2.11.3-apple-validation.4
2026-10-08T15:27:35.1358781Z   JAVA_TOOL_OPTIONS: -Xmx2g
2026-10-08T15:27:35.1359105Z   BASELINE_SHA: 332c0d8a6fec650a6e7979e3dce37aa1a891c03a
2026-10-08T15:27:35.1359507Z   JAVA_HOME: /__t/Java_Temurin-Hotspot_jdk/17.0.20-101/x64
2026-10-08T15:27:35.1359896Z   JAVA_HOME_17_X64: /__t/Java_Temurin-Hotspot_jdk/17.0.20-101/x64
2026-10-08T15:27:35.1360438Z   MAVEN_ARGS: -ntp
2026-10-08T15:27:35.1360710Z ##[endgroup]
2026-10-08T15:27:35.1368428Z ##[command]/usr/bin/docker exec  db609f06ca22c94a75d5ada86eb52c590f002d7a63b46b5e3a6e0b17be0f6b8b sh -c "cat /etc/*release | grep ^ID"
2026-10-08T15:27:35.3255257Z Syncing repository: johnsonlee/graphite
2026-10-08T15:27:35.3265509Z ##[group]Getting Git version info
2026-10-08T15:27:35.3266145Z Working directory is '/__w/graphite/graphite/calibration-baseline'
2026-10-08T15:27:35.3294202Z [command]/usr/bin/git version
2026-10-08T15:27:35.3338666Z git version 2.43.0
2026-10-08T15:27:35.3358372Z ##[endgroup]
2026-10-08T15:27:35.3379216Z Temporarily overriding HOME='/__w/_temp/c9901611-09fe-44ac-92d7-89b0544a9e09' before making global git config changes
2026-10-08T15:27:35.3380738Z Adding repository directory to the temporary git global config as a safe directory
2026-10-08T15:27:35.3384387Z [command]/usr/bin/git config --global --add safe.directory /__w/graphite/graphite/calibration-baseline
2026-10-08T15:27:35.3419831Z ##[group]Determining repository object format
2026-10-08T15:27:35.3422109Z ##[endgroup]
2026-10-08T15:27:35.3423361Z ##[group]Initializing the repository
2026-10-08T15:27:35.3427750Z [command]/usr/bin/git init /__w/graphite/graphite/calibration-baseline
2026-10-08T15:27:35.3467861Z hint: Using 'master' as the name for the initial branch. This default branch name
2026-10-08T15:27:35.3469576Z hint: is subject to change. To configure the initial branch name to use in all
2026-10-08T15:27:35.3470566Z hint: of your new repositories, which will suppress this warning, call:
2026-10-08T15:27:35.3471197Z hint: 
2026-10-08T15:27:35.3471638Z hint: 	git config --global init.defaultBranch <name>
2026-10-08T15:27:35.3477928Z hint: 
2026-10-08T15:27:35.3478548Z hint: Names commonly chosen instead of 'master' are 'main', 'trunk' and
2026-10-08T15:27:35.3479543Z hint: 'development'. The just-created branch can be renamed via this command:
2026-10-08T15:27:35.3480588Z hint: 
2026-10-08T15:27:35.3481205Z hint: 	git branch -m <name>
2026-10-08T15:27:35.3482149Z Initialized empty Git repository in /__w/graphite/graphite/calibration-baseline/.git/
2026-10-08T15:27:35.3488960Z [command]/usr/bin/git remote add origin https://github.com/johnsonlee/graphite
2026-10-08T15:27:35.3531591Z ##[endgroup]
2026-10-08T15:27:35.3532105Z ##[group]Disabling automatic garbage collection
2026-10-08T15:27:35.3535708Z [command]/usr/bin/git config --local gc.auto 0
2026-10-08T15:27:35.3570907Z ##[endgroup]
2026-10-08T15:27:35.3571896Z ##[group]Setting up auth
2026-10-08T15:27:35.3572761Z Removing SSH command configuration
2026-10-08T15:27:35.3576848Z [command]/usr/bin/git config --local --name-only --get-regexp core\.sshCommand
2026-10-08T15:27:35.3611386Z [command]/usr/bin/git submodule foreach --recursive sh -c "git config --local --name-only --get-regexp 'core\.sshCommand' && git config --local --unset-all 'core.sshCommand' || :"
2026-10-08T15:27:35.3897431Z Removing HTTP extra header
2026-10-08T15:27:35.3911582Z [command]/usr/bin/git config --local --name-only --get-regexp http\.https\:\/\/github\.com\/\.extraheader
2026-10-08T15:27:35.3955308Z [command]/usr/bin/git submodule foreach --recursive sh -c "git config --local --name-only --get-regexp 'http\.https\:\/\/github\.com\/\.extraheader' && git config --local --unset-all 'http.https://github.com/.extraheader' || :"
2026-10-08T15:27:35.4221727Z Removing includeIf entries pointing to credentials config files
2026-10-08T15:27:35.4226277Z [command]/usr/bin/git config --local --name-only --get-regexp ^includeIf\.gitdir:
2026-10-08T15:27:35.4280104Z [command]/usr/bin/git submodule foreach --recursive git config --local --show-origin --name-only --get-regexp remote.origin.url
2026-10-08T15:27:35.4534557Z [command]/usr/bin/git config --file /__w/_temp/git-credentials-38195dad-e764-473f-88e9-f736b29cf2c4.config http.https://github.com/.extraheader AUTHORIZATION: basic ***
2026-10-08T15:27:35.4581275Z [command]/usr/bin/git config --local includeIf.gitdir:/__w/graphite/graphite/calibration-baseline/.git.path /__w/_temp/git-credentials-38195dad-e764-473f-88e9-f736b29cf2c4.config
2026-10-08T15:27:35.4621046Z [command]/usr/bin/git config --local includeIf.gitdir:/__w/graphite/graphite/calibration-baseline/.git/worktrees/*.path /__w/_temp/git-credentials-38195dad-e764-473f-88e9-f736b29cf2c4.config
2026-10-08T15:27:35.4663837Z [command]/usr/bin/git config --local includeIf.gitdir:/github/workspace/calibration-baseline/.git.path /github/runner_temp/git-credentials-38195dad-e764-473f-88e9-f736b29cf2c4.config
2026-10-08T15:27:35.4710809Z [command]/usr/bin/git config --local includeIf.gitdir:/github/workspace/calibration-baseline/.git/worktrees/*.path /github/runner_temp/git-credentials-38195dad-e764-473f-88e9-f736b29cf2c4.config
2026-10-08T15:27:35.4751927Z ##[endgroup]
2026-10-08T15:27:35.4752347Z ##[group]Fetching the repository
2026-10-08T15:27:35.4762868Z [command]/usr/bin/git -c protocol.version=2 fetch --no-tags --prune --no-recurse-submodules --depth=1 origin 332c0d8a6fec650a6e7979e3dce37aa1a891c03a
2026-10-08T15:27:36.4811365Z From https://github.com/johnsonlee/graphite
2026-10-08T15:27:36.4811983Z  * branch            332c0d8a6fec650a6e7979e3dce37aa1a891c03a -> FETCH_HEAD
2026-10-08T15:27:36.4837227Z [command]/usr/bin/git rev-parse --verify --quiet 332c0d8a6fec650a6e7979e3dce37aa1a891c03a^{object}
2026-10-08T15:27:36.4868502Z 332c0d8a6fec650a6e7979e3dce37aa1a891c03a
2026-10-08T15:27:36.4872764Z ##[endgroup]
2026-10-08T15:27:36.4873373Z ##[group]Determining the checkout info
2026-10-08T15:27:36.4874247Z ##[endgroup]
2026-10-08T15:27:36.4878370Z [command]/usr/bin/git sparse-checkout disable
2026-10-08T15:27:36.4921647Z [command]/usr/bin/git config --local --unset-all extensions.worktreeConfig
2026-10-08T15:27:36.4955169Z ##[group]Checking out the ref
2026-10-08T15:27:36.4958837Z [command]/usr/bin/git checkout --progress --force 332c0d8a6fec650a6e7979e3dce37aa1a891c03a
2026-10-08T15:27:36.5906809Z Note: switching to '332c0d8a6fec650a6e7979e3dce37aa1a891c03a'.
2026-10-08T15:27:36.5907254Z 
2026-10-08T15:27:36.5907566Z You are in 'detached HEAD' state. You can look around, make experimental
2026-10-08T15:27:36.5908292Z changes and commit them, and you can discard any commits you make in this
2026-10-08T15:27:36.5908988Z state without impacting any branches by switching back to a branch.
2026-10-08T15:27:36.5909377Z 
2026-10-08T15:27:36.5909698Z If you want to create a new branch to retain commits you create, you may
2026-10-08T15:27:36.5910571Z do so (now or later) by using -c with the switch command. Example:
2026-10-08T15:27:36.5911362Z 
2026-10-08T15:27:36.5911532Z   git switch -c <new-branch-name>
2026-10-08T15:27:36.5911796Z 
2026-10-08T15:27:36.5911966Z Or undo this operation with:
2026-10-08T15:27:36.5912208Z 
2026-10-08T15:27:36.5912354Z   git switch -
2026-10-08T15:27:36.5912547Z 
2026-10-08T15:27:36.5912893Z Turn off this advice by setting config variable advice.detachedHead to false
2026-10-08T15:27:36.5913357Z 
2026-10-08T15:27:36.5913736Z HEAD is now at 332c0d8 Add the Swift frontend, the protobuf Graph IR and graphite import
2026-10-08T15:27:36.5915258Z ##[endgroup]
2026-10-08T15:27:36.5957747Z [command]/usr/bin/git log -1 --format=%H
2026-10-08T15:27:36.5988307Z 332c0d8a6fec650a6e7979e3dce37aa1a891c03a
2026-10-08T15:27:36.5999017Z ##[group]Removing auth
2026-10-08T15:27:36.5999471Z Removing SSH command configuration
2026-10-08T15:27:36.6002732Z [command]/usr/bin/git config --local --name-only --get-regexp core\.sshCommand
2026-10-08T15:27:36.6042036Z [command]/usr/bin/git submodule foreach --recursive sh -c "git config --local --name-only --get-regexp 'core\.sshCommand' && git config --local --unset-all 'core.sshCommand' || :"
2026-10-08T15:27:36.6284887Z Removing HTTP extra header
2026-10-08T15:27:36.6291780Z [command]/usr/bin/git config --local --name-only --get-regexp http\.https\:\/\/github\.com\/\.extraheader
2026-10-08T15:27:36.6332937Z [command]/usr/bin/git submodule foreach --recursive sh -c "git config --local --name-only --get-regexp 'http\.https\:\/\/github\.com\/\.extraheader' && git config --local --unset-all 'http.https://github.com/.extraheader' || :"
2026-10-08T15:27:36.6580925Z Removing includeIf entries pointing to credentials config files
2026-10-08T15:27:36.6586136Z [command]/usr/bin/git config --local --name-only --get-regexp ^includeIf\.gitdir:
2026-10-08T15:27:36.6615944Z includeif.gitdir:/__w/graphite/graphite/calibration-baseline/.git.path
2026-10-08T15:27:36.6616828Z includeif.gitdir:/__w/graphite/graphite/calibration-baseline/.git/worktrees/*.path
2026-10-08T15:27:36.6617670Z includeif.gitdir:/github/workspace/calibration-baseline/.git.path
2026-10-08T15:27:36.6618504Z includeif.gitdir:/github/workspace/calibration-baseline/.git/worktrees/*.path
2026-10-08T15:27:36.6625906Z [command]/usr/bin/git config --local --get-all includeif.gitdir:/__w/graphite/graphite/calibration-baseline/.git.path
2026-10-08T15:27:36.6653000Z /__w/_temp/git-credentials-38195dad-e764-473f-88e9-f736b29cf2c4.config
2026-10-08T15:27:36.6663344Z [command]/usr/bin/git config --local --unset includeif.gitdir:/__w/graphite/graphite/calibration-baseline/.git.path \/__w\/_temp\/git\-credentials\-38195dad\-e764\-473f\-88e9\-f736b29cf2c4\.config
2026-10-08T15:27:36.6702585Z [command]/usr/bin/git config --local --get-all includeif.gitdir:/__w/graphite/graphite/calibration-baseline/.git/worktrees/*.path
2026-10-08T15:27:36.6728701Z /__w/_temp/git-credentials-38195dad-e764-473f-88e9-f736b29cf2c4.config
2026-10-08T15:27:36.6737392Z [command]/usr/bin/git config --local --unset includeif.gitdir:/__w/graphite/graphite/calibration-baseline/.git/worktrees/*.path \/__w\/_temp\/git\-credentials\-38195dad\-e764\-473f\-88e9\-f736b29cf2c4\.config
2026-10-08T15:27:36.6774462Z [command]/usr/bin/git config --local --get-all includeif.gitdir:/github/workspace/calibration-baseline/.git.path
2026-10-08T15:27:36.6801514Z /github/runner_temp/git-credentials-38195dad-e764-473f-88e9-f736b29cf2c4.config
2026-10-08T15:27:36.6810819Z [command]/usr/bin/git config --local --unset includeif.gitdir:/github/workspace/calibration-baseline/.git.path \/github\/runner_temp\/git\-credentials\-38195dad\-e764\-473f\-88e9\-f736b29cf2c4\.config
2026-10-08T15:27:36.6855678Z [command]/usr/bin/git config --local --get-all includeif.gitdir:/github/workspace/calibration-baseline/.git/worktrees/*.path
2026-10-08T15:27:36.6883741Z /github/runner_temp/git-credentials-38195dad-e764-473f-88e9-f736b29cf2c4.config
2026-10-08T15:27:36.6892399Z [command]/usr/bin/git config --local --unset includeif.gitdir:/github/workspace/calibration-baseline/.git/worktrees/*.path \/github\/runner_temp\/git\-credentials\-38195dad\-e764\-473f\-88e9\-f736b29cf2c4\.config
2026-10-08T15:27:36.6931106Z [command]/usr/bin/git submodule foreach --recursive git config --local --show-origin --name-only --get-regexp remote.origin.url
2026-10-08T15:27:36.7167460Z Removing credentials config '/__w/_temp/git-credentials-38195dad-e764-473f-88e9-f736b29cf2c4.config'
2026-10-08T15:27:36.7178399Z ##[endgroup]
2026-10-08T15:27:36.7331825Z ##[group]Run set -euo pipefail
2026-10-08T15:27:36.7332168Z [36;1mset -euo pipefail[0m
2026-10-08T15:27:36.7332587Z [36;1mtest "$(git -C calibration-baseline rev-parse HEAD)" = "${BASELINE_SHA}"[0m
2026-10-08T15:27:36.7333449Z [36;1mcalibration-baseline/frontend/apple/swift.sh build -c release --jobs 4 --static-swift-stdlib \[0m
2026-10-08T15:27:36.7334013Z [36;1m  > calibration-results/baseline-build.log 2>&1[0m
2026-10-08T15:27:36.7334520Z shell: bash --noprofile --norc -e -o pipefail {0}
2026-10-08T15:27:36.7334836Z env:
2026-10-08T15:27:36.7335063Z   RELEASE_TAG: v2.11.3-apple-validation.4
2026-10-08T15:27:36.7335351Z   DRY_RUN: true
2026-10-08T15:27:36.7335602Z   RELEASE_VERSION: 2.11.3-apple-validation.4
2026-10-08T15:27:36.7335905Z   JAVA_TOOL_OPTIONS: -Xmx2g
2026-10-08T15:27:36.7336223Z   BASELINE_SHA: 332c0d8a6fec650a6e7979e3dce37aa1a891c03a
2026-10-08T15:27:36.7336646Z   JAVA_HOME: /__t/Java_Temurin-Hotspot_jdk/17.0.20-101/x64
2026-10-08T15:27:36.7337075Z   JAVA_HOME_17_X64: /__t/Java_Temurin-Hotspot_jdk/17.0.20-101/x64
2026-10-08T15:27:36.7337424Z   MAVEN_ARGS: -ntp
2026-10-08T15:27:36.7337654Z ##[endgroup]
2026-10-08T15:34:05.3378374Z ##[group]Run set -euo pipefail
2026-10-08T15:34:05.3378927Z [36;1mset -euo pipefail[0m
2026-10-08T15:34:05.3379395Z [36;1mCORPUS=calibration-results/unpinned-corpus.json[0m
2026-10-08T15:34:05.3379932Z [36;1mif [[ "${CORPUS_INPUT}" = package ]]; then[0m
2026-10-08T15:34:05.3381434Z [36;1m  INPUT=(--package "${RUNNER_TEMP}/corpus")[0m
2026-10-08T15:34:05.3381869Z [36;1melse[0m
2026-10-08T15:34:05.3382473Z [36;1m  PROJECT=$(python3 -c 'import json,sys; print(json.load(open(sys.argv[1]))["project"])' "${CORPUS}")[0m
2026-10-08T15:34:05.3383360Z [36;1m  INPUT=(--project "${RUNNER_TEMP}/corpus/${PROJECT}" --derived-data "${RUNNER_TEMP}/derived-data")[0m
2026-10-08T15:34:05.3383970Z [36;1mfi[0m
2026-10-08T15:34:05.3384420Z [36;1mpython3 backend/bench/apple-frontend.py \[0m
2026-10-08T15:34:05.3385145Z [36;1m  --frontend calibration-baseline/frontend/apple/.build/release/graphite-frontend-apple \[0m
2026-10-08T15:34:05.3386155Z [36;1m  "${INPUT[@]}" --corpus "${CORPUS}" --baseline-revision "${BASELINE_SHA}" --repetitions 5 --warmup 1 \[0m
2026-10-08T15:34:05.3387013Z [36;1m  --verify "java -jar '$PWD/dry-run/release-assets/graphite.jar' import {ir} -o {out}" \[0m
2026-10-08T15:34:05.3387882Z [36;1m  --log calibration-results/baseline-frontend.log --out calibration-results/baseline-samples.json[0m
2026-10-08T15:34:05.3388785Z shell: bash --noprofile --norc -e -o pipefail {0}
2026-10-08T15:34:05.3389241Z env:
2026-10-08T15:34:05.3389603Z   RELEASE_TAG: v2.11.3-apple-validation.4
2026-10-08T15:34:05.3390043Z   DRY_RUN: true
2026-10-08T15:34:05.3390750Z   RELEASE_VERSION: 2.11.3-apple-validation.4
2026-10-08T15:34:05.3391399Z   JAVA_TOOL_OPTIONS: -Xmx2g
2026-10-08T15:34:05.3391876Z   BASELINE_SHA: 332c0d8a6fec650a6e7979e3dce37aa1a891c03a
2026-10-08T15:34:05.3392400Z   JAVA_HOME: /__t/Java_Temurin-Hotspot_jdk/17.0.20-101/x64
2026-10-08T15:34:05.3392974Z   JAVA_HOME_17_X64: /__t/Java_Temurin-Hotspot_jdk/17.0.20-101/x64
2026-10-08T15:34:05.3393500Z   MAVEN_ARGS: -ntp
2026-10-08T15:34:05.3393861Z   CORPUS_INPUT: package
2026-10-08T15:34:05.3394275Z   MANIFEST: apple-frontend-corpus.json
2026-10-08T15:34:05.3394777Z ##[endgroup]
2026-10-08T15:34:15.2889906Z swiftformat: 181 files, 32530 nodes, 14655 edges, wall 1301.424 ms, peak RSS 78.82 MiB over 5 runs (+1 warm-up), IR sha256 fad778fbaa28, verified by the production reader
2026-10-08T15:34:15.3058110Z ##[group]Run actions/upload-artifact@v7
2026-10-08T15:34:15.3058409Z with:
2026-10-08T15:34:15.3058751Z   name: apple-corpus-calibration-swiftformat-v2.11.3-apple-validation.4
2026-10-08T15:34:15.3059175Z   path: calibration-results/
2026-10-08T15:34:15.3059439Z   if-no-files-found: error
2026-10-08T15:34:15.3059678Z   retention-days: 30
2026-10-08T15:34:15.3059904Z   compression-level: 6
2026-10-08T15:34:15.3060130Z   overwrite: false
2026-10-08T15:34:15.3060606Z   include-hidden-files: false
2026-10-08T15:34:15.3060857Z   archive: true
2026-10-08T15:34:15.3061062Z env:
2026-10-08T15:34:15.3061282Z   RELEASE_TAG: v2.11.3-apple-validation.4
2026-10-08T15:34:15.3061561Z   DRY_RUN: true
2026-10-08T15:34:15.3062040Z   RELEASE_VERSION: 2.11.3-apple-validation.4
2026-10-08T15:34:15.3062342Z   JAVA_TOOL_OPTIONS: -Xmx2g
2026-10-08T15:34:15.3062647Z   BASELINE_SHA: 332c0d8a6fec650a6e7979e3dce37aa1a891c03a
2026-10-08T15:34:15.3063049Z   JAVA_HOME: /__t/Java_Temurin-Hotspot_jdk/17.0.20-101/x64
2026-10-08T15:34:15.3063435Z   JAVA_HOME_17_X64: /__t/Java_Temurin-Hotspot_jdk/17.0.20-101/x64
2026-10-08T15:34:15.3063769Z   MAVEN_ARGS: -ntp
2026-10-08T15:34:15.3063993Z ##[endgroup]
2026-10-08T15:34:15.3068074Z ##[command]/usr/bin/docker exec  db609f06ca22c94a75d5ada86eb52c590f002d7a63b46b5e3a6e0b17be0f6b8b sh -c "cat /etc/*release | grep ^ID"
2026-10-08T15:34:15.5546103Z With the provided path, there will be 14 files uploaded
2026-10-08T15:34:15.5554766Z Artifact name is valid!
2026-10-08T15:34:15.5556944Z Root directory input is valid!
2026-10-08T15:34:15.9831002Z Uploading artifact: apple-corpus-calibration-swiftformat-v2.11.3-apple-validation.4.zip
2026-10-08T15:34:15.9874742Z Beginning upload of artifact content to blob storage
2026-10-08T15:34:16.3984406Z Uploaded bytes 17793
2026-10-08T15:34:16.4762130Z Finished uploading artifact content to blob storage!
2026-10-08T15:34:16.4763643Z SHA256 digest of uploaded artifact is 526dda135458e8ac5c36281b1f71071ca0b5d6a819434c05910b0d41c8137312
2026-10-08T15:34:16.4764481Z Finalizing artifact upload
2026-10-08T15:34:16.8972866Z Artifact apple-corpus-calibration-swiftformat-v2.11.3-apple-validation.4 successfully finalized. Artifact ID 11561156728
2026-10-08T15:34:16.8974625Z Artifact apple-corpus-calibration-swiftformat-v2.11.3-apple-validation.4 has been successfully uploaded! Final size is 17793 bytes. Artifact ID is 11561156728
2026-10-08T15:34:16.8979360Z Artifact download URL: https://github.com/johnsonlee/graphite/actions/runs/37798249852/artifacts/11561156728
2026-10-08T15:34:16.9194555Z Post job cleanup.
2026-10-08T15:34:16.9202422Z ##[command]/usr/bin/docker exec  db609f06ca22c94a75d5ada86eb52c590f002d7a63b46b5e3a6e0b17be0f6b8b sh -c "cat /etc/*release | grep ^ID"
2026-10-08T15:34:17.1015015Z [command]/usr/bin/git version
2026-10-08T15:34:17.1061481Z git version 2.43.0
2026-10-08T15:34:17.1103652Z Temporarily overriding HOME='/__w/_temp/1ccd85eb-1fb5-465f-a4e7-9edf971b2d9e' before making global git config changes
2026-10-08T15:34:17.1104566Z Adding repository directory to the temporary git global config as a safe directory
2026-10-08T15:34:17.1108581Z [command]/usr/bin/git config --global --add safe.directory /__w/graphite/graphite/calibration-baseline
2026-10-08T15:34:17.1159609Z Removing SSH command configuration
2026-10-08T15:34:17.1166979Z [command]/usr/bin/git config --local --name-only --get-regexp core\.sshCommand
2026-10-08T15:34:17.1213547Z [command]/usr/bin/git submodule foreach --recursive sh -c "git config --local --name-only --get-regexp 'core\.sshCommand' && git config --local --unset-all 'core.sshCommand' || :"
2026-10-08T15:34:17.1547736Z Removing HTTP extra header
2026-10-08T15:34:17.1557287Z [command]/usr/bin/git config --local --name-only --get-regexp http\.https\:\/\/github\.com\/\.extraheader
2026-10-08T15:34:17.1628665Z [command]/usr/bin/git submodule foreach --recursive sh -c "git config --local --name-only --get-regexp 'http\.https\:\/\/github\.com\/\.extraheader' && git config --local --unset-all 'http.https://github.com/.extraheader' || :"
2026-10-08T15:34:17.1958319Z Removing includeIf entries pointing to credentials config files
2026-10-08T15:34:17.1964758Z [command]/usr/bin/git config --local --name-only --get-regexp ^includeIf\.gitdir:
2026-10-08T15:34:17.2005571Z [command]/usr/bin/git submodule foreach --recursive git config --local --show-origin --name-only --get-regexp remote.origin.url
2026-10-08T15:34:17.2494955Z Post job cleanup.
2026-10-08T15:34:17.2507906Z ##[command]/usr/bin/docker exec  db609f06ca22c94a75d5ada86eb52c590f002d7a63b46b5e3a6e0b17be0f6b8b sh -c "cat /etc/*release | grep ^ID"
2026-10-08T15:34:17.5013250Z Post job cleanup.
2026-10-08T15:34:17.5025058Z ##[command]/usr/bin/docker exec  db609f06ca22c94a75d5ada86eb52c590f002d7a63b46b5e3a6e0b17be0f6b8b sh -c "cat /etc/*release | grep ^ID"
2026-10-08T15:34:17.6837467Z [command]/usr/bin/git version
2026-10-08T15:34:17.6872533Z git version 2.43.0
2026-10-08T15:34:17.6910942Z Temporarily overriding HOME='/__w/_temp/766fe2be-7b45-4c7c-b360-23e4c921f9b4' before making global git config changes
2026-10-08T15:34:17.6912141Z Adding repository directory to the temporary git global config as a safe directory
2026-10-08T15:34:17.6915336Z [command]/usr/bin/git config --global --add safe.directory /__w/graphite/graphite
2026-10-08T15:34:17.6953340Z Removing SSH command configuration
2026-10-08T15:34:17.6959833Z [command]/usr/bin/git config --local --name-only --get-regexp core\.sshCommand
2026-10-08T15:34:17.6997404Z [command]/usr/bin/git submodule foreach --recursive sh -c "git config --local --name-only --get-regexp 'core\.sshCommand' && git config --local --unset-all 'core.sshCommand' || :"
2026-10-08T15:34:17.7254593Z Removing HTTP extra header
2026-10-08T15:34:17.7261630Z [command]/usr/bin/git config --local --name-only --get-regexp http\.https\:\/\/github\.com\/\.extraheader
2026-10-08T15:34:17.7299757Z [command]/usr/bin/git submodule foreach --recursive sh -c "git config --local --name-only --get-regexp 'http\.https\:\/\/github\.com\/\.extraheader' && git config --local --unset-all 'http.https://github.com/.extraheader' || :"
2026-10-08T15:34:17.7578622Z Removing includeIf entries pointing to credentials config files
2026-10-08T15:34:17.7584613Z [command]/usr/bin/git config --local --name-only --get-regexp ^includeIf\.gitdir:
2026-10-08T15:34:17.7614463Z includeif.gitdir:/__w/graphite/graphite/.git.path
2026-10-08T15:34:17.7615603Z includeif.gitdir:/__w/graphite/graphite/.git/worktrees/*.path
2026-10-08T15:34:17.7616511Z includeif.gitdir:/github/workspace/.git.path
2026-10-08T15:34:17.7617157Z includeif.gitdir:/github/workspace/.git/worktrees/*.path
2026-10-08T15:34:17.7623259Z [command]/usr/bin/git config --local --get-all includeif.gitdir:/__w/graphite/graphite/.git.path
2026-10-08T15:34:17.7657738Z /__w/_temp/git-credentials-1e6ef74a-707d-43a5-ba06-69d888f58f28.config
2026-10-08T15:34:17.7664805Z [command]/usr/bin/git config --local --unset includeif.gitdir:/__w/graphite/graphite/.git.path \/__w\/_temp\/git\-credentials\-1e6ef74a\-707d\-43a5\-ba06\-69d888f58f28\.config
2026-10-08T15:34:17.7707011Z [command]/usr/bin/git config --local --get-all includeif.gitdir:/__w/graphite/graphite/.git/worktrees/*.path
2026-10-08T15:34:17.7736050Z /__w/_temp/git-credentials-1e6ef74a-707d-43a5-ba06-69d888f58f28.config
2026-10-08T15:34:17.7746409Z [command]/usr/bin/git config --local --unset includeif.gitdir:/__w/graphite/graphite/.git/worktrees/*.path \/__w\/_temp\/git\-credentials\-1e6ef74a\-707d\-43a5\-ba06\-69d888f58f28\.config
2026-10-08T15:34:17.7783522Z [command]/usr/bin/git config --local --get-all includeif.gitdir:/github/workspace/.git.path
2026-10-08T15:34:17.7813096Z /github/runner_temp/git-credentials-1e6ef74a-707d-43a5-ba06-69d888f58f28.config
2026-10-08T15:34:17.7821448Z [command]/usr/bin/git config --local --unset includeif.gitdir:/github/workspace/.git.path \/github\/runner_temp\/git\-credentials\-1e6ef74a\-707d\-43a5\-ba06\-69d888f58f28\.config
2026-10-08T15:34:17.7860819Z [command]/usr/bin/git config --local --get-all includeif.gitdir:/github/workspace/.git/worktrees/*.path
2026-10-08T15:34:17.7903691Z /github/runner_temp/git-credentials-1e6ef74a-707d-43a5-ba06-69d888f58f28.config
2026-10-08T15:34:17.7907418Z [command]/usr/bin/git config --local --unset includeif.gitdir:/github/workspace/.git/worktrees/*.path \/github\/runner_temp\/git\-credentials\-1e6ef74a\-707d\-43a5\-ba06\-69d888f58f28\.config
2026-10-08T15:34:17.7947168Z [command]/usr/bin/git submodule foreach --recursive git config --local --show-origin --name-only --get-regexp remote.origin.url
2026-10-08T15:34:17.8186981Z Removing credentials config '/__w/_temp/git-credentials-1e6ef74a-707d-43a5-ba06-69d888f58f28.config'
2026-10-08T15:34:17.8345891Z Stop and remove container: 1665cf488155416ab2b5a62bc0781aa5_swift613_be0ce9
2026-10-08T15:34:17.8350811Z ##[command]/usr/bin/docker rm --force db609f06ca22c94a75d5ada86eb52c590f002d7a63b46b5e3a6e0b17be0f6b8b
2026-10-08T15:34:18.0517894Z db609f06ca22c94a75d5ada86eb52c590f002d7a63b46b5e3a6e0b17be0f6b8b
2026-10-08T15:34:18.0550730Z Remove container network: github_network_9b920668bdbb4081a9886921fd2c8407
2026-10-08T15:34:18.0555292Z ##[command]/usr/bin/docker network rm github_network_9b920668bdbb4081a9886921fd2c8407
2026-10-08T15:34:18.1547325Z github_network_9b920668bdbb4081a9886921fd2c8407
2026-10-08T15:34:18.1619501Z Cleaning up orphan processes
