=== RUN   TestGenericProvenanceMainPrefix
=== RUN   TestGenericProvenanceMainPrefix/raw-complete-first-nonselected
=== RUN   TestGenericProvenanceMainPrefix/raw-complete-first-duplicate
=== RUN   TestGenericProvenanceMainPrefix/raw-complete-first-bad
=== RUN   TestGenericProvenanceMainPrefix/raw-complete-no-generic
=== RUN   TestGenericProvenanceMainPrefix/raw-plus-generic-completes
=== RUN   TestGenericProvenanceMainPrefix/raw-plus-nonselected-then-selected
=== RUN   TestGenericProvenanceMainPrefix/raw-plus-nonselected-then-bad
=== RUN   TestGenericProvenanceMainPrefix/no-raw-hit-generic-completes
=== RUN   TestGenericProvenanceMainPrefix/no-callsite-generic-completes
=== RUN   TestGenericProvenanceMainPrefix/no-raw-hit-duplicate-then-completes
=== RUN   TestGenericProvenanceMainPrefix/no-raw-hit-duplicate-then-bad
=== RUN   TestGenericProvenanceMainPrefix/no-raw-hit-nonselected-then-completes
=== RUN   TestGenericProvenanceMainPrefix/incomplete-exhaustion
--- PASS: TestGenericProvenanceMainPrefix (0.92s)
    --- PASS: TestGenericProvenanceMainPrefix/raw-complete-first-nonselected (0.07s)
    --- PASS: TestGenericProvenanceMainPrefix/raw-complete-first-duplicate (0.07s)
    --- PASS: TestGenericProvenanceMainPrefix/raw-complete-first-bad (0.07s)
    --- PASS: TestGenericProvenanceMainPrefix/raw-complete-no-generic (0.07s)
    --- PASS: TestGenericProvenanceMainPrefix/raw-plus-generic-completes (0.07s)
    --- PASS: TestGenericProvenanceMainPrefix/raw-plus-nonselected-then-selected (0.07s)
    --- PASS: TestGenericProvenanceMainPrefix/raw-plus-nonselected-then-bad (0.07s)
    --- PASS: TestGenericProvenanceMainPrefix/no-raw-hit-generic-completes (0.06s)
    --- PASS: TestGenericProvenanceMainPrefix/no-callsite-generic-completes (0.06s)
    --- PASS: TestGenericProvenanceMainPrefix/no-raw-hit-duplicate-then-completes (0.06s)
    --- PASS: TestGenericProvenanceMainPrefix/no-raw-hit-duplicate-then-bad (0.06s)
    --- PASS: TestGenericProvenanceMainPrefix/no-raw-hit-nonselected-then-completes (0.06s)
    --- PASS: TestGenericProvenanceMainPrefix/incomplete-exhaustion (0.06s)
PASS
ok  	github.com/johnsonlee/graphite/graphite-server/internal/query	1.173s
