or-single-early-rows rows=200 returnedGraphs=1 latencyMs=88.966458
or-single-early-distinct rows=200 returnedGraphs=1 latencyMs=262.068167
and-single-early-rows rows=200 returnedGraphs=1 latencyMs=39.5885
and-single-early-distinct rows=50 returnedGraphs=1 latencyMs=174.192667
or-single-middle-rows rows=200 returnedGraphs=1 latencyMs=105.544083
or-single-middle-distinct rows=200 returnedGraphs=1 latencyMs=157.623417
and-single-middle-rows rows=200 returnedGraphs=1 latencyMs=94.567917
and-single-middle-distinct rows=200 returnedGraphs=1 latencyMs=151.615417
or-single-late-rows rows=200 returnedGraphs=1 latencyMs=150.573417
or-single-late-distinct rows=200 returnedGraphs=1 latencyMs=150.828083
and-single-late-rows rows=29 returnedGraphs=1 latencyMs=147.603166
and-single-late-distinct rows=21 returnedGraphs=1 latencyMs=134.736875
or-few-early-late-rows rows=200 returnedGraphs=1 latencyMs=15.196042
or-few-early-late-distinct rows=200 returnedGraphs=1 latencyMs=148.019875
or-few-early-middle-rows rows=200 returnedGraphs=1 latencyMs=15.345875
or-few-early-middle-distinct rows=200 returnedGraphs=1 latencyMs=146.239041
or-broad-all-rows rows=200 returnedGraphs=1 latencyMs=4.833375
or-broad-all-distinct rows=200 returnedGraphs=2 latencyMs=183.088291
and-broad-all-rows rows=200 returnedGraphs=1 latencyMs=21.678042
and-broad-all-distinct rows=200 returnedGraphs=2 latencyMs=986.81525
mixed-four-few-rows rows=200 returnedGraphs=1 latencyMs=271.282708
mixed-four-few-distinct rows=71 returnedGraphs=2 latencyMs=39225.589041
and-zero-disjoint-graphs-rows rows=0 returnedGraphs=0 latencyMs=136.376292
and-zero-disjoint-graphs-distinct rows=0 returnedGraphs=0 latencyMs=148.32025
or-four-broad-rows rows=200 returnedGraphs=1 latencyMs=24.977125
or-four-broad-distinct rows=200 returnedGraphs=1 latencyMs=148.876667
or-four-single-early-rows rows=200 returnedGraphs=1 latencyMs=16.685417
or-four-single-early-distinct rows=200 returnedGraphs=1 latencyMs=147.853125
or-four-single-middle-rows rows=200 returnedGraphs=1 latencyMs=88.133292
or-four-single-middle-distinct rows=200 returnedGraphs=1 latencyMs=137.699625
or-four-single-late-rows rows=200 returnedGraphs=1 latencyMs=148.909958
or-four-single-late-distinct rows=200 returnedGraphs=1 latencyMs=147.557709
or-four-few-early-late-rows rows=200 returnedGraphs=1 latencyMs=15.263208
or-four-few-early-late-distinct rows=200 returnedGraphs=1 latencyMs=145.088208
or-four-all-rows rows=200 returnedGraphs=1 latencyMs=13.136167
or-four-all-distinct rows=200 returnedGraphs=2 latencyMs=181.368041
