or-single-early-rows rows=200 returnedGraphs=1 latencyMs=88.543
or-single-early-distinct rows=200 returnedGraphs=1 latencyMs=248.388875
and-single-early-rows rows=200 returnedGraphs=1 latencyMs=37.185709
and-single-early-distinct rows=50 returnedGraphs=1 latencyMs=170.489125
or-single-middle-rows rows=200 returnedGraphs=1 latencyMs=107.736875
or-single-middle-distinct rows=200 returnedGraphs=1 latencyMs=160.451792
and-single-middle-rows rows=200 returnedGraphs=1 latencyMs=94.953292
and-single-middle-distinct rows=200 returnedGraphs=1 latencyMs=154.868875
or-single-late-rows rows=200 returnedGraphs=1 latencyMs=142.661042
or-single-late-distinct rows=200 returnedGraphs=1 latencyMs=146.606042
and-single-late-rows rows=29 returnedGraphs=1 latencyMs=148.13675
and-single-late-distinct rows=21 returnedGraphs=1 latencyMs=149.1045
or-few-early-late-rows rows=200 returnedGraphs=1 latencyMs=15.541208
or-few-early-late-distinct rows=200 returnedGraphs=1 latencyMs=145.297584
or-few-early-middle-rows rows=200 returnedGraphs=1 latencyMs=14.432375
or-few-early-middle-distinct rows=200 returnedGraphs=1 latencyMs=149.998292
or-broad-all-rows rows=200 returnedGraphs=1 latencyMs=4.905375
or-broad-all-distinct rows=200 returnedGraphs=2 latencyMs=184.507083
and-broad-all-rows rows=200 returnedGraphs=1 latencyMs=21.012459
and-broad-all-distinct rows=200 returnedGraphs=2 latencyMs=977.545125
mixed-four-few-rows rows=200 returnedGraphs=1 latencyMs=727.403042
mixed-four-few-distinct rows=71 returnedGraphs=2 latencyMs=38688.882709
and-zero-disjoint-graphs-rows rows=0 returnedGraphs=0 latencyMs=149.631791
and-zero-disjoint-graphs-distinct rows=0 returnedGraphs=0 latencyMs=146.661666
or-four-broad-rows rows=200 returnedGraphs=1 latencyMs=36.157666
or-four-broad-distinct rows=200 returnedGraphs=1 latencyMs=152.193541
or-four-single-early-rows rows=200 returnedGraphs=1 latencyMs=12.899208
or-four-single-early-distinct rows=200 returnedGraphs=1 latencyMs=148.818125
or-four-single-middle-rows rows=200 returnedGraphs=1 latencyMs=92.545417
or-four-single-middle-distinct rows=200 returnedGraphs=1 latencyMs=149.97825
or-four-single-late-rows rows=200 returnedGraphs=1 latencyMs=149.793875
or-four-single-late-distinct rows=200 returnedGraphs=1 latencyMs=150.829958
or-four-few-early-late-rows rows=200 returnedGraphs=1 latencyMs=14.864916
or-four-few-early-late-distinct rows=200 returnedGraphs=1 latencyMs=149.5405
or-four-all-rows rows=200 returnedGraphs=1 latencyMs=14.927541
or-four-all-distinct rows=200 returnedGraphs=2 latencyMs=183.875917
