gc 1 @0.004s 1%: 0.022+0.63+0.019 ms clock, 0.35+0.075/0.84/0.16+0.31 ms cpu, 4->4->3 MB, 4 MB goal, 0 MB stacks, 0 MB globals, 16 P
gc 2 @0.024s 0%: 0.003+0.45+0.012 ms clock, 0.062+0.062/0.51/0.029+0.20 ms cpu, 8->8->3 MB, 8 MB goal, 0 MB stacks, 0 MB globals, 16 P
gc 3 @0.031s 0%: 0.004+0.40+0.014 ms clock, 0.068+0.051/0.55/0.029+0.22 ms cpu, 6->6->4 MB, 6 MB goal, 0 MB stacks, 0 MB globals, 16 P
gc 4 @0.039s 0%: 0.004+0.54+0.004 ms clock, 0.070+0.35/0.36/0+0.073 ms cpu, 8->8->3 MB, 8 MB goal, 0 MB stacks, 0 MB globals, 16 P
gc 5 @0.043s 0%: 0.003+0.62+0.012 ms clock, 0.050+0.053/0.64/0+0.19 ms cpu, 7->8->5 MB, 7 MB goal, 0 MB stacks, 0 MB globals, 16 P
gc 6 @0.049s 0%: 0.002+0.45+0.011 ms clock, 0.047+0.12/0.52/0+0.18 ms cpu, 11->11->7 MB, 11 MB goal, 0 MB stacks, 0 MB globals, 16 P
gc 7 @0.054s 0%: 0.003+0.54+0.012 ms clock, 0.050+0.038/0.61/0.023+0.19 ms cpu, 15->15->13 MB, 15 MB goal, 0 MB stacks, 0 MB globals, 16 P
gc 8 @0.064s 0%: 0.003+0.40+0.014 ms clock, 0.058+0.064/0.61/0.023+0.22 ms cpu, 31->31->23 MB, 31 MB goal, 0 MB stacks, 0 MB globals, 16 P
gc 9 @0.090s 0%: 0.007+1.2+0.015 ms clock, 0.12+0.081/3.5/0.064+0.24 ms cpu, 46->47->27 MB, 47 MB goal, 0 MB stacks, 0 MB globals, 16 P
gc 10 @0.121s 0%: 0.010+1.8+0.020 ms clock, 0.17+0.069/6.0/4.6+0.32 ms cpu, 59->60->46 MB, 59 MB goal, 0 MB stacks, 0 MB globals, 16 P
gc 11 @0.162s 1%: 0.014+2.2+0.012 ms clock, 0.23+0.048/8.0/14+0.20 ms cpu, 91->92->72 MB, 94 MB goal, 0 MB stacks, 0 MB globals, 16 P
gc 12 @0.224s 1%: 0.020+6.0+0.003 ms clock, 0.33+3.5/23/54+0.060 ms cpu, 151->151->132 MB, 151 MB goal, 0 MB stacks, 0 MB globals, 16 P
gc 13 @0.363s 1%: 0.018+7.0+0.018 ms clock, 0.29+0.045/26/64+0.29 ms cpu, 252->254->155 MB, 265 MB goal, 0 MB stacks, 0 MB globals, 16 P
gc 14 @0.497s 1%: 0.019+13+0.021 ms clock, 0.30+0.036/52/131+0.34 ms cpu, 298->304->236 MB, 311 MB goal, 0 MB stacks, 0 MB globals, 16 P
gc 15 @0.697s 1%: 0.019+20+0.015 ms clock, 0.30+0.23/76/192+0.24 ms cpu, 458->461->362 MB, 473 MB goal, 0 MB stacks, 0 MB globals, 16 P
gc 16 @1.040s 1%: 0.019+24+0.016 ms clock, 0.31+0.10/97/261+0.26 ms cpu, 690->703->491 MB, 725 MB goal, 0 MB stacks, 0 MB globals, 16 P
gc 17 @1.481s 1%: 0.017+36+0.010 ms clock, 0.28+0.059/143/381+0.16 ms cpu, 944->955->711 MB, 984 MB goal, 0 MB stacks, 0 MB globals, 16 P
gc 18 @2.144s 1%: 0.023+54+0.18 ms clock, 0.37+0.034/216/565+2.9 ms cpu, 1355->1390->1050 MB, 1424 MB goal, 0 MB stacks, 0 MB globals, 16 P
gc 19 @3.111s 1%: 0.021+75+0.027 ms clock, 0.35+0.048/296/787+0.44 ms cpu, 1978->2007->1499 MB, 2100 MB goal, 0 MB stacks, 0 MB globals, 16 P
gc 20 @4.559s 1%: 0.023+108+0.012 ms clock, 0.37+0.20/427/1148+0.19 ms cpu, 2820->2883->2165 MB, 2999 MB goal, 0 MB stacks, 0 MB globals, 16 P
gc 21 @6.769s 1%: 0.026+157+0.011 ms clock, 0.42+0.041/617/1649+0.17 ms cpu, 4071->4131->3074 MB, 4332 MB goal, 0 MB stacks, 0 MB globals, 16 P
gc 22 @10.301s 1%: 0.025+211+0.011 ms clock, 0.40+0.045/844/2300+0.18 ms cpu, 5780->5890->4436 MB, 6150 MB goal, 0 MB stacks, 0 MB globals, 16 P
Graphite Go server (in development): http://localhost:18855
gc 23 @15.065s 1%: 0.042+311+0.013 ms clock, 0.68+0/1239/3357+0.22 ms cpu, 8363->8681->6699 MB, 8874 MB goal, 0 MB stacks, 0 MB globals, 16 P
gc 24 @17.580s 2%: 0.047+529+0.010 ms clock, 0.75+0/2113/5766+0.16 ms cpu, 12384->12586->10956 MB, 13399 MB goal, 0 MB stacks, 0 MB globals, 16 P
gc 25 @22.019s 2%: 0.047+909+0.041 ms clock, 0.76+0/3572/9831+0.67 ms cpu, 20210->20244->17683 MB, 21912 MB goal, 0 MB stacks, 0 MB globals, 16 P
gc 26 @29.430s 5%: 0.14+4303+0.037 ms clock, 2.2+0/17212/47118+0.59 ms cpu, 32879->34801->30650 MB, 35366 MB goal, 0 MB stacks, 0 MB globals, 16 P
gc 27 @62.033s 4%: 0.74+4713+0.016 ms clock, 11+191/18845/51659+0.25 ms cpu, 54119->57748->22225 MB, 61302 MB goal, 0 MB stacks, 0 MB globals, 16 P
gc 28 @89.666s 3%: 0.64+1399+0.013 ms clock, 10+1.3/5580/15044+0.21 ms cpu, 37852->38167->8200 MB, 44451 MB goal, 0 MB stacks, 0 MB globals, 16 P
gc 29 @95.065s 3%: 0.12+567+0.028 ms clock, 1.9+0.51/2265/6134+0.45 ms cpu, 13966->14596->10044 MB, 16401 MB goal, 0 MB stacks, 0 MB globals, 16 P
gc 30 @98.974s 3%: 0.51+871+0.020 ms clock, 8.2+0/3484/9492+0.32 ms cpu, 17533->18016->15783 MB, 20090 MB goal, 0 MB stacks, 0 MB globals, 16 P
gc 31 @105.578s 3%: 1.2+1807+0.020 ms clock, 20+0/7224/19686+0.33 ms cpu, 27511->28019->24698 MB, 31567 MB goal, 0 MB stacks, 0 MB globals, 16 P
gc 32 @128.806s 3%: 2.0+1136+0.014 ms clock, 32+88/4533/11866+0.23 ms cpu, 42065->42817->10112 MB, 49397 MB goal, 0 MB stacks, 0 MB globals, 16 P
gc 33 @134.262s 3%: 0.49+804+0.016 ms clock, 7.9+0.59/3214/8826+0.26 ms cpu, 17481->18109->15417 MB, 20226 MB goal, 0 MB stacks, 0 MB globals, 16 P
gc 34 @140.974s 3%: 1.6+1389+0.017 ms clock, 27+0/5558/15175+0.28 ms cpu, 26896->27347->24644 MB, 30835 MB goal, 0 MB stacks, 0 MB globals, 16 P
gc 35 @170.308s 2%: 3.1+1009+0.016 ms clock, 50+12/3993/10096+0.25 ms cpu, 41973->42886->8237 MB, 49290 MB goal, 0 MB stacks, 0 MB globals, 16 P
gc 36 @174.890s 3%: 0.40+665+0.020 ms clock, 6.4+0.57/2660/7093+0.32 ms cpu, 14030->14522->12437 MB, 16475 MB goal, 0 MB stacks, 0 MB globals, 16 P
gc 37 @180.351s 3%: 0.84+1058+0.015 ms clock, 13+0.64/4232/11518+0.25 ms cpu, 21183->22125->19448 MB, 24875 MB goal, 0 MB stacks, 0 MB globals, 16 P
gc 38 @188.343s 3%: 6.6+3286+0.014 ms clock, 105+0/13143/36154+0.22 ms cpu, 33735->33919->27462 MB, 38896 MB goal, 0 MB stacks, 0 MB globals, 16 P
gc 39 @211.860s 3%: 1.4+3235+0.018 ms clock, 23+4.4/12909/35217+0.29 ms cpu, 46773->49431->18807 MB, 54926 MB goal, 0 MB stacks, 0 MB globals, 16 P
gc 40 @223.782s 3%: 0.97+6139+0.019 ms clock, 15+0/24554/67489+0.30 ms cpu, 32877->34840->30691 MB, 37614 MB goal, 0 MB stacks, 0 MB globals, 16 P
gc 41 @256.871s 3%: 4.1+1435+0.013 ms clock, 65+0/5711/15527+0.21 ms cpu, 52475->52901->18058 MB, 61383 MB goal, 0 MB stacks, 0 MB globals, 16 P
gc 42 @266.880s 3%: 1.3+5133+0.028 ms clock, 21+70/20532/56441+0.45 ms cpu, 30756->33194->29080 MB, 36117 MB goal, 0 MB stacks, 0 MB globals, 16 P
gc 43 @305.710s 3%: 0.31+1125+0.025 ms clock, 5.0+0.96/4495/12213+0.40 ms cpu, 49528->50092->12782 MB, 58161 MB goal, 0 MB stacks, 0 MB globals, 16 P
gc 44 @312.108s 3%: 3.2+1920+0.013 ms clock, 51+0.59/7672/21018+0.21 ms cpu, 21771->23542->20843 MB, 25566 MB goal, 0 MB stacks, 0 MB globals, 16 P
gc 45 @326.614s 3%: 3.8+3719+0.025 ms clock, 61+1.2/14876/40899+0.41 ms cpu, 35498->35953->27739 MB, 41686 MB goal, 0 MB stacks, 0 MB globals, 16 P
gc 46 @353.576s 3%: 3.4+2704+0.026 ms clock, 54+9.8/10800/29423+0.41 ms cpu, 47244->49409->18058 MB, 55480 MB goal, 0 MB stacks, 0 MB globals, 16 P
gc 47 @364.918s 3%: 1.1+5401+0.025 ms clock, 18+1.2/21599/59371+0.40 ms cpu, 30756->34805->30628 MB, 36117 MB goal, 0 MB stacks, 0 MB globals, 16 P
gc 48 @392.353s 3%: 11+2655+0.014 ms clock, 183+0.68/10622/29195+0.23 ms cpu, 52164->53251->21739 MB, 61257 MB goal, 0 MB stacks, 0 MB globals, 16 P
gc 49 @413.061s 3%: 7.9+943+0.016 ms clock, 126+0/3760/10154+0.26 ms cpu, 37041->37386->9370 MB, 43478 MB goal, 0 MB stacks, 0 MB globals, 16 P
gc 50 @417.510s 3%: 1.4+797+0.009 ms clock, 23+0.58/3191/8683+0.14 ms cpu, 15959->16750->14501 MB, 18741 MB goal, 0 MB stacks, 0 MB globals, 16 P
gc 51 @423.820s 3%: 0.32+1224+0.012 ms clock, 5.1+0.53/4895/13323+0.19 ms cpu, 24697->25716->22451 MB, 29002 MB goal, 0 MB stacks, 0 MB globals, 16 P
gc 52 @441.972s 3%: 1.9+1129+0.17 ms clock, 31+0.81/4163/11101+2.7 ms cpu, 38238->38987->9840 MB, 44903 MB goal, 0 MB stacks, 0 MB globals, 16 P
gc 53 @446.860s 3%: 1.2+788+0.014 ms clock, 20+0/3154/8653+0.22 ms cpu, 17413->17526->15428 MB, 19681 MB goal, 0 MB stacks, 0 MB globals, 16 P
