or-single-early-rows rows=200 returnedGraphs=1 latencyMs=88.052042
or-single-early-distinct rows=200 returnedGraphs=1 latencyMs=284.505208
and-single-early-rows rows=200 returnedGraphs=1 latencyMs=38.995666
and-single-early-distinct rows=50 returnedGraphs=1 latencyMs=172.767292
or-single-middle-rows rows=200 returnedGraphs=1 latencyMs=113.059917
or-single-middle-distinct rows=200 returnedGraphs=1 latencyMs=153.974333
and-single-middle-rows rows=200 returnedGraphs=1 latencyMs=94.410875
and-single-middle-distinct rows=200 returnedGraphs=1 latencyMs=152.697125
or-single-late-rows rows=200 returnedGraphs=1 latencyMs=147.17025
or-single-late-distinct rows=200 returnedGraphs=1 latencyMs=144.355083
and-single-late-rows rows=29 returnedGraphs=1 latencyMs=147.89675
and-single-late-distinct rows=21 returnedGraphs=1 latencyMs=146.690458
or-few-early-late-rows rows=200 returnedGraphs=1 latencyMs=15.370542
or-few-early-late-distinct rows=200 returnedGraphs=1 latencyMs=145.55475
or-few-early-middle-rows rows=200 returnedGraphs=1 latencyMs=13.999541
or-few-early-middle-distinct rows=200 returnedGraphs=1 latencyMs=136.939625
or-broad-all-rows rows=200 returnedGraphs=1 latencyMs=4.929791
or-broad-all-distinct rows=200 returnedGraphs=2 latencyMs=184.5195
and-broad-all-rows rows=200 returnedGraphs=1 latencyMs=20.458584
and-broad-all-distinct rows=200 returnedGraphs=2 latencyMs=1027.710125
mixed-four-few-rows rows=200 returnedGraphs=1 latencyMs=351.063167
mixed-four-few-distinct rows=71 returnedGraphs=2 latencyMs=38930.371917
and-zero-disjoint-graphs-rows rows=0 returnedGraphs=0 latencyMs=146.477667
and-zero-disjoint-graphs-distinct rows=0 returnedGraphs=0 latencyMs=143.498583
or-four-broad-rows rows=200 returnedGraphs=1 latencyMs=35.688
or-four-broad-distinct rows=200 returnedGraphs=1 latencyMs=152.545875
or-four-single-early-rows rows=200 returnedGraphs=1 latencyMs=15.065459
or-four-single-early-distinct rows=200 returnedGraphs=1 latencyMs=150.831583
or-four-single-middle-rows rows=200 returnedGraphs=1 latencyMs=91.256375
or-four-single-middle-distinct rows=200 returnedGraphs=1 latencyMs=143.571792
or-four-single-late-rows rows=200 returnedGraphs=1 latencyMs=148.27375
or-four-single-late-distinct rows=200 returnedGraphs=1 latencyMs=151.396333
or-four-few-early-late-rows rows=200 returnedGraphs=1 latencyMs=16.239375
or-four-few-early-late-distinct rows=200 returnedGraphs=1 latencyMs=150.508708
or-four-all-rows rows=200 returnedGraphs=1 latencyMs=16.037666
or-four-all-distinct rows=200 returnedGraphs=2 latencyMs=180.024334
