or-single-early-rows rows=200 returnedGraphs=1 latencyMs=95.8295
or-single-early-distinct rows=200 returnedGraphs=1 latencyMs=312.609834
and-single-early-rows rows=200 returnedGraphs=1 latencyMs=39.710416
and-single-early-distinct rows=50 returnedGraphs=1 latencyMs=171.274583
or-single-middle-rows rows=200 returnedGraphs=1 latencyMs=97.238459
or-single-middle-distinct rows=200 returnedGraphs=1 latencyMs=150.330708
and-single-middle-rows rows=200 returnedGraphs=1 latencyMs=97.560083
and-single-middle-distinct rows=200 returnedGraphs=1 latencyMs=154.588334
or-single-late-rows rows=200 returnedGraphs=1 latencyMs=148.165209
or-single-late-distinct rows=200 returnedGraphs=1 latencyMs=148.930041
and-single-late-rows rows=29 returnedGraphs=1 latencyMs=139.207208
and-single-late-distinct rows=21 returnedGraphs=1 latencyMs=130.175166
or-few-early-late-rows rows=200 returnedGraphs=1 latencyMs=12.223083
or-few-early-late-distinct rows=200 returnedGraphs=1 latencyMs=149.512167
or-few-early-middle-rows rows=200 returnedGraphs=1 latencyMs=12.887625
or-few-early-middle-distinct rows=200 returnedGraphs=1 latencyMs=151.305458
or-broad-all-rows rows=200 returnedGraphs=1 latencyMs=5.068625
or-broad-all-distinct rows=200 returnedGraphs=2 latencyMs=180.361959
and-broad-all-rows rows=200 returnedGraphs=1 latencyMs=18.863
and-broad-all-distinct rows=200 returnedGraphs=2 latencyMs=937.092625
mixed-four-few-rows rows=200 returnedGraphs=1 latencyMs=753.242125
mixed-four-few-distinct rows=71 returnedGraphs=2 latencyMs=37579.330458
and-zero-disjoint-graphs-rows rows=0 returnedGraphs=0 latencyMs=147.080833
and-zero-disjoint-graphs-distinct rows=0 returnedGraphs=0 latencyMs=139.747
or-four-broad-rows rows=200 returnedGraphs=1 latencyMs=32.858167
or-four-broad-distinct rows=200 returnedGraphs=1 latencyMs=151.828458
or-four-single-early-rows rows=200 returnedGraphs=1 latencyMs=16.1905
or-four-single-early-distinct rows=200 returnedGraphs=1 latencyMs=150.922667
or-four-single-middle-rows rows=200 returnedGraphs=1 latencyMs=92.5895
or-four-single-middle-distinct rows=200 returnedGraphs=1 latencyMs=150.175917
or-four-single-late-rows rows=200 returnedGraphs=1 latencyMs=151.788833
or-four-single-late-distinct rows=200 returnedGraphs=1 latencyMs=149.47875
or-four-few-early-late-rows rows=200 returnedGraphs=1 latencyMs=12.875083
or-four-few-early-late-distinct rows=200 returnedGraphs=1 latencyMs=148.534083
or-four-all-rows rows=200 returnedGraphs=1 latencyMs=14.455208
or-four-all-distinct rows=200 returnedGraphs=2 latencyMs=179.089792
