0	fixture-android-00	61909	305ca3babf06e37488d8e8cf7ea7fdf94659fe9f45c97b537ea20fa28e857d92
1	fixture-android-01	62746	8778b810aad047314e117a3478c8fe247ab01d0449ff1ba1d76f7bdd47cfda3b
2	fixture-android-02	63385	2057b900d2fd75b24c4fd0555982b049decaf0d0d2a653a5945aa95b3886eb28
3	fixture-android-03	65023	86bb081d7acb174c7f42ebb9955e7541fb791c0603d26c5aba2f6a5f4350fade
4	fixture-android-04	64808	76c638e939aa12df365ce4f4f49f66a3655a957d73deac8a5b19206be61b63cf
5	fixture-android-05	62177	6b2ffb49620fc8ad892c7231f562f7d3ec499b7cd35f821f856468f9c5757de0
6	fixture-android-06	66775	00701f82ed82735ca511c51b595bcbe08842ae3ca723b44a75bd59d9d0e28806
7	fixture-android-07	66901	68868b0ac8c46b195f119ddb23c8ef2743cc9e6d4c5a0e2db16630637b412f02
8	fixture-android-08	68236	55a7e82e8be8feb1398fe0ef83c5a4a66f785f75f5c17379c788a4006d687d42
9	fixture-android-09	67481	0682a5b92ab7c728a6fd099f653865b2fb5d09eb2d659c4765a73840a2f67b85
10	fixture-android-10	70254	b66c541d89ee8c798122c8ad48b21bcbc2374dd5f9b511887913441f53a1b2f7
11	fixture-android-11	61743	302ff6c7328dc26f03ed845c3df25583078691049ab2dd2d0c0e3b6efbdb4e4c
12	fixture-android-12	72531	caaca49b72823d938ec2668d730e50ff24492598e328875d22794bf871b203b7
13	fixture-android-13	66264	0b8f6e672db256accff3536ed65d4c14cf3d66f240feac2985e59f9d14b99b80
14	fixture-android-14	64956	992c429dc16404f79ffbb5afb0a32e760676d718e6224d5e8a20d3400c96bf87
15	fixture-android-15	58416	bd417976e3e4f164ff6599d0a93445f900c09312bb8f63490c0a6a2af039928d
16	fixture-tika-00	34568	fcd4aeba946dad8f100764bd71c3635b30bf1ac95b485938d018307a944f479d
17	fixture-tika-01	36988	e758b1a23de277877e3a8d83b6b6514f97e46bdde81df6b9e9f433cd4c3fd936
18	fixture-tika-02	36148	c0e21d15e53b0b7eb0f2ba586e68583d1bbcbe53afb58bfc2b76663bc3f95d43
19	fixture-tika-03	34228	8611da4162e2cc76eb79a0f9b4b0f3bffebd666a8541f76a4187606797c2cb44
20	fixture-tika-04	38548	32f619520f92d77a1f23b888662ed081c8839102574ca81a5d28c98a3ba2f4e6
21	fixture-tika-05	35531	06ab66d58fb1750571378d452104481ed66070d5cd9d3f4ea422509043833597
22	fixture-tika-06	37850	0c05696e663381ef9951875b827fa84240b562c9508494f815e0182ab374e9ae
23	fixture-tika-07	35220	a1d18368d9ad4722738e13a515c9296fe24212b2e584d2321c25b35575543cb7
24	fixture-tika-08	38341	9c7d0d743fa479c92e7937f8ca7e1701ff1625d52aaeb7892f6b957836ac7e7f
25	fixture-tika-09	36612	0c330d90b3a5dda781dbf99c223f79f41c03ffce4c5be71411654330b7f71cd3
26	fixture-tika-10	41195	15674d944444a01e32aa2c5bab9a4a0fc290883a4eaebf5d690adc859bc2dfac
27	fixture-tika-11	38094	114ca2992f6963798e126236674e7be7f14e18acd2604f7e52e54cb1de0d4bd5
28	fixture-tika-12	38552	7325ddbb909be203358523c69ccad0cab3c21b00bdff07f1f2efe0e7d21bbf60
29	fixture-tika-13	35798	a21bd44ccfb25ae9d5ac2a84225c643ebd7a7cbc198622f42030900fa8fa625e
30	fixture-tika-14	37652	6b804bddf048e9b7077318ceead03b435d66a4805a70792e24e61409b5c07756
31	fixture-tika-15	42951	c6eb80bdea2b837d4b6c5ed9fa394d10220c81ba84d6c2e321bc051445815ceb
32	fixture-hive-00	43919	ed0b6ede010e296c5dd2c1b5aea30badb178a09e532be6c3ec9e4d451a5d3314
33	fixture-hive-01	37762	7cad8db43f765fa4173235c05d549e1066aeb940f101b845eee5e16a42388bec
34	fixture-hive-02	41823	f8c5ec41d8e3e21d480c0e7d584a03435b46231e6148710f231f917ad1b53dab
35	fixture-hive-03	41400	868ceb04f2206c5a2d85308819cd70abaf50def493e330b678f64f6622b80980
36	fixture-hive-04	40911	5da1f30443cf221c8bcfb29c1f0eaac2cdde775dd0d6f988d5b9a4dd63704c5b
37	fixture-hive-05	39780	6aa98f4a092f1666ed18b0a96b02a5cd458004b573a769a59cd41391d7682ce8
38	fixture-hive-06	40105	c58435a3b227d4f00bf1fadb478b9c86244d8563cd7e5d50ebccb07d614b3cce
39	fixture-hive-07	47441	e0366513d86f645f1bb35a10b8ed478ab14f5bd4e3bff4e2852279e8bc4ae0a4
40	fixture-hive-08	46723	71e42aec16146f4ff6740eaa13732c5cad4e517c97a21eccfe72014ccae17fe6
41	fixture-hive-09	40297	0268d5145cce05034e4a004921e8b1ae377f33eeed80b5c3b7b05302b52f09d3
42	fixture-hive-10	38824	2799dfc9be987e7276d3d521a31dd451841c1129609b4f541d020117ddf0c2dc
43	fixture-hive-11	40824	00a0259afbd52292b2b81a2a387652715cd822a4599662945bb55d75e70f5cb9
44	fixture-hive-12	44676	d0040a406f8ad5e345f15f8a96eaafef527963c454272aab1e83534b60dca9d0
45	fixture-hive-13	42961	39546e0a58b12bf60eb2a6b59dc61c4e64933f4fb6bf9e064f304d3f7a300685
46	fixture-hive-14	44859	b57b7e3416071cc79830580eed9c722222d71ef8031c42db7dfa9761781806ad
47	fixture-hive-15	39489	1577db1dc5bf2843974b451d3ae478a4e0e78d86c3e3018519a38474552e8bb5
48	fixture-kotlin-compiler-00	29499	0c47ccfe967b78cf7b44ceceb7ed88990f72e32479ecda20598d11df2619cfcb
49	fixture-kotlin-compiler-01	31834	a7721e7a50a866f6c0fd5bab984281081a5adb0d0442488299ab4c67e01d8731
50	fixture-kotlin-compiler-02	28404	d73ed47fca1542824c4214edf2f4f7e6e8e654bdadc4897b9e56b9ffaeb0fc13
51	fixture-kotlin-compiler-03	29023	0f3caafd999dd10acf4e4953ec37e8c88b8d14075e6188587429ce8fd3203bcc
52	fixture-kotlin-compiler-04	29773	0a464d4d93eaea44a031e7e91410bdc7bd96e89d076c3d7ae9816b0121f1fb9a
53	fixture-kotlin-compiler-05	30875	7f716f2e71a0e86c785bb659ab7acdb62b718b92a2becca01007777ce7ae7bd4
54	fixture-kotlin-compiler-06	27412	c9f950308aa110dfe438e10925edb81ecfd86a4515a154c5331a968bc87ddac8
55	fixture-kotlin-compiler-07	29923	844842cc65f72e87a63d6c883cb76130ee9d1f4193f000e0602a55bd635af240
56	fixture-kotlin-compiler-08	30303	b49e8b12675066b5b589c93cf74304cf0f58eaa1bfbfa5530f4f432813f3fe89
57	fixture-kotlin-compiler-09	30494	65d82bcf4cf2b33b4bb7a9b00557f99e0ba82955ccda8eff88f1a8859c59dba3
58	fixture-kotlin-compiler-10	35203	ec67781f0adc7fbce55ae587fc0780cf6e467649e022505c1bb965a25a9ffc34
59	fixture-kotlin-compiler-11	26540	c84e9dced192946dac8caeaa61bc0c6401ae9521a76dbcab867c6e6e9eee4523
60	fixture-kotlin-compiler-12	32550	e293ccbb587a8a6aad3a76f0cb19b7166ee30a81ec8d225fb3ccabf94648ab38
61	fixture-kotlin-compiler-13	31379	ad1e999473629d39428cc25c443dbcea3b98c45068bc3b60183dcd7dfa241c2b
62	fixture-kotlin-compiler-14	29241	5dce7d224999f9b866b1274a87b56b94fed3a9c0f85822f343f2592a485c79fc
63	fixture-kotlin-compiler-15	27812	026edc4ed36d2c077eef8710d95c891f0d2a9a27807e351c83cecbf393ace77f
Exported 2793940 strings across 64 graphs; input hashes unchanged.
