wrapped-firstLastGraphBimodalClassPrefix 200 True {}
wrapped-firstLastGraphBimodalClassPrefix-repeat 200 True {}
global-wide-wrapped-case-insensitive-distinct-dense 200 True {}
global-wide-wrapped-case-insensitive-distinct-dense-repeat 200 True {}
global-wide-distribution-broad-all-64 200 True {}
c-necessary-ordinary 200 True {}
c-necessary-ordinary-repeat 200 True {}
c-necessary-distinct 200 True {}
c-necessary-distinct-repeat 200 True {}
d-unbounded-android 200 True {}
d-unbounded-kotlin 200 True {}
e-generic-ordinary 200 True {}
e-generic-distinct 200 True {}
b-ordinary-skip 200 True {}
b-distinct-skip 200 True {}
b-ordinary-order-parallel 200 True {}
b-ordinary-order-generic-serial 200 True {}
b-distinct-order-retained 200 True {}
b-distinct-order-eviction-candidate 200 True {}
b-order-duplicate-alias-ties 200 True {}
b-distinct-order-callee 200 True {}
