#0 building with "colima" instance using docker driver

#1 [internal] load build definition from Dockerfile
#1 transferring dockerfile: 1.30kB done
#1 DONE 0.0s

#2 resolve image config for docker-image://docker.io/docker/dockerfile:1.7
#2 ...

#3 [auth] docker/dockerfile:pull token for registry-1.docker.io
#3 DONE 0.0s

#2 resolve image config for docker-image://docker.io/docker/dockerfile:1.7
#2 DONE 1.2s

#4 docker-image://docker.io/docker/dockerfile:1.7@sha256:a57df69d0ea827fb7266491f2813635de6f17269be881f696fbfdf2d83dda33e
#4 resolve docker.io/docker/dockerfile:1.7@sha256:a57df69d0ea827fb7266491f2813635de6f17269be881f696fbfdf2d83dda33e 0.0s done
#4 CACHED

#5 [internal] load .dockerignore
#5 transferring context: 192B done
#5 DONE 0.0s

#6 [internal] load build context
#6 transferring context: 20.03MB 0.1s done
#6 DONE 0.1s

#7 [1/6] COPY native-runtime/rootfs/ /
#7 CACHED

#8 [2/6] COPY --chown=1000:1000 native-runtime/writable/ /
#8 CACHED

#9 [3/6] COPY --chmod=0755 native-runtime/linux-arm64/graphite-server /app/graphite-server
#9 DONE 0.0s

#10 [4/6] COPY native-runtime/linux-arm64/LICENSE native-runtime/linux-arm64/VERSION /app/
#10 DONE 0.0s

#11 [5/6] COPY native-runtime/linux-arm64/licenses/ /app/licenses/
#11 DONE 0.0s

#12 [6/6] WORKDIR /app
#12 DONE 0.0s

#13 exporting to image
#13 exporting layers
#13 exporting layers 0.4s done
#13 exporting manifest sha256:1f0d9355279113c5d20e1e30319224e9f769925399bf5e6d285fd68d38f3f3ed done
#13 exporting config sha256:43dae896655854eac70a17274186876f7209a0a11b9a028eedf4580f01e20d48 done
#13 exporting attestation manifest sha256:e8b95eb755efcc8ba35f33add14cfe84d8c7b0263edd3cb8ae1fc873f22ab824 done
#13 exporting manifest list sha256:bf091a7f883b0a7cdb60f9bd0a48e2447a9499d7467afc42fe627c9744377e74 done
#13 naming to docker.io/library/graphite-root-signal-audit:arm64 done
#13 unpacking to docker.io/library/graphite-root-signal-audit:arm64 0.1s done
#13 DONE 0.4s

View build details: docker-desktop://dashboard/build/colima/colima/yxrbgypwtgqrl6ivml1vsrmpl

What's Next?
  View a summary of image vulnerabilities and recommendations → docker scout quickview
