#0 building with "colima" instance using docker driver

#1 [internal] load build definition from Dockerfile
#1 transferring dockerfile: 1.30kB done
#1 DONE 0.0s

#2 resolve image config for docker-image://docker.io/docker/dockerfile:1.7
#2 DONE 0.4s

#3 docker-image://docker.io/docker/dockerfile:1.7@sha256:a57df69d0ea827fb7266491f2813635de6f17269be881f696fbfdf2d83dda33e
#3 resolve docker.io/docker/dockerfile:1.7@sha256:a57df69d0ea827fb7266491f2813635de6f17269be881f696fbfdf2d83dda33e 0.0s done
#3 CACHED

#4 [internal] load .dockerignore
#4 transferring context: 192B done
#4 DONE 0.0s

#5 [internal] load build context
#5 transferring context: 20.62MB 0.1s done
#5 DONE 0.1s

#6 [1/6] COPY native-runtime/rootfs/ /
#6 CACHED

#7 [2/6] COPY --chown=1000:1000 native-runtime/writable/ /
#7 CACHED

#8 [3/6] COPY --chmod=0755 native-runtime/linux-amd64/graphite-server /app/graphite-server
#8 DONE 0.0s

#9 [4/6] COPY native-runtime/linux-amd64/LICENSE native-runtime/linux-amd64/VERSION /app/
#9 DONE 0.0s

#10 [5/6] COPY native-runtime/linux-amd64/licenses/ /app/licenses/
#10 DONE 0.0s

#11 [6/6] WORKDIR /app
#11 DONE 0.0s

#12 exporting to image
#12 exporting layers
#12 exporting layers 0.4s done
#12 exporting manifest sha256:6190f3329223a20522d412426d80b29095906b5d391032bef0d4f970fe090dd6 done
#12 exporting config sha256:b401bcbae5d8315fd86428f734300f18c3c9047b6869a797bbffba2f5482f70a done
#12 exporting attestation manifest sha256:5adef1027e29b56ad0a3177a5f50a6daa4ccb3d8a58914bd5f72536304db4e84 done
#12 exporting manifest list sha256:c8e11e112cd8de739d109aeac947930c6c16904910329a334168d856fdd62ba4 done
#12 naming to docker.io/library/graphite-root-signal-audit:amd64 done
#12 DONE 0.4s

View build details: docker-desktop://dashboard/build/colima/colima/rvjryipvvc1flcdrra5px9i5u

What's Next?
  View a summary of image vulnerabilities and recommendations → docker scout quickview
