or-single-early-rows rows=200 returnedGraphs=1 latencyMs=81.062375
or-single-early-distinct rows=200 returnedGraphs=1 latencyMs=270.793709
and-single-early-rows rows=200 returnedGraphs=1 latencyMs=33.239
and-single-early-distinct rows=50 returnedGraphs=1 latencyMs=170.225167
or-single-middle-rows rows=200 returnedGraphs=1 latencyMs=105.906708
or-single-middle-distinct rows=200 returnedGraphs=1 latencyMs=149.242333
and-single-middle-rows rows=200 returnedGraphs=1 latencyMs=91.191083
and-single-middle-distinct rows=200 returnedGraphs=1 latencyMs=152.400042
or-single-late-rows rows=200 returnedGraphs=1 latencyMs=146.935375
or-single-late-distinct rows=200 returnedGraphs=1 latencyMs=146.895
and-single-late-rows rows=29 returnedGraphs=1 latencyMs=148.115625
and-single-late-distinct rows=21 returnedGraphs=1 latencyMs=147.812917
or-few-early-late-rows rows=200 returnedGraphs=1 latencyMs=13.798792
or-few-early-late-distinct rows=200 returnedGraphs=1 latencyMs=149.681083
or-few-early-middle-rows rows=200 returnedGraphs=1 latencyMs=8.150458
or-few-early-middle-distinct rows=200 returnedGraphs=1 latencyMs=147.03325
or-broad-all-rows rows=200 returnedGraphs=1 latencyMs=6.787667
or-broad-all-distinct rows=200 returnedGraphs=2 latencyMs=196.033167
and-broad-all-rows rows=200 returnedGraphs=1 latencyMs=20.070542
and-broad-all-distinct rows=200 returnedGraphs=2 latencyMs=980.232333
mixed-four-few-rows rows=200 returnedGraphs=1 latencyMs=706.191291
mixed-four-few-distinct rows=71 returnedGraphs=2 latencyMs=39438.442208
and-zero-disjoint-graphs-rows rows=0 returnedGraphs=0 latencyMs=144.105875
and-zero-disjoint-graphs-distinct rows=0 returnedGraphs=0 latencyMs=145.753625
or-four-broad-rows rows=200 returnedGraphs=1 latencyMs=35.575375
or-four-broad-distinct rows=200 returnedGraphs=1 latencyMs=169.577375
or-four-single-early-rows rows=200 returnedGraphs=1 latencyMs=15.957292
or-four-single-early-distinct rows=200 returnedGraphs=1 latencyMs=149.218166
or-four-single-middle-rows rows=200 returnedGraphs=1 latencyMs=88.901667
or-four-single-middle-distinct rows=200 returnedGraphs=1 latencyMs=149.86875
or-four-single-late-rows rows=200 returnedGraphs=1 latencyMs=152.641875
or-four-single-late-distinct rows=200 returnedGraphs=1 latencyMs=146.89775
or-four-few-early-late-rows rows=200 returnedGraphs=1 latencyMs=10.369292
or-four-few-early-late-distinct rows=200 returnedGraphs=1 latencyMs=149.551834
or-four-all-rows rows=200 returnedGraphs=1 latencyMs=14.349125
or-four-all-distinct rows=200 returnedGraphs=2 latencyMs=171.0785
