root-0 200 '{\n  "columns": [\n    "caller",\n    "callee"\n  ],\n  "rows": [\n    {\n      "caller": "Example",\n      "callee": "callee",\n      "$metadata": {\n        "graphIds": [\n          "a"\n        ]\n      }\n    }\n  ],\n  "rowCount": 1,\n  "graphCount": 1\n}'
root-1 200 '{\n  "columns": [\n    "name"\n  ],\n  "rows": [\n    {\n      "name": "callee",\n      "$metadata": {\n        "graphIds": [\n          "a"\n        ]\n      }\n    }\n  ],\n  "rowCount": 1,\n  "graphCount": 1\n}'
root-2 400 '{\n  "error": "Distinct projection capability became unavailable",\n  "code": "cypher_query_failed"\n}'
root-3 400 '{\n  "error": "Distinct projection capability became unavailable",\n  "code": "cypher_query_failed"\n}'
root-4 200 '{\n  "columns": [\n    "count"\n  ],\n  "rows": [\n    {\n      "count": 1,\n      "$metadata": {\n        "graphIds": [\n          "a"\n        ]\n      }\n    }\n  ],\n  "rowCount": 1,\n  "graphCount": 1\n}'
root-5 200 '{\n  "columns": [\n    "caller",\n    "callee"\n  ],\n  "rows": [\n    {\n      "caller": "Example",\n      "callee": "callee",\n      "$metadata": {\n        "graphIds": [\n          "a"\n        ]\n      }\n    }\n  ],\n  "rowCount": 1,\n  "graphCount": 1\n}'
scoped-0 200 '{\n  "columns": [\n    "caller",\n    "callee"\n  ],\n  "rows": [\n    {\n      "caller": "Example",\n      "callee": "callee"\n    }\n  ],\n  "rowCount": 1\n}'
scoped-1 200 '{\n  "columns": [\n    "name"\n  ],\n  "rows": [\n    {\n      "name": "callee"\n    }\n  ],\n  "rowCount": 1\n}'
scoped-2 400 '{\n  "error": "Distinct projection capability became unavailable",\n  "code": "cypher_query_failed"\n}'
scoped-3 400 '{\n  "error": "Distinct projection capability became unavailable",\n  "code": "cypher_query_failed"\n}'
scoped-4 200 '{\n  "columns": [\n    "count"\n  ],\n  "rows": [\n    {\n      "count": 1\n    }\n  ],\n  "rowCount": 1\n}'
scoped-5 200 '{\n  "columns": [\n    "caller",\n    "callee"\n  ],\n  "rows": [\n    {\n      "caller": "Example",\n      "callee": "callee"\n    }\n  ],\n  "rowCount": 1\n}'
selected-0 200 '{\n  "mode": "cross-graph",\n  "graphs": [\n    "a"\n  ],\n  "graphCount": 1,\n  "columns": [\n    "caller",\n    "callee"\n  ],\n  "rows": [\n    {\n      "caller": "Example",\n      "callee": "callee",\n      "$metadata": {\n        "graphIds": [\n          "a"\n        ]\n      }\n    }\n  ],\n  "rowCount": 1,\n  "limit": 1000\n}'
selected-1 200 '{\n  "mode": "cross-graph",\n  "graphs": [\n    "a"\n  ],\n  "graphCount": 1,\n  "columns": [\n    "name"\n  ],\n  "rows": [\n    {\n      "name": "callee",\n      "$metadata": {\n        "graphIds": [\n          "a"\n        ]\n      }\n    }\n  ],\n  "rowCount": 1,\n  "limit": 1000\n}'
selected-2 400 '{\n  "error": "Distinct projection capability became unavailable",\n  "code": "cypher_query_failed"\n}'
selected-3 400 '{\n  "error": "Distinct projection capability became unavailable",\n  "code": "cypher_query_failed"\n}'
selected-4 200 '{\n  "mode": "cross-graph",\n  "graphs": [\n    "a"\n  ],\n  "graphCount": 1,\n  "columns": [\n    "count"\n  ],\n  "rows": [\n    {\n      "count": 1,\n      "$metadata": {\n        "graphIds": [\n          "a"\n        ]\n      }\n    }\n  ],\n  "rowCount": 1,\n  "limit": 1000\n}'
selected-5 200 '{\n  "mode": "cross-graph",\n  "graphs": [\n    "a"\n  ],\n  "graphCount": 1,\n  "columns": [\n    "caller",\n    "callee"\n  ],\n  "rows": [\n    {\n      "caller": "Example",\n      "callee": "callee",\n      "$metadata": {\n        "graphIds": [\n          "a"\n        ]\n      }\n    }\n  ],\n  "rowCount": 1,\n  "limit": 1000\n}'
fanout-0 200 '{\n  "columns": [\n    "graphId",\n    "caller",\n    "callee"\n  ],\n  "rows": [\n    {\n      "graphId": "a",\n      "caller": "Example",\n      "callee": "callee"\n    }\n  ],\n  "rowCount": 1,\n  "graphCount": 1,\n  "queriedGraphCount": 1,\n  "perGraphLimit": 1000,\n  "limit": 1000,\n  "truncated": false,\n  "graphs": [\n    {\n      "graphId": "a",\n      "columns": [\n        "caller",\n        "callee"\n      ],\n      "rowCount": 1,\n      "rows": [\n        {\n          "graphId": "a",\n          "caller": "Example",\n          "callee": "callee"\n        }\n      ]\n    }\n  ],\n  "mode": "fanout"\n}'
fanout-1 200 '{\n  "columns": [\n    "graphId",\n    "name"\n  ],\n  "rows": [\n    {\n      "graphId": "a",\n      "name": "callee"\n    }\n  ],\n  "rowCount": 1,\n  "graphCount": 1,\n  "queriedGraphCount": 1,\n  "perGraphLimit": 1000,\n  "limit": 1000,\n  "truncated": false,\n  "graphs": [\n    {\n      "graphId": "a",\n      "columns": [\n        "name"\n      ],\n      "rowCount": 1,\n      "rows": [\n        {\n          "graphId": "a",\n          "name": "callee"\n        }\n      ]\n    }\n  ],\n  "mode": "fanout"\n}'
fanout-2 400 '{\n  "error": "Distinct projection capability became unavailable",\n  "code": "cypher_query_failed"\n}'
fanout-3 400 '{\n  "error": "Distinct projection capability became unavailable",\n  "code": "cypher_query_failed"\n}'
fanout-4 200 '{\n  "columns": [\n    "graphId",\n    "count"\n  ],\n  "rows": [\n    {\n      "graphId": "a",\n      "count": 1\n    }\n  ],\n  "rowCount": 1,\n  "graphCount": 1,\n  "queriedGraphCount": 1,\n  "perGraphLimit": 1000,\n  "limit": 1000,\n  "truncated": false,\n  "graphs": [\n    {\n      "graphId": "a",\n      "columns": [\n        "count"\n      ],\n      "rowCount": 1,\n      "rows": [\n        {\n          "graphId": "a",\n          "count": 1\n        }\n      ]\n    }\n  ],\n  "mode": "fanout"\n}'
fanout-5 200 '{\n  "columns": [\n    "graphId",\n    "caller",\n    "callee"\n  ],\n  "rows": [\n    {\n      "graphId": "a",\n      "caller": "Example",\n      "callee": "callee"\n    }\n  ],\n  "rowCount": 1,\n  "graphCount": 1,\n  "queriedGraphCount": 1,\n  "perGraphLimit": 1000,\n  "limit": 1000,\n  "truncated": false,\n  "graphs": [\n    {\n      "graphId": "a",\n      "columns": [\n        "caller",\n        "callee"\n      ],\n      "rowCount": 1,\n      "rows": [\n        {\n          "graphId": "a",\n          "caller": "Example",\n          "callee": "callee"\n        }\n      ]\n    }\n  ],\n  "mode": "fanout"\n}'
