{"phase": "swift package describe", "done": 0, "total": 1}
{"phase": "swift package describe", "done": 1, "total": 1}
{"phase": "index", "done": 0, "total": 181}
{"phase": "index", "done": 181, "total": 181}
{"phase": "syntax", "done": 1, "total": 181}
{"phase": "syntax", "done": 2, "total": 181}
{"phase": "syntax", "done": 3, "total": 181}
{"phase": "syntax", "done": 4, "total": 181}
{"phase": "syntax", "done": 5, "total": 181}
{"phase": "syntax", "done": 6, "total": 181}
{"phase": "syntax", "done": 7, "total": 181}
{"phase": "syntax", "done": 8, "total": 181}
{"phase": "syntax", "done": 9, "total": 181}
{"phase": "syntax", "done": 10, "total": 181}
{"phase": "syntax", "done": 11, "total": 181}
{"phase": "syntax", "done": 12, "total": 181}
{"phase": "syntax", "done": 13, "total": 181}
{"phase": "syntax", "done": 14, "total": 181}
{"phase": "syntax", "done": 15, "total": 181}
{"phase": "syntax", "done": 16, "total": 181}
{"phase": "syntax", "done": 17, "total": 181}
{"phase": "syntax", "done": 18, "total": 181}
{"phase": "syntax", "done": 19, "total": 181}
{"phase": "syntax", "done": 20, "total": 181}
{"phase": "syntax", "done": 21, "total": 181}
{"phase": "syntax", "done": 22, "total": 181}
{"phase": "syntax", "done": 23, "total": 181}
{"phase": "syntax", "done": 24, "total": 181}
{"phase": "syntax", "done": 25, "total": 181}
{"phase": "syntax", "done": 26, "total": 181}
{"phase": "syntax", "done": 27, "total": 181}
{"phase": "syntax", "done": 28, "total": 181}
{"phase": "syntax", "done": 29, "total": 181}
{"phase": "syntax", "done": 30, "total": 181}
{"phase": "syntax", "done": 31, "total": 181}
{"phase": "syntax", "done": 32, "total": 181}
{"phase": "syntax", "done": 33, "total": 181}
{"phase": "syntax", "done": 34, "total": 181}
{"phase": "syntax", "done": 35, "total": 181}
{"phase": "syntax", "done": 36, "total": 181}
{"phase": "syntax", "done": 37, "total": 181}
{"phase": "syntax", "done": 38, "total": 181}
{"phase": "syntax", "done": 39, "total": 181}
{"phase": "syntax", "done": 40, "total": 181}
{"phase": "syntax", "done": 41, "total": 181}
{"phase": "syntax", "done": 42, "total": 181}
{"phase": "syntax", "done": 43, "total": 181}
{"phase": "syntax", "done": 44, "total": 181}
{"phase": "syntax", "done": 45, "total": 181}
{"phase": "syntax", "done": 46, "total": 181}
{"phase": "syntax", "done": 47, "total": 181}
{"phase": "syntax", "done": 48, "total": 181}
{"phase": "syntax", "done": 49, "total": 181}
{"phase": "syntax", "done": 50, "total": 181}
{"phase": "syntax", "done": 51, "total": 181}
{"phase": "syntax", "done": 52, "total": 181}
{"phase": "syntax", "done": 53, "total": 181}
{"phase": "syntax", "done": 54, "total": 181}
{"phase": "syntax", "done": 55, "total": 181}
{"phase": "syntax", "done": 56, "total": 181}
{"phase": "syntax", "done": 57, "total": 181}
{"phase": "syntax", "done": 58, "total": 181}
{"phase": "syntax", "done": 59, "total": 181}
{"phase": "syntax", "done": 60, "total": 181}
{"phase": "syntax", "done": 61, "total": 181}
{"phase": "syntax", "done": 62, "total": 181}
{"phase": "syntax", "done": 63, "total": 181}
{"phase": "syntax", "done": 64, "total": 181}
{"phase": "syntax", "done": 65, "total": 181}
{"phase": "syntax", "done": 66, "total": 181}
{"phase": "syntax", "done": 67, "total": 181}
{"phase": "syntax", "done": 68, "total": 181}
{"phase": "syntax", "done": 69, "total": 181}
{"phase": "syntax", "done": 70, "total": 181}
{"phase": "syntax", "done": 71, "total": 181}
{"phase": "syntax", "done": 72, "total": 181}
{"phase": "syntax", "done": 73, "total": 181}
{"phase": "syntax", "done": 74, "total": 181}
{"phase": "syntax", "done": 75, "total": 181}
{"phase": "syntax", "done": 76, "total": 181}
{"phase": "syntax", "done": 77, "total": 181}
{"phase": "syntax", "done": 78, "total": 181}
{"phase": "syntax", "done": 79, "total": 181}
{"phase": "syntax", "done": 80, "total": 181}
{"phase": "syntax", "done": 81, "total": 181}
{"phase": "syntax", "done": 82, "total": 181}
{"phase": "syntax", "done": 83, "total": 181}
{"phase": "syntax", "done": 84, "total": 181}
{"phase": "syntax", "done": 85, "total": 181}
{"phase": "syntax", "done": 86, "total": 181}
{"phase": "syntax", "done": 87, "total": 181}
{"phase": "syntax", "done": 88, "total": 181}
{"phase": "syntax", "done": 89, "total": 181}
{"phase": "syntax", "done": 90, "total": 181}
{"phase": "syntax", "done": 91, "total": 181}
{"phase": "syntax", "done": 92, "total": 181}
{"phase": "syntax", "done": 93, "total": 181}
{"phase": "syntax", "done": 94, "total": 181}
{"phase": "syntax", "done": 95, "total": 181}
{"phase": "syntax", "done": 96, "total": 181}
{"phase": "syntax", "done": 97, "total": 181}
{"phase": "syntax", "done": 98, "total": 181}
{"phase": "syntax", "done": 99, "total": 181}
{"phase": "syntax", "done": 100, "total": 181}
{"phase": "syntax", "done": 101, "total": 181}
{"phase": "syntax", "done": 102, "total": 181}
{"phase": "syntax", "done": 103, "total": 181}
{"phase": "syntax", "done": 104, "total": 181}
{"phase": "syntax", "done": 105, "total": 181}
{"phase": "syntax", "done": 106, "total": 181}
{"phase": "syntax", "done": 107, "total": 181}
{"phase": "syntax", "done": 108, "total": 181}
{"phase": "syntax", "done": 109, "total": 181}
{"phase": "syntax", "done": 110, "total": 181}
{"phase": "syntax", "done": 111, "total": 181}
{"phase": "syntax", "done": 112, "total": 181}
{"phase": "syntax", "done": 113, "total": 181}
{"phase": "syntax", "done": 114, "total": 181}
{"phase": "syntax", "done": 115, "total": 181}
{"phase": "syntax", "done": 116, "total": 181}
{"phase": "syntax", "done": 117, "total": 181}
{"phase": "syntax", "done": 118, "total": 181}
{"phase": "syntax", "done": 119, "total": 181}
{"phase": "syntax", "done": 120, "total": 181}
{"phase": "syntax", "done": 121, "total": 181}
{"phase": "syntax", "done": 122, "total": 181}
{"phase": "syntax", "done": 123, "total": 181}
{"phase": "syntax", "done": 124, "total": 181}
{"phase": "syntax", "done": 125, "total": 181}
{"phase": "syntax", "done": 126, "total": 181}
{"phase": "syntax", "done": 127, "total": 181}
{"phase": "syntax", "done": 128, "total": 181}
{"phase": "syntax", "done": 129, "total": 181}
{"phase": "syntax", "done": 130, "total": 181}
{"phase": "syntax", "done": 131, "total": 181}
{"phase": "syntax", "done": 132, "total": 181}
{"phase": "syntax", "done": 133, "total": 181}
{"phase": "syntax", "done": 134, "total": 181}
{"phase": "syntax", "done": 135, "total": 181}
{"phase": "syntax", "done": 136, "total": 181}
{"phase": "syntax", "done": 137, "total": 181}
{"phase": "syntax", "done": 138, "total": 181}
{"phase": "syntax", "done": 139, "total": 181}
{"phase": "syntax", "done": 140, "total": 181}
{"phase": "syntax", "done": 141, "total": 181}
{"phase": "syntax", "done": 142, "total": 181}
{"phase": "syntax", "done": 143, "total": 181}
{"phase": "syntax", "done": 144, "total": 181}
{"phase": "syntax", "done": 145, "total": 181}
{"phase": "syntax", "done": 146, "total": 181}
{"phase": "syntax", "done": 147, "total": 181}
{"phase": "syntax", "done": 148, "total": 181}
{"phase": "syntax", "done": 149, "total": 181}
{"phase": "syntax", "done": 150, "total": 181}
{"phase": "syntax", "done": 151, "total": 181}
{"phase": "syntax", "done": 152, "total": 181}
{"phase": "syntax", "done": 153, "total": 181}
{"phase": "syntax", "done": 154, "total": 181}
{"phase": "syntax", "done": 155, "total": 181}
{"phase": "syntax", "done": 156, "total": 181}
{"phase": "syntax", "done": 157, "total": 181}
{"phase": "syntax", "done": 158, "total": 181}
{"phase": "syntax", "done": 159, "total": 181}
{"phase": "syntax", "done": 160, "total": 181}
{"phase": "syntax", "done": 161, "total": 181}
{"phase": "syntax", "done": 162, "total": 181}
{"phase": "syntax", "done": 163, "total": 181}
{"phase": "syntax", "done": 164, "total": 181}
{"phase": "syntax", "done": 165, "total": 181}
{"phase": "syntax", "done": 166, "total": 181}
{"phase": "syntax", "done": 167, "total": 181}
{"phase": "syntax", "done": 168, "total": 181}
{"phase": "syntax", "done": 169, "total": 181}
{"phase": "syntax", "done": 170, "total": 181}
{"phase": "syntax", "done": 171, "total": 181}
{"phase": "syntax", "done": 172, "total": 181}
{"phase": "syntax", "done": 173, "total": 181}
{"phase": "syntax", "done": 174, "total": 181}
{"phase": "syntax", "done": 175, "total": 181}
{"phase": "syntax", "done": 176, "total": 181}
{"phase": "syntax", "done": 177, "total": 181}
{"phase": "syntax", "done": 178, "total": 181}
{"phase": "syntax", "done": 179, "total": 181}
{"phase": "syntax", "done": 180, "total": 181}
{"phase": "syntax", "done": 181, "total": 181}
{"phase": "demangle", "done": 0, "total": 6388}
{"phase": "demangle", "done": 6388, "total": 6388}
{"phase": "emit", "done": 0, "total": 1}
{"phase": "emit", "done": 1, "total": 1}
graphite-frontend-apple 0.1.0: 181 files, 147 types, 677 methods, 990 fields, 16867 call sites, 3468 constants, 18 annotations; 32530 nodes, 14655 edges, 7173 strings -> /tmp/apple-frontend-bench-z1dctr6e/corpus.graphite-ir
{"phase": "swift package describe", "done": 0, "total": 1}
{"phase": "swift package describe", "done": 1, "total": 1}
{"phase": "index", "done": 0, "total": 181}
{"phase": "index", "done": 181, "total": 181}
{"phase": "syntax", "done": 1, "total": 181}
{"phase": "syntax", "done": 2, "total": 181}
{"phase": "syntax", "done": 3, "total": 181}
{"phase": "syntax", "done": 4, "total": 181}
{"phase": "syntax", "done": 5, "total": 181}
{"phase": "syntax", "done": 6, "total": 181}
{"phase": "syntax", "done": 7, "total": 181}
{"phase": "syntax", "done": 8, "total": 181}
{"phase": "syntax", "done": 9, "total": 181}
{"phase": "syntax", "done": 10, "total": 181}
{"phase": "syntax", "done": 11, "total": 181}
{"phase": "syntax", "done": 12, "total": 181}
{"phase": "syntax", "done": 13, "total": 181}
{"phase": "syntax", "done": 14, "total": 181}
{"phase": "syntax", "done": 15, "total": 181}
{"phase": "syntax", "done": 16, "total": 181}
{"phase": "syntax", "done": 17, "total": 181}
{"phase": "syntax", "done": 18, "total": 181}
{"phase": "syntax", "done": 19, "total": 181}
{"phase": "syntax", "done": 20, "total": 181}
{"phase": "syntax", "done": 21, "total": 181}
{"phase": "syntax", "done": 22, "total": 181}
{"phase": "syntax", "done": 23, "total": 181}
{"phase": "syntax", "done": 24, "total": 181}
{"phase": "syntax", "done": 25, "total": 181}
{"phase": "syntax", "done": 26, "total": 181}
{"phase": "syntax", "done": 27, "total": 181}
{"phase": "syntax", "done": 28, "total": 181}
{"phase": "syntax", "done": 29, "total": 181}
{"phase": "syntax", "done": 30, "total": 181}
{"phase": "syntax", "done": 31, "total": 181}
{"phase": "syntax", "done": 32, "total": 181}
{"phase": "syntax", "done": 33, "total": 181}
{"phase": "syntax", "done": 34, "total": 181}
{"phase": "syntax", "done": 35, "total": 181}
{"phase": "syntax", "done": 36, "total": 181}
{"phase": "syntax", "done": 37, "total": 181}
{"phase": "syntax", "done": 38, "total": 181}
{"phase": "syntax", "done": 39, "total": 181}
{"phase": "syntax", "done": 40, "total": 181}
{"phase": "syntax", "done": 41, "total": 181}
{"phase": "syntax", "done": 42, "total": 181}
{"phase": "syntax", "done": 43, "total": 181}
{"phase": "syntax", "done": 44, "total": 181}
{"phase": "syntax", "done": 45, "total": 181}
{"phase": "syntax", "done": 46, "total": 181}
{"phase": "syntax", "done": 47, "total": 181}
{"phase": "syntax", "done": 48, "total": 181}
{"phase": "syntax", "done": 49, "total": 181}
{"phase": "syntax", "done": 50, "total": 181}
{"phase": "syntax", "done": 51, "total": 181}
{"phase": "syntax", "done": 52, "total": 181}
{"phase": "syntax", "done": 53, "total": 181}
{"phase": "syntax", "done": 54, "total": 181}
{"phase": "syntax", "done": 55, "total": 181}
{"phase": "syntax", "done": 56, "total": 181}
{"phase": "syntax", "done": 57, "total": 181}
{"phase": "syntax", "done": 58, "total": 181}
{"phase": "syntax", "done": 59, "total": 181}
{"phase": "syntax", "done": 60, "total": 181}
{"phase": "syntax", "done": 61, "total": 181}
{"phase": "syntax", "done": 62, "total": 181}
{"phase": "syntax", "done": 63, "total": 181}
{"phase": "syntax", "done": 64, "total": 181}
{"phase": "syntax", "done": 65, "total": 181}
{"phase": "syntax", "done": 66, "total": 181}
{"phase": "syntax", "done": 67, "total": 181}
{"phase": "syntax", "done": 68, "total": 181}
{"phase": "syntax", "done": 69, "total": 181}
{"phase": "syntax", "done": 70, "total": 181}
{"phase": "syntax", "done": 71, "total": 181}
{"phase": "syntax", "done": 72, "total": 181}
{"phase": "syntax", "done": 73, "total": 181}
{"phase": "syntax", "done": 74, "total": 181}
{"phase": "syntax", "done": 75, "total": 181}
{"phase": "syntax", "done": 76, "total": 181}
{"phase": "syntax", "done": 77, "total": 181}
{"phase": "syntax", "done": 78, "total": 181}
{"phase": "syntax", "done": 79, "total": 181}
{"phase": "syntax", "done": 80, "total": 181}
{"phase": "syntax", "done": 81, "total": 181}
{"phase": "syntax", "done": 82, "total": 181}
{"phase": "syntax", "done": 83, "total": 181}
{"phase": "syntax", "done": 84, "total": 181}
{"phase": "syntax", "done": 85, "total": 181}
{"phase": "syntax", "done": 86, "total": 181}
{"phase": "syntax", "done": 87, "total": 181}
{"phase": "syntax", "done": 88, "total": 181}
{"phase": "syntax", "done": 89, "total": 181}
{"phase": "syntax", "done": 90, "total": 181}
{"phase": "syntax", "done": 91, "total": 181}
{"phase": "syntax", "done": 92, "total": 181}
{"phase": "syntax", "done": 93, "total": 181}
{"phase": "syntax", "done": 94, "total": 181}
{"phase": "syntax", "done": 95, "total": 181}
{"phase": "syntax", "done": 96, "total": 181}
{"phase": "syntax", "done": 97, "total": 181}
{"phase": "syntax", "done": 98, "total": 181}
{"phase": "syntax", "done": 99, "total": 181}
{"phase": "syntax", "done": 100, "total": 181}
{"phase": "syntax", "done": 101, "total": 181}
{"phase": "syntax", "done": 102, "total": 181}
{"phase": "syntax", "done": 103, "total": 181}
{"phase": "syntax", "done": 104, "total": 181}
{"phase": "syntax", "done": 105, "total": 181}
{"phase": "syntax", "done": 106, "total": 181}
{"phase": "syntax", "done": 107, "total": 181}
{"phase": "syntax", "done": 108, "total": 181}
{"phase": "syntax", "done": 109, "total": 181}
{"phase": "syntax", "done": 110, "total": 181}
{"phase": "syntax", "done": 111, "total": 181}
{"phase": "syntax", "done": 112, "total": 181}
{"phase": "syntax", "done": 113, "total": 181}
{"phase": "syntax", "done": 114, "total": 181}
{"phase": "syntax", "done": 115, "total": 181}
{"phase": "syntax", "done": 116, "total": 181}
{"phase": "syntax", "done": 117, "total": 181}
{"phase": "syntax", "done": 118, "total": 181}
{"phase": "syntax", "done": 119, "total": 181}
{"phase": "syntax", "done": 120, "total": 181}
{"phase": "syntax", "done": 121, "total": 181}
{"phase": "syntax", "done": 122, "total": 181}
{"phase": "syntax", "done": 123, "total": 181}
{"phase": "syntax", "done": 124, "total": 181}
{"phase": "syntax", "done": 125, "total": 181}
{"phase": "syntax", "done": 126, "total": 181}
{"phase": "syntax", "done": 127, "total": 181}
{"phase": "syntax", "done": 128, "total": 181}
{"phase": "syntax", "done": 129, "total": 181}
{"phase": "syntax", "done": 130, "total": 181}
{"phase": "syntax", "done": 131, "total": 181}
{"phase": "syntax", "done": 132, "total": 181}
{"phase": "syntax", "done": 133, "total": 181}
{"phase": "syntax", "done": 134, "total": 181}
{"phase": "syntax", "done": 135, "total": 181}
{"phase": "syntax", "done": 136, "total": 181}
{"phase": "syntax", "done": 137, "total": 181}
{"phase": "syntax", "done": 138, "total": 181}
{"phase": "syntax", "done": 139, "total": 181}
{"phase": "syntax", "done": 140, "total": 181}
{"phase": "syntax", "done": 141, "total": 181}
{"phase": "syntax", "done": 142, "total": 181}
{"phase": "syntax", "done": 143, "total": 181}
{"phase": "syntax", "done": 144, "total": 181}
{"phase": "syntax", "done": 145, "total": 181}
{"phase": "syntax", "done": 146, "total": 181}
{"phase": "syntax", "done": 147, "total": 181}
{"phase": "syntax", "done": 148, "total": 181}
{"phase": "syntax", "done": 149, "total": 181}
{"phase": "syntax", "done": 150, "total": 181}
{"phase": "syntax", "done": 151, "total": 181}
{"phase": "syntax", "done": 152, "total": 181}
{"phase": "syntax", "done": 153, "total": 181}
{"phase": "syntax", "done": 154, "total": 181}
{"phase": "syntax", "done": 155, "total": 181}
{"phase": "syntax", "done": 156, "total": 181}
{"phase": "syntax", "done": 157, "total": 181}
{"phase": "syntax", "done": 158, "total": 181}
{"phase": "syntax", "done": 159, "total": 181}
{"phase": "syntax", "done": 160, "total": 181}
{"phase": "syntax", "done": 161, "total": 181}
{"phase": "syntax", "done": 162, "total": 181}
{"phase": "syntax", "done": 163, "total": 181}
{"phase": "syntax", "done": 164, "total": 181}
{"phase": "syntax", "done": 165, "total": 181}
{"phase": "syntax", "done": 166, "total": 181}
{"phase": "syntax", "done": 167, "total": 181}
{"phase": "syntax", "done": 168, "total": 181}
{"phase": "syntax", "done": 169, "total": 181}
{"phase": "syntax", "done": 170, "total": 181}
{"phase": "syntax", "done": 171, "total": 181}
{"phase": "syntax", "done": 172, "total": 181}
{"phase": "syntax", "done": 173, "total": 181}
{"phase": "syntax", "done": 174, "total": 181}
{"phase": "syntax", "done": 175, "total": 181}
{"phase": "syntax", "done": 176, "total": 181}
{"phase": "syntax", "done": 177, "total": 181}
{"phase": "syntax", "done": 178, "total": 181}
{"phase": "syntax", "done": 179, "total": 181}
{"phase": "syntax", "done": 180, "total": 181}
{"phase": "syntax", "done": 181, "total": 181}
{"phase": "demangle", "done": 0, "total": 6388}
{"phase": "demangle", "done": 6388, "total": 6388}
{"phase": "emit", "done": 0, "total": 1}
{"phase": "emit", "done": 1, "total": 1}
graphite-frontend-apple 0.1.0: 181 files, 147 types, 677 methods, 990 fields, 16867 call sites, 3468 constants, 18 annotations; 32530 nodes, 14655 edges, 7173 strings -> /tmp/apple-frontend-bench-z1dctr6e/corpus.graphite-ir
{"phase": "swift package describe", "done": 0, "total": 1}
{"phase": "swift package describe", "done": 1, "total": 1}
{"phase": "index", "done": 0, "total": 181}
{"phase": "index", "done": 181, "total": 181}
{"phase": "syntax", "done": 1, "total": 181}
{"phase": "syntax", "done": 2, "total": 181}
{"phase": "syntax", "done": 3, "total": 181}
{"phase": "syntax", "done": 4, "total": 181}
{"phase": "syntax", "done": 5, "total": 181}
{"phase": "syntax", "done": 6, "total": 181}
{"phase": "syntax", "done": 7, "total": 181}
{"phase": "syntax", "done": 8, "total": 181}
{"phase": "syntax", "done": 9, "total": 181}
{"phase": "syntax", "done": 10, "total": 181}
{"phase": "syntax", "done": 11, "total": 181}
{"phase": "syntax", "done": 12, "total": 181}
{"phase": "syntax", "done": 13, "total": 181}
{"phase": "syntax", "done": 14, "total": 181}
{"phase": "syntax", "done": 15, "total": 181}
{"phase": "syntax", "done": 16, "total": 181}
{"phase": "syntax", "done": 17, "total": 181}
{"phase": "syntax", "done": 18, "total": 181}
{"phase": "syntax", "done": 19, "total": 181}
{"phase": "syntax", "done": 20, "total": 181}
{"phase": "syntax", "done": 21, "total": 181}
{"phase": "syntax", "done": 22, "total": 181}
{"phase": "syntax", "done": 23, "total": 181}
{"phase": "syntax", "done": 24, "total": 181}
{"phase": "syntax", "done": 25, "total": 181}
{"phase": "syntax", "done": 26, "total": 181}
{"phase": "syntax", "done": 27, "total": 181}
{"phase": "syntax", "done": 28, "total": 181}
{"phase": "syntax", "done": 29, "total": 181}
{"phase": "syntax", "done": 30, "total": 181}
{"phase": "syntax", "done": 31, "total": 181}
{"phase": "syntax", "done": 32, "total": 181}
{"phase": "syntax", "done": 33, "total": 181}
{"phase": "syntax", "done": 34, "total": 181}
{"phase": "syntax", "done": 35, "total": 181}
{"phase": "syntax", "done": 36, "total": 181}
{"phase": "syntax", "done": 37, "total": 181}
{"phase": "syntax", "done": 38, "total": 181}
{"phase": "syntax", "done": 39, "total": 181}
{"phase": "syntax", "done": 40, "total": 181}
{"phase": "syntax", "done": 41, "total": 181}
{"phase": "syntax", "done": 42, "total": 181}
{"phase": "syntax", "done": 43, "total": 181}
{"phase": "syntax", "done": 44, "total": 181}
{"phase": "syntax", "done": 45, "total": 181}
{"phase": "syntax", "done": 46, "total": 181}
{"phase": "syntax", "done": 47, "total": 181}
{"phase": "syntax", "done": 48, "total": 181}
{"phase": "syntax", "done": 49, "total": 181}
{"phase": "syntax", "done": 50, "total": 181}
{"phase": "syntax", "done": 51, "total": 181}
{"phase": "syntax", "done": 52, "total": 181}
{"phase": "syntax", "done": 53, "total": 181}
{"phase": "syntax", "done": 54, "total": 181}
{"phase": "syntax", "done": 55, "total": 181}
{"phase": "syntax", "done": 56, "total": 181}
{"phase": "syntax", "done": 57, "total": 181}
{"phase": "syntax", "done": 58, "total": 181}
{"phase": "syntax", "done": 59, "total": 181}
{"phase": "syntax", "done": 60, "total": 181}
{"phase": "syntax", "done": 61, "total": 181}
{"phase": "syntax", "done": 62, "total": 181}
{"phase": "syntax", "done": 63, "total": 181}
{"phase": "syntax", "done": 64, "total": 181}
{"phase": "syntax", "done": 65, "total": 181}
{"phase": "syntax", "done": 66, "total": 181}
{"phase": "syntax", "done": 67, "total": 181}
{"phase": "syntax", "done": 68, "total": 181}
{"phase": "syntax", "done": 69, "total": 181}
{"phase": "syntax", "done": 70, "total": 181}
{"phase": "syntax", "done": 71, "total": 181}
{"phase": "syntax", "done": 72, "total": 181}
{"phase": "syntax", "done": 73, "total": 181}
{"phase": "syntax", "done": 74, "total": 181}
{"phase": "syntax", "done": 75, "total": 181}
{"phase": "syntax", "done": 76, "total": 181}
{"phase": "syntax", "done": 77, "total": 181}
{"phase": "syntax", "done": 78, "total": 181}
{"phase": "syntax", "done": 79, "total": 181}
{"phase": "syntax", "done": 80, "total": 181}
{"phase": "syntax", "done": 81, "total": 181}
{"phase": "syntax", "done": 82, "total": 181}
{"phase": "syntax", "done": 83, "total": 181}
{"phase": "syntax", "done": 84, "total": 181}
{"phase": "syntax", "done": 85, "total": 181}
{"phase": "syntax", "done": 86, "total": 181}
{"phase": "syntax", "done": 87, "total": 181}
{"phase": "syntax", "done": 88, "total": 181}
{"phase": "syntax", "done": 89, "total": 181}
{"phase": "syntax", "done": 90, "total": 181}
{"phase": "syntax", "done": 91, "total": 181}
{"phase": "syntax", "done": 92, "total": 181}
{"phase": "syntax", "done": 93, "total": 181}
{"phase": "syntax", "done": 94, "total": 181}
{"phase": "syntax", "done": 95, "total": 181}
{"phase": "syntax", "done": 96, "total": 181}
{"phase": "syntax", "done": 97, "total": 181}
{"phase": "syntax", "done": 98, "total": 181}
{"phase": "syntax", "done": 99, "total": 181}
{"phase": "syntax", "done": 100, "total": 181}
{"phase": "syntax", "done": 101, "total": 181}
{"phase": "syntax", "done": 102, "total": 181}
{"phase": "syntax", "done": 103, "total": 181}
{"phase": "syntax", "done": 104, "total": 181}
{"phase": "syntax", "done": 105, "total": 181}
{"phase": "syntax", "done": 106, "total": 181}
{"phase": "syntax", "done": 107, "total": 181}
{"phase": "syntax", "done": 108, "total": 181}
{"phase": "syntax", "done": 109, "total": 181}
{"phase": "syntax", "done": 110, "total": 181}
{"phase": "syntax", "done": 111, "total": 181}
{"phase": "syntax", "done": 112, "total": 181}
{"phase": "syntax", "done": 113, "total": 181}
{"phase": "syntax", "done": 114, "total": 181}
{"phase": "syntax", "done": 115, "total": 181}
{"phase": "syntax", "done": 116, "total": 181}
{"phase": "syntax", "done": 117, "total": 181}
{"phase": "syntax", "done": 118, "total": 181}
{"phase": "syntax", "done": 119, "total": 181}
{"phase": "syntax", "done": 120, "total": 181}
{"phase": "syntax", "done": 121, "total": 181}
{"phase": "syntax", "done": 122, "total": 181}
{"phase": "syntax", "done": 123, "total": 181}
{"phase": "syntax", "done": 124, "total": 181}
{"phase": "syntax", "done": 125, "total": 181}
{"phase": "syntax", "done": 126, "total": 181}
{"phase": "syntax", "done": 127, "total": 181}
{"phase": "syntax", "done": 128, "total": 181}
{"phase": "syntax", "done": 129, "total": 181}
{"phase": "syntax", "done": 130, "total": 181}
{"phase": "syntax", "done": 131, "total": 181}
{"phase": "syntax", "done": 132, "total": 181}
{"phase": "syntax", "done": 133, "total": 181}
{"phase": "syntax", "done": 134, "total": 181}
{"phase": "syntax", "done": 135, "total": 181}
{"phase": "syntax", "done": 136, "total": 181}
{"phase": "syntax", "done": 137, "total": 181}
{"phase": "syntax", "done": 138, "total": 181}
{"phase": "syntax", "done": 139, "total": 181}
{"phase": "syntax", "done": 140, "total": 181}
{"phase": "syntax", "done": 141, "total": 181}
{"phase": "syntax", "done": 142, "total": 181}
{"phase": "syntax", "done": 143, "total": 181}
{"phase": "syntax", "done": 144, "total": 181}
{"phase": "syntax", "done": 145, "total": 181}
{"phase": "syntax", "done": 146, "total": 181}
{"phase": "syntax", "done": 147, "total": 181}
{"phase": "syntax", "done": 148, "total": 181}
{"phase": "syntax", "done": 149, "total": 181}
{"phase": "syntax", "done": 150, "total": 181}
{"phase": "syntax", "done": 151, "total": 181}
{"phase": "syntax", "done": 152, "total": 181}
{"phase": "syntax", "done": 153, "total": 181}
{"phase": "syntax", "done": 154, "total": 181}
{"phase": "syntax", "done": 155, "total": 181}
{"phase": "syntax", "done": 156, "total": 181}
{"phase": "syntax", "done": 157, "total": 181}
{"phase": "syntax", "done": 158, "total": 181}
{"phase": "syntax", "done": 159, "total": 181}
{"phase": "syntax", "done": 160, "total": 181}
{"phase": "syntax", "done": 161, "total": 181}
{"phase": "syntax", "done": 162, "total": 181}
{"phase": "syntax", "done": 163, "total": 181}
{"phase": "syntax", "done": 164, "total": 181}
{"phase": "syntax", "done": 165, "total": 181}
{"phase": "syntax", "done": 166, "total": 181}
{"phase": "syntax", "done": 167, "total": 181}
{"phase": "syntax", "done": 168, "total": 181}
{"phase": "syntax", "done": 169, "total": 181}
{"phase": "syntax", "done": 170, "total": 181}
{"phase": "syntax", "done": 171, "total": 181}
{"phase": "syntax", "done": 172, "total": 181}
{"phase": "syntax", "done": 173, "total": 181}
{"phase": "syntax", "done": 174, "total": 181}
{"phase": "syntax", "done": 175, "total": 181}
{"phase": "syntax", "done": 176, "total": 181}
{"phase": "syntax", "done": 177, "total": 181}
{"phase": "syntax", "done": 178, "total": 181}
{"phase": "syntax", "done": 179, "total": 181}
{"phase": "syntax", "done": 180, "total": 181}
{"phase": "syntax", "done": 181, "total": 181}
{"phase": "demangle", "done": 0, "total": 6388}
{"phase": "demangle", "done": 6388, "total": 6388}
{"phase": "emit", "done": 0, "total": 1}
{"phase": "emit", "done": 1, "total": 1}
graphite-frontend-apple 0.1.0: 181 files, 147 types, 677 methods, 990 fields, 16867 call sites, 3468 constants, 18 annotations; 32530 nodes, 14655 edges, 7173 strings -> /tmp/apple-frontend-bench-z1dctr6e/corpus.graphite-ir
{"phase": "swift package describe", "done": 0, "total": 1}
{"phase": "swift package describe", "done": 1, "total": 1}
{"phase": "index", "done": 0, "total": 181}
{"phase": "index", "done": 181, "total": 181}
{"phase": "syntax", "done": 1, "total": 181}
{"phase": "syntax", "done": 2, "total": 181}
{"phase": "syntax", "done": 3, "total": 181}
{"phase": "syntax", "done": 4, "total": 181}
{"phase": "syntax", "done": 5, "total": 181}
{"phase": "syntax", "done": 6, "total": 181}
{"phase": "syntax", "done": 7, "total": 181}
{"phase": "syntax", "done": 8, "total": 181}
{"phase": "syntax", "done": 9, "total": 181}
{"phase": "syntax", "done": 10, "total": 181}
{"phase": "syntax", "done": 11, "total": 181}
{"phase": "syntax", "done": 12, "total": 181}
{"phase": "syntax", "done": 13, "total": 181}
{"phase": "syntax", "done": 14, "total": 181}
{"phase": "syntax", "done": 15, "total": 181}
{"phase": "syntax", "done": 16, "total": 181}
{"phase": "syntax", "done": 17, "total": 181}
{"phase": "syntax", "done": 18, "total": 181}
{"phase": "syntax", "done": 19, "total": 181}
{"phase": "syntax", "done": 20, "total": 181}
{"phase": "syntax", "done": 21, "total": 181}
{"phase": "syntax", "done": 22, "total": 181}
{"phase": "syntax", "done": 23, "total": 181}
{"phase": "syntax", "done": 24, "total": 181}
{"phase": "syntax", "done": 25, "total": 181}
{"phase": "syntax", "done": 26, "total": 181}
{"phase": "syntax", "done": 27, "total": 181}
{"phase": "syntax", "done": 28, "total": 181}
{"phase": "syntax", "done": 29, "total": 181}
{"phase": "syntax", "done": 30, "total": 181}
{"phase": "syntax", "done": 31, "total": 181}
{"phase": "syntax", "done": 32, "total": 181}
{"phase": "syntax", "done": 33, "total": 181}
{"phase": "syntax", "done": 34, "total": 181}
{"phase": "syntax", "done": 35, "total": 181}
{"phase": "syntax", "done": 36, "total": 181}
{"phase": "syntax", "done": 37, "total": 181}
{"phase": "syntax", "done": 38, "total": 181}
{"phase": "syntax", "done": 39, "total": 181}
{"phase": "syntax", "done": 40, "total": 181}
{"phase": "syntax", "done": 41, "total": 181}
{"phase": "syntax", "done": 42, "total": 181}
{"phase": "syntax", "done": 43, "total": 181}
{"phase": "syntax", "done": 44, "total": 181}
{"phase": "syntax", "done": 45, "total": 181}
{"phase": "syntax", "done": 46, "total": 181}
{"phase": "syntax", "done": 47, "total": 181}
{"phase": "syntax", "done": 48, "total": 181}
{"phase": "syntax", "done": 49, "total": 181}
{"phase": "syntax", "done": 50, "total": 181}
{"phase": "syntax", "done": 51, "total": 181}
{"phase": "syntax", "done": 52, "total": 181}
{"phase": "syntax", "done": 53, "total": 181}
{"phase": "syntax", "done": 54, "total": 181}
{"phase": "syntax", "done": 55, "total": 181}
{"phase": "syntax", "done": 56, "total": 181}
{"phase": "syntax", "done": 57, "total": 181}
{"phase": "syntax", "done": 58, "total": 181}
{"phase": "syntax", "done": 59, "total": 181}
{"phase": "syntax", "done": 60, "total": 181}
{"phase": "syntax", "done": 61, "total": 181}
{"phase": "syntax", "done": 62, "total": 181}
{"phase": "syntax", "done": 63, "total": 181}
{"phase": "syntax", "done": 64, "total": 181}
{"phase": "syntax", "done": 65, "total": 181}
{"phase": "syntax", "done": 66, "total": 181}
{"phase": "syntax", "done": 67, "total": 181}
{"phase": "syntax", "done": 68, "total": 181}
{"phase": "syntax", "done": 69, "total": 181}
{"phase": "syntax", "done": 70, "total": 181}
{"phase": "syntax", "done": 71, "total": 181}
{"phase": "syntax", "done": 72, "total": 181}
{"phase": "syntax", "done": 73, "total": 181}
{"phase": "syntax", "done": 74, "total": 181}
{"phase": "syntax", "done": 75, "total": 181}
{"phase": "syntax", "done": 76, "total": 181}
{"phase": "syntax", "done": 77, "total": 181}
{"phase": "syntax", "done": 78, "total": 181}
{"phase": "syntax", "done": 79, "total": 181}
{"phase": "syntax", "done": 80, "total": 181}
{"phase": "syntax", "done": 81, "total": 181}
{"phase": "syntax", "done": 82, "total": 181}
{"phase": "syntax", "done": 83, "total": 181}
{"phase": "syntax", "done": 84, "total": 181}
{"phase": "syntax", "done": 85, "total": 181}
{"phase": "syntax", "done": 86, "total": 181}
{"phase": "syntax", "done": 87, "total": 181}
{"phase": "syntax", "done": 88, "total": 181}
{"phase": "syntax", "done": 89, "total": 181}
{"phase": "syntax", "done": 90, "total": 181}
{"phase": "syntax", "done": 91, "total": 181}
{"phase": "syntax", "done": 92, "total": 181}
{"phase": "syntax", "done": 93, "total": 181}
{"phase": "syntax", "done": 94, "total": 181}
{"phase": "syntax", "done": 95, "total": 181}
{"phase": "syntax", "done": 96, "total": 181}
{"phase": "syntax", "done": 97, "total": 181}
{"phase": "syntax", "done": 98, "total": 181}
{"phase": "syntax", "done": 99, "total": 181}
{"phase": "syntax", "done": 100, "total": 181}
{"phase": "syntax", "done": 101, "total": 181}
{"phase": "syntax", "done": 102, "total": 181}
{"phase": "syntax", "done": 103, "total": 181}
{"phase": "syntax", "done": 104, "total": 181}
{"phase": "syntax", "done": 105, "total": 181}
{"phase": "syntax", "done": 106, "total": 181}
{"phase": "syntax", "done": 107, "total": 181}
{"phase": "syntax", "done": 108, "total": 181}
{"phase": "syntax", "done": 109, "total": 181}
{"phase": "syntax", "done": 110, "total": 181}
{"phase": "syntax", "done": 111, "total": 181}
{"phase": "syntax", "done": 112, "total": 181}
{"phase": "syntax", "done": 113, "total": 181}
{"phase": "syntax", "done": 114, "total": 181}
{"phase": "syntax", "done": 115, "total": 181}
{"phase": "syntax", "done": 116, "total": 181}
{"phase": "syntax", "done": 117, "total": 181}
{"phase": "syntax", "done": 118, "total": 181}
{"phase": "syntax", "done": 119, "total": 181}
{"phase": "syntax", "done": 120, "total": 181}
{"phase": "syntax", "done": 121, "total": 181}
{"phase": "syntax", "done": 122, "total": 181}
{"phase": "syntax", "done": 123, "total": 181}
{"phase": "syntax", "done": 124, "total": 181}
{"phase": "syntax", "done": 125, "total": 181}
{"phase": "syntax", "done": 126, "total": 181}
{"phase": "syntax", "done": 127, "total": 181}
{"phase": "syntax", "done": 128, "total": 181}
{"phase": "syntax", "done": 129, "total": 181}
{"phase": "syntax", "done": 130, "total": 181}
{"phase": "syntax", "done": 131, "total": 181}
{"phase": "syntax", "done": 132, "total": 181}
{"phase": "syntax", "done": 133, "total": 181}
{"phase": "syntax", "done": 134, "total": 181}
{"phase": "syntax", "done": 135, "total": 181}
{"phase": "syntax", "done": 136, "total": 181}
{"phase": "syntax", "done": 137, "total": 181}
{"phase": "syntax", "done": 138, "total": 181}
{"phase": "syntax", "done": 139, "total": 181}
{"phase": "syntax", "done": 140, "total": 181}
{"phase": "syntax", "done": 141, "total": 181}
{"phase": "syntax", "done": 142, "total": 181}
{"phase": "syntax", "done": 143, "total": 181}
{"phase": "syntax", "done": 144, "total": 181}
{"phase": "syntax", "done": 145, "total": 181}
{"phase": "syntax", "done": 146, "total": 181}
{"phase": "syntax", "done": 147, "total": 181}
{"phase": "syntax", "done": 148, "total": 181}
{"phase": "syntax", "done": 149, "total": 181}
{"phase": "syntax", "done": 150, "total": 181}
{"phase": "syntax", "done": 151, "total": 181}
{"phase": "syntax", "done": 152, "total": 181}
{"phase": "syntax", "done": 153, "total": 181}
{"phase": "syntax", "done": 154, "total": 181}
{"phase": "syntax", "done": 155, "total": 181}
{"phase": "syntax", "done": 156, "total": 181}
{"phase": "syntax", "done": 157, "total": 181}
{"phase": "syntax", "done": 158, "total": 181}
{"phase": "syntax", "done": 159, "total": 181}
{"phase": "syntax", "done": 160, "total": 181}
{"phase": "syntax", "done": 161, "total": 181}
{"phase": "syntax", "done": 162, "total": 181}
{"phase": "syntax", "done": 163, "total": 181}
{"phase": "syntax", "done": 164, "total": 181}
{"phase": "syntax", "done": 165, "total": 181}
{"phase": "syntax", "done": 166, "total": 181}
{"phase": "syntax", "done": 167, "total": 181}
{"phase": "syntax", "done": 168, "total": 181}
{"phase": "syntax", "done": 169, "total": 181}
{"phase": "syntax", "done": 170, "total": 181}
{"phase": "syntax", "done": 171, "total": 181}
{"phase": "syntax", "done": 172, "total": 181}
{"phase": "syntax", "done": 173, "total": 181}
{"phase": "syntax", "done": 174, "total": 181}
{"phase": "syntax", "done": 175, "total": 181}
{"phase": "syntax", "done": 176, "total": 181}
{"phase": "syntax", "done": 177, "total": 181}
{"phase": "syntax", "done": 178, "total": 181}
{"phase": "syntax", "done": 179, "total": 181}
{"phase": "syntax", "done": 180, "total": 181}
{"phase": "syntax", "done": 181, "total": 181}
{"phase": "demangle", "done": 0, "total": 6388}
{"phase": "demangle", "done": 6388, "total": 6388}
{"phase": "emit", "done": 0, "total": 1}
{"phase": "emit", "done": 1, "total": 1}
graphite-frontend-apple 0.1.0: 181 files, 147 types, 677 methods, 990 fields, 16867 call sites, 3468 constants, 18 annotations; 32530 nodes, 14655 edges, 7173 strings -> /tmp/apple-frontend-bench-z1dctr6e/corpus.graphite-ir
{"phase": "swift package describe", "done": 0, "total": 1}
{"phase": "swift package describe", "done": 1, "total": 1}
{"phase": "index", "done": 0, "total": 181}
{"phase": "index", "done": 181, "total": 181}
{"phase": "syntax", "done": 1, "total": 181}
{"phase": "syntax", "done": 2, "total": 181}
{"phase": "syntax", "done": 3, "total": 181}
{"phase": "syntax", "done": 4, "total": 181}
{"phase": "syntax", "done": 5, "total": 181}
{"phase": "syntax", "done": 6, "total": 181}
{"phase": "syntax", "done": 7, "total": 181}
{"phase": "syntax", "done": 8, "total": 181}
{"phase": "syntax", "done": 9, "total": 181}
{"phase": "syntax", "done": 10, "total": 181}
{"phase": "syntax", "done": 11, "total": 181}
{"phase": "syntax", "done": 12, "total": 181}
{"phase": "syntax", "done": 13, "total": 181}
{"phase": "syntax", "done": 14, "total": 181}
{"phase": "syntax", "done": 15, "total": 181}
{"phase": "syntax", "done": 16, "total": 181}
{"phase": "syntax", "done": 17, "total": 181}
{"phase": "syntax", "done": 18, "total": 181}
{"phase": "syntax", "done": 19, "total": 181}
{"phase": "syntax", "done": 20, "total": 181}
{"phase": "syntax", "done": 21, "total": 181}
{"phase": "syntax", "done": 22, "total": 181}
{"phase": "syntax", "done": 23, "total": 181}
{"phase": "syntax", "done": 24, "total": 181}
{"phase": "syntax", "done": 25, "total": 181}
{"phase": "syntax", "done": 26, "total": 181}
{"phase": "syntax", "done": 27, "total": 181}
{"phase": "syntax", "done": 28, "total": 181}
{"phase": "syntax", "done": 29, "total": 181}
{"phase": "syntax", "done": 30, "total": 181}
{"phase": "syntax", "done": 31, "total": 181}
{"phase": "syntax", "done": 32, "total": 181}
{"phase": "syntax", "done": 33, "total": 181}
{"phase": "syntax", "done": 34, "total": 181}
{"phase": "syntax", "done": 35, "total": 181}
{"phase": "syntax", "done": 36, "total": 181}
{"phase": "syntax", "done": 37, "total": 181}
{"phase": "syntax", "done": 38, "total": 181}
{"phase": "syntax", "done": 39, "total": 181}
{"phase": "syntax", "done": 40, "total": 181}
{"phase": "syntax", "done": 41, "total": 181}
{"phase": "syntax", "done": 42, "total": 181}
{"phase": "syntax", "done": 43, "total": 181}
{"phase": "syntax", "done": 44, "total": 181}
{"phase": "syntax", "done": 45, "total": 181}
{"phase": "syntax", "done": 46, "total": 181}
{"phase": "syntax", "done": 47, "total": 181}
{"phase": "syntax", "done": 48, "total": 181}
{"phase": "syntax", "done": 49, "total": 181}
{"phase": "syntax", "done": 50, "total": 181}
{"phase": "syntax", "done": 51, "total": 181}
{"phase": "syntax", "done": 52, "total": 181}
{"phase": "syntax", "done": 53, "total": 181}
{"phase": "syntax", "done": 54, "total": 181}
{"phase": "syntax", "done": 55, "total": 181}
{"phase": "syntax", "done": 56, "total": 181}
{"phase": "syntax", "done": 57, "total": 181}
{"phase": "syntax", "done": 58, "total": 181}
{"phase": "syntax", "done": 59, "total": 181}
{"phase": "syntax", "done": 60, "total": 181}
{"phase": "syntax", "done": 61, "total": 181}
{"phase": "syntax", "done": 62, "total": 181}
{"phase": "syntax", "done": 63, "total": 181}
{"phase": "syntax", "done": 64, "total": 181}
{"phase": "syntax", "done": 65, "total": 181}
{"phase": "syntax", "done": 66, "total": 181}
{"phase": "syntax", "done": 67, "total": 181}
{"phase": "syntax", "done": 68, "total": 181}
{"phase": "syntax", "done": 69, "total": 181}
{"phase": "syntax", "done": 70, "total": 181}
{"phase": "syntax", "done": 71, "total": 181}
{"phase": "syntax", "done": 72, "total": 181}
{"phase": "syntax", "done": 73, "total": 181}
{"phase": "syntax", "done": 74, "total": 181}
{"phase": "syntax", "done": 75, "total": 181}
{"phase": "syntax", "done": 76, "total": 181}
{"phase": "syntax", "done": 77, "total": 181}
{"phase": "syntax", "done": 78, "total": 181}
{"phase": "syntax", "done": 79, "total": 181}
{"phase": "syntax", "done": 80, "total": 181}
{"phase": "syntax", "done": 81, "total": 181}
{"phase": "syntax", "done": 82, "total": 181}
{"phase": "syntax", "done": 83, "total": 181}
{"phase": "syntax", "done": 84, "total": 181}
{"phase": "syntax", "done": 85, "total": 181}
{"phase": "syntax", "done": 86, "total": 181}
{"phase": "syntax", "done": 87, "total": 181}
{"phase": "syntax", "done": 88, "total": 181}
{"phase": "syntax", "done": 89, "total": 181}
{"phase": "syntax", "done": 90, "total": 181}
{"phase": "syntax", "done": 91, "total": 181}
{"phase": "syntax", "done": 92, "total": 181}
{"phase": "syntax", "done": 93, "total": 181}
{"phase": "syntax", "done": 94, "total": 181}
{"phase": "syntax", "done": 95, "total": 181}
{"phase": "syntax", "done": 96, "total": 181}
{"phase": "syntax", "done": 97, "total": 181}
{"phase": "syntax", "done": 98, "total": 181}
{"phase": "syntax", "done": 99, "total": 181}
{"phase": "syntax", "done": 100, "total": 181}
{"phase": "syntax", "done": 101, "total": 181}
{"phase": "syntax", "done": 102, "total": 181}
{"phase": "syntax", "done": 103, "total": 181}
{"phase": "syntax", "done": 104, "total": 181}
{"phase": "syntax", "done": 105, "total": 181}
{"phase": "syntax", "done": 106, "total": 181}
{"phase": "syntax", "done": 107, "total": 181}
{"phase": "syntax", "done": 108, "total": 181}
{"phase": "syntax", "done": 109, "total": 181}
{"phase": "syntax", "done": 110, "total": 181}
{"phase": "syntax", "done": 111, "total": 181}
{"phase": "syntax", "done": 112, "total": 181}
{"phase": "syntax", "done": 113, "total": 181}
{"phase": "syntax", "done": 114, "total": 181}
{"phase": "syntax", "done": 115, "total": 181}
{"phase": "syntax", "done": 116, "total": 181}
{"phase": "syntax", "done": 117, "total": 181}
{"phase": "syntax", "done": 118, "total": 181}
{"phase": "syntax", "done": 119, "total": 181}
{"phase": "syntax", "done": 120, "total": 181}
{"phase": "syntax", "done": 121, "total": 181}
{"phase": "syntax", "done": 122, "total": 181}
{"phase": "syntax", "done": 123, "total": 181}
{"phase": "syntax", "done": 124, "total": 181}
{"phase": "syntax", "done": 125, "total": 181}
{"phase": "syntax", "done": 126, "total": 181}
{"phase": "syntax", "done": 127, "total": 181}
{"phase": "syntax", "done": 128, "total": 181}
{"phase": "syntax", "done": 129, "total": 181}
{"phase": "syntax", "done": 130, "total": 181}
{"phase": "syntax", "done": 131, "total": 181}
{"phase": "syntax", "done": 132, "total": 181}
{"phase": "syntax", "done": 133, "total": 181}
{"phase": "syntax", "done": 134, "total": 181}
{"phase": "syntax", "done": 135, "total": 181}
{"phase": "syntax", "done": 136, "total": 181}
{"phase": "syntax", "done": 137, "total": 181}
{"phase": "syntax", "done": 138, "total": 181}
{"phase": "syntax", "done": 139, "total": 181}
{"phase": "syntax", "done": 140, "total": 181}
{"phase": "syntax", "done": 141, "total": 181}
{"phase": "syntax", "done": 142, "total": 181}
{"phase": "syntax", "done": 143, "total": 181}
{"phase": "syntax", "done": 144, "total": 181}
{"phase": "syntax", "done": 145, "total": 181}
{"phase": "syntax", "done": 146, "total": 181}
{"phase": "syntax", "done": 147, "total": 181}
{"phase": "syntax", "done": 148, "total": 181}
{"phase": "syntax", "done": 149, "total": 181}
{"phase": "syntax", "done": 150, "total": 181}
{"phase": "syntax", "done": 151, "total": 181}
{"phase": "syntax", "done": 152, "total": 181}
{"phase": "syntax", "done": 153, "total": 181}
{"phase": "syntax", "done": 154, "total": 181}
{"phase": "syntax", "done": 155, "total": 181}
{"phase": "syntax", "done": 156, "total": 181}
{"phase": "syntax", "done": 157, "total": 181}
{"phase": "syntax", "done": 158, "total": 181}
{"phase": "syntax", "done": 159, "total": 181}
{"phase": "syntax", "done": 160, "total": 181}
{"phase": "syntax", "done": 161, "total": 181}
{"phase": "syntax", "done": 162, "total": 181}
{"phase": "syntax", "done": 163, "total": 181}
{"phase": "syntax", "done": 164, "total": 181}
{"phase": "syntax", "done": 165, "total": 181}
{"phase": "syntax", "done": 166, "total": 181}
{"phase": "syntax", "done": 167, "total": 181}
{"phase": "syntax", "done": 168, "total": 181}
{"phase": "syntax", "done": 169, "total": 181}
{"phase": "syntax", "done": 170, "total": 181}
{"phase": "syntax", "done": 171, "total": 181}
{"phase": "syntax", "done": 172, "total": 181}
{"phase": "syntax", "done": 173, "total": 181}
{"phase": "syntax", "done": 174, "total": 181}
{"phase": "syntax", "done": 175, "total": 181}
{"phase": "syntax", "done": 176, "total": 181}
{"phase": "syntax", "done": 177, "total": 181}
{"phase": "syntax", "done": 178, "total": 181}
{"phase": "syntax", "done": 179, "total": 181}
{"phase": "syntax", "done": 180, "total": 181}
{"phase": "syntax", "done": 181, "total": 181}
{"phase": "demangle", "done": 0, "total": 6388}
{"phase": "demangle", "done": 6388, "total": 6388}
{"phase": "emit", "done": 0, "total": 1}
{"phase": "emit", "done": 1, "total": 1}
graphite-frontend-apple 0.1.0: 181 files, 147 types, 677 methods, 990 fields, 16867 call sites, 3468 constants, 18 annotations; 32530 nodes, 14655 edges, 7173 strings -> /tmp/apple-frontend-bench-z1dctr6e/corpus.graphite-ir
{"phase": "swift package describe", "done": 0, "total": 1}
{"phase": "swift package describe", "done": 1, "total": 1}
{"phase": "index", "done": 0, "total": 181}
{"phase": "index", "done": 181, "total": 181}
{"phase": "syntax", "done": 1, "total": 181}
{"phase": "syntax", "done": 2, "total": 181}
{"phase": "syntax", "done": 3, "total": 181}
{"phase": "syntax", "done": 4, "total": 181}
{"phase": "syntax", "done": 5, "total": 181}
{"phase": "syntax", "done": 6, "total": 181}
{"phase": "syntax", "done": 7, "total": 181}
{"phase": "syntax", "done": 8, "total": 181}
{"phase": "syntax", "done": 9, "total": 181}
{"phase": "syntax", "done": 10, "total": 181}
{"phase": "syntax", "done": 11, "total": 181}
{"phase": "syntax", "done": 12, "total": 181}
{"phase": "syntax", "done": 13, "total": 181}
{"phase": "syntax", "done": 14, "total": 181}
{"phase": "syntax", "done": 15, "total": 181}
{"phase": "syntax", "done": 16, "total": 181}
{"phase": "syntax", "done": 17, "total": 181}
{"phase": "syntax", "done": 18, "total": 181}
{"phase": "syntax", "done": 19, "total": 181}
{"phase": "syntax", "done": 20, "total": 181}
{"phase": "syntax", "done": 21, "total": 181}
{"phase": "syntax", "done": 22, "total": 181}
{"phase": "syntax", "done": 23, "total": 181}
{"phase": "syntax", "done": 24, "total": 181}
{"phase": "syntax", "done": 25, "total": 181}
{"phase": "syntax", "done": 26, "total": 181}
{"phase": "syntax", "done": 27, "total": 181}
{"phase": "syntax", "done": 28, "total": 181}
{"phase": "syntax", "done": 29, "total": 181}
{"phase": "syntax", "done": 30, "total": 181}
{"phase": "syntax", "done": 31, "total": 181}
{"phase": "syntax", "done": 32, "total": 181}
{"phase": "syntax", "done": 33, "total": 181}
{"phase": "syntax", "done": 34, "total": 181}
{"phase": "syntax", "done": 35, "total": 181}
{"phase": "syntax", "done": 36, "total": 181}
{"phase": "syntax", "done": 37, "total": 181}
{"phase": "syntax", "done": 38, "total": 181}
{"phase": "syntax", "done": 39, "total": 181}
{"phase": "syntax", "done": 40, "total": 181}
{"phase": "syntax", "done": 41, "total": 181}
{"phase": "syntax", "done": 42, "total": 181}
{"phase": "syntax", "done": 43, "total": 181}
{"phase": "syntax", "done": 44, "total": 181}
{"phase": "syntax", "done": 45, "total": 181}
{"phase": "syntax", "done": 46, "total": 181}
{"phase": "syntax", "done": 47, "total": 181}
{"phase": "syntax", "done": 48, "total": 181}
{"phase": "syntax", "done": 49, "total": 181}
{"phase": "syntax", "done": 50, "total": 181}
{"phase": "syntax", "done": 51, "total": 181}
{"phase": "syntax", "done": 52, "total": 181}
{"phase": "syntax", "done": 53, "total": 181}
{"phase": "syntax", "done": 54, "total": 181}
{"phase": "syntax", "done": 55, "total": 181}
{"phase": "syntax", "done": 56, "total": 181}
{"phase": "syntax", "done": 57, "total": 181}
{"phase": "syntax", "done": 58, "total": 181}
{"phase": "syntax", "done": 59, "total": 181}
{"phase": "syntax", "done": 60, "total": 181}
{"phase": "syntax", "done": 61, "total": 181}
{"phase": "syntax", "done": 62, "total": 181}
{"phase": "syntax", "done": 63, "total": 181}
{"phase": "syntax", "done": 64, "total": 181}
{"phase": "syntax", "done": 65, "total": 181}
{"phase": "syntax", "done": 66, "total": 181}
{"phase": "syntax", "done": 67, "total": 181}
{"phase": "syntax", "done": 68, "total": 181}
{"phase": "syntax", "done": 69, "total": 181}
{"phase": "syntax", "done": 70, "total": 181}
{"phase": "syntax", "done": 71, "total": 181}
{"phase": "syntax", "done": 72, "total": 181}
{"phase": "syntax", "done": 73, "total": 181}
{"phase": "syntax", "done": 74, "total": 181}
{"phase": "syntax", "done": 75, "total": 181}
{"phase": "syntax", "done": 76, "total": 181}
{"phase": "syntax", "done": 77, "total": 181}
{"phase": "syntax", "done": 78, "total": 181}
{"phase": "syntax", "done": 79, "total": 181}
{"phase": "syntax", "done": 80, "total": 181}
{"phase": "syntax", "done": 81, "total": 181}
{"phase": "syntax", "done": 82, "total": 181}
{"phase": "syntax", "done": 83, "total": 181}
{"phase": "syntax", "done": 84, "total": 181}
{"phase": "syntax", "done": 85, "total": 181}
{"phase": "syntax", "done": 86, "total": 181}
{"phase": "syntax", "done": 87, "total": 181}
{"phase": "syntax", "done": 88, "total": 181}
{"phase": "syntax", "done": 89, "total": 181}
{"phase": "syntax", "done": 90, "total": 181}
{"phase": "syntax", "done": 91, "total": 181}
{"phase": "syntax", "done": 92, "total": 181}
{"phase": "syntax", "done": 93, "total": 181}
{"phase": "syntax", "done": 94, "total": 181}
{"phase": "syntax", "done": 95, "total": 181}
{"phase": "syntax", "done": 96, "total": 181}
{"phase": "syntax", "done": 97, "total": 181}
{"phase": "syntax", "done": 98, "total": 181}
{"phase": "syntax", "done": 99, "total": 181}
{"phase": "syntax", "done": 100, "total": 181}
{"phase": "syntax", "done": 101, "total": 181}
{"phase": "syntax", "done": 102, "total": 181}
{"phase": "syntax", "done": 103, "total": 181}
{"phase": "syntax", "done": 104, "total": 181}
{"phase": "syntax", "done": 105, "total": 181}
{"phase": "syntax", "done": 106, "total": 181}
{"phase": "syntax", "done": 107, "total": 181}
{"phase": "syntax", "done": 108, "total": 181}
{"phase": "syntax", "done": 109, "total": 181}
{"phase": "syntax", "done": 110, "total": 181}
{"phase": "syntax", "done": 111, "total": 181}
{"phase": "syntax", "done": 112, "total": 181}
{"phase": "syntax", "done": 113, "total": 181}
{"phase": "syntax", "done": 114, "total": 181}
{"phase": "syntax", "done": 115, "total": 181}
{"phase": "syntax", "done": 116, "total": 181}
{"phase": "syntax", "done": 117, "total": 181}
{"phase": "syntax", "done": 118, "total": 181}
{"phase": "syntax", "done": 119, "total": 181}
{"phase": "syntax", "done": 120, "total": 181}
{"phase": "syntax", "done": 121, "total": 181}
{"phase": "syntax", "done": 122, "total": 181}
{"phase": "syntax", "done": 123, "total": 181}
{"phase": "syntax", "done": 124, "total": 181}
{"phase": "syntax", "done": 125, "total": 181}
{"phase": "syntax", "done": 126, "total": 181}
{"phase": "syntax", "done": 127, "total": 181}
{"phase": "syntax", "done": 128, "total": 181}
{"phase": "syntax", "done": 129, "total": 181}
{"phase": "syntax", "done": 130, "total": 181}
{"phase": "syntax", "done": 131, "total": 181}
{"phase": "syntax", "done": 132, "total": 181}
{"phase": "syntax", "done": 133, "total": 181}
{"phase": "syntax", "done": 134, "total": 181}
{"phase": "syntax", "done": 135, "total": 181}
{"phase": "syntax", "done": 136, "total": 181}
{"phase": "syntax", "done": 137, "total": 181}
{"phase": "syntax", "done": 138, "total": 181}
{"phase": "syntax", "done": 139, "total": 181}
{"phase": "syntax", "done": 140, "total": 181}
{"phase": "syntax", "done": 141, "total": 181}
{"phase": "syntax", "done": 142, "total": 181}
{"phase": "syntax", "done": 143, "total": 181}
{"phase": "syntax", "done": 144, "total": 181}
{"phase": "syntax", "done": 145, "total": 181}
{"phase": "syntax", "done": 146, "total": 181}
{"phase": "syntax", "done": 147, "total": 181}
{"phase": "syntax", "done": 148, "total": 181}
{"phase": "syntax", "done": 149, "total": 181}
{"phase": "syntax", "done": 150, "total": 181}
{"phase": "syntax", "done": 151, "total": 181}
{"phase": "syntax", "done": 152, "total": 181}
{"phase": "syntax", "done": 153, "total": 181}
{"phase": "syntax", "done": 154, "total": 181}
{"phase": "syntax", "done": 155, "total": 181}
{"phase": "syntax", "done": 156, "total": 181}
{"phase": "syntax", "done": 157, "total": 181}
{"phase": "syntax", "done": 158, "total": 181}
{"phase": "syntax", "done": 159, "total": 181}
{"phase": "syntax", "done": 160, "total": 181}
{"phase": "syntax", "done": 161, "total": 181}
{"phase": "syntax", "done": 162, "total": 181}
{"phase": "syntax", "done": 163, "total": 181}
{"phase": "syntax", "done": 164, "total": 181}
{"phase": "syntax", "done": 165, "total": 181}
{"phase": "syntax", "done": 166, "total": 181}
{"phase": "syntax", "done": 167, "total": 181}
{"phase": "syntax", "done": 168, "total": 181}
{"phase": "syntax", "done": 169, "total": 181}
{"phase": "syntax", "done": 170, "total": 181}
{"phase": "syntax", "done": 171, "total": 181}
{"phase": "syntax", "done": 172, "total": 181}
{"phase": "syntax", "done": 173, "total": 181}
{"phase": "syntax", "done": 174, "total": 181}
{"phase": "syntax", "done": 175, "total": 181}
{"phase": "syntax", "done": 176, "total": 181}
{"phase": "syntax", "done": 177, "total": 181}
{"phase": "syntax", "done": 178, "total": 181}
{"phase": "syntax", "done": 179, "total": 181}
{"phase": "syntax", "done": 180, "total": 181}
{"phase": "syntax", "done": 181, "total": 181}
{"phase": "demangle", "done": 0, "total": 6388}
{"phase": "demangle", "done": 6388, "total": 6388}
{"phase": "emit", "done": 0, "total": 1}
{"phase": "emit", "done": 1, "total": 1}
graphite-frontend-apple 0.1.0: 181 files, 147 types, 677 methods, 990 fields, 16867 call sites, 3468 constants, 18 annotations; 32530 nodes, 14655 edges, 7173 strings -> /tmp/apple-frontend-bench-z1dctr6e/corpus.graphite-ir
