File: profile-query
Type: alloc_space
Time: Sep 7, 2026 at 1:38pm (KST)
Showing nodes accounting for 5576189942B, 100% of 5576189942B total
Showing top 30 nodes out of 68
      flat  flat%   sum%        cum   cum%
3334933470B 59.81% 59.81% 3334933470B 59.81%  github.com/johnsonlee/graphite/graphite-server/internal/query.evaluator.nodeValue (inline)
387473648B  6.95% 66.76% 387473648B  6.95%  github.com/johnsonlee/graphite/graphite-server/internal/store.(*Store).ProjectionCandidateNode.func4
338783080B  6.08% 72.83% 338783080B  6.08%  github.com/johnsonlee/graphite/graphite-server/internal/query.evaluator.bind
272127816B  4.88% 77.71% 510697704B  9.16%  github.com/johnsonlee/graphite/graphite-server/internal/query.key
194514252B  3.49% 81.20% 523247844B  9.38%  github.com/johnsonlee/graphite/graphite-server/internal/query.evaluator.eval
187215868B  3.36% 84.56% 5572386377B 99.93%  github.com/johnsonlee/graphite/graphite-server/internal/query.evaluator.lazyFiltered
160434576B  2.88% 87.43% 160434576B  2.88%  github.com/johnsonlee/graphite/graphite-server/internal/query.evaluator.callLegacy
153094432B  2.75% 90.18% 153094432B  2.75%  strings.(*Builder).grow
123218000B  2.21% 92.39% 123218000B  2.21%  fmt.Sprintf
115351888B  2.07% 94.46% 115351888B  2.07%  strconv.quoteWith (inline)
 93324688B  1.67% 96.13%  93324688B  1.67%  github.com/johnsonlee/graphite/graphite-server/internal/query.NodeProperty
 69207160B  1.24% 97.37% 456680808B  8.19%  github.com/johnsonlee/graphite/graphite-server/internal/store.(*Store).ProjectionCandidateNode
 57150008B  1.02% 98.40% 507084516B  9.09%  github.com/johnsonlee/graphite/graphite-server/internal/query.evaluator.lazyProject
 50332656B   0.9% 99.30%  50332656B   0.9%  github.com/johnsonlee/graphite/graphite-server/internal/query.addProvenance
 25787507B  0.46% 99.76%  25787507B  0.46%  github.com/johnsonlee/graphite/graphite-server/internal/store.(*Store).NodesOfKind (inline)
  9437328B  0.17% 99.93%   9437328B  0.17%  github.com/johnsonlee/graphite/graphite-server/internal/query.provenance (inline)
  1573008B 0.028%   100%   1573008B 0.028%  github.com/antlr4-go/antlr/v4.NewATNConfig (inline)
   924248B 0.017%   100%    924248B 0.017%  compress/flate.NewWriter (inline)
   781445B 0.014%   100%   1705693B 0.031%  runtime/pprof.writeHeapInternal
   524864B 0.0094%   100%    524864B 0.0094%  github.com/antlr4-go/antlr/v4.(*JMap[go.shape.*uint8,go.shape.*uint8,go.shape.*uint8]).Put
         0     0%   100%    924248B 0.017%  compress/gzip.(*Writer).Write
         0     0%   100%    524864B 0.0094%  github.com/antlr4-go/antlr/v4.(*ParserATNSimulator).AdaptivePredict
         0     0%   100%   1573008B 0.028%  github.com/antlr4-go/antlr/v4.(*ParserATNSimulator).closureCheckingStopState
         0     0%   100%   1573008B 0.028%  github.com/antlr4-go/antlr/v4.(*ParserATNSimulator).closureWork
         0     0%   100%    524864B 0.0094%  github.com/antlr4-go/antlr/v4.(*ParserATNSimulator).computeTargetState
         0     0%   100%    524864B 0.0094%  github.com/antlr4-go/antlr/v4.(*ParserATNSimulator).execATN
         0     0%   100%   1573008B 0.028%  github.com/antlr4-go/antlr/v4.(*ParserATNSimulator).getEpsilonTarget
         0     0%   100%   1048672B 0.019%  github.com/antlr4-go/antlr/v4.(*ParserATNSimulator).ruleTransition
         0     0%   100%   1048672B 0.019%  github.com/antlr4-go/antlr/v4.NewATNConfig1 (inline)
         0     0%   100%    524336B 0.0094%  github.com/antlr4-go/antlr/v4.NewATNConfig4 (inline)
