HEAD is now at 9ada2bf1 feat(query): preserve main lazy candidate source semantics
Preparing worktree (detached HEAD 9ada2bf1)
Updating files:  54% (5281/9725)
Updating files:  55% (5349/9725)
Updating files:  56% (5446/9725)
Updating files:  57% (5544/9725)
Updating files:  58% (5641/9725)
Updating files:  59% (5738/9725)
Updating files:  60% (5835/9725)
Updating files:  61% (5933/9725)
Updating files:  62% (6030/9725)
Updating files:  63% (6127/9725)
Updating files:  64% (6224/9725)
Updating files:  65% (6322/9725)
Updating files:  66% (6419/9725)
Updating files:  67% (6516/9725)
Updating files:  68% (6613/9725)
Updating files:  69% (6711/9725)
Updating files:  70% (6808/9725)
Updating files:  71% (6905/9725)
Updating files:  72% (7002/9725)
Updating files:  73% (7100/9725)
Updating files:  74% (7197/9725)
Updating files:  75% (7294/9725)
Updating files:  76% (7391/9725)
Updating files:  77% (7489/9725)
Updating files:  78% (7586/9725)
Updating files:  79% (7683/9725)
Updating files:  80% (7780/9725)
Updating files:  81% (7878/9725)
Updating files:  82% (7975/9725)
Updating files:  83% (8072/9725)
Updating files:  84% (8169/9725)
Updating files:  85% (8267/9725)
Updating files:  86% (8364/9725)
Updating files:  87% (8461/9725)
Updating files:  88% (8558/9725)
Updating files:  89% (8656/9725)
Updating files:  90% (8753/9725)
Updating files:  91% (8850/9725)
Updating files:  92% (8947/9725)
Updating files:  93% (9045/9725)
Updating files:  94% (9142/9725)
Updating files:  95% (9239/9725)
Updating files:  96% (9336/9725)
Updating files:  97% (9434/9725)
Updating files:  98% (9531/9725)
Updating files:  99% (9628/9725)
Updating files: 100% (9725/9725)
Updating files: 100% (9725/9725), done.
