wrapped-zeroHitBroadContains 200 True {}
wrapped-denseDistributedMethodContains 200 True {}
wrapped-earlyGraphClassPrefix 200 True {}
wrapped-middleGraphsClassPrefix 200 True {}
wrapped-lateGraphClassPrefix 200 True {}
wrapped-broadlyDistributedClassPrefix 200 True {}
wrapped-firstLastGraphBimodalClassPrefix 200 True {}
wrapped-skewedMixedClassMethodOperator 200 True {}
global-wide-four-properties-zero 200 True {}
global-wide-four-properties-targeted 200 True {}
global-wide-four-properties-dense 200 True {}
global-wide-class-pair-zero 200 True {}
global-wide-class-pair-targeted 200 True {}
global-wide-class-pair-dense 200 True {}
global-wide-name-pair-zero 200 True {}
global-wide-name-pair-targeted 200 True {}
global-wide-name-pair-dense 200 True {}
global-wide-caller-class-zero 200 True {}
global-wide-caller-class-targeted 200 True {}
global-wide-caller-class-dense 200 True {}
global-wide-callee-class-zero 200 True {}
global-wide-callee-class-targeted 200 True {}
global-wide-callee-class-dense 200 True {}
global-wide-provenance-zero 200 True {}
global-wide-provenance-targeted 200 True {}
global-wide-provenance-dense 200 True {}
global-wide-aliased-zero 200 True {}
global-wide-aliased-targeted 200 True {}
global-wide-aliased-dense 200 True {}
global-wide-parameterized-zero 200 True {}
global-wide-parameterized-targeted 200 True {}
global-wide-parameterized-dense 200 True {}
global-wide-wrapped-case-insensitive-zero 200 True {}
global-wide-wrapped-case-insensitive-targeted 200 True {}
global-wide-wrapped-case-insensitive-dense 200 True {}
global-wide-wrapped-case-insensitive-distinct-zero 200 True {}
global-wide-wrapped-case-insensitive-distinct-targeted 200 True {}
global-wide-wrapped-case-insensitive-distinct-dense 200 True {}
global-wide-distribution-broad-all-64 200 True {}
global-wide-distribution-localized-early 200 True {}
global-wide-distribution-localized-late 200 True {}
global-wide-distribution-localized-middle 200 True {}
