HEAD is now at 2ab90cdc feat(query): stream filtered node candidates and projections
Preparing worktree (detached HEAD 2ab90cdc)
Updating files:  49% (5162/10492)
Updating files:  50% (5246/10492)
Updating files:  51% (5351/10492)
Updating files:  52% (5456/10492)
Updating files:  53% (5561/10492)
Updating files:  54% (5666/10492)
Updating files:  55% (5771/10492)
Updating files:  56% (5876/10492)
Updating files:  57% (5981/10492)
Updating files:  58% (6086/10492)
Updating files:  59% (6191/10492)
Updating files:  60% (6296/10492)
Updating files:  61% (6401/10492)
Updating files:  62% (6506/10492)
Updating files:  63% (6610/10492)
Updating files:  64% (6715/10492)
Updating files:  65% (6820/10492)
Updating files:  66% (6925/10492)
Updating files:  67% (7030/10492)
Updating files:  68% (7135/10492)
Updating files:  69% (7240/10492)
Updating files:  70% (7345/10492)
Updating files:  71% (7450/10492)
Updating files:  72% (7555/10492)
Updating files:  73% (7660/10492)
Updating files:  74% (7765/10492)
Updating files:  75% (7869/10492)
Updating files:  76% (7974/10492)
Updating files:  77% (8079/10492)
Updating files:  78% (8184/10492)
Updating files:  79% (8289/10492)
Updating files:  80% (8394/10492)
Updating files:  81% (8499/10492)
Updating files:  82% (8604/10492)
Updating files:  83% (8709/10492)
Updating files:  84% (8814/10492)
Updating files:  85% (8919/10492)
Updating files:  86% (9024/10492)
Updating files:  87% (9129/10492)
Updating files:  88% (9233/10492)
Updating files:  89% (9338/10492)
Updating files:  90% (9443/10492)
Updating files:  91% (9548/10492)
Updating files:  92% (9653/10492)
Updating files:  93% (9758/10492)
Updating files:  94% (9863/10492)
Updating files:  95% (9968/10492)
Updating files:  96% (10073/10492)
Updating files:  97% (10178/10492)
Updating files:  98% (10283/10492)
Updating files:  99% (10388/10492)
Updating files: 100% (10492/10492)
Updating files: 100% (10492/10492), done.
