To honour the JVM settings for this build a single-use Daemon process will be forked. For more on this, please refer to https://docs.gradle.org/8.13/userguide/gradle_daemon.html#sec:disabling_the_daemon in the Gradle documentation.
Daemon will be stopped at the end of the build 

> Configure project :
[root project 'graphite'] Configuring nexus skipped: `NEXUS_URL` or `NEXUS_USERNAME` or `NEXUS_PASSWORD` not found

> Configure project :core
[project ':core'] Configuring nexus skipped: `NEXUS_URL` or `NEXUS_USERNAME` or `NEXUS_PASSWORD` not found

> Configure project :cypher
[project ':cypher'] Configuring nexus skipped: `NEXUS_URL` or `NEXUS_USERNAME` or `NEXUS_PASSWORD` not found

> Configure project :sootup
[project ':sootup'] Configuring nexus skipped: `NEXUS_URL` or `NEXUS_USERNAME` or `NEXUS_PASSWORD` not found

> Configure project :webgraph
[project ':webgraph'] Configuring nexus skipped: `NEXUS_URL` or `NEXUS_USERNAME` or `NEXUS_PASSWORD` not found

> Task :core:checkKotlinGradlePluginConfigurationErrors SKIPPED
> Task :core:compileKotlin FROM-CACHE
> Task :core:compileJava NO-SOURCE
> Task :core:processResources NO-SOURCE
> Task :core:classes UP-TO-DATE
> Task :core:jar
> Task :cypher:checkKotlinGradlePluginConfigurationErrors SKIPPED
> Task :cypher:generateGrammarSource FROM-CACHE
> Task :cypher:compileKotlin FROM-CACHE
> Task :cypher:compileJava FROM-CACHE
> Task :cypher:processResources NO-SOURCE
> Task :cypher:classes UP-TO-DATE
> Task :cypher:jar
> Task :explore:checkKotlinGradlePluginConfigurationErrors SKIPPED
> Task :webgraph:checkKotlinGradlePluginConfigurationErrors SKIPPED
> Task :webgraph:compileKotlin FROM-CACHE
> Task :webgraph:compileJava NO-SOURCE
> Task :webgraph:processResources NO-SOURCE
> Task :webgraph:classes UP-TO-DATE
> Task :webgraph:jar
> Task :explore:compileKotlin FROM-CACHE
> Task :explore:compileJava NO-SOURCE
> Task :explore:prepareNativeServer
> Task :explore:processResources
> Task :explore:classes
> Task :explore:jar
> Task :query:checkKotlinGradlePluginConfigurationErrors SKIPPED
> Task :sootup:checkKotlinGradlePluginConfigurationErrors SKIPPED
> Task :sootup:compileKotlin FROM-CACHE
> Task :sootup:compileJava NO-SOURCE
> Task :sootup:processResources NO-SOURCE
> Task :sootup:classes UP-TO-DATE
> Task :sootup:jar
> Task :query:processResources NO-SOURCE
> Task :explore:compileJmhKotlin FROM-CACHE
> Task :explore:compileJmhJava NO-SOURCE
> Task :query:compileKotlin
> Task :explore:startScripts
> Task :query:compileJava NO-SOURCE
> Task :query:classes UP-TO-DATE
> Task :query:jar
> Task :query:startScripts
> Task :query:compileTestKotlin
> Task :query:installDist
> Task :query:compileTestJava NO-SOURCE

> Task :explore:compileTestKotlin
w: file:///private/tmp/graphite-native-release-build-274cd678/graphite-explore/src/test/kotlin/io/johnsonlee/graphite/cli/ExploreCommandTest.kt:1981:68 Unchecked cast of 'kotlin.Any?' to 'kotlin.collections.List<kotlin.collections.Map<kotlin.String, kotlin.Any?>>'.
w: file:///private/tmp/graphite-native-release-build-274cd678/graphite-explore/src/test/kotlin/io/johnsonlee/graphite/cli/ExploreCommandTest.kt:3526:80 Unchecked cast of 'kotlin.Any?' to 'kotlin.collections.List<kotlin.collections.Map<kotlin.String, kotlin.Any?>>'.
w: file:///private/tmp/graphite-native-release-build-274cd678/graphite-explore/src/test/kotlin/io/johnsonlee/graphite/cli/ExploreCommandTest.kt:3527:78 Unchecked cast of 'kotlin.Any?' to 'kotlin.collections.List<kotlin.collections.Map<kotlin.String, kotlin.Any?>>'.
w: file:///private/tmp/graphite-native-release-build-274cd678/graphite-explore/src/test/kotlin/io/johnsonlee/graphite/cli/ExploreCommandTest.kt:3553:94 Unchecked cast of 'kotlin.Any?' to 'kotlin.collections.List<kotlin.collections.Map<kotlin.String, kotlin.Any?>>'.
w: file:///private/tmp/graphite-native-release-build-274cd678/graphite-explore/src/test/kotlin/io/johnsonlee/graphite/cli/ExploreCommandTest.kt:3556:92 Unchecked cast of 'kotlin.Any?' to 'kotlin.collections.List<kotlin.collections.Map<kotlin.String, kotlin.Any?>>'.

> Task :query:shadowJar
> Task :explore:compileTestJava NO-SOURCE
> Task :explore:shadowJar FROM-CACHE
> Task :explore:installDist
> Task :query:koverFindJar FROM-CACHE
> Task :query:processTestResources NO-SOURCE
> Task :query:testClasses UP-TO-DATE

> Task :query:test

CommandRouteTest > uses actual Picocli nested argument files without running server or build PASSED

CommandRouteTest > recognizes only server commands that will execute PASSED

> Task :query:detekt FAILED
/private/tmp/graphite-native-release-build-274cd678/graphite-query/src/main/kotlin/io/johnsonlee/graphite/cli/CommandRouteMain.kt:12:49: In most cases using a spread operator causes a full copy of the array to be created before calling a method. This may result in a performance penalty. [SpreadOperator]
/private/tmp/graphite-native-release-build-274cd678/graphite-query/src/main/kotlin/io/johnsonlee/graphite/cli/CommandRouteMain.kt:10:14: Function routesToNativeServe has 3 return statements which exceeds the limit of 2. [ReturnCount]


FAILURE: Build failed with an exception.

* What went wrong:
Execution failed for task ':query:detekt'.
> Analysis failed with 2 weighted issues.

* Try:
> Run with --stacktrace option to get the stack trace.
> Run with --info or --debug option to get more log output.
> Run with --scan to get full insights.
> Get more help at https://help.gradle.org.

BUILD FAILED in 18s
28 actionable tasks: 18 executed, 10 from cache
