warmup 1/1267 request-selected-set-wrapped-contains-k64-group-00-zero success
warmup 2/1267 single-contains-unlabeled-zero success
warmup 3/1267 single-contains-unlabeled-targeted success
warmup 4/1267 single-contains-unlabeled-dense success
warmup 5/1267 class-contains-or-unlabeled-zero success
warmup 6/1267 class-contains-or-unlabeled-targeted success
warmup 7/1267 class-contains-or-unlabeled-dense success
warmup 8/1267 name-contains-or-unlabeled-zero success
warmup 9/1267 name-contains-or-unlabeled-targeted success
warmup 10/1267 name-contains-or-unlabeled-dense success
warmup 11/1267 four-contains-or-unlabeled-zero success
warmup 12/1267 four-contains-or-unlabeled-targeted success
warmup 13/1267 four-contains-or-unlabeled-dense success
warmup 14/1267 four-contains-or-labeled-zero success
warmup 15/1267 four-contains-or-labeled-targeted success
warmup 16/1267 four-contains-or-labeled-dense success
warmup 17/1267 starts-or-raw-zero success
warmup 18/1267 starts-or-raw-targeted success
warmup 19/1267 starts-or-raw-dense success
warmup 20/1267 ends-or-raw-zero success
warmup 21/1267 ends-or-raw-targeted success
warmup 22/1267 ends-or-raw-dense success
warmup 23/1267 starts-or-wrapped-zero success
warmup 24/1267 starts-or-wrapped-targeted success
warmup 25/1267 starts-or-wrapped-dense success
warmup 26/1267 ends-or-wrapped-zero success
warmup 27/1267 ends-or-wrapped-targeted success
warmup 28/1267 ends-or-wrapped-dense success
warmup 29/1267 contains-or-wrapped-zero success
warmup 30/1267 contains-or-wrapped-targeted success
warmup 31/1267 contains-or-wrapped-dense success
warmup 32/1267 graph-id-property-wrapped-contains-target-00-zero success
warmup 33/1267 graph-id-property-wrapped-contains-target-00-targeted success
warmup 34/1267 graph-id-property-wrapped-contains-target-00-dense success
warmup 35/1267 graph-id-property-wrapped-contains-target-01-zero success
warmup 36/1267 graph-id-property-wrapped-contains-target-01-targeted success
warmup 37/1267 graph-id-property-wrapped-contains-target-01-dense success
warmup 38/1267 graph-id-property-wrapped-contains-target-02-zero success
warmup 39/1267 graph-id-property-wrapped-contains-target-02-targeted success
warmup 40/1267 graph-id-property-wrapped-contains-target-02-dense success
warmup 41/1267 graph-id-property-wrapped-contains-target-03-zero success
warmup 42/1267 graph-id-property-wrapped-contains-target-03-targeted success
warmup 43/1267 graph-id-property-wrapped-contains-target-03-dense success
warmup 44/1267 graph-id-property-wrapped-contains-target-04-zero success
warmup 45/1267 graph-id-property-wrapped-contains-target-04-targeted success
warmup 46/1267 graph-id-property-wrapped-contains-target-04-dense success
warmup 47/1267 graph-id-property-wrapped-contains-target-05-zero success
warmup 48/1267 graph-id-property-wrapped-contains-target-05-targeted success
warmup 49/1267 graph-id-property-wrapped-contains-target-05-dense success
warmup 50/1267 graph-id-property-wrapped-contains-target-06-zero success
warmup 51/1267 graph-id-property-wrapped-contains-target-06-targeted success
warmup 52/1267 graph-id-property-wrapped-contains-target-06-dense success
warmup 53/1267 graph-id-property-wrapped-contains-target-07-zero success
warmup 54/1267 graph-id-property-wrapped-contains-target-07-targeted success
warmup 55/1267 graph-id-property-wrapped-contains-target-07-dense success
warmup 56/1267 graph-id-property-wrapped-contains-target-08-zero success
warmup 57/1267 graph-id-property-wrapped-contains-target-08-targeted success
warmup 58/1267 graph-id-property-wrapped-contains-target-08-dense success
warmup 59/1267 graph-id-property-wrapped-contains-target-09-zero success
warmup 60/1267 graph-id-property-wrapped-contains-target-09-targeted success
warmup 61/1267 graph-id-property-wrapped-contains-target-09-dense success
warmup 62/1267 graph-id-property-wrapped-contains-target-10-zero success
warmup 63/1267 graph-id-property-wrapped-contains-target-10-targeted success
warmup 64/1267 graph-id-property-wrapped-contains-target-10-dense success
warmup 65/1267 graph-id-property-wrapped-contains-target-11-zero success
warmup 66/1267 graph-id-property-wrapped-contains-target-11-targeted success
warmup 67/1267 graph-id-property-wrapped-contains-target-11-dense success
warmup 68/1267 graph-id-property-wrapped-contains-target-12-zero success
warmup 69/1267 graph-id-property-wrapped-contains-target-12-targeted success
warmup 70/1267 graph-id-property-wrapped-contains-target-12-dense success
warmup 71/1267 graph-id-property-wrapped-contains-target-13-zero success
warmup 72/1267 graph-id-property-wrapped-contains-target-13-targeted success
warmup 73/1267 graph-id-property-wrapped-contains-target-13-dense success
warmup 74/1267 graph-id-property-wrapped-contains-target-14-zero success
warmup 75/1267 graph-id-property-wrapped-contains-target-14-targeted success
warmup 76/1267 graph-id-property-wrapped-contains-target-14-dense success
warmup 77/1267 graph-id-property-wrapped-contains-target-15-zero success
warmup 78/1267 graph-id-property-wrapped-contains-target-15-targeted success
warmup 79/1267 graph-id-property-wrapped-contains-target-15-dense success
warmup 80/1267 graph-id-property-wrapped-contains-target-16-zero success
warmup 81/1267 graph-id-property-wrapped-contains-target-16-targeted success
warmup 82/1267 graph-id-property-wrapped-contains-target-16-dense success
warmup 83/1267 graph-id-property-wrapped-contains-target-17-zero success
warmup 84/1267 graph-id-property-wrapped-contains-target-17-targeted success
warmup 85/1267 graph-id-property-wrapped-contains-target-17-dense success
warmup 86/1267 graph-id-property-wrapped-contains-target-18-zero success
warmup 87/1267 graph-id-property-wrapped-contains-target-18-targeted success
warmup 88/1267 graph-id-property-wrapped-contains-target-18-dense success
warmup 89/1267 graph-id-property-wrapped-contains-target-19-zero success
warmup 90/1267 graph-id-property-wrapped-contains-target-19-targeted success
warmup 91/1267 graph-id-property-wrapped-contains-target-19-dense success
warmup 92/1267 graph-id-property-wrapped-contains-target-20-zero success
warmup 93/1267 graph-id-property-wrapped-contains-target-20-targeted success
warmup 94/1267 graph-id-property-wrapped-contains-target-20-dense success
warmup 95/1267 graph-id-property-wrapped-contains-target-21-zero success
warmup 96/1267 graph-id-property-wrapped-contains-target-21-targeted success
warmup 97/1267 graph-id-property-wrapped-contains-target-21-dense success
warmup 98/1267 graph-id-property-wrapped-contains-target-22-zero success
warmup 99/1267 graph-id-property-wrapped-contains-target-22-targeted success
warmup 100/1267 graph-id-property-wrapped-contains-target-22-dense success
warmup 101/1267 graph-id-property-wrapped-contains-target-23-zero success
warmup 102/1267 graph-id-property-wrapped-contains-target-23-targeted success
warmup 103/1267 graph-id-property-wrapped-contains-target-23-dense success
warmup 104/1267 graph-id-property-wrapped-contains-target-24-zero success
warmup 105/1267 graph-id-property-wrapped-contains-target-24-targeted success
warmup 106/1267 graph-id-property-wrapped-contains-target-24-dense success
warmup 107/1267 graph-id-property-wrapped-contains-target-25-zero success
warmup 108/1267 graph-id-property-wrapped-contains-target-25-targeted success
warmup 109/1267 graph-id-property-wrapped-contains-target-25-dense success
warmup 110/1267 graph-id-property-wrapped-contains-target-26-zero success
warmup 111/1267 graph-id-property-wrapped-contains-target-26-targeted success
warmup 112/1267 graph-id-property-wrapped-contains-target-26-dense success
warmup 113/1267 graph-id-property-wrapped-contains-target-27-zero success
warmup 114/1267 graph-id-property-wrapped-contains-target-27-targeted success
warmup 115/1267 graph-id-property-wrapped-contains-target-27-dense success
warmup 116/1267 graph-id-property-wrapped-contains-target-28-zero success
warmup 117/1267 graph-id-property-wrapped-contains-target-28-targeted success
warmup 118/1267 graph-id-property-wrapped-contains-target-28-dense success
warmup 119/1267 graph-id-property-wrapped-contains-target-29-zero success
warmup 120/1267 graph-id-property-wrapped-contains-target-29-targeted success
warmup 121/1267 graph-id-property-wrapped-contains-target-29-dense success
warmup 122/1267 graph-id-property-wrapped-contains-target-30-zero success
warmup 123/1267 graph-id-property-wrapped-contains-target-30-targeted success
warmup 124/1267 graph-id-property-wrapped-contains-target-30-dense success
warmup 125/1267 graph-id-property-wrapped-contains-target-31-zero success
warmup 126/1267 graph-id-property-wrapped-contains-target-31-targeted success
warmup 127/1267 graph-id-property-wrapped-contains-target-31-dense success
warmup 128/1267 graph-id-property-wrapped-contains-target-32-zero success
warmup 129/1267 graph-id-property-wrapped-contains-target-32-targeted success
warmup 130/1267 graph-id-property-wrapped-contains-target-32-dense success
warmup 131/1267 graph-id-property-wrapped-contains-target-33-zero success
warmup 132/1267 graph-id-property-wrapped-contains-target-33-targeted success
warmup 133/1267 graph-id-property-wrapped-contains-target-33-dense success
warmup 134/1267 graph-id-property-wrapped-contains-target-34-zero success
warmup 135/1267 graph-id-property-wrapped-contains-target-34-targeted success
warmup 136/1267 graph-id-property-wrapped-contains-target-34-dense success
warmup 137/1267 graph-id-property-wrapped-contains-target-35-zero success
warmup 138/1267 graph-id-property-wrapped-contains-target-35-targeted success
warmup 139/1267 graph-id-property-wrapped-contains-target-35-dense success
warmup 140/1267 graph-id-property-wrapped-contains-target-36-zero success
warmup 141/1267 graph-id-property-wrapped-contains-target-36-targeted success
warmup 142/1267 graph-id-property-wrapped-contains-target-36-dense success
warmup 143/1267 graph-id-property-wrapped-contains-target-37-zero success
warmup 144/1267 graph-id-property-wrapped-contains-target-37-targeted success
warmup 145/1267 graph-id-property-wrapped-contains-target-37-dense success
warmup 146/1267 graph-id-property-wrapped-contains-target-38-zero success
warmup 147/1267 graph-id-property-wrapped-contains-target-38-targeted success
warmup 148/1267 graph-id-property-wrapped-contains-target-38-dense success
warmup 149/1267 graph-id-property-wrapped-contains-target-39-zero success
warmup 150/1267 graph-id-property-wrapped-contains-target-39-targeted success
warmup 151/1267 graph-id-property-wrapped-contains-target-39-dense success
warmup 152/1267 graph-id-property-wrapped-contains-target-40-zero success
warmup 153/1267 graph-id-property-wrapped-contains-target-40-targeted success
warmup 154/1267 graph-id-property-wrapped-contains-target-40-dense success
warmup 155/1267 graph-id-property-wrapped-contains-target-41-zero success
warmup 156/1267 graph-id-property-wrapped-contains-target-41-targeted success
warmup 157/1267 graph-id-property-wrapped-contains-target-41-dense success
warmup 158/1267 graph-id-property-wrapped-contains-target-42-zero success
warmup 159/1267 graph-id-property-wrapped-contains-target-42-targeted success
warmup 160/1267 graph-id-property-wrapped-contains-target-42-dense success
warmup 161/1267 graph-id-property-wrapped-contains-target-43-zero success
warmup 162/1267 graph-id-property-wrapped-contains-target-43-targeted success
warmup 163/1267 graph-id-property-wrapped-contains-target-43-dense success
warmup 164/1267 graph-id-property-wrapped-contains-target-44-zero success
warmup 165/1267 graph-id-property-wrapped-contains-target-44-targeted success
warmup 166/1267 graph-id-property-wrapped-contains-target-44-dense success
warmup 167/1267 graph-id-property-wrapped-contains-target-45-zero success
warmup 168/1267 graph-id-property-wrapped-contains-target-45-targeted success
warmup 169/1267 graph-id-property-wrapped-contains-target-45-dense success
warmup 170/1267 graph-id-property-wrapped-contains-target-46-zero success
warmup 171/1267 graph-id-property-wrapped-contains-target-46-targeted success
warmup 172/1267 graph-id-property-wrapped-contains-target-46-dense success
warmup 173/1267 graph-id-property-wrapped-contains-target-47-zero success
warmup 174/1267 graph-id-property-wrapped-contains-target-47-targeted success
warmup 175/1267 graph-id-property-wrapped-contains-target-47-dense success
warmup 176/1267 graph-id-property-wrapped-contains-target-48-zero success
warmup 177/1267 graph-id-property-wrapped-contains-target-48-targeted success
warmup 178/1267 graph-id-property-wrapped-contains-target-48-dense success
warmup 179/1267 graph-id-property-wrapped-contains-target-49-zero success
warmup 180/1267 graph-id-property-wrapped-contains-target-49-targeted success
warmup 181/1267 graph-id-property-wrapped-contains-target-49-dense success
warmup 182/1267 graph-id-property-wrapped-contains-target-50-zero success
warmup 183/1267 graph-id-property-wrapped-contains-target-50-targeted success
warmup 184/1267 graph-id-property-wrapped-contains-target-50-dense success
warmup 185/1267 graph-id-property-wrapped-contains-target-51-zero success
warmup 186/1267 graph-id-property-wrapped-contains-target-51-targeted success
warmup 187/1267 graph-id-property-wrapped-contains-target-51-dense success
warmup 188/1267 graph-id-property-wrapped-contains-target-52-zero success
warmup 189/1267 graph-id-property-wrapped-contains-target-52-targeted success
warmup 190/1267 graph-id-property-wrapped-contains-target-52-dense success
warmup 191/1267 graph-id-property-wrapped-contains-target-53-zero success
warmup 192/1267 graph-id-property-wrapped-contains-target-53-targeted success
warmup 193/1267 graph-id-property-wrapped-contains-target-53-dense success
warmup 194/1267 graph-id-property-wrapped-contains-target-54-zero success
warmup 195/1267 graph-id-property-wrapped-contains-target-54-targeted success
warmup 196/1267 graph-id-property-wrapped-contains-target-54-dense success
warmup 197/1267 graph-id-property-wrapped-contains-target-55-zero success
warmup 198/1267 graph-id-property-wrapped-contains-target-55-targeted success
warmup 199/1267 graph-id-property-wrapped-contains-target-55-dense success
warmup 200/1267 graph-id-property-wrapped-contains-target-56-zero success
warmup 201/1267 graph-id-property-wrapped-contains-target-56-targeted success
warmup 202/1267 graph-id-property-wrapped-contains-target-56-dense success
warmup 203/1267 graph-id-property-wrapped-contains-target-57-zero success
warmup 204/1267 graph-id-property-wrapped-contains-target-57-targeted success
warmup 205/1267 graph-id-property-wrapped-contains-target-57-dense success
warmup 206/1267 graph-id-property-wrapped-contains-target-58-zero success
warmup 207/1267 graph-id-property-wrapped-contains-target-58-targeted success
warmup 208/1267 graph-id-property-wrapped-contains-target-58-dense success
warmup 209/1267 graph-id-property-wrapped-contains-target-59-zero success
warmup 210/1267 graph-id-property-wrapped-contains-target-59-targeted success
warmup 211/1267 graph-id-property-wrapped-contains-target-59-dense success
warmup 212/1267 graph-id-property-wrapped-contains-target-60-zero success
warmup 213/1267 graph-id-property-wrapped-contains-target-60-targeted success
warmup 214/1267 graph-id-property-wrapped-contains-target-60-dense success
warmup 215/1267 graph-id-property-wrapped-contains-target-61-zero success
warmup 216/1267 graph-id-property-wrapped-contains-target-61-targeted success
warmup 217/1267 graph-id-property-wrapped-contains-target-61-dense success
warmup 218/1267 graph-id-property-wrapped-contains-target-62-zero success
warmup 219/1267 graph-id-property-wrapped-contains-target-62-targeted success
warmup 220/1267 graph-id-property-wrapped-contains-target-62-dense success
warmup 221/1267 graph-id-property-wrapped-contains-target-63-zero success
warmup 222/1267 graph-id-property-wrapped-contains-target-63-targeted success
warmup 223/1267 graph-id-property-wrapped-contains-target-63-dense success
warmup 224/1267 graph-id-function-wrapped-contains-target-00-zero success
warmup 225/1267 graph-id-function-wrapped-contains-target-00-targeted success
warmup 226/1267 graph-id-function-wrapped-contains-target-00-dense success
warmup 227/1267 graph-id-function-wrapped-contains-target-01-zero success
warmup 228/1267 graph-id-function-wrapped-contains-target-01-targeted success
warmup 229/1267 graph-id-function-wrapped-contains-target-01-dense success
warmup 230/1267 graph-id-function-wrapped-contains-target-02-zero success
warmup 231/1267 graph-id-function-wrapped-contains-target-02-targeted success
warmup 232/1267 graph-id-function-wrapped-contains-target-02-dense success
warmup 233/1267 graph-id-function-wrapped-contains-target-03-zero success
warmup 234/1267 graph-id-function-wrapped-contains-target-03-targeted success
warmup 235/1267 graph-id-function-wrapped-contains-target-03-dense success
warmup 236/1267 graph-id-function-wrapped-contains-target-04-zero success
warmup 237/1267 graph-id-function-wrapped-contains-target-04-targeted success
warmup 238/1267 graph-id-function-wrapped-contains-target-04-dense success
warmup 239/1267 graph-id-function-wrapped-contains-target-05-zero success
warmup 240/1267 graph-id-function-wrapped-contains-target-05-targeted success
warmup 241/1267 graph-id-function-wrapped-contains-target-05-dense success
warmup 242/1267 graph-id-function-wrapped-contains-target-06-zero success
warmup 243/1267 graph-id-function-wrapped-contains-target-06-targeted success
warmup 244/1267 graph-id-function-wrapped-contains-target-06-dense success
warmup 245/1267 graph-id-function-wrapped-contains-target-07-zero success
warmup 246/1267 graph-id-function-wrapped-contains-target-07-targeted success
warmup 247/1267 graph-id-function-wrapped-contains-target-07-dense success
warmup 248/1267 graph-id-function-wrapped-contains-target-08-zero success
warmup 249/1267 graph-id-function-wrapped-contains-target-08-targeted success
warmup 250/1267 graph-id-function-wrapped-contains-target-08-dense success
warmup 251/1267 graph-id-function-wrapped-contains-target-09-zero success
warmup 252/1267 graph-id-function-wrapped-contains-target-09-targeted success
warmup 253/1267 graph-id-function-wrapped-contains-target-09-dense success
warmup 254/1267 graph-id-function-wrapped-contains-target-10-zero success
warmup 255/1267 graph-id-function-wrapped-contains-target-10-targeted success
warmup 256/1267 graph-id-function-wrapped-contains-target-10-dense success
warmup 257/1267 graph-id-function-wrapped-contains-target-11-zero success
warmup 258/1267 graph-id-function-wrapped-contains-target-11-targeted success
warmup 259/1267 graph-id-function-wrapped-contains-target-11-dense success
warmup 260/1267 graph-id-function-wrapped-contains-target-12-zero success
warmup 261/1267 graph-id-function-wrapped-contains-target-12-targeted success
warmup 262/1267 graph-id-function-wrapped-contains-target-12-dense success
warmup 263/1267 graph-id-function-wrapped-contains-target-13-zero success
warmup 264/1267 graph-id-function-wrapped-contains-target-13-targeted success
warmup 265/1267 graph-id-function-wrapped-contains-target-13-dense success
warmup 266/1267 graph-id-function-wrapped-contains-target-14-zero success
warmup 267/1267 graph-id-function-wrapped-contains-target-14-targeted success
warmup 268/1267 graph-id-function-wrapped-contains-target-14-dense success
warmup 269/1267 graph-id-function-wrapped-contains-target-15-zero success
warmup 270/1267 graph-id-function-wrapped-contains-target-15-targeted success
warmup 271/1267 graph-id-function-wrapped-contains-target-15-dense success
warmup 272/1267 graph-id-function-wrapped-contains-target-16-zero success
warmup 273/1267 graph-id-function-wrapped-contains-target-16-targeted success
warmup 274/1267 graph-id-function-wrapped-contains-target-16-dense success
warmup 275/1267 graph-id-function-wrapped-contains-target-17-zero success
warmup 276/1267 graph-id-function-wrapped-contains-target-17-targeted success
warmup 277/1267 graph-id-function-wrapped-contains-target-17-dense success
warmup 278/1267 graph-id-function-wrapped-contains-target-18-zero success
warmup 279/1267 graph-id-function-wrapped-contains-target-18-targeted success
warmup 280/1267 graph-id-function-wrapped-contains-target-18-dense success
warmup 281/1267 graph-id-function-wrapped-contains-target-19-zero success
warmup 282/1267 graph-id-function-wrapped-contains-target-19-targeted success
warmup 283/1267 graph-id-function-wrapped-contains-target-19-dense success
warmup 284/1267 graph-id-function-wrapped-contains-target-20-zero success
warmup 285/1267 graph-id-function-wrapped-contains-target-20-targeted success
warmup 286/1267 graph-id-function-wrapped-contains-target-20-dense success
warmup 287/1267 graph-id-function-wrapped-contains-target-21-zero success
warmup 288/1267 graph-id-function-wrapped-contains-target-21-targeted success
warmup 289/1267 graph-id-function-wrapped-contains-target-21-dense success
warmup 290/1267 graph-id-function-wrapped-contains-target-22-zero success
warmup 291/1267 graph-id-function-wrapped-contains-target-22-targeted success
warmup 292/1267 graph-id-function-wrapped-contains-target-22-dense success
warmup 293/1267 graph-id-function-wrapped-contains-target-23-zero success
warmup 294/1267 graph-id-function-wrapped-contains-target-23-targeted success
warmup 295/1267 graph-id-function-wrapped-contains-target-23-dense success
warmup 296/1267 graph-id-function-wrapped-contains-target-24-zero success
warmup 297/1267 graph-id-function-wrapped-contains-target-24-targeted success
warmup 298/1267 graph-id-function-wrapped-contains-target-24-dense success
warmup 299/1267 graph-id-function-wrapped-contains-target-25-zero success
warmup 300/1267 graph-id-function-wrapped-contains-target-25-targeted success
warmup 301/1267 graph-id-function-wrapped-contains-target-25-dense success
warmup 302/1267 graph-id-function-wrapped-contains-target-26-zero success
warmup 303/1267 graph-id-function-wrapped-contains-target-26-targeted success
warmup 304/1267 graph-id-function-wrapped-contains-target-26-dense success
warmup 305/1267 graph-id-function-wrapped-contains-target-27-zero success
warmup 306/1267 graph-id-function-wrapped-contains-target-27-targeted success
warmup 307/1267 graph-id-function-wrapped-contains-target-27-dense success
warmup 308/1267 graph-id-function-wrapped-contains-target-28-zero success
warmup 309/1267 graph-id-function-wrapped-contains-target-28-targeted success
warmup 310/1267 graph-id-function-wrapped-contains-target-28-dense success
warmup 311/1267 graph-id-function-wrapped-contains-target-29-zero success
warmup 312/1267 graph-id-function-wrapped-contains-target-29-targeted success
warmup 313/1267 graph-id-function-wrapped-contains-target-29-dense success
warmup 314/1267 graph-id-function-wrapped-contains-target-30-zero success
warmup 315/1267 graph-id-function-wrapped-contains-target-30-targeted success
warmup 316/1267 graph-id-function-wrapped-contains-target-30-dense success
warmup 317/1267 graph-id-function-wrapped-contains-target-31-zero success
warmup 318/1267 graph-id-function-wrapped-contains-target-31-targeted success
warmup 319/1267 graph-id-function-wrapped-contains-target-31-dense success
warmup 320/1267 graph-id-function-wrapped-contains-target-32-zero success
warmup 321/1267 graph-id-function-wrapped-contains-target-32-targeted success
warmup 322/1267 graph-id-function-wrapped-contains-target-32-dense success
warmup 323/1267 graph-id-function-wrapped-contains-target-33-zero success
warmup 324/1267 graph-id-function-wrapped-contains-target-33-targeted success
warmup 325/1267 graph-id-function-wrapped-contains-target-33-dense success
warmup 326/1267 graph-id-function-wrapped-contains-target-34-zero success
warmup 327/1267 graph-id-function-wrapped-contains-target-34-targeted success
warmup 328/1267 graph-id-function-wrapped-contains-target-34-dense success
warmup 329/1267 graph-id-function-wrapped-contains-target-35-zero success
warmup 330/1267 graph-id-function-wrapped-contains-target-35-targeted success
warmup 331/1267 graph-id-function-wrapped-contains-target-35-dense success
warmup 332/1267 graph-id-function-wrapped-contains-target-36-zero success
warmup 333/1267 graph-id-function-wrapped-contains-target-36-targeted success
warmup 334/1267 graph-id-function-wrapped-contains-target-36-dense success
warmup 335/1267 graph-id-function-wrapped-contains-target-37-zero success
warmup 336/1267 graph-id-function-wrapped-contains-target-37-targeted success
warmup 337/1267 graph-id-function-wrapped-contains-target-37-dense success
warmup 338/1267 graph-id-function-wrapped-contains-target-38-zero success
warmup 339/1267 graph-id-function-wrapped-contains-target-38-targeted success
warmup 340/1267 graph-id-function-wrapped-contains-target-38-dense success
warmup 341/1267 graph-id-function-wrapped-contains-target-39-zero success
warmup 342/1267 graph-id-function-wrapped-contains-target-39-targeted success
warmup 343/1267 graph-id-function-wrapped-contains-target-39-dense success
warmup 344/1267 graph-id-function-wrapped-contains-target-40-zero success
warmup 345/1267 graph-id-function-wrapped-contains-target-40-targeted success
warmup 346/1267 graph-id-function-wrapped-contains-target-40-dense success
warmup 347/1267 graph-id-function-wrapped-contains-target-41-zero success
warmup 348/1267 graph-id-function-wrapped-contains-target-41-targeted success
warmup 349/1267 graph-id-function-wrapped-contains-target-41-dense success
warmup 350/1267 graph-id-function-wrapped-contains-target-42-zero success
warmup 351/1267 graph-id-function-wrapped-contains-target-42-targeted success
warmup 352/1267 graph-id-function-wrapped-contains-target-42-dense success
warmup 353/1267 graph-id-function-wrapped-contains-target-43-zero success
warmup 354/1267 graph-id-function-wrapped-contains-target-43-targeted success
warmup 355/1267 graph-id-function-wrapped-contains-target-43-dense success
warmup 356/1267 graph-id-function-wrapped-contains-target-44-zero success
warmup 357/1267 graph-id-function-wrapped-contains-target-44-targeted success
warmup 358/1267 graph-id-function-wrapped-contains-target-44-dense success
warmup 359/1267 graph-id-function-wrapped-contains-target-45-zero success
warmup 360/1267 graph-id-function-wrapped-contains-target-45-targeted success
warmup 361/1267 graph-id-function-wrapped-contains-target-45-dense success
warmup 362/1267 graph-id-function-wrapped-contains-target-46-zero success
warmup 363/1267 graph-id-function-wrapped-contains-target-46-targeted success
warmup 364/1267 graph-id-function-wrapped-contains-target-46-dense success
warmup 365/1267 graph-id-function-wrapped-contains-target-47-zero success
warmup 366/1267 graph-id-function-wrapped-contains-target-47-targeted success
warmup 367/1267 graph-id-function-wrapped-contains-target-47-dense success
warmup 368/1267 graph-id-function-wrapped-contains-target-48-zero success
warmup 369/1267 graph-id-function-wrapped-contains-target-48-targeted success
warmup 370/1267 graph-id-function-wrapped-contains-target-48-dense success
warmup 371/1267 graph-id-function-wrapped-contains-target-49-zero success
warmup 372/1267 graph-id-function-wrapped-contains-target-49-targeted success
warmup 373/1267 graph-id-function-wrapped-contains-target-49-dense success
warmup 374/1267 graph-id-function-wrapped-contains-target-50-zero success
warmup 375/1267 graph-id-function-wrapped-contains-target-50-targeted success
warmup 376/1267 graph-id-function-wrapped-contains-target-50-dense success
warmup 377/1267 graph-id-function-wrapped-contains-target-51-zero success
warmup 378/1267 graph-id-function-wrapped-contains-target-51-targeted success
warmup 379/1267 graph-id-function-wrapped-contains-target-51-dense success
warmup 380/1267 graph-id-function-wrapped-contains-target-52-zero success
warmup 381/1267 graph-id-function-wrapped-contains-target-52-targeted success
warmup 382/1267 graph-id-function-wrapped-contains-target-52-dense success
warmup 383/1267 graph-id-function-wrapped-contains-target-53-zero success
warmup 384/1267 graph-id-function-wrapped-contains-target-53-targeted success
warmup 385/1267 graph-id-function-wrapped-contains-target-53-dense success
warmup 386/1267 graph-id-function-wrapped-contains-target-54-zero success
warmup 387/1267 graph-id-function-wrapped-contains-target-54-targeted success
warmup 388/1267 graph-id-function-wrapped-contains-target-54-dense success
warmup 389/1267 graph-id-function-wrapped-contains-target-55-zero success
warmup 390/1267 graph-id-function-wrapped-contains-target-55-targeted success
warmup 391/1267 graph-id-function-wrapped-contains-target-55-dense success
warmup 392/1267 graph-id-function-wrapped-contains-target-56-zero success
warmup 393/1267 graph-id-function-wrapped-contains-target-56-targeted success
warmup 394/1267 graph-id-function-wrapped-contains-target-56-dense success
warmup 395/1267 graph-id-function-wrapped-contains-target-57-zero success
warmup 396/1267 graph-id-function-wrapped-contains-target-57-targeted success
warmup 397/1267 graph-id-function-wrapped-contains-target-57-dense success
warmup 398/1267 graph-id-function-wrapped-contains-target-58-zero success
warmup 399/1267 graph-id-function-wrapped-contains-target-58-targeted success
warmup 400/1267 graph-id-function-wrapped-contains-target-58-dense success
warmup 401/1267 graph-id-function-wrapped-contains-target-59-zero success
warmup 402/1267 graph-id-function-wrapped-contains-target-59-targeted success
warmup 403/1267 graph-id-function-wrapped-contains-target-59-dense success
warmup 404/1267 graph-id-function-wrapped-contains-target-60-zero success
warmup 405/1267 graph-id-function-wrapped-contains-target-60-targeted success
warmup 406/1267 graph-id-function-wrapped-contains-target-60-dense success
warmup 407/1267 graph-id-function-wrapped-contains-target-61-zero success
warmup 408/1267 graph-id-function-wrapped-contains-target-61-targeted success
warmup 409/1267 graph-id-function-wrapped-contains-target-61-dense success
warmup 410/1267 graph-id-function-wrapped-contains-target-62-zero success
warmup 411/1267 graph-id-function-wrapped-contains-target-62-targeted success
warmup 412/1267 graph-id-function-wrapped-contains-target-62-dense success
warmup 413/1267 graph-id-function-wrapped-contains-target-63-zero success
warmup 414/1267 graph-id-function-wrapped-contains-target-63-targeted success
warmup 415/1267 graph-id-function-wrapped-contains-target-63-dense success
warmup 416/1267 graph-id-parameter-wrapped-contains-target-00-zero success
warmup 417/1267 graph-id-parameter-wrapped-contains-target-00-targeted success
warmup 418/1267 graph-id-parameter-wrapped-contains-target-00-dense success
warmup 419/1267 graph-id-parameter-wrapped-contains-target-01-zero success
warmup 420/1267 graph-id-parameter-wrapped-contains-target-01-targeted success
warmup 421/1267 graph-id-parameter-wrapped-contains-target-01-dense success
warmup 422/1267 graph-id-parameter-wrapped-contains-target-02-zero success
warmup 423/1267 graph-id-parameter-wrapped-contains-target-02-targeted success
warmup 424/1267 graph-id-parameter-wrapped-contains-target-02-dense success
warmup 425/1267 graph-id-parameter-wrapped-contains-target-03-zero success
warmup 426/1267 graph-id-parameter-wrapped-contains-target-03-targeted success
warmup 427/1267 graph-id-parameter-wrapped-contains-target-03-dense success
warmup 428/1267 graph-id-parameter-wrapped-contains-target-04-zero success
warmup 429/1267 graph-id-parameter-wrapped-contains-target-04-targeted success
warmup 430/1267 graph-id-parameter-wrapped-contains-target-04-dense success
warmup 431/1267 graph-id-parameter-wrapped-contains-target-05-zero success
warmup 432/1267 graph-id-parameter-wrapped-contains-target-05-targeted success
warmup 433/1267 graph-id-parameter-wrapped-contains-target-05-dense success
warmup 434/1267 graph-id-parameter-wrapped-contains-target-06-zero success
warmup 435/1267 graph-id-parameter-wrapped-contains-target-06-targeted success
warmup 436/1267 graph-id-parameter-wrapped-contains-target-06-dense success
warmup 437/1267 graph-id-parameter-wrapped-contains-target-07-zero success
warmup 438/1267 graph-id-parameter-wrapped-contains-target-07-targeted success
warmup 439/1267 graph-id-parameter-wrapped-contains-target-07-dense success
warmup 440/1267 graph-id-parameter-wrapped-contains-target-08-zero success
warmup 441/1267 graph-id-parameter-wrapped-contains-target-08-targeted success
warmup 442/1267 graph-id-parameter-wrapped-contains-target-08-dense success
warmup 443/1267 graph-id-parameter-wrapped-contains-target-09-zero success
warmup 444/1267 graph-id-parameter-wrapped-contains-target-09-targeted success
warmup 445/1267 graph-id-parameter-wrapped-contains-target-09-dense success
warmup 446/1267 graph-id-parameter-wrapped-contains-target-10-zero success
warmup 447/1267 graph-id-parameter-wrapped-contains-target-10-targeted success
warmup 448/1267 graph-id-parameter-wrapped-contains-target-10-dense success
warmup 449/1267 graph-id-parameter-wrapped-contains-target-11-zero success
warmup 450/1267 graph-id-parameter-wrapped-contains-target-11-targeted success
warmup 451/1267 graph-id-parameter-wrapped-contains-target-11-dense success
warmup 452/1267 graph-id-parameter-wrapped-contains-target-12-zero success
warmup 453/1267 graph-id-parameter-wrapped-contains-target-12-targeted success
warmup 454/1267 graph-id-parameter-wrapped-contains-target-12-dense success
warmup 455/1267 graph-id-parameter-wrapped-contains-target-13-zero success
warmup 456/1267 graph-id-parameter-wrapped-contains-target-13-targeted success
warmup 457/1267 graph-id-parameter-wrapped-contains-target-13-dense success
warmup 458/1267 graph-id-parameter-wrapped-contains-target-14-zero success
warmup 459/1267 graph-id-parameter-wrapped-contains-target-14-targeted success
warmup 460/1267 graph-id-parameter-wrapped-contains-target-14-dense success
warmup 461/1267 graph-id-parameter-wrapped-contains-target-15-zero success
warmup 462/1267 graph-id-parameter-wrapped-contains-target-15-targeted success
warmup 463/1267 graph-id-parameter-wrapped-contains-target-15-dense success
warmup 464/1267 graph-id-parameter-wrapped-contains-target-16-zero success
warmup 465/1267 graph-id-parameter-wrapped-contains-target-16-targeted success
warmup 466/1267 graph-id-parameter-wrapped-contains-target-16-dense success
warmup 467/1267 graph-id-parameter-wrapped-contains-target-17-zero success
warmup 468/1267 graph-id-parameter-wrapped-contains-target-17-targeted success
warmup 469/1267 graph-id-parameter-wrapped-contains-target-17-dense success
warmup 470/1267 graph-id-parameter-wrapped-contains-target-18-zero success
warmup 471/1267 graph-id-parameter-wrapped-contains-target-18-targeted success
warmup 472/1267 graph-id-parameter-wrapped-contains-target-18-dense success
warmup 473/1267 graph-id-parameter-wrapped-contains-target-19-zero success
warmup 474/1267 graph-id-parameter-wrapped-contains-target-19-targeted success
warmup 475/1267 graph-id-parameter-wrapped-contains-target-19-dense success
warmup 476/1267 graph-id-parameter-wrapped-contains-target-20-zero success
warmup 477/1267 graph-id-parameter-wrapped-contains-target-20-targeted success
warmup 478/1267 graph-id-parameter-wrapped-contains-target-20-dense success
warmup 479/1267 graph-id-parameter-wrapped-contains-target-21-zero success
warmup 480/1267 graph-id-parameter-wrapped-contains-target-21-targeted success
warmup 481/1267 graph-id-parameter-wrapped-contains-target-21-dense success
warmup 482/1267 graph-id-parameter-wrapped-contains-target-22-zero success
warmup 483/1267 graph-id-parameter-wrapped-contains-target-22-targeted success
warmup 484/1267 graph-id-parameter-wrapped-contains-target-22-dense success
warmup 485/1267 graph-id-parameter-wrapped-contains-target-23-zero success
warmup 486/1267 graph-id-parameter-wrapped-contains-target-23-targeted success
warmup 487/1267 graph-id-parameter-wrapped-contains-target-23-dense success
warmup 488/1267 graph-id-parameter-wrapped-contains-target-24-zero success
warmup 489/1267 graph-id-parameter-wrapped-contains-target-24-targeted success
warmup 490/1267 graph-id-parameter-wrapped-contains-target-24-dense success
warmup 491/1267 graph-id-parameter-wrapped-contains-target-25-zero success
warmup 492/1267 graph-id-parameter-wrapped-contains-target-25-targeted success
warmup 493/1267 graph-id-parameter-wrapped-contains-target-25-dense success
warmup 494/1267 graph-id-parameter-wrapped-contains-target-26-zero success
warmup 495/1267 graph-id-parameter-wrapped-contains-target-26-targeted success
warmup 496/1267 graph-id-parameter-wrapped-contains-target-26-dense success
warmup 497/1267 graph-id-parameter-wrapped-contains-target-27-zero success
warmup 498/1267 graph-id-parameter-wrapped-contains-target-27-targeted success
warmup 499/1267 graph-id-parameter-wrapped-contains-target-27-dense success
warmup 500/1267 graph-id-parameter-wrapped-contains-target-28-zero success
warmup 501/1267 graph-id-parameter-wrapped-contains-target-28-targeted success
warmup 502/1267 graph-id-parameter-wrapped-contains-target-28-dense success
warmup 503/1267 graph-id-parameter-wrapped-contains-target-29-zero success
warmup 504/1267 graph-id-parameter-wrapped-contains-target-29-targeted success
warmup 505/1267 graph-id-parameter-wrapped-contains-target-29-dense success
warmup 506/1267 graph-id-parameter-wrapped-contains-target-30-zero success
warmup 507/1267 graph-id-parameter-wrapped-contains-target-30-targeted success
warmup 508/1267 graph-id-parameter-wrapped-contains-target-30-dense success
warmup 509/1267 graph-id-parameter-wrapped-contains-target-31-zero success
warmup 510/1267 graph-id-parameter-wrapped-contains-target-31-targeted success
warmup 511/1267 graph-id-parameter-wrapped-contains-target-31-dense success
warmup 512/1267 graph-id-parameter-wrapped-contains-target-32-zero success
warmup 513/1267 graph-id-parameter-wrapped-contains-target-32-targeted success
warmup 514/1267 graph-id-parameter-wrapped-contains-target-32-dense success
warmup 515/1267 graph-id-parameter-wrapped-contains-target-33-zero success
warmup 516/1267 graph-id-parameter-wrapped-contains-target-33-targeted success
warmup 517/1267 graph-id-parameter-wrapped-contains-target-33-dense success
warmup 518/1267 graph-id-parameter-wrapped-contains-target-34-zero success
warmup 519/1267 graph-id-parameter-wrapped-contains-target-34-targeted success
warmup 520/1267 graph-id-parameter-wrapped-contains-target-34-dense success
warmup 521/1267 graph-id-parameter-wrapped-contains-target-35-zero success
warmup 522/1267 graph-id-parameter-wrapped-contains-target-35-targeted success
warmup 523/1267 graph-id-parameter-wrapped-contains-target-35-dense success
warmup 524/1267 graph-id-parameter-wrapped-contains-target-36-zero success
warmup 525/1267 graph-id-parameter-wrapped-contains-target-36-targeted success
warmup 526/1267 graph-id-parameter-wrapped-contains-target-36-dense success
warmup 527/1267 graph-id-parameter-wrapped-contains-target-37-zero success
warmup 528/1267 graph-id-parameter-wrapped-contains-target-37-targeted success
warmup 529/1267 graph-id-parameter-wrapped-contains-target-37-dense success
warmup 530/1267 graph-id-parameter-wrapped-contains-target-38-zero success
warmup 531/1267 graph-id-parameter-wrapped-contains-target-38-targeted success
warmup 532/1267 graph-id-parameter-wrapped-contains-target-38-dense success
warmup 533/1267 graph-id-parameter-wrapped-contains-target-39-zero success
warmup 534/1267 graph-id-parameter-wrapped-contains-target-39-targeted success
warmup 535/1267 graph-id-parameter-wrapped-contains-target-39-dense success
warmup 536/1267 graph-id-parameter-wrapped-contains-target-40-zero success
warmup 537/1267 graph-id-parameter-wrapped-contains-target-40-targeted success
warmup 538/1267 graph-id-parameter-wrapped-contains-target-40-dense success
warmup 539/1267 graph-id-parameter-wrapped-contains-target-41-zero success
warmup 540/1267 graph-id-parameter-wrapped-contains-target-41-targeted success
warmup 541/1267 graph-id-parameter-wrapped-contains-target-41-dense success
warmup 542/1267 graph-id-parameter-wrapped-contains-target-42-zero success
warmup 543/1267 graph-id-parameter-wrapped-contains-target-42-targeted success
warmup 544/1267 graph-id-parameter-wrapped-contains-target-42-dense success
warmup 545/1267 graph-id-parameter-wrapped-contains-target-43-zero success
warmup 546/1267 graph-id-parameter-wrapped-contains-target-43-targeted success
warmup 547/1267 graph-id-parameter-wrapped-contains-target-43-dense success
warmup 548/1267 graph-id-parameter-wrapped-contains-target-44-zero success
warmup 549/1267 graph-id-parameter-wrapped-contains-target-44-targeted success
warmup 550/1267 graph-id-parameter-wrapped-contains-target-44-dense success
warmup 551/1267 graph-id-parameter-wrapped-contains-target-45-zero success
warmup 552/1267 graph-id-parameter-wrapped-contains-target-45-targeted success
warmup 553/1267 graph-id-parameter-wrapped-contains-target-45-dense success
warmup 554/1267 graph-id-parameter-wrapped-contains-target-46-zero success
warmup 555/1267 graph-id-parameter-wrapped-contains-target-46-targeted success
warmup 556/1267 graph-id-parameter-wrapped-contains-target-46-dense success
warmup 557/1267 graph-id-parameter-wrapped-contains-target-47-zero success
warmup 558/1267 graph-id-parameter-wrapped-contains-target-47-targeted success
warmup 559/1267 graph-id-parameter-wrapped-contains-target-47-dense success
warmup 560/1267 graph-id-parameter-wrapped-contains-target-48-zero success
warmup 561/1267 graph-id-parameter-wrapped-contains-target-48-targeted success
warmup 562/1267 graph-id-parameter-wrapped-contains-target-48-dense success
warmup 563/1267 graph-id-parameter-wrapped-contains-target-49-zero success
warmup 564/1267 graph-id-parameter-wrapped-contains-target-49-targeted success
warmup 565/1267 graph-id-parameter-wrapped-contains-target-49-dense success
warmup 566/1267 graph-id-parameter-wrapped-contains-target-50-zero success
warmup 567/1267 graph-id-parameter-wrapped-contains-target-50-targeted success
warmup 568/1267 graph-id-parameter-wrapped-contains-target-50-dense success
warmup 569/1267 graph-id-parameter-wrapped-contains-target-51-zero success
warmup 570/1267 graph-id-parameter-wrapped-contains-target-51-targeted success
warmup 571/1267 graph-id-parameter-wrapped-contains-target-51-dense success
warmup 572/1267 graph-id-parameter-wrapped-contains-target-52-zero success
warmup 573/1267 graph-id-parameter-wrapped-contains-target-52-targeted success
warmup 574/1267 graph-id-parameter-wrapped-contains-target-52-dense success
warmup 575/1267 graph-id-parameter-wrapped-contains-target-53-zero success
warmup 576/1267 graph-id-parameter-wrapped-contains-target-53-targeted success
warmup 577/1267 graph-id-parameter-wrapped-contains-target-53-dense success
warmup 578/1267 graph-id-parameter-wrapped-contains-target-54-zero success
warmup 579/1267 graph-id-parameter-wrapped-contains-target-54-targeted success
warmup 580/1267 graph-id-parameter-wrapped-contains-target-54-dense success
warmup 581/1267 graph-id-parameter-wrapped-contains-target-55-zero success
warmup 582/1267 graph-id-parameter-wrapped-contains-target-55-targeted success
warmup 583/1267 graph-id-parameter-wrapped-contains-target-55-dense success
warmup 584/1267 graph-id-parameter-wrapped-contains-target-56-zero success
warmup 585/1267 graph-id-parameter-wrapped-contains-target-56-targeted success
warmup 586/1267 graph-id-parameter-wrapped-contains-target-56-dense success
warmup 587/1267 graph-id-parameter-wrapped-contains-target-57-zero success
warmup 588/1267 graph-id-parameter-wrapped-contains-target-57-targeted success
warmup 589/1267 graph-id-parameter-wrapped-contains-target-57-dense success
warmup 590/1267 graph-id-parameter-wrapped-contains-target-58-zero success
warmup 591/1267 graph-id-parameter-wrapped-contains-target-58-targeted success
warmup 592/1267 graph-id-parameter-wrapped-contains-target-58-dense success
warmup 593/1267 graph-id-parameter-wrapped-contains-target-59-zero success
warmup 594/1267 graph-id-parameter-wrapped-contains-target-59-targeted success
warmup 595/1267 graph-id-parameter-wrapped-contains-target-59-dense success
warmup 596/1267 graph-id-parameter-wrapped-contains-target-60-zero success
warmup 597/1267 graph-id-parameter-wrapped-contains-target-60-targeted success
warmup 598/1267 graph-id-parameter-wrapped-contains-target-60-dense success
warmup 599/1267 graph-id-parameter-wrapped-contains-target-61-zero success
warmup 600/1267 graph-id-parameter-wrapped-contains-target-61-targeted success
warmup 601/1267 graph-id-parameter-wrapped-contains-target-61-dense success
warmup 602/1267 graph-id-parameter-wrapped-contains-target-62-zero success
warmup 603/1267 graph-id-parameter-wrapped-contains-target-62-targeted success
warmup 604/1267 graph-id-parameter-wrapped-contains-target-62-dense success
warmup 605/1267 graph-id-parameter-wrapped-contains-target-63-zero success
warmup 606/1267 graph-id-parameter-wrapped-contains-target-63-targeted success
warmup 607/1267 graph-id-parameter-wrapped-contains-target-63-dense success
warmup 608/1267 request-selected-source-wrapped-contains-target-00-zero success
warmup 609/1267 request-selected-source-wrapped-contains-target-00-targeted success
warmup 610/1267 request-selected-source-wrapped-contains-target-00-dense success
warmup 611/1267 request-selected-source-wrapped-contains-target-01-zero success
warmup 612/1267 request-selected-source-wrapped-contains-target-01-targeted success
warmup 613/1267 request-selected-source-wrapped-contains-target-01-dense success
warmup 614/1267 request-selected-source-wrapped-contains-target-02-zero success
warmup 615/1267 request-selected-source-wrapped-contains-target-02-targeted success
warmup 616/1267 request-selected-source-wrapped-contains-target-02-dense success
warmup 617/1267 request-selected-source-wrapped-contains-target-03-zero success
warmup 618/1267 request-selected-source-wrapped-contains-target-03-targeted success
warmup 619/1267 request-selected-source-wrapped-contains-target-03-dense success
warmup 620/1267 request-selected-source-wrapped-contains-target-04-zero success
warmup 621/1267 request-selected-source-wrapped-contains-target-04-targeted success
warmup 622/1267 request-selected-source-wrapped-contains-target-04-dense success
warmup 623/1267 request-selected-source-wrapped-contains-target-05-zero success
warmup 624/1267 request-selected-source-wrapped-contains-target-05-targeted success
warmup 625/1267 request-selected-source-wrapped-contains-target-05-dense success
warmup 626/1267 request-selected-source-wrapped-contains-target-06-zero success
warmup 627/1267 request-selected-source-wrapped-contains-target-06-targeted success
warmup 628/1267 request-selected-source-wrapped-contains-target-06-dense success
warmup 629/1267 request-selected-source-wrapped-contains-target-07-zero success
warmup 630/1267 request-selected-source-wrapped-contains-target-07-targeted success
warmup 631/1267 request-selected-source-wrapped-contains-target-07-dense success
warmup 632/1267 request-selected-source-wrapped-contains-target-08-zero success
warmup 633/1267 request-selected-source-wrapped-contains-target-08-targeted success
warmup 634/1267 request-selected-source-wrapped-contains-target-08-dense success
warmup 635/1267 request-selected-source-wrapped-contains-target-09-zero success
warmup 636/1267 request-selected-source-wrapped-contains-target-09-targeted success
warmup 637/1267 request-selected-source-wrapped-contains-target-09-dense success
warmup 638/1267 request-selected-source-wrapped-contains-target-10-zero success
warmup 639/1267 request-selected-source-wrapped-contains-target-10-targeted success
warmup 640/1267 request-selected-source-wrapped-contains-target-10-dense success
warmup 641/1267 request-selected-source-wrapped-contains-target-11-zero success
warmup 642/1267 request-selected-source-wrapped-contains-target-11-targeted success
warmup 643/1267 request-selected-source-wrapped-contains-target-11-dense success
warmup 644/1267 request-selected-source-wrapped-contains-target-12-zero success
warmup 645/1267 request-selected-source-wrapped-contains-target-12-targeted success
warmup 646/1267 request-selected-source-wrapped-contains-target-12-dense success
warmup 647/1267 request-selected-source-wrapped-contains-target-13-zero success
warmup 648/1267 request-selected-source-wrapped-contains-target-13-targeted success
warmup 649/1267 request-selected-source-wrapped-contains-target-13-dense success
warmup 650/1267 request-selected-source-wrapped-contains-target-14-zero success
warmup 651/1267 request-selected-source-wrapped-contains-target-14-targeted success
warmup 652/1267 request-selected-source-wrapped-contains-target-14-dense success
warmup 653/1267 request-selected-source-wrapped-contains-target-15-zero success
warmup 654/1267 request-selected-source-wrapped-contains-target-15-targeted success
warmup 655/1267 request-selected-source-wrapped-contains-target-15-dense success
warmup 656/1267 request-selected-source-wrapped-contains-target-16-zero success
warmup 657/1267 request-selected-source-wrapped-contains-target-16-targeted success
warmup 658/1267 request-selected-source-wrapped-contains-target-16-dense success
warmup 659/1267 request-selected-source-wrapped-contains-target-17-zero success
warmup 660/1267 request-selected-source-wrapped-contains-target-17-targeted success
warmup 661/1267 request-selected-source-wrapped-contains-target-17-dense success
warmup 662/1267 request-selected-source-wrapped-contains-target-18-zero success
warmup 663/1267 request-selected-source-wrapped-contains-target-18-targeted success
warmup 664/1267 request-selected-source-wrapped-contains-target-18-dense success
warmup 665/1267 request-selected-source-wrapped-contains-target-19-zero success
warmup 666/1267 request-selected-source-wrapped-contains-target-19-targeted success
warmup 667/1267 request-selected-source-wrapped-contains-target-19-dense success
warmup 668/1267 request-selected-source-wrapped-contains-target-20-zero success
warmup 669/1267 request-selected-source-wrapped-contains-target-20-targeted success
warmup 670/1267 request-selected-source-wrapped-contains-target-20-dense success
warmup 671/1267 request-selected-source-wrapped-contains-target-21-zero success
warmup 672/1267 request-selected-source-wrapped-contains-target-21-targeted success
warmup 673/1267 request-selected-source-wrapped-contains-target-21-dense success
warmup 674/1267 request-selected-source-wrapped-contains-target-22-zero success
warmup 675/1267 request-selected-source-wrapped-contains-target-22-targeted success
warmup 676/1267 request-selected-source-wrapped-contains-target-22-dense success
warmup 677/1267 request-selected-source-wrapped-contains-target-23-zero success
warmup 678/1267 request-selected-source-wrapped-contains-target-23-targeted success
warmup 679/1267 request-selected-source-wrapped-contains-target-23-dense success
warmup 680/1267 request-selected-source-wrapped-contains-target-24-zero success
warmup 681/1267 request-selected-source-wrapped-contains-target-24-targeted success
warmup 682/1267 request-selected-source-wrapped-contains-target-24-dense success
warmup 683/1267 request-selected-source-wrapped-contains-target-25-zero success
warmup 684/1267 request-selected-source-wrapped-contains-target-25-targeted success
warmup 685/1267 request-selected-source-wrapped-contains-target-25-dense success
warmup 686/1267 request-selected-source-wrapped-contains-target-26-zero success
warmup 687/1267 request-selected-source-wrapped-contains-target-26-targeted success
warmup 688/1267 request-selected-source-wrapped-contains-target-26-dense success
warmup 689/1267 request-selected-source-wrapped-contains-target-27-zero success
warmup 690/1267 request-selected-source-wrapped-contains-target-27-targeted success
warmup 691/1267 request-selected-source-wrapped-contains-target-27-dense success
warmup 692/1267 request-selected-source-wrapped-contains-target-28-zero success
warmup 693/1267 request-selected-source-wrapped-contains-target-28-targeted success
warmup 694/1267 request-selected-source-wrapped-contains-target-28-dense success
warmup 695/1267 request-selected-source-wrapped-contains-target-29-zero success
warmup 696/1267 request-selected-source-wrapped-contains-target-29-targeted success
warmup 697/1267 request-selected-source-wrapped-contains-target-29-dense success
warmup 698/1267 request-selected-source-wrapped-contains-target-30-zero success
warmup 699/1267 request-selected-source-wrapped-contains-target-30-targeted success
warmup 700/1267 request-selected-source-wrapped-contains-target-30-dense success
warmup 701/1267 request-selected-source-wrapped-contains-target-31-zero success
warmup 702/1267 request-selected-source-wrapped-contains-target-31-targeted success
warmup 703/1267 request-selected-source-wrapped-contains-target-31-dense success
warmup 704/1267 request-selected-source-wrapped-contains-target-32-zero success
warmup 705/1267 request-selected-source-wrapped-contains-target-32-targeted success
warmup 706/1267 request-selected-source-wrapped-contains-target-32-dense success
warmup 707/1267 request-selected-source-wrapped-contains-target-33-zero success
warmup 708/1267 request-selected-source-wrapped-contains-target-33-targeted success
warmup 709/1267 request-selected-source-wrapped-contains-target-33-dense success
warmup 710/1267 request-selected-source-wrapped-contains-target-34-zero success
warmup 711/1267 request-selected-source-wrapped-contains-target-34-targeted success
warmup 712/1267 request-selected-source-wrapped-contains-target-34-dense success
warmup 713/1267 request-selected-source-wrapped-contains-target-35-zero success
warmup 714/1267 request-selected-source-wrapped-contains-target-35-targeted success
warmup 715/1267 request-selected-source-wrapped-contains-target-35-dense success
warmup 716/1267 request-selected-source-wrapped-contains-target-36-zero success
warmup 717/1267 request-selected-source-wrapped-contains-target-36-targeted success
warmup 718/1267 request-selected-source-wrapped-contains-target-36-dense success
warmup 719/1267 request-selected-source-wrapped-contains-target-37-zero success
warmup 720/1267 request-selected-source-wrapped-contains-target-37-targeted success
warmup 721/1267 request-selected-source-wrapped-contains-target-37-dense success
warmup 722/1267 request-selected-source-wrapped-contains-target-38-zero success
warmup 723/1267 request-selected-source-wrapped-contains-target-38-targeted success
warmup 724/1267 request-selected-source-wrapped-contains-target-38-dense success
warmup 725/1267 request-selected-source-wrapped-contains-target-39-zero success
warmup 726/1267 request-selected-source-wrapped-contains-target-39-targeted success
warmup 727/1267 request-selected-source-wrapped-contains-target-39-dense success
warmup 728/1267 request-selected-source-wrapped-contains-target-40-zero success
warmup 729/1267 request-selected-source-wrapped-contains-target-40-targeted success
warmup 730/1267 request-selected-source-wrapped-contains-target-40-dense success
warmup 731/1267 request-selected-source-wrapped-contains-target-41-zero success
warmup 732/1267 request-selected-source-wrapped-contains-target-41-targeted success
warmup 733/1267 request-selected-source-wrapped-contains-target-41-dense success
warmup 734/1267 request-selected-source-wrapped-contains-target-42-zero success
warmup 735/1267 request-selected-source-wrapped-contains-target-42-targeted success
warmup 736/1267 request-selected-source-wrapped-contains-target-42-dense success
warmup 737/1267 request-selected-source-wrapped-contains-target-43-zero success
warmup 738/1267 request-selected-source-wrapped-contains-target-43-targeted success
warmup 739/1267 request-selected-source-wrapped-contains-target-43-dense success
warmup 740/1267 request-selected-source-wrapped-contains-target-44-zero success
warmup 741/1267 request-selected-source-wrapped-contains-target-44-targeted success
warmup 742/1267 request-selected-source-wrapped-contains-target-44-dense success
warmup 743/1267 request-selected-source-wrapped-contains-target-45-zero success
warmup 744/1267 request-selected-source-wrapped-contains-target-45-targeted success
warmup 745/1267 request-selected-source-wrapped-contains-target-45-dense success
warmup 746/1267 request-selected-source-wrapped-contains-target-46-zero success
warmup 747/1267 request-selected-source-wrapped-contains-target-46-targeted success
warmup 748/1267 request-selected-source-wrapped-contains-target-46-dense success
warmup 749/1267 request-selected-source-wrapped-contains-target-47-zero success
warmup 750/1267 request-selected-source-wrapped-contains-target-47-targeted success
warmup 751/1267 request-selected-source-wrapped-contains-target-47-dense success
warmup 752/1267 request-selected-source-wrapped-contains-target-48-zero success
warmup 753/1267 request-selected-source-wrapped-contains-target-48-targeted success
warmup 754/1267 request-selected-source-wrapped-contains-target-48-dense success
warmup 755/1267 request-selected-source-wrapped-contains-target-49-zero success
warmup 756/1267 request-selected-source-wrapped-contains-target-49-targeted success
warmup 757/1267 request-selected-source-wrapped-contains-target-49-dense success
warmup 758/1267 request-selected-source-wrapped-contains-target-50-zero success
warmup 759/1267 request-selected-source-wrapped-contains-target-50-targeted success
warmup 760/1267 request-selected-source-wrapped-contains-target-50-dense success
warmup 761/1267 request-selected-source-wrapped-contains-target-51-zero success
warmup 762/1267 request-selected-source-wrapped-contains-target-51-targeted success
warmup 763/1267 request-selected-source-wrapped-contains-target-51-dense success
warmup 764/1267 request-selected-source-wrapped-contains-target-52-zero success
warmup 765/1267 request-selected-source-wrapped-contains-target-52-targeted success
warmup 766/1267 request-selected-source-wrapped-contains-target-52-dense success
warmup 767/1267 request-selected-source-wrapped-contains-target-53-zero success
warmup 768/1267 request-selected-source-wrapped-contains-target-53-targeted success
warmup 769/1267 request-selected-source-wrapped-contains-target-53-dense success
warmup 770/1267 request-selected-source-wrapped-contains-target-54-zero success
warmup 771/1267 request-selected-source-wrapped-contains-target-54-targeted success
warmup 772/1267 request-selected-source-wrapped-contains-target-54-dense success
warmup 773/1267 request-selected-source-wrapped-contains-target-55-zero success
warmup 774/1267 request-selected-source-wrapped-contains-target-55-targeted success
warmup 775/1267 request-selected-source-wrapped-contains-target-55-dense success
warmup 776/1267 request-selected-source-wrapped-contains-target-56-zero success
warmup 777/1267 request-selected-source-wrapped-contains-target-56-targeted success
warmup 778/1267 request-selected-source-wrapped-contains-target-56-dense success
warmup 779/1267 request-selected-source-wrapped-contains-target-57-zero success
warmup 780/1267 request-selected-source-wrapped-contains-target-57-targeted success
warmup 781/1267 request-selected-source-wrapped-contains-target-57-dense success
warmup 782/1267 request-selected-source-wrapped-contains-target-58-zero success
warmup 783/1267 request-selected-source-wrapped-contains-target-58-targeted success
warmup 784/1267 request-selected-source-wrapped-contains-target-58-dense success
warmup 785/1267 request-selected-source-wrapped-contains-target-59-zero success
warmup 786/1267 request-selected-source-wrapped-contains-target-59-targeted success
warmup 787/1267 request-selected-source-wrapped-contains-target-59-dense success
warmup 788/1267 request-selected-source-wrapped-contains-target-60-zero success
warmup 789/1267 request-selected-source-wrapped-contains-target-60-targeted success
warmup 790/1267 request-selected-source-wrapped-contains-target-60-dense success
warmup 791/1267 request-selected-source-wrapped-contains-target-61-zero success
warmup 792/1267 request-selected-source-wrapped-contains-target-61-targeted success
warmup 793/1267 request-selected-source-wrapped-contains-target-61-dense success
warmup 794/1267 request-selected-source-wrapped-contains-target-62-zero success
warmup 795/1267 request-selected-source-wrapped-contains-target-62-targeted success
warmup 796/1267 request-selected-source-wrapped-contains-target-62-dense success
warmup 797/1267 request-selected-source-wrapped-contains-target-63-zero success
warmup 798/1267 request-selected-source-wrapped-contains-target-63-targeted success
warmup 799/1267 request-selected-source-wrapped-contains-target-63-dense success
warmup 800/1267 contains-and-zero success
warmup 801/1267 contains-and-targeted success
warmup 802/1267 contains-and-dense success
warmup 803/1267 contains-and-or-zero success
warmup 804/1267 contains-and-or-targeted success
warmup 805/1267 contains-and-or-dense success
warmup 806/1267 pair-and-pair-zero success
warmup 807/1267 pair-and-pair-targeted success
warmup 808/1267 pair-and-pair-dense success
warmup 809/1267 exact-or-zero success
warmup 810/1267 exact-or-targeted success
warmup 811/1267 exact-or-dense success
warmup 812/1267 exact-and-contains-zero success
warmup 813/1267 exact-and-contains-targeted success
warmup 814/1267 exact-and-contains-dense success
warmup 815/1267 exact-or-node-zero success
warmup 816/1267 exact-or-node-targeted success
warmup 817/1267 exact-or-node-dense success
warmup 818/1267 four-or-keys-zero success
warmup 819/1267 four-or-keys-targeted success
warmup 820/1267 four-or-keys-dense success
warmup 821/1267 four-or-graph-id-zero success
warmup 822/1267 four-or-graph-id-targeted ExecutionException
warmup 823/1267 four-or-graph-id-dense success
warmup 824/1267 single-distinct-zero success
warmup 825/1267 single-distinct-targeted success
warmup 826/1267 single-distinct-dense success
warmup 827/1267 ordered-projection-zero success
warmup 828/1267 ordered-projection-targeted success
warmup 829/1267 ordered-projection-dense success
warmup 830/1267 ordered-skip-zero success
warmup 831/1267 ordered-skip-targeted success
warmup 832/1267 ordered-skip-dense success
warmup 833/1267 distinct-skip-zero success
warmup 834/1267 distinct-skip-targeted success
warmup 835/1267 distinct-skip-dense success
warmup 836/1267 large-limit-zero success
warmup 837/1267 large-limit-targeted success
warmup 838/1267 large-limit-dense success
warmup 839/1267 filtered-count-zero success
warmup 840/1267 filtered-count-targeted success
warmup 841/1267 filtered-count-dense success
warmup 842/1267 filtered-distinct-count-zero success
warmup 843/1267 filtered-distinct-count-targeted success
warmup 844/1267 filtered-distinct-count-dense success
warmup 845/1267 parameterized-four-or-zero success
warmup 846/1267 parameterized-four-or-targeted success
warmup 847/1267 parameterized-four-or-dense success
warmup 848/1267 global-wide-four-properties-zero success
warmup 849/1267 global-wide-four-properties-targeted success
warmup 850/1267 global-wide-four-properties-dense success
warmup 851/1267 global-wide-class-pair-zero success
warmup 852/1267 global-wide-class-pair-targeted success
warmup 853/1267 global-wide-class-pair-dense success
warmup 854/1267 global-wide-name-pair-zero success
warmup 855/1267 global-wide-name-pair-targeted success
warmup 856/1267 global-wide-name-pair-dense success
warmup 857/1267 global-wide-caller-class-zero success
warmup 858/1267 global-wide-caller-class-targeted success
warmup 859/1267 global-wide-caller-class-dense success
warmup 860/1267 global-wide-callee-class-zero success
warmup 861/1267 global-wide-callee-class-targeted success
warmup 862/1267 global-wide-callee-class-dense success
warmup 863/1267 global-wide-provenance-zero success
warmup 864/1267 global-wide-provenance-targeted success
warmup 865/1267 global-wide-provenance-dense success
warmup 866/1267 global-wide-aliased-zero success
warmup 867/1267 global-wide-aliased-targeted success
warmup 868/1267 global-wide-aliased-dense success
warmup 869/1267 global-wide-parameterized-zero success
warmup 870/1267 global-wide-parameterized-targeted success
warmup 871/1267 global-wide-parameterized-dense success
warmup 872/1267 global-wide-wrapped-case-insensitive-zero success
warmup 873/1267 global-wide-wrapped-case-insensitive-targeted success
warmup 874/1267 global-wide-wrapped-case-insensitive-dense success
warmup 875/1267 global-wide-wrapped-case-insensitive-distinct-zero success
warmup 876/1267 global-wide-wrapped-case-insensitive-distinct-targeted success
warmup 877/1267 global-wide-wrapped-case-insensitive-distinct-dense success
warmup 878/1267 exact-name-in-zero success
warmup 879/1267 exact-name-in-targeted success
warmup 880/1267 exact-name-in-dense success
warmup 881/1267 positive-and-not-zero success
warmup 882/1267 positive-and-not-targeted success
warmup 883/1267 positive-and-not-dense success
warmup 884/1267 global-six-or-zero success
warmup 885/1267 global-six-or-targeted success
warmup 886/1267 global-six-or-dense success
warmup 887/1267 global-six-or-wrapped-zero success
warmup 888/1267 global-six-or-wrapped-targeted success
warmup 889/1267 global-six-or-wrapped-dense success
warmup 890/1267 exists-guarded-contains-zero success
warmup 891/1267 exists-guarded-contains-targeted success
warmup 892/1267 exists-guarded-contains-dense success
warmup 893/1267 regex-or-zero success
warmup 894/1267 regex-or-targeted success
warmup 895/1267 regex-or-dense success
warmup 896/1267 global-wide-distribution-broad-all-64 success
warmup 897/1267 global-wide-distribution-localized-early success
warmup 898/1267 global-wide-distribution-localized-late success
warmup 899/1267 global-wide-distribution-localized-middle success
warmup 900/1267 graph-id-in-literal-wrapped-contains-k02-group-00-zero success
warmup 901/1267 graph-id-in-parameter-wrapped-contains-k02-group-00-zero success
warmup 902/1267 request-selected-set-wrapped-contains-k02-group-00-zero success
warmup 903/1267 graph-id-in-literal-wrapped-contains-k02-group-00-targeted success
warmup 904/1267 graph-id-in-parameter-wrapped-contains-k02-group-00-targeted success
warmup 905/1267 request-selected-set-wrapped-contains-k02-group-00-targeted success
warmup 906/1267 graph-id-in-literal-wrapped-contains-k02-group-00-dense success
warmup 907/1267 graph-id-in-parameter-wrapped-contains-k02-group-00-dense success
warmup 908/1267 request-selected-set-wrapped-contains-k02-group-00-dense success
warmup 909/1267 graph-id-in-literal-wrapped-contains-k02-group-01-zero success
warmup 910/1267 graph-id-in-parameter-wrapped-contains-k02-group-01-zero success
warmup 911/1267 request-selected-set-wrapped-contains-k02-group-01-zero success
warmup 912/1267 graph-id-in-literal-wrapped-contains-k02-group-01-targeted success
warmup 913/1267 graph-id-in-parameter-wrapped-contains-k02-group-01-targeted success
warmup 914/1267 request-selected-set-wrapped-contains-k02-group-01-targeted success
warmup 915/1267 graph-id-in-literal-wrapped-contains-k02-group-01-dense success
warmup 916/1267 graph-id-in-parameter-wrapped-contains-k02-group-01-dense success
warmup 917/1267 request-selected-set-wrapped-contains-k02-group-01-dense success
warmup 918/1267 graph-id-in-literal-wrapped-contains-k02-group-02-zero success
warmup 919/1267 graph-id-in-parameter-wrapped-contains-k02-group-02-zero success
warmup 920/1267 request-selected-set-wrapped-contains-k02-group-02-zero success
warmup 921/1267 graph-id-in-literal-wrapped-contains-k02-group-02-targeted success
warmup 922/1267 graph-id-in-parameter-wrapped-contains-k02-group-02-targeted success
warmup 923/1267 request-selected-set-wrapped-contains-k02-group-02-targeted success
warmup 924/1267 graph-id-in-literal-wrapped-contains-k02-group-02-dense success
warmup 925/1267 graph-id-in-parameter-wrapped-contains-k02-group-02-dense success
warmup 926/1267 request-selected-set-wrapped-contains-k02-group-02-dense success
warmup 927/1267 graph-id-in-literal-wrapped-contains-k02-group-03-zero success
warmup 928/1267 graph-id-in-parameter-wrapped-contains-k02-group-03-zero success
warmup 929/1267 request-selected-set-wrapped-contains-k02-group-03-zero success
warmup 930/1267 graph-id-in-literal-wrapped-contains-k02-group-03-targeted success
warmup 931/1267 graph-id-in-parameter-wrapped-contains-k02-group-03-targeted success
warmup 932/1267 request-selected-set-wrapped-contains-k02-group-03-targeted success
warmup 933/1267 graph-id-in-literal-wrapped-contains-k02-group-03-dense success
warmup 934/1267 graph-id-in-parameter-wrapped-contains-k02-group-03-dense success
warmup 935/1267 request-selected-set-wrapped-contains-k02-group-03-dense success
warmup 936/1267 graph-id-in-literal-wrapped-contains-k02-group-04-zero success
warmup 937/1267 graph-id-in-parameter-wrapped-contains-k02-group-04-zero success
warmup 938/1267 request-selected-set-wrapped-contains-k02-group-04-zero success
warmup 939/1267 graph-id-in-literal-wrapped-contains-k02-group-04-targeted success
warmup 940/1267 graph-id-in-parameter-wrapped-contains-k02-group-04-targeted success
warmup 941/1267 request-selected-set-wrapped-contains-k02-group-04-targeted success
warmup 942/1267 graph-id-in-literal-wrapped-contains-k02-group-04-dense success
warmup 943/1267 graph-id-in-parameter-wrapped-contains-k02-group-04-dense success
warmup 944/1267 request-selected-set-wrapped-contains-k02-group-04-dense success
warmup 945/1267 graph-id-in-literal-wrapped-contains-k02-group-05-zero success
warmup 946/1267 graph-id-in-parameter-wrapped-contains-k02-group-05-zero success
warmup 947/1267 request-selected-set-wrapped-contains-k02-group-05-zero success
warmup 948/1267 graph-id-in-literal-wrapped-contains-k02-group-05-targeted success
warmup 949/1267 graph-id-in-parameter-wrapped-contains-k02-group-05-targeted success
warmup 950/1267 request-selected-set-wrapped-contains-k02-group-05-targeted success
warmup 951/1267 graph-id-in-literal-wrapped-contains-k02-group-05-dense success
warmup 952/1267 graph-id-in-parameter-wrapped-contains-k02-group-05-dense success
warmup 953/1267 request-selected-set-wrapped-contains-k02-group-05-dense success
warmup 954/1267 graph-id-in-literal-wrapped-contains-k02-group-06-zero success
warmup 955/1267 graph-id-in-parameter-wrapped-contains-k02-group-06-zero success
warmup 956/1267 request-selected-set-wrapped-contains-k02-group-06-zero success
warmup 957/1267 graph-id-in-literal-wrapped-contains-k02-group-06-targeted success
warmup 958/1267 graph-id-in-parameter-wrapped-contains-k02-group-06-targeted success
warmup 959/1267 request-selected-set-wrapped-contains-k02-group-06-targeted success
warmup 960/1267 graph-id-in-literal-wrapped-contains-k02-group-06-dense success
warmup 961/1267 graph-id-in-parameter-wrapped-contains-k02-group-06-dense success
warmup 962/1267 request-selected-set-wrapped-contains-k02-group-06-dense success
warmup 963/1267 graph-id-in-literal-wrapped-contains-k02-group-07-zero success
warmup 964/1267 graph-id-in-parameter-wrapped-contains-k02-group-07-zero success
warmup 965/1267 request-selected-set-wrapped-contains-k02-group-07-zero success
warmup 966/1267 graph-id-in-literal-wrapped-contains-k02-group-07-targeted success
warmup 967/1267 graph-id-in-parameter-wrapped-contains-k02-group-07-targeted success
warmup 968/1267 request-selected-set-wrapped-contains-k02-group-07-targeted success
warmup 969/1267 graph-id-in-literal-wrapped-contains-k02-group-07-dense success
warmup 970/1267 graph-id-in-parameter-wrapped-contains-k02-group-07-dense success
warmup 971/1267 request-selected-set-wrapped-contains-k02-group-07-dense success
warmup 972/1267 graph-id-in-literal-wrapped-contains-k02-group-08-zero success
warmup 973/1267 graph-id-in-parameter-wrapped-contains-k02-group-08-zero success
warmup 974/1267 request-selected-set-wrapped-contains-k02-group-08-zero success
warmup 975/1267 graph-id-in-literal-wrapped-contains-k02-group-08-targeted success
warmup 976/1267 graph-id-in-parameter-wrapped-contains-k02-group-08-targeted success
warmup 977/1267 request-selected-set-wrapped-contains-k02-group-08-targeted success
warmup 978/1267 graph-id-in-literal-wrapped-contains-k02-group-08-dense success
warmup 979/1267 graph-id-in-parameter-wrapped-contains-k02-group-08-dense success
warmup 980/1267 request-selected-set-wrapped-contains-k02-group-08-dense success
warmup 981/1267 graph-id-in-literal-wrapped-contains-k02-group-09-zero success
warmup 982/1267 graph-id-in-parameter-wrapped-contains-k02-group-09-zero success
warmup 983/1267 request-selected-set-wrapped-contains-k02-group-09-zero success
warmup 984/1267 graph-id-in-literal-wrapped-contains-k02-group-09-targeted success
warmup 985/1267 graph-id-in-parameter-wrapped-contains-k02-group-09-targeted success
warmup 986/1267 request-selected-set-wrapped-contains-k02-group-09-targeted success
warmup 987/1267 graph-id-in-literal-wrapped-contains-k02-group-09-dense success
warmup 988/1267 graph-id-in-parameter-wrapped-contains-k02-group-09-dense success
warmup 989/1267 request-selected-set-wrapped-contains-k02-group-09-dense success
warmup 990/1267 graph-id-in-literal-wrapped-contains-k02-group-10-zero success
warmup 991/1267 graph-id-in-parameter-wrapped-contains-k02-group-10-zero success
warmup 992/1267 request-selected-set-wrapped-contains-k02-group-10-zero success
warmup 993/1267 graph-id-in-literal-wrapped-contains-k02-group-10-targeted success
warmup 994/1267 graph-id-in-parameter-wrapped-contains-k02-group-10-targeted success
warmup 995/1267 request-selected-set-wrapped-contains-k02-group-10-targeted success
warmup 996/1267 graph-id-in-literal-wrapped-contains-k02-group-10-dense success
warmup 997/1267 graph-id-in-parameter-wrapped-contains-k02-group-10-dense success
warmup 998/1267 request-selected-set-wrapped-contains-k02-group-10-dense success
warmup 999/1267 graph-id-in-literal-wrapped-contains-k02-group-11-zero success
warmup 1000/1267 graph-id-in-parameter-wrapped-contains-k02-group-11-zero success
warmup 1001/1267 request-selected-set-wrapped-contains-k02-group-11-zero success
warmup 1002/1267 graph-id-in-literal-wrapped-contains-k02-group-11-targeted success
warmup 1003/1267 graph-id-in-parameter-wrapped-contains-k02-group-11-targeted success
warmup 1004/1267 request-selected-set-wrapped-contains-k02-group-11-targeted success
warmup 1005/1267 graph-id-in-literal-wrapped-contains-k02-group-11-dense success
warmup 1006/1267 graph-id-in-parameter-wrapped-contains-k02-group-11-dense success
warmup 1007/1267 request-selected-set-wrapped-contains-k02-group-11-dense success
warmup 1008/1267 graph-id-in-literal-wrapped-contains-k02-group-12-zero success
warmup 1009/1267 graph-id-in-parameter-wrapped-contains-k02-group-12-zero success
warmup 1010/1267 request-selected-set-wrapped-contains-k02-group-12-zero success
warmup 1011/1267 graph-id-in-literal-wrapped-contains-k02-group-12-targeted success
warmup 1012/1267 graph-id-in-parameter-wrapped-contains-k02-group-12-targeted success
warmup 1013/1267 request-selected-set-wrapped-contains-k02-group-12-targeted success
warmup 1014/1267 graph-id-in-literal-wrapped-contains-k02-group-12-dense success
warmup 1015/1267 graph-id-in-parameter-wrapped-contains-k02-group-12-dense success
warmup 1016/1267 request-selected-set-wrapped-contains-k02-group-12-dense success
warmup 1017/1267 graph-id-in-literal-wrapped-contains-k02-group-13-zero success
warmup 1018/1267 graph-id-in-parameter-wrapped-contains-k02-group-13-zero success
warmup 1019/1267 request-selected-set-wrapped-contains-k02-group-13-zero success
warmup 1020/1267 graph-id-in-literal-wrapped-contains-k02-group-13-targeted success
warmup 1021/1267 graph-id-in-parameter-wrapped-contains-k02-group-13-targeted success
warmup 1022/1267 request-selected-set-wrapped-contains-k02-group-13-targeted success
warmup 1023/1267 graph-id-in-literal-wrapped-contains-k02-group-13-dense success
warmup 1024/1267 graph-id-in-parameter-wrapped-contains-k02-group-13-dense success
warmup 1025/1267 request-selected-set-wrapped-contains-k02-group-13-dense success
warmup 1026/1267 graph-id-in-literal-wrapped-contains-k02-group-14-zero success
warmup 1027/1267 graph-id-in-parameter-wrapped-contains-k02-group-14-zero success
warmup 1028/1267 request-selected-set-wrapped-contains-k02-group-14-zero success
warmup 1029/1267 graph-id-in-literal-wrapped-contains-k02-group-14-targeted success
warmup 1030/1267 graph-id-in-parameter-wrapped-contains-k02-group-14-targeted success
warmup 1031/1267 request-selected-set-wrapped-contains-k02-group-14-targeted success
warmup 1032/1267 graph-id-in-literal-wrapped-contains-k02-group-14-dense success
warmup 1033/1267 graph-id-in-parameter-wrapped-contains-k02-group-14-dense success
warmup 1034/1267 request-selected-set-wrapped-contains-k02-group-14-dense success
warmup 1035/1267 graph-id-in-literal-wrapped-contains-k02-group-15-zero success
warmup 1036/1267 graph-id-in-parameter-wrapped-contains-k02-group-15-zero success
warmup 1037/1267 request-selected-set-wrapped-contains-k02-group-15-zero success
warmup 1038/1267 graph-id-in-literal-wrapped-contains-k02-group-15-targeted success
warmup 1039/1267 graph-id-in-parameter-wrapped-contains-k02-group-15-targeted success
warmup 1040/1267 request-selected-set-wrapped-contains-k02-group-15-targeted success
warmup 1041/1267 graph-id-in-literal-wrapped-contains-k02-group-15-dense success
warmup 1042/1267 graph-id-in-parameter-wrapped-contains-k02-group-15-dense success
warmup 1043/1267 request-selected-set-wrapped-contains-k02-group-15-dense success
warmup 1044/1267 graph-id-in-literal-wrapped-contains-k02-group-16-zero success
warmup 1045/1267 graph-id-in-parameter-wrapped-contains-k02-group-16-zero success
warmup 1046/1267 request-selected-set-wrapped-contains-k02-group-16-zero success
warmup 1047/1267 graph-id-in-literal-wrapped-contains-k02-group-16-targeted success
warmup 1048/1267 graph-id-in-parameter-wrapped-contains-k02-group-16-targeted success
warmup 1049/1267 request-selected-set-wrapped-contains-k02-group-16-targeted success
warmup 1050/1267 graph-id-in-literal-wrapped-contains-k02-group-16-dense success
warmup 1051/1267 graph-id-in-parameter-wrapped-contains-k02-group-16-dense success
warmup 1052/1267 request-selected-set-wrapped-contains-k02-group-16-dense success
warmup 1053/1267 graph-id-in-literal-wrapped-contains-k02-group-17-zero success
warmup 1054/1267 graph-id-in-parameter-wrapped-contains-k02-group-17-zero success
warmup 1055/1267 request-selected-set-wrapped-contains-k02-group-17-zero success
warmup 1056/1267 graph-id-in-literal-wrapped-contains-k02-group-17-targeted success
warmup 1057/1267 graph-id-in-parameter-wrapped-contains-k02-group-17-targeted success
warmup 1058/1267 request-selected-set-wrapped-contains-k02-group-17-targeted success
warmup 1059/1267 graph-id-in-literal-wrapped-contains-k02-group-17-dense success
warmup 1060/1267 graph-id-in-parameter-wrapped-contains-k02-group-17-dense success
warmup 1061/1267 request-selected-set-wrapped-contains-k02-group-17-dense success
warmup 1062/1267 graph-id-in-literal-wrapped-contains-k02-group-18-zero success
warmup 1063/1267 graph-id-in-parameter-wrapped-contains-k02-group-18-zero success
warmup 1064/1267 request-selected-set-wrapped-contains-k02-group-18-zero success
warmup 1065/1267 graph-id-in-literal-wrapped-contains-k02-group-18-targeted success
warmup 1066/1267 graph-id-in-parameter-wrapped-contains-k02-group-18-targeted success
warmup 1067/1267 request-selected-set-wrapped-contains-k02-group-18-targeted success
warmup 1068/1267 graph-id-in-literal-wrapped-contains-k02-group-18-dense success
warmup 1069/1267 graph-id-in-parameter-wrapped-contains-k02-group-18-dense success
warmup 1070/1267 request-selected-set-wrapped-contains-k02-group-18-dense success
warmup 1071/1267 graph-id-in-literal-wrapped-contains-k02-group-19-zero success
warmup 1072/1267 graph-id-in-parameter-wrapped-contains-k02-group-19-zero success
warmup 1073/1267 request-selected-set-wrapped-contains-k02-group-19-zero success
warmup 1074/1267 graph-id-in-literal-wrapped-contains-k02-group-19-targeted success
warmup 1075/1267 graph-id-in-parameter-wrapped-contains-k02-group-19-targeted success
warmup 1076/1267 request-selected-set-wrapped-contains-k02-group-19-targeted success
warmup 1077/1267 graph-id-in-literal-wrapped-contains-k02-group-19-dense success
warmup 1078/1267 graph-id-in-parameter-wrapped-contains-k02-group-19-dense success
warmup 1079/1267 request-selected-set-wrapped-contains-k02-group-19-dense success
warmup 1080/1267 graph-id-in-literal-wrapped-contains-k02-group-20-zero success
warmup 1081/1267 graph-id-in-parameter-wrapped-contains-k02-group-20-zero success
warmup 1082/1267 request-selected-set-wrapped-contains-k02-group-20-zero success
warmup 1083/1267 graph-id-in-literal-wrapped-contains-k02-group-20-targeted success
warmup 1084/1267 graph-id-in-parameter-wrapped-contains-k02-group-20-targeted success
warmup 1085/1267 request-selected-set-wrapped-contains-k02-group-20-targeted success
warmup 1086/1267 graph-id-in-literal-wrapped-contains-k02-group-20-dense success
warmup 1087/1267 graph-id-in-parameter-wrapped-contains-k02-group-20-dense success
warmup 1088/1267 request-selected-set-wrapped-contains-k02-group-20-dense success
warmup 1089/1267 graph-id-in-literal-wrapped-contains-k02-group-21-zero success
warmup 1090/1267 graph-id-in-parameter-wrapped-contains-k02-group-21-zero success
warmup 1091/1267 request-selected-set-wrapped-contains-k02-group-21-zero success
warmup 1092/1267 graph-id-in-literal-wrapped-contains-k02-group-21-targeted success
warmup 1093/1267 graph-id-in-parameter-wrapped-contains-k02-group-21-targeted success
warmup 1094/1267 request-selected-set-wrapped-contains-k02-group-21-targeted success
warmup 1095/1267 graph-id-in-literal-wrapped-contains-k02-group-21-dense success
warmup 1096/1267 graph-id-in-parameter-wrapped-contains-k02-group-21-dense success
warmup 1097/1267 request-selected-set-wrapped-contains-k02-group-21-dense success
warmup 1098/1267 graph-id-in-literal-wrapped-contains-k02-group-22-zero success
warmup 1099/1267 graph-id-in-parameter-wrapped-contains-k02-group-22-zero success
warmup 1100/1267 request-selected-set-wrapped-contains-k02-group-22-zero success
warmup 1101/1267 graph-id-in-literal-wrapped-contains-k02-group-22-targeted success
warmup 1102/1267 graph-id-in-parameter-wrapped-contains-k02-group-22-targeted success
warmup 1103/1267 request-selected-set-wrapped-contains-k02-group-22-targeted success
warmup 1104/1267 graph-id-in-literal-wrapped-contains-k02-group-22-dense success
warmup 1105/1267 graph-id-in-parameter-wrapped-contains-k02-group-22-dense success
warmup 1106/1267 request-selected-set-wrapped-contains-k02-group-22-dense success
warmup 1107/1267 graph-id-in-literal-wrapped-contains-k02-group-23-zero success
warmup 1108/1267 graph-id-in-parameter-wrapped-contains-k02-group-23-zero success
warmup 1109/1267 request-selected-set-wrapped-contains-k02-group-23-zero success
warmup 1110/1267 graph-id-in-literal-wrapped-contains-k02-group-23-targeted success
warmup 1111/1267 graph-id-in-parameter-wrapped-contains-k02-group-23-targeted success
warmup 1112/1267 request-selected-set-wrapped-contains-k02-group-23-targeted success
warmup 1113/1267 graph-id-in-literal-wrapped-contains-k02-group-23-dense success
warmup 1114/1267 graph-id-in-parameter-wrapped-contains-k02-group-23-dense success
warmup 1115/1267 request-selected-set-wrapped-contains-k02-group-23-dense success
warmup 1116/1267 graph-id-in-literal-wrapped-contains-k02-group-24-zero success
warmup 1117/1267 graph-id-in-parameter-wrapped-contains-k02-group-24-zero success
warmup 1118/1267 request-selected-set-wrapped-contains-k02-group-24-zero success
warmup 1119/1267 graph-id-in-literal-wrapped-contains-k02-group-24-targeted success
warmup 1120/1267 graph-id-in-parameter-wrapped-contains-k02-group-24-targeted success
warmup 1121/1267 request-selected-set-wrapped-contains-k02-group-24-targeted success
warmup 1122/1267 graph-id-in-literal-wrapped-contains-k02-group-24-dense success
warmup 1123/1267 graph-id-in-parameter-wrapped-contains-k02-group-24-dense success
warmup 1124/1267 request-selected-set-wrapped-contains-k02-group-24-dense success
warmup 1125/1267 graph-id-in-literal-wrapped-contains-k02-group-25-zero success
warmup 1126/1267 graph-id-in-parameter-wrapped-contains-k02-group-25-zero success
warmup 1127/1267 request-selected-set-wrapped-contains-k02-group-25-zero success
warmup 1128/1267 graph-id-in-literal-wrapped-contains-k02-group-25-targeted success
warmup 1129/1267 graph-id-in-parameter-wrapped-contains-k02-group-25-targeted success
warmup 1130/1267 request-selected-set-wrapped-contains-k02-group-25-targeted success
warmup 1131/1267 graph-id-in-literal-wrapped-contains-k02-group-25-dense success
warmup 1132/1267 graph-id-in-parameter-wrapped-contains-k02-group-25-dense success
warmup 1133/1267 request-selected-set-wrapped-contains-k02-group-25-dense success
warmup 1134/1267 graph-id-in-literal-wrapped-contains-k02-group-26-zero success
warmup 1135/1267 graph-id-in-parameter-wrapped-contains-k02-group-26-zero success
warmup 1136/1267 request-selected-set-wrapped-contains-k02-group-26-zero success
warmup 1137/1267 graph-id-in-literal-wrapped-contains-k02-group-26-targeted success
warmup 1138/1267 graph-id-in-parameter-wrapped-contains-k02-group-26-targeted success
warmup 1139/1267 request-selected-set-wrapped-contains-k02-group-26-targeted success
warmup 1140/1267 graph-id-in-literal-wrapped-contains-k02-group-26-dense success
warmup 1141/1267 graph-id-in-parameter-wrapped-contains-k02-group-26-dense success
warmup 1142/1267 request-selected-set-wrapped-contains-k02-group-26-dense success
warmup 1143/1267 graph-id-in-literal-wrapped-contains-k02-group-27-zero success
warmup 1144/1267 graph-id-in-parameter-wrapped-contains-k02-group-27-zero success
warmup 1145/1267 request-selected-set-wrapped-contains-k02-group-27-zero success
warmup 1146/1267 graph-id-in-literal-wrapped-contains-k02-group-27-targeted success
warmup 1147/1267 graph-id-in-parameter-wrapped-contains-k02-group-27-targeted success
warmup 1148/1267 request-selected-set-wrapped-contains-k02-group-27-targeted success
warmup 1149/1267 graph-id-in-literal-wrapped-contains-k02-group-27-dense success
warmup 1150/1267 graph-id-in-parameter-wrapped-contains-k02-group-27-dense success
warmup 1151/1267 request-selected-set-wrapped-contains-k02-group-27-dense success
warmup 1152/1267 graph-id-in-literal-wrapped-contains-k02-group-28-zero success
warmup 1153/1267 graph-id-in-parameter-wrapped-contains-k02-group-28-zero success
warmup 1154/1267 request-selected-set-wrapped-contains-k02-group-28-zero success
warmup 1155/1267 graph-id-in-literal-wrapped-contains-k02-group-28-targeted success
warmup 1156/1267 graph-id-in-parameter-wrapped-contains-k02-group-28-targeted success
warmup 1157/1267 request-selected-set-wrapped-contains-k02-group-28-targeted success
warmup 1158/1267 graph-id-in-literal-wrapped-contains-k02-group-28-dense success
warmup 1159/1267 graph-id-in-parameter-wrapped-contains-k02-group-28-dense success
warmup 1160/1267 request-selected-set-wrapped-contains-k02-group-28-dense success
warmup 1161/1267 graph-id-in-literal-wrapped-contains-k02-group-29-zero success
warmup 1162/1267 graph-id-in-parameter-wrapped-contains-k02-group-29-zero success
warmup 1163/1267 request-selected-set-wrapped-contains-k02-group-29-zero success
warmup 1164/1267 graph-id-in-literal-wrapped-contains-k02-group-29-targeted success
warmup 1165/1267 graph-id-in-parameter-wrapped-contains-k02-group-29-targeted success
warmup 1166/1267 request-selected-set-wrapped-contains-k02-group-29-targeted success
warmup 1167/1267 graph-id-in-literal-wrapped-contains-k02-group-29-dense success
warmup 1168/1267 graph-id-in-parameter-wrapped-contains-k02-group-29-dense success
warmup 1169/1267 request-selected-set-wrapped-contains-k02-group-29-dense success
warmup 1170/1267 graph-id-in-literal-wrapped-contains-k02-group-30-zero success
warmup 1171/1267 graph-id-in-parameter-wrapped-contains-k02-group-30-zero success
warmup 1172/1267 request-selected-set-wrapped-contains-k02-group-30-zero success
warmup 1173/1267 graph-id-in-literal-wrapped-contains-k02-group-30-targeted success
warmup 1174/1267 graph-id-in-parameter-wrapped-contains-k02-group-30-targeted success
warmup 1175/1267 request-selected-set-wrapped-contains-k02-group-30-targeted success
warmup 1176/1267 graph-id-in-literal-wrapped-contains-k02-group-30-dense success
warmup 1177/1267 graph-id-in-parameter-wrapped-contains-k02-group-30-dense success
warmup 1178/1267 request-selected-set-wrapped-contains-k02-group-30-dense success
warmup 1179/1267 graph-id-in-literal-wrapped-contains-k02-group-31-zero success
warmup 1180/1267 graph-id-in-parameter-wrapped-contains-k02-group-31-zero success
warmup 1181/1267 request-selected-set-wrapped-contains-k02-group-31-zero success
warmup 1182/1267 graph-id-in-literal-wrapped-contains-k02-group-31-targeted success
warmup 1183/1267 graph-id-in-parameter-wrapped-contains-k02-group-31-targeted success
warmup 1184/1267 request-selected-set-wrapped-contains-k02-group-31-targeted success
warmup 1185/1267 graph-id-in-literal-wrapped-contains-k02-group-31-dense success
warmup 1186/1267 graph-id-in-parameter-wrapped-contains-k02-group-31-dense success
warmup 1187/1267 request-selected-set-wrapped-contains-k02-group-31-dense success
warmup 1188/1267 graph-id-in-literal-wrapped-contains-k08-group-00-zero success
warmup 1189/1267 graph-id-in-parameter-wrapped-contains-k08-group-00-zero success
warmup 1190/1267 request-selected-set-wrapped-contains-k08-group-00-zero success
warmup 1191/1267 graph-id-in-literal-wrapped-contains-k08-group-00-targeted success
warmup 1192/1267 graph-id-in-parameter-wrapped-contains-k08-group-00-targeted success
warmup 1193/1267 request-selected-set-wrapped-contains-k08-group-00-targeted success
warmup 1194/1267 graph-id-in-literal-wrapped-contains-k08-group-00-dense success
warmup 1195/1267 graph-id-in-parameter-wrapped-contains-k08-group-00-dense success
warmup 1196/1267 request-selected-set-wrapped-contains-k08-group-00-dense success
warmup 1197/1267 graph-id-in-literal-wrapped-contains-k08-group-01-zero success
warmup 1198/1267 graph-id-in-parameter-wrapped-contains-k08-group-01-zero success
warmup 1199/1267 request-selected-set-wrapped-contains-k08-group-01-zero success
warmup 1200/1267 graph-id-in-literal-wrapped-contains-k08-group-01-targeted success
warmup 1201/1267 graph-id-in-parameter-wrapped-contains-k08-group-01-targeted success
warmup 1202/1267 request-selected-set-wrapped-contains-k08-group-01-targeted success
warmup 1203/1267 graph-id-in-literal-wrapped-contains-k08-group-01-dense success
warmup 1204/1267 graph-id-in-parameter-wrapped-contains-k08-group-01-dense success
warmup 1205/1267 request-selected-set-wrapped-contains-k08-group-01-dense success
warmup 1206/1267 graph-id-in-literal-wrapped-contains-k08-group-02-zero success
warmup 1207/1267 graph-id-in-parameter-wrapped-contains-k08-group-02-zero success
warmup 1208/1267 request-selected-set-wrapped-contains-k08-group-02-zero success
warmup 1209/1267 graph-id-in-literal-wrapped-contains-k08-group-02-targeted success
warmup 1210/1267 graph-id-in-parameter-wrapped-contains-k08-group-02-targeted success
warmup 1211/1267 request-selected-set-wrapped-contains-k08-group-02-targeted success
warmup 1212/1267 graph-id-in-literal-wrapped-contains-k08-group-02-dense success
warmup 1213/1267 graph-id-in-parameter-wrapped-contains-k08-group-02-dense success
warmup 1214/1267 request-selected-set-wrapped-contains-k08-group-02-dense success
warmup 1215/1267 graph-id-in-literal-wrapped-contains-k08-group-03-zero success
warmup 1216/1267 graph-id-in-parameter-wrapped-contains-k08-group-03-zero success
warmup 1217/1267 request-selected-set-wrapped-contains-k08-group-03-zero success
warmup 1218/1267 graph-id-in-literal-wrapped-contains-k08-group-03-targeted success
warmup 1219/1267 graph-id-in-parameter-wrapped-contains-k08-group-03-targeted success
warmup 1220/1267 request-selected-set-wrapped-contains-k08-group-03-targeted success
warmup 1221/1267 graph-id-in-literal-wrapped-contains-k08-group-03-dense success
warmup 1222/1267 graph-id-in-parameter-wrapped-contains-k08-group-03-dense success
warmup 1223/1267 request-selected-set-wrapped-contains-k08-group-03-dense success
warmup 1224/1267 graph-id-in-literal-wrapped-contains-k08-group-04-zero success
warmup 1225/1267 graph-id-in-parameter-wrapped-contains-k08-group-04-zero success
warmup 1226/1267 request-selected-set-wrapped-contains-k08-group-04-zero success
warmup 1227/1267 graph-id-in-literal-wrapped-contains-k08-group-04-targeted success
warmup 1228/1267 graph-id-in-parameter-wrapped-contains-k08-group-04-targeted success
warmup 1229/1267 request-selected-set-wrapped-contains-k08-group-04-targeted success
warmup 1230/1267 graph-id-in-literal-wrapped-contains-k08-group-04-dense success
warmup 1231/1267 graph-id-in-parameter-wrapped-contains-k08-group-04-dense success
warmup 1232/1267 request-selected-set-wrapped-contains-k08-group-04-dense success
warmup 1233/1267 graph-id-in-literal-wrapped-contains-k08-group-05-zero success
warmup 1234/1267 graph-id-in-parameter-wrapped-contains-k08-group-05-zero success
warmup 1235/1267 request-selected-set-wrapped-contains-k08-group-05-zero success
warmup 1236/1267 graph-id-in-literal-wrapped-contains-k08-group-05-targeted success
warmup 1237/1267 graph-id-in-parameter-wrapped-contains-k08-group-05-targeted success
warmup 1238/1267 request-selected-set-wrapped-contains-k08-group-05-targeted success
warmup 1239/1267 graph-id-in-literal-wrapped-contains-k08-group-05-dense success
warmup 1240/1267 graph-id-in-parameter-wrapped-contains-k08-group-05-dense success
warmup 1241/1267 request-selected-set-wrapped-contains-k08-group-05-dense success
warmup 1242/1267 graph-id-in-literal-wrapped-contains-k08-group-06-zero success
warmup 1243/1267 graph-id-in-parameter-wrapped-contains-k08-group-06-zero success
warmup 1244/1267 request-selected-set-wrapped-contains-k08-group-06-zero success
warmup 1245/1267 graph-id-in-literal-wrapped-contains-k08-group-06-targeted success
warmup 1246/1267 graph-id-in-parameter-wrapped-contains-k08-group-06-targeted success
warmup 1247/1267 request-selected-set-wrapped-contains-k08-group-06-targeted success
warmup 1248/1267 graph-id-in-literal-wrapped-contains-k08-group-06-dense success
warmup 1249/1267 graph-id-in-parameter-wrapped-contains-k08-group-06-dense success
warmup 1250/1267 request-selected-set-wrapped-contains-k08-group-06-dense success
warmup 1251/1267 graph-id-in-literal-wrapped-contains-k08-group-07-zero success
warmup 1252/1267 graph-id-in-parameter-wrapped-contains-k08-group-07-zero success
warmup 1253/1267 request-selected-set-wrapped-contains-k08-group-07-zero success
warmup 1254/1267 graph-id-in-literal-wrapped-contains-k08-group-07-targeted success
warmup 1255/1267 graph-id-in-parameter-wrapped-contains-k08-group-07-targeted success
warmup 1256/1267 request-selected-set-wrapped-contains-k08-group-07-targeted success
warmup 1257/1267 graph-id-in-literal-wrapped-contains-k08-group-07-dense success
warmup 1258/1267 graph-id-in-parameter-wrapped-contains-k08-group-07-dense success
warmup 1259/1267 request-selected-set-wrapped-contains-k08-group-07-dense success
warmup 1260/1267 graph-id-in-literal-wrapped-contains-k64-group-00-zero success
warmup 1261/1267 graph-id-in-parameter-wrapped-contains-k64-group-00-zero success
warmup 1262/1267 graph-id-in-literal-wrapped-contains-k64-group-00-targeted success
warmup 1263/1267 graph-id-in-parameter-wrapped-contains-k64-group-00-targeted success
warmup 1264/1267 request-selected-set-wrapped-contains-k64-group-00-targeted success
warmup 1265/1267 graph-id-in-literal-wrapped-contains-k64-group-00-dense success
warmup 1266/1267 graph-id-in-parameter-wrapped-contains-k64-group-00-dense success
warmup 1267/1267 request-selected-set-wrapped-contains-k64-group-00-dense success
Exception in thread "main" java.lang.IllegalStateException: A correctness oracle requires every query to succeed; incomplete results: four-or-graph-id-targeted=failed
	at io.johnsonlee.graphite.webgraph.QueryCorrectnessManifest.requireRecordable(QueryCorrectnessManifest.kt:127)
	at io.johnsonlee.graphite.webgraph.LargeBroadQueryPressureBenchmark.enforceCorrectness(LargeBroadQueryPressureBenchmark.kt:222)
	at io.johnsonlee.graphite.webgraph.LargeBroadQueryPressureBenchmark.setupInvocation(LargeBroadQueryPressureBenchmark.kt:150)
	at MainReplayCapture.main(MainReplayCapture.java:89)
