To honour the JVM settings for this build a single-use Daemon process will be forked. For more on this, please refer to https://docs.gradle.org/8.13/userguide/gradle_daemon.html#sec:disabling_the_daemon in the Gradle documentation.
Daemon will be stopped at the end of the build 

> Configure project :
[root project 'graphite'] Configuring nexus skipped: `NEXUS_URL` or `NEXUS_USERNAME` or `NEXUS_PASSWORD` not found

> Configure project :core
[project ':core'] Configuring nexus skipped: `NEXUS_URL` or `NEXUS_USERNAME` or `NEXUS_PASSWORD` not found

> Configure project :cypher
[project ':cypher'] Configuring nexus skipped: `NEXUS_URL` or `NEXUS_USERNAME` or `NEXUS_PASSWORD` not found

> Configure project :sootup
[project ':sootup'] Configuring nexus skipped: `NEXUS_URL` or `NEXUS_USERNAME` or `NEXUS_PASSWORD` not found

> Configure project :webgraph
[project ':webgraph'] Configuring nexus skipped: `NEXUS_URL` or `NEXUS_USERNAME` or `NEXUS_PASSWORD` not found

> Task :core:checkKotlinGradlePluginConfigurationErrors SKIPPED
> Task :core:compileKotlin UP-TO-DATE
> Task :core:compileJava NO-SOURCE
> Task :core:processResources NO-SOURCE
> Task :core:classes UP-TO-DATE
> Task :core:jar UP-TO-DATE
> Task :cypher:checkKotlinGradlePluginConfigurationErrors SKIPPED
> Task :cypher:generateGrammarSource UP-TO-DATE
> Task :cypher:compileKotlin UP-TO-DATE
> Task :cypher:compileJava UP-TO-DATE
> Task :cypher:processResources NO-SOURCE
> Task :cypher:classes UP-TO-DATE
> Task :cypher:jar UP-TO-DATE
> Task :explore:checkKotlinGradlePluginConfigurationErrors SKIPPED
> Task :webgraph:checkKotlinGradlePluginConfigurationErrors SKIPPED
> Task :webgraph:compileKotlin UP-TO-DATE
> Task :webgraph:compileJava NO-SOURCE
> Task :webgraph:processResources NO-SOURCE
> Task :webgraph:classes UP-TO-DATE
> Task :webgraph:jar UP-TO-DATE
> Task :explore:compileKotlin UP-TO-DATE
> Task :explore:compileJava NO-SOURCE

> Task :explore:prepareNativeServer
Building native server darwin-amd64 3.0.0-root-release-audit
Building native server darwin-arm64 3.0.0-root-release-audit
Building native server linux-amd64 3.0.0-root-release-audit
Building native server linux-arm64 3.0.0-root-release-audit

> Task :explore:processResources UP-TO-DATE
> Task :explore:classes UP-TO-DATE
> Task :explore:jar UP-TO-DATE
> Task :query:checkKotlinGradlePluginConfigurationErrors SKIPPED
> Task :sootup:checkKotlinGradlePluginConfigurationErrors SKIPPED
> Task :sootup:compileKotlin UP-TO-DATE
> Task :sootup:compileJava NO-SOURCE
> Task :sootup:processResources NO-SOURCE
> Task :sootup:classes UP-TO-DATE
> Task :sootup:jar UP-TO-DATE
> Task :query:compileKotlin UP-TO-DATE
> Task :query:compileJava NO-SOURCE
> Task :query:processResources NO-SOURCE
> Task :query:classes UP-TO-DATE
> Task :query:jar UP-TO-DATE
> Task :query:compileTestKotlin UP-TO-DATE
> Task :query:compileTestJava NO-SOURCE
> Task :query:shadowJar UP-TO-DATE
> Task :explore:compileJmhKotlin UP-TO-DATE
> Task :explore:compileJmhJava NO-SOURCE
> Task :explore:compileTestKotlin UP-TO-DATE
> Task :explore:compileTestJava NO-SOURCE
> Task :explore:shadowJar UP-TO-DATE
> Task :query:startScripts UP-TO-DATE
> Task :query:installDist UP-TO-DATE
> Task :explore:startScripts UP-TO-DATE
> Task :explore:installDist UP-TO-DATE

BUILD SUCCESSFUL in 8s
25 actionable tasks: 1 executed, 24 up-to-date
