loaded 1/64 fixture-android-00
loaded 2/64 fixture-android-01
loaded 3/64 fixture-android-02
loaded 4/64 fixture-android-03
loaded 5/64 fixture-android-04
loaded 6/64 fixture-android-05
loaded 7/64 fixture-android-06
loaded 8/64 fixture-android-07
loaded 9/64 fixture-android-08
loaded 10/64 fixture-android-09
loaded 11/64 fixture-android-10
loaded 12/64 fixture-android-11
loaded 13/64 fixture-android-12
loaded 14/64 fixture-android-13
loaded 15/64 fixture-android-14
loaded 16/64 fixture-android-15
loaded 17/64 fixture-hive-00
loaded 18/64 fixture-hive-01
loaded 19/64 fixture-hive-02
loaded 20/64 fixture-hive-03
loaded 21/64 fixture-hive-04
loaded 22/64 fixture-hive-05
loaded 23/64 fixture-hive-06
loaded 24/64 fixture-hive-07
loaded 25/64 fixture-hive-08
loaded 26/64 fixture-hive-09
loaded 27/64 fixture-hive-10
loaded 28/64 fixture-hive-11
loaded 29/64 fixture-hive-12
loaded 30/64 fixture-hive-13
loaded 31/64 fixture-hive-14
loaded 32/64 fixture-hive-15
loaded 33/64 fixture-kotlin-compiler-00
loaded 34/64 fixture-kotlin-compiler-01
loaded 35/64 fixture-kotlin-compiler-02
loaded 36/64 fixture-kotlin-compiler-03
loaded 37/64 fixture-kotlin-compiler-04
loaded 38/64 fixture-kotlin-compiler-05
loaded 39/64 fixture-kotlin-compiler-06
loaded 40/64 fixture-kotlin-compiler-07
loaded 41/64 fixture-kotlin-compiler-08
loaded 42/64 fixture-kotlin-compiler-09
loaded 43/64 fixture-kotlin-compiler-10
loaded 44/64 fixture-kotlin-compiler-11
loaded 45/64 fixture-kotlin-compiler-12
loaded 46/64 fixture-kotlin-compiler-13
loaded 47/64 fixture-kotlin-compiler-14
loaded 48/64 fixture-kotlin-compiler-15
loaded 49/64 fixture-tika-00
loaded 50/64 fixture-tika-01
loaded 51/64 fixture-tika-02
loaded 52/64 fixture-tika-03
loaded 53/64 fixture-tika-04
loaded 54/64 fixture-tika-05
loaded 55/64 fixture-tika-06
loaded 56/64 fixture-tika-07
loaded 57/64 fixture-tika-08
loaded 58/64 fixture-tika-09
loaded 59/64 fixture-tika-10
loaded 60/64 fixture-tika-11
loaded 61/64 fixture-tika-12
loaded 62/64 fixture-tika-13
loaded 63/64 fixture-tika-14
loaded 64/64 fixture-tika-15
CATALOG VERIFIED map[callSites:5046935 edges:20448885 methods:1374983 nodes:19431891]
PROFILE START wrapped-firstLastGraphBimodalClassPrefix 2026-09-07T03:08:37.734788Z
PROFILE DONE wrapped-firstLastGraphBimodalClassPrefix bytes=50764 hash=9c8299fdd85f475db72ade74389abd2376def9f5e494bf921b8e57589a2e12bd equal=true alloc=9281741192 GC=1
PROFILE START wrapped-firstLastGraphBimodalClassPrefix-repeat 2026-09-07T03:08:55.957962Z
PROFILE DONE wrapped-firstLastGraphBimodalClassPrefix-repeat bytes=50764 hash=9c8299fdd85f475db72ade74389abd2376def9f5e494bf921b8e57589a2e12bd equal=true alloc=3759881000 GC=0
PROFILE START global-wide-wrapped-case-insensitive-distinct-dense 2026-09-07T03:09:09.072427Z
PROFILE DONE global-wide-wrapped-case-insensitive-distinct-dense bytes=43306 hash=77b68b7458bf7a78929fa43d57d910ab51823abab6eb98172bcc052ead550336 equal=true alloc=268459048 GC=0
PROFILE START global-wide-wrapped-case-insensitive-distinct-dense-repeat 2026-09-07T03:09:10.810363Z
PROFILE DONE global-wide-wrapped-case-insensitive-distinct-dense-repeat bytes=43306 hash=77b68b7458bf7a78929fa43d57d910ab51823abab6eb98172bcc052ead550336 equal=true alloc=268426608 GC=0
PROFILE START global-wide-distribution-broad-all-64 2026-09-07T03:09:12.721476Z
PROFILE DONE global-wide-distribution-broad-all-64 bytes=42178 hash=533473517a4e49aaeae4b8e91790854d92c6df28cd9c51e4ab3005ffe55baaa5 equal=true alloc=1635024 GC=0
PROFILE START tuple-threshold255 2026-09-07T03:09:14.152488Z
PROFILE DONE tuple-threshold255 bytes=55240 hash=8f6f625c4881ad9278394ed233815c6fadabc600fc720904031776bea0969978 equal=true alloc=285363864 GC=0
PROFILE START tuple-threshold256 2026-09-07T03:09:17.586851Z
PROFILE DONE tuple-threshold256 bytes=55432 hash=98355470d87d794ef8a6b8a76fe30b94e4c21a09c8be879616a23535dc1356a6 equal=true alloc=285640288 GC=0
PROFILE START tuple-threshold256-repeat 2026-09-07T03:09:19.64683Z
PROFILE DONE tuple-threshold256-repeat bytes=55432 hash=98355470d87d794ef8a6b8a76fe30b94e4c21a09c8be879616a23535dc1356a6 equal=true alloc=285649136 GC=0
COMPLETE
