root-GET-valid 200
root-GET-empty 200
root-GET-whitespace 200
root-GET-nul 500
root-GET-empty-object 200
root-GET-null 500
root-GET-array 500
root-GET-top-string 500
root-GET-line-comment 200
root-GET-block-comment 500
root-GET-hash-comment 200
root-GET-comment-inside 200
root-GET-comment-unclosed 500
root-GET-single-quotes 200
root-GET-unquoted-keys 200
root-GET-unquoted-string 500
root-GET-equals-separators 200
root-GET-arrow-separators 200
root-GET-trailing-object-comma 500
root-GET-trailing-array-comma 200
root-GET-leading-array-comma 200
root-GET-array-semicolon 200
root-GET-multiple-top-level 500
root-GET-trailing-garbage 500
root-GET-nonexecute-prefix 200
root-GET-bom 200
root-GET-invalid-escape 500
root-GET-invalid-unicode-escape 500
root-GET-short-unicode-escape 500
root-GET-raw-newline-string 200
root-GET-escaped-newline-string 200
root-GET-eof-object 500
root-GET-eof-key 500
root-GET-eof-colon 500
root-GET-eof-string 500
root-GET-eof-array 500
root-GET-missing-colon 500
root-GET-missing-comma 500
root-GET-duplicate-query 200
root-GET-uppercase-null 200
root-GET-timeout-leading-zero 200
root-GET-timeout-single-quotes 200
root-GET-timeout-invalid-escape 500
root-GET-timeout-nan 400
root-GET-timeout-plus-number 200
root-GET-query-trailing-array 200
root-GET-unpaired-surrogate-query 200
root-GET-invalid-utf8 200
root-POST-valid 200
root-POST-empty 200
root-POST-whitespace 200
root-POST-nul 500
root-POST-empty-object 200
root-POST-null 500
root-POST-array 500
root-POST-top-string 500
root-POST-line-comment 200
root-POST-block-comment 500
root-POST-hash-comment 200
root-POST-comment-inside 200
root-POST-comment-unclosed 500
root-POST-single-quotes 200
root-POST-unquoted-keys 200
root-POST-unquoted-string 500
root-POST-equals-separators 200
root-POST-arrow-separators 200
root-POST-trailing-object-comma 500
root-POST-trailing-array-comma 200
root-POST-leading-array-comma 200
root-POST-array-semicolon 200
root-POST-multiple-top-level 500
root-POST-trailing-garbage 500
root-POST-nonexecute-prefix 200
root-POST-bom 200
root-POST-invalid-escape 500
root-POST-invalid-unicode-escape 500
root-POST-short-unicode-escape 500
root-POST-raw-newline-string 200
root-POST-escaped-newline-string 200
root-POST-eof-object 500
root-POST-eof-key 500
root-POST-eof-colon 500
root-POST-eof-string 500
root-POST-eof-array 500
root-POST-missing-colon 500
root-POST-missing-comma 500
root-POST-duplicate-query 200
root-POST-uppercase-null 200
root-POST-timeout-leading-zero 200
root-POST-timeout-single-quotes 200
root-POST-timeout-invalid-escape 500
root-POST-timeout-nan 400
root-POST-timeout-plus-number 200
root-POST-query-trailing-array 200
root-POST-unpaired-surrogate-query 200
root-POST-invalid-utf8 200
scoped-GET-valid 200
scoped-GET-empty 200
scoped-GET-whitespace 200
scoped-GET-nul 500
scoped-GET-empty-object 200
scoped-GET-null 500
scoped-GET-array 500
scoped-GET-top-string 500
scoped-GET-line-comment 200
scoped-GET-block-comment 500
scoped-GET-hash-comment 200
scoped-GET-comment-inside 200
scoped-GET-comment-unclosed 500
scoped-GET-single-quotes 200
scoped-GET-unquoted-keys 200
scoped-GET-unquoted-string 500
scoped-GET-equals-separators 200
scoped-GET-arrow-separators 200
scoped-GET-trailing-object-comma 500
scoped-GET-trailing-array-comma 200
scoped-GET-leading-array-comma 200
scoped-GET-array-semicolon 200
scoped-GET-multiple-top-level 500
scoped-GET-trailing-garbage 500
scoped-GET-nonexecute-prefix 200
scoped-GET-bom 200
scoped-GET-invalid-escape 500
scoped-GET-invalid-unicode-escape 500
scoped-GET-short-unicode-escape 500
scoped-GET-raw-newline-string 200
scoped-GET-escaped-newline-string 200
scoped-GET-eof-object 500
scoped-GET-eof-key 500
scoped-GET-eof-colon 500
scoped-GET-eof-string 500
scoped-GET-eof-array 500
scoped-GET-missing-colon 500
scoped-GET-missing-comma 500
scoped-GET-duplicate-query 200
scoped-GET-uppercase-null 200
scoped-GET-timeout-leading-zero 200
scoped-GET-timeout-single-quotes 200
scoped-GET-timeout-invalid-escape 500
scoped-GET-timeout-nan 400
scoped-GET-timeout-plus-number 200
scoped-GET-query-trailing-array 200
scoped-GET-unpaired-surrogate-query 200
scoped-GET-invalid-utf8 200
scoped-POST-valid 200
scoped-POST-empty 200
scoped-POST-whitespace 200
scoped-POST-nul 500
scoped-POST-empty-object 200
scoped-POST-null 500
scoped-POST-array 500
scoped-POST-top-string 500
scoped-POST-line-comment 200
scoped-POST-block-comment 500
scoped-POST-hash-comment 200
scoped-POST-comment-inside 200
scoped-POST-comment-unclosed 500
scoped-POST-single-quotes 200
scoped-POST-unquoted-keys 200
scoped-POST-unquoted-string 500
scoped-POST-equals-separators 200
scoped-POST-arrow-separators 200
scoped-POST-trailing-object-comma 500
scoped-POST-trailing-array-comma 200
scoped-POST-leading-array-comma 200
scoped-POST-array-semicolon 200
scoped-POST-multiple-top-level 500
scoped-POST-trailing-garbage 500
scoped-POST-nonexecute-prefix 200
scoped-POST-bom 200
scoped-POST-invalid-escape 500
scoped-POST-invalid-unicode-escape 500
scoped-POST-short-unicode-escape 500
scoped-POST-raw-newline-string 200
scoped-POST-escaped-newline-string 200
scoped-POST-eof-object 500
scoped-POST-eof-key 500
scoped-POST-eof-colon 500
scoped-POST-eof-string 500
scoped-POST-eof-array 500
scoped-POST-missing-colon 500
scoped-POST-missing-comma 500
scoped-POST-duplicate-query 200
scoped-POST-uppercase-null 200
scoped-POST-timeout-leading-zero 200
scoped-POST-timeout-single-quotes 200
scoped-POST-timeout-invalid-escape 500
scoped-POST-timeout-nan 400
scoped-POST-timeout-plus-number 200
scoped-POST-query-trailing-array 200
scoped-POST-unpaired-surrogate-query 200
scoped-POST-invalid-utf8 200
selected-GET-valid 200
selected-GET-empty 200
selected-GET-whitespace 200
selected-GET-nul 400
selected-GET-empty-object 400
selected-GET-null 400
selected-GET-array 400
selected-GET-top-string 400
selected-GET-line-comment 200
selected-GET-block-comment 400
selected-GET-hash-comment 200
selected-GET-comment-inside 200
selected-GET-comment-unclosed 400
selected-GET-single-quotes 200
selected-GET-unquoted-keys 200
selected-GET-unquoted-string 400
selected-GET-equals-separators 200
selected-GET-arrow-separators 200
selected-GET-trailing-object-comma 400
selected-GET-trailing-array-comma 400
selected-GET-leading-array-comma 400
selected-GET-array-semicolon 400
selected-GET-multiple-top-level 400
selected-GET-trailing-garbage 400
selected-GET-nonexecute-prefix 200
selected-GET-bom 200
selected-GET-invalid-escape 400
selected-GET-invalid-unicode-escape 400
selected-GET-short-unicode-escape 400
selected-GET-raw-newline-string 200
selected-GET-escaped-newline-string 200
selected-GET-eof-object 400
selected-GET-eof-key 400
selected-GET-eof-colon 400
selected-GET-eof-string 400
selected-GET-eof-array 400
selected-GET-missing-colon 400
selected-GET-missing-comma 400
selected-GET-duplicate-query 200
selected-GET-uppercase-null 400
selected-GET-timeout-leading-zero 200
selected-GET-timeout-single-quotes 200
selected-GET-timeout-invalid-escape 400
selected-GET-timeout-nan 400
selected-GET-timeout-plus-number 200
selected-GET-query-trailing-array 400
selected-GET-unpaired-surrogate-query 200
selected-GET-invalid-utf8 200
selected-POST-valid 200
selected-POST-empty 200
selected-POST-whitespace 200
selected-POST-nul 400
selected-POST-empty-object 400
selected-POST-null 400
selected-POST-array 400
selected-POST-top-string 400
selected-POST-line-comment 200
selected-POST-block-comment 400
selected-POST-hash-comment 200
selected-POST-comment-inside 200
selected-POST-comment-unclosed 400
selected-POST-single-quotes 200
selected-POST-unquoted-keys 200
selected-POST-unquoted-string 400
selected-POST-equals-separators 200
selected-POST-arrow-separators 200
selected-POST-trailing-object-comma 400
selected-POST-trailing-array-comma 400
selected-POST-leading-array-comma 400
selected-POST-array-semicolon 400
selected-POST-multiple-top-level 400
selected-POST-trailing-garbage 400
selected-POST-nonexecute-prefix 200
selected-POST-bom 200
selected-POST-invalid-escape 400
selected-POST-invalid-unicode-escape 400
selected-POST-short-unicode-escape 400
selected-POST-raw-newline-string 200
selected-POST-escaped-newline-string 200
selected-POST-eof-object 400
selected-POST-eof-key 400
selected-POST-eof-colon 400
selected-POST-eof-string 400
selected-POST-eof-array 400
selected-POST-missing-colon 400
selected-POST-missing-comma 400
selected-POST-duplicate-query 200
selected-POST-uppercase-null 400
selected-POST-timeout-leading-zero 200
selected-POST-timeout-single-quotes 200
selected-POST-timeout-invalid-escape 400
selected-POST-timeout-nan 400
selected-POST-timeout-plus-number 200
selected-POST-query-trailing-array 400
selected-POST-unpaired-surrogate-query 200
selected-POST-invalid-utf8 200
{"cases": 288, "serverStopped": true}
