gc 1 @0.002s 1%: 0.010+0.22+0.009 ms clock, 0.16+0.15/0.27/0.005+0.14 ms cpu, 4->4->3 MB, 4 MB goal, 0 MB stacks, 0 MB globals, 16 P
gc 2 @0.013s 0%: 0.005+0.50+0.013 ms clock, 0.083+0.065/0.39/0+0.21 ms cpu, 8->8->3 MB, 8 MB goal, 0 MB stacks, 0 MB globals, 16 P
gc 3 @0.017s 0%: 0.004+0.38+0.011 ms clock, 0.064+0.050/0.40/0+0.17 ms cpu, 6->6->4 MB, 7 MB goal, 0 MB stacks, 0 MB globals, 16 P
gc 4 @0.023s 0%: 0.005+0.50+0.010 ms clock, 0.085+0.034/0.54/0.003+0.16 ms cpu, 8->9->4 MB, 9 MB goal, 0 MB stacks, 0 MB globals, 16 P
gc 5 @0.027s 0%: 0.005+0.40+0.015 ms clock, 0.082+0.10/0.54/0+0.24 ms cpu, 11->11->8 MB, 11 MB goal, 0 MB stacks, 0 MB globals, 16 P
gc 6 @0.033s 0%: 0.006+0.37+0.009 ms clock, 0.11+0.044/0.61/0+0.15 ms cpu, 17->17->13 MB, 17 MB goal, 0 MB stacks, 0 MB globals, 16 P
gc 7 @0.045s 0%: 0.011+0.52+0.011 ms clock, 0.17+0.057/0.57/0+0.18 ms cpu, 31->31->23 MB, 31 MB goal, 0 MB stacks, 0 MB globals, 16 P
gc 8 @0.069s 0%: 0.008+0.96+0.031 ms clock, 0.13+0.059/3.2/2.0+0.50 ms cpu, 46->46->27 MB, 47 MB goal, 0 MB stacks, 0 MB globals, 16 P
gc 9 @0.100s 0%: 0.010+2.1+0.011 ms clock, 0.16+0.070/6.0/1.7+0.17 ms cpu, 50->51->38 MB, 54 MB goal, 0 MB stacks, 0 MB globals, 16 P
gc 10 @0.127s 1%: 0.012+2.7+0.003 ms clock, 0.19+0.80/10/2.3+0.052 ms cpu, 85->85->66 MB, 85 MB goal, 0 MB stacks, 0 MB globals, 16 P
gc 11 @0.200s 1%: 0.016+5.7+0.17 ms clock, 0.26+0.050/21/45+2.8 ms cpu, 129->131->112 MB, 134 MB goal, 0 MB stacks, 0 MB globals, 16 P
gc 12 @0.309s 1%: 0.019+7.3+0.012 ms clock, 0.30+2.4/28/58+0.20 ms cpu, 215->219->139 MB, 225 MB goal, 0 MB stacks, 0 MB globals, 16 P
gc 13 @0.438s 1%: 0.019+11+0.008 ms clock, 0.31+0.053/45/104+0.14 ms cpu, 267->272->220 MB, 279 MB goal, 0 MB stacks, 0 MB globals, 16 P
gc 14 @0.646s 1%: 0.022+16+0.015 ms clock, 0.36+0.063/62/143+0.24 ms cpu, 421->426->308 MB, 441 MB goal, 0 MB stacks, 0 MB globals, 16 P
gc 15 @0.947s 1%: 0.021+25+0.011 ms clock, 0.33+0.037/99/249+0.17 ms cpu, 587->597->450 MB, 616 MB goal, 0 MB stacks, 0 MB globals, 16 P
gc 16 @1.386s 1%: 0.020+33+0.010 ms clock, 0.33+0.065/132/341+0.17 ms cpu, 860->880->645 MB, 901 MB goal, 0 MB stacks, 0 MB globals, 16 P
gc 17 @2.020s 1%: 0.023+50+0.012 ms clock, 0.38+0.33/198/508+0.19 ms cpu, 1227->1236->938 MB, 1291 MB goal, 0 MB stacks, 0 MB globals, 16 P
gc 18 @2.946s 1%: 0.021+72+0.022 ms clock, 0.33+0.11/285/735+0.35 ms cpu, 1771->1791->1311 MB, 1876 MB goal, 0 MB stacks, 0 MB globals, 16 P
gc 19 @4.212s 1%: 0.022+107+0.012 ms clock, 0.36+0.23/425/1072+0.19 ms cpu, 2490->2547->1962 MB, 2623 MB goal, 0 MB stacks, 0 MB globals, 16 P
gc 20 @6.370s 1%: 0.027+141+0.019 ms clock, 0.44+0.048/562/1508+0.31 ms cpu, 3710->3776->2778 MB, 3924 MB goal, 0 MB stacks, 0 MB globals, 16 P
gc 21 @9.494s 1%: 0.026+195+0.007 ms clock, 0.43+0.043/778/2132+0.11 ms cpu, 5253->5352->3996 MB, 5557 MB goal, 0 MB stacks, 0 MB globals, 16 P
gc 22 @14.191s 1%: 0.021+285+0.017 ms clock, 0.34+5.7/1139/3003+0.27 ms cpu, 7593->7712->5774 MB, 7994 MB goal, 0 MB stacks, 0 MB globals, 16 P
Graphite Go server (in development): http://localhost:18852
gc 23 @59.469s 0%: 0.048+305+0.14 ms clock, 0.76+0.32/1211/3304+2.2 ms cpu, 10978->11287->6291 MB, 11549 MB goal, 0 MB stacks, 0 MB globals, 16 P
gc 24 @62.435s 0%: 0.049+296+0.16 ms clock, 0.79+0.16/1185/3243+2.6 ms cpu, 11436->11741->6295 MB, 12583 MB goal, 0 MB stacks, 0 MB globals, 16 P
gc 25 @65.180s 0%: 0.046+300+0.16 ms clock, 0.75+0.11/1197/3267+2.7 ms cpu, 11443->11772->6324 MB, 12592 MB goal, 0 MB stacks, 0 MB globals, 16 P
gc 26 @67.935s 0%: 0.040+297+0.010 ms clock, 0.64+0.16/1190/3255+0.16 ms cpu, 11429->11753->6326 MB, 12650 MB goal, 0 MB stacks, 0 MB globals, 16 P
gc 27 @70.815s 0%: 0.15+299+0.13 ms clock, 2.4+0.25/1197/3278+2.1 ms cpu, 11431->11785->6363 MB, 12653 MB goal, 0 MB stacks, 0 MB globals, 16 P
gc 28 @73.641s 0%: 0.11+299+0.015 ms clock, 1.8+0.11/1196/3264+0.24 ms cpu, 11407->11740->6307 MB, 12727 MB goal, 0 MB stacks, 0 MB globals, 16 P
gc 29 @76.229s 0%: 0.10+294+0.012 ms clock, 1.6+0.10/1172/3190+0.19 ms cpu, 11305->11614->6303 MB, 12615 MB goal, 0 MB stacks, 0 MB globals, 16 P
gc 30 @78.797s 1%: 0.045+296+0.016 ms clock, 0.73+0.12/1183/3242+0.26 ms cpu, 11292->11616->6340 MB, 12607 MB goal, 0 MB stacks, 0 MB globals, 16 P
gc 31 @81.366s 1%: 0.043+296+0.016 ms clock, 0.69+0.15/1182/3184+0.26 ms cpu, 11359->11697->6368 MB, 12680 MB goal, 0 MB stacks, 0 MB globals, 16 P
gc 32 @83.970s 1%: 0.10+300+0.012 ms clock, 1.7+0.10/1197/3266+0.19 ms cpu, 11411->11771->6406 MB, 12737 MB goal, 0 MB stacks, 0 MB globals, 16 P
gc 33 @86.583s 1%: 0.10+297+0.022 ms clock, 1.6+0.16/1189/3267+0.35 ms cpu, 11475->11810->6402 MB, 12814 MB goal, 0 MB stacks, 0 MB globals, 16 P
gc 34 @89.194s 1%: 0.10+294+0.012 ms clock, 1.6+0.12/1173/3196+0.20 ms cpu, 11461->11808->6322 MB, 12805 MB goal, 0 MB stacks, 0 MB globals, 16 P
gc 35 @91.733s 1%: 0.093+298+0.013 ms clock, 1.5+0.19/1190/3168+0.22 ms cpu, 11327->11667->6323 MB, 12645 MB goal, 0 MB stacks, 0 MB globals, 16 P
gc 36 @94.332s 1%: 0.10+293+0.018 ms clock, 1.6+0.14/1171/3154+0.30 ms cpu, 11326->11674->6339 MB, 12647 MB goal, 0 MB stacks, 0 MB globals, 16 P
gc 37 @96.887s 1%: 0.050+297+0.18 ms clock, 0.80+0.12/1187/3238+2.9 ms cpu, 11356->11709->6350 MB, 12679 MB goal, 0 MB stacks, 0 MB globals, 16 P
gc 38 @99.455s 1%: 0.10+296+0.015 ms clock, 1.6+0.13/1182/3237+0.24 ms cpu, 11389->11758->6371 MB, 12702 MB goal, 0 MB stacks, 0 MB globals, 16 P
gc 39 @102.018s 1%: 0.10+298+0.024 ms clock, 1.6+0.089/1190/3250+0.39 ms cpu, 11368->11717->6360 MB, 12744 MB goal, 0 MB stacks, 0 MB globals, 16 P
gc 40 @157.930s 0%: 0.089+293+0.016 ms clock, 1.4+0.071/1172/3202+0.26 ms cpu, 11344->11523->6155 MB, 12722 MB goal, 0 MB stacks, 0 MB globals, 16 P
gc 41 @162.912s 1%: 0.042+292+0.013 ms clock, 0.67+0.13/1168/3197+0.21 ms cpu, 10944->11114->6148 MB, 12311 MB goal, 0 MB stacks, 0 MB globals, 16 P
gc 42 @167.986s 1%: 0.041+289+0.013 ms clock, 0.66+0.063/1155/3173+0.21 ms cpu, 10929->11099->6148 MB, 12296 MB goal, 0 MB stacks, 0 MB globals, 16 P
gc 43 @173.149s 1%: 0.061+301+0.018 ms clock, 0.98+0.093/1206/3300+0.29 ms cpu, 10929->11099->6147 MB, 12297 MB goal, 0 MB stacks, 0 MB globals, 16 P
gc 44 @178.446s 1%: 0.044+296+0.019 ms clock, 0.70+0.084/1184/3208+0.30 ms cpu, 11007->11189->6158 MB, 12296 MB goal, 0 MB stacks, 0 MB globals, 16 P
gc 45 @184.808s 1%: 0.037+304+0.013 ms clock, 0.60+0.20/1217/3340+0.22 ms cpu, 11643->11851->6220 MB, 12317 MB goal, 0 MB stacks, 0 MB globals, 16 P
gc 46 @189.453s 1%: 0.17+315+0.013 ms clock, 2.7+0.15/1261/3462+0.20 ms cpu, 11664->11889->6527 MB, 12440 MB goal, 0 MB stacks, 0 MB globals, 16 P
gc 47 @194.281s 1%: 0.14+339+0.011 ms clock, 2.3+0.15/1355/3706+0.17 ms cpu, 12217->12432->6820 MB, 13056 MB goal, 0 MB stacks, 0 MB globals, 16 P
gc 48 @199.418s 1%: 0.13+381+0.012 ms clock, 2.2+0.13/1526/4180+0.20 ms cpu, 12753->12988->7213 MB, 13641 MB goal, 0 MB stacks, 0 MB globals, 16 P
gc 49 @206.108s 1%: 0.18+458+0.015 ms clock, 2.8+0.25/1832/5035+0.25 ms cpu, 13478->13660->8004 MB, 14428 MB goal, 0 MB stacks, 0 MB globals, 16 P
gc 50 @213.179s 1%: 0.18+350+0.008 ms clock, 2.9+0.24/1403/3854+0.14 ms cpu, 14940->15161->7015 MB, 16010 MB goal, 0 MB stacks, 0 MB globals, 16 P
gc 51 @218.344s 1%: 0.10+356+0.013 ms clock, 1.7+0.21/1424/3903+0.21 ms cpu, 13112->13349->7273 MB, 14031 MB goal, 0 MB stacks, 0 MB globals, 16 P
gc 52 @223.820s 1%: 0.11+360+0.011 ms clock, 1.7+0.27/1438/3938+0.19 ms cpu, 13660->13903->7278 MB, 14546 MB goal, 0 MB stacks, 0 MB globals, 16 P
gc 53 @230.308s 1%: 0.12+415+0.020 ms clock, 1.9+0.18/1658/4541+0.32 ms cpu, 13651->13858->7604 MB, 14558 MB goal, 0 MB stacks, 0 MB globals, 16 P
gc 54 @237.802s 1%: 0.10+287+0.015 ms clock, 1.6+0.23/1150/3160+0.24 ms cpu, 14263->14422->6136 MB, 15210 MB goal, 0 MB stacks, 0 MB globals, 16 P
gc 55 @243.540s 1%: 0.11+311+0.023 ms clock, 1.8+0.14/1245/3401+0.38 ms cpu, 11531->11712->6491 MB, 12274 MB goal, 0 MB stacks, 0 MB globals, 16 P
gc 56 @249.576s 1%: 0.046+340+0.013 ms clock, 0.75+0.21/1358/3702+0.21 ms cpu, 12188->12387->6944 MB, 12982 MB goal, 0 MB stacks, 0 MB globals, 16 P
gc 57 @256.082s 1%: 0.040+338+0.020 ms clock, 0.65+0.21/1352/3703+0.33 ms cpu, 13027->13236->6979 MB, 13889 MB goal, 0 MB stacks, 0 MB globals, 16 P
gc 58 @263.111s 1%: 0.15+293+0.025 ms clock, 2.4+0.20/1167/3186+0.40 ms cpu, 13180->13385->6182 MB, 13960 MB goal, 0 MB stacks, 0 MB globals, 16 P
gc 59 @267.682s 1%: 0.16+289+0.025 ms clock, 2.6+0.22/1156/3167+0.41 ms cpu, 11600->11799->6176 MB, 12364 MB goal, 0 MB stacks, 0 MB globals, 16 P
gc 60 @272.222s 1%: 0.14+293+0.012 ms clock, 2.2+0.29/1172/3122+0.20 ms cpu, 11588->11790->6178 MB, 12353 MB goal, 0 MB stacks, 0 MB globals, 16 P
gc 61 @276.765s 1%: 0.14+342+0.017 ms clock, 2.2+0.32/1367/3731+0.28 ms cpu, 11593->11837->7094 MB, 12358 MB goal, 0 MB stacks, 0 MB globals, 16 P
gc 62 @282.660s 1%: 0.13+380+0.017 ms clock, 2.1+0.22/1520/4177+0.28 ms cpu, 13279->13489->7420 MB, 14188 MB goal, 0 MB stacks, 0 MB globals, 16 P
gc 63 @288.596s 1%: 0.14+324+0.016 ms clock, 2.2+0.16/1298/3551+0.26 ms cpu, 13888->14098->6623 MB, 14840 MB goal, 0 MB stacks, 0 MB globals, 16 P
gc 64 @293.465s 1%: 0.11+346+0.014 ms clock, 1.9+0.21/1384/3800+0.22 ms cpu, 12408->12649->7021 MB, 13247 MB goal, 0 MB stacks, 0 MB globals, 16 P
gc 65 @298.661s 1%: 0.10+374+0.016 ms clock, 1.7+0.17/1495/4096+0.26 ms cpu, 13141->13414->7396 MB, 14043 MB goal, 0 MB stacks, 0 MB globals, 16 P
gc 66 @305.361s 1%: 0.11+451+0.016 ms clock, 1.7+0.18/1803/4947+0.26 ms cpu, 13773->13977->8304 MB, 14794 MB goal, 0 MB stacks, 0 MB globals, 16 P
gc 67 @313.492s 1%: 0.10+346+0.010 ms clock, 1.7+0.19/1378/3767+0.16 ms cpu, 15432->15614->6865 MB, 16609 MB goal, 0 MB stacks, 0 MB globals, 16 P
gc 68 @319.842s 1%: 0.10+365+0.017 ms clock, 1.7+0.13/1459/3991+0.28 ms cpu, 12786->12994->7245 MB, 13731 MB goal, 0 MB stacks, 0 MB globals, 16 P
gc 69 @326.603s 1%: 0.14+405+0.014 ms clock, 2.2+0.18/1617/4398+0.23 ms cpu, 13486->13700->7562 MB, 14491 MB goal, 0 MB stacks, 0 MB globals, 16 P
gc 70 @333.631s 1%: 0.11+415+0.019 ms clock, 1.9+0.12/1661/4565+0.31 ms cpu, 14066->14309->8156 MB, 15125 MB goal, 0 MB stacks, 0 MB globals, 16 P
gc 71 @343.445s 1%: 0.11+297+0.015 ms clock, 1.8+0.36/1189/3267+0.25 ms cpu, 15403->15552->6201 MB, 16312 MB goal, 0 MB stacks, 0 MB globals, 16 P
gc 72 @349.422s 1%: 0.12+342+0.013 ms clock, 2.0+0.25/1369/3750+0.22 ms cpu, 11743->11928->6967 MB, 12402 MB goal, 0 MB stacks, 0 MB globals, 16 P
gc 73 @356.110s 1%: 0.13+359+0.012 ms clock, 2.2+0.19/1437/3939+0.19 ms cpu, 13178->13392->7252 MB, 13936 MB goal, 0 MB stacks, 0 MB globals, 16 P
gc 74 @363.142s 1%: 0.16+368+0.014 ms clock, 2.6+0.21/1472/4017+0.23 ms cpu, 13706->13918->7250 MB, 14506 MB goal, 0 MB stacks, 0 MB globals, 16 P
gc 75 @370.306s 1%: 0.12+359+0.010 ms clock, 1.9+0.11/1436/3936+0.16 ms cpu, 13702->13796->7137 MB, 14502 MB goal, 0 MB stacks, 0 MB globals, 16 P
gc 76 @376.804s 1%: 0.12+295+0.013 ms clock, 1.9+0.21/1177/3211+0.21 ms cpu, 13475->13697->6197 MB, 14276 MB goal, 0 MB stacks, 0 MB globals, 16 P
gc 77 @381.202s 1%: 0.13+287+0.018 ms clock, 2.1+0.23/1147/3153+0.29 ms cpu, 11573->11771->6176 MB, 12396 MB goal, 0 MB stacks, 0 MB globals, 16 P
gc 78 @385.448s 1%: 0.13+290+0.021 ms clock, 2.0+0.20/1162/3180+0.34 ms cpu, 11530->11751->6197 MB, 12352 MB goal, 0 MB stacks, 0 MB globals, 16 P
gc 79 @389.713s 1%: 0.13+323+0.014 ms clock, 2.0+0.25/1292/3481+0.23 ms cpu, 11569->11804->6211 MB, 12395 MB goal, 0 MB stacks, 0 MB globals, 16 P
gc 80 @394.033s 1%: 0.13+294+0.016 ms clock, 2.0+0.26/1175/3209+0.26 ms cpu, 11555->11769->6191 MB, 12422 MB goal, 0 MB stacks, 0 MB globals, 16 P
gc 81 @398.250s 1%: 0.12+292+0.019 ms clock, 1.9+0.24/1169/3203+0.31 ms cpu, 11516->11737->6198 MB, 12383 MB goal, 0 MB stacks, 0 MB globals, 16 P
gc 82 @402.590s 1%: 0.11+289+0.016 ms clock, 1.8+0.28/1156/3168+0.25 ms cpu, 11529->11722->6169 MB, 12396 MB goal, 0 MB stacks, 0 MB globals, 16 P
gc 83 @406.931s 1%: 0.11+296+0.021 ms clock, 1.8+0.19/1182/3242+0.35 ms cpu, 11472->11686->6275 MB, 12340 MB goal, 0 MB stacks, 0 MB globals, 16 P
gc 84 @411.348s 1%: 0.12+325+0.018 ms clock, 1.9+0.26/1281/3508+0.29 ms cpu, 11669->11911->6653 MB, 12552 MB goal, 0 MB stacks, 0 MB globals, 16 P
gc 85 @416.007s 1%: 0.11+348+0.018 ms clock, 1.8+0.17/1392/3816+0.29 ms cpu, 12406->12650->7027 MB, 13307 MB goal, 0 MB stacks, 0 MB globals, 16 P
gc 86 @420.991s 1%: 0.12+379+0.014 ms clock, 1.9+0.18/1515/4156+0.23 ms cpu, 13090->13367->7502 MB, 14055 MB goal, 0 MB stacks, 0 MB globals, 16 P
gc 87 @427.464s 1%: 0.095+313+0.015 ms clock, 1.5+0.27/1251/3381+0.24 ms cpu, 13969->14169->6177 MB, 15005 MB goal, 0 MB stacks, 0 MB globals, 16 P
gc 88 @431.839s 1%: 0.099+290+0.020 ms clock, 1.5+0.18/1159/3178+0.32 ms cpu, 11532->11753->6197 MB, 12355 MB goal, 0 MB stacks, 0 MB globals, 16 P
gc 89 @436.120s 1%: 0.10+294+0.013 ms clock, 1.7+0.26/1176/3167+0.22 ms cpu, 11572->11803->6207 MB, 12395 MB goal, 0 MB stacks, 0 MB globals, 16 P
gc 90 @440.393s 1%: 0.12+293+0.012 ms clock, 1.9+0.21/1171/3206+0.19 ms cpu, 11562->11785->6200 MB, 12415 MB goal, 0 MB stacks, 0 MB globals, 16 P
gc 91 @444.701s 1%: 0.12+291+0.023 ms clock, 1.9+0.24/1166/3203+0.38 ms cpu, 11547->11757->6186 MB, 12401 MB goal, 0 MB stacks, 0 MB globals, 16 P
gc 92 @448.927s 1%: 0.11+295+0.014 ms clock, 1.9+0.22/1174/3183+0.23 ms cpu, 11520->11750->6206 MB, 12373 MB goal, 0 MB stacks, 0 MB globals, 16 P
gc 93 @453.191s 1%: 0.12+290+0.024 ms clock, 1.9+0.21/1159/3176+0.38 ms cpu, 11560->11777->6193 MB, 12414 MB goal, 0 MB stacks, 0 MB globals, 16 P
gc 94 @457.501s 1%: 0.11+301+0.010 ms clock, 1.8+0.21/1204/3295+0.16 ms cpu, 11533->11768->6310 MB, 12386 MB goal, 0 MB stacks, 0 MB globals, 16 P
gc 95 @462.044s 1%: 0.12+334+0.022 ms clock, 1.9+1.1/1336/3452+0.36 ms cpu, 11744->11971->6660 MB, 12622 MB goal, 0 MB stacks, 0 MB globals, 16 P
gc 96 @466.796s 1%: 0.11+349+0.008 ms clock, 1.8+0.20/1396/3813+0.13 ms cpu, 12379->12631->7055 MB, 13321 MB goal, 0 MB stacks, 0 MB globals, 16 P
gc 97 @472.002s 1%: 0.11+402+0.018 ms clock, 1.8+0.25/1610/4418+0.29 ms cpu, 13103->13364->7506 MB, 14111 MB goal, 0 MB stacks, 0 MB globals, 16 P
gc 98 @478.318s 1%: 0.10+303+0.019 ms clock, 1.7+0.34/1209/3133+0.31 ms cpu, 13926->14140->6191 MB, 15013 MB goal, 0 MB stacks, 0 MB globals, 16 P
gc 99 @482.684s 1%: 0.10+291+0.010 ms clock, 1.6+0.21/1165/3200+0.17 ms cpu, 11522->11739->6194 MB, 12383 MB goal, 0 MB stacks, 0 MB globals, 16 P
gc 100 @487.054s 1%: 0.094+291+0.015 ms clock, 1.5+0.23/1163/3193+0.24 ms cpu, 11576->11783->6183 MB, 12388 MB goal, 0 MB stacks, 0 MB globals, 16 P
gc 101 @491.432s 1%: 0.11+293+0.011 ms clock, 1.8+1.9/1172/3207+0.18 ms cpu, 11556->11770->6191 MB, 12368 MB goal, 0 MB stacks, 0 MB globals, 16 P
gc 102 @495.843s 1%: 0.11+292+0.013 ms clock, 1.9+0.18/1167/3202+0.22 ms cpu, 11570->11796->6202 MB, 12382 MB goal, 0 MB stacks, 0 MB globals, 16 P
gc 103 @500.179s 1%: 0.12+290+0.027 ms clock, 1.9+0.21/1162/3192+0.43 ms cpu, 11561->11775->6191 MB, 12405 MB goal, 0 MB stacks, 0 MB globals, 16 P
gc 104 @504.526s 1%: 0.11+292+0.016 ms clock, 1.9+0.20/1166/3190+0.25 ms cpu, 11539->11753->6191 MB, 12383 MB goal, 0 MB stacks, 0 MB globals, 16 P
gc 105 @508.942s 1%: 0.12+302+0.010 ms clock, 2.0+0.28/1201/3302+0.16 ms cpu, 11539->11755->6309 MB, 12383 MB goal, 0 MB stacks, 0 MB globals, 16 P
gc 106 @513.394s 1%: 0.12+326+0.017 ms clock, 1.9+0.22/1301/3538+0.28 ms cpu, 11754->11995->6694 MB, 12618 MB goal, 0 MB stacks, 0 MB globals, 16 P
gc 107 @518.092s 1%: 0.11+350+0.015 ms clock, 1.9+0.26/1400/3832+0.24 ms cpu, 12462->12722->7087 MB, 13390 MB goal, 0 MB stacks, 0 MB globals, 16 P
gc 108 @523.162s 1%: 0.11+382+0.027 ms clock, 1.8+0.20/1527/4137+0.43 ms cpu, 13207->13471->7539 MB, 14176 MB goal, 0 MB stacks, 0 MB globals, 16 P
gc 109 @529.467s 1%: 0.098+296+0.024 ms clock, 1.5+0.24/1182/3243+0.39 ms cpu, 14034->14253->6196 MB, 15079 MB goal, 0 MB stacks, 0 MB globals, 16 P
gc 110 @533.762s 1%: 0.094+296+0.014 ms clock, 1.5+0.27/1182/3228+0.22 ms cpu, 11571->11808->6213 MB, 12393 MB goal, 0 MB stacks, 0 MB globals, 16 P
gc 111 @538.075s 1%: 0.10+289+0.015 ms clock, 1.6+0.19/1157/3177+0.25 ms cpu, 11544->11755->6188 MB, 12428 MB goal, 0 MB stacks, 0 MB globals, 16 P
gc 112 @542.297s 1%: 0.13+295+0.021 ms clock, 2.2+0.21/1178/3223+0.33 ms cpu, 11492->11716->6200 MB, 12376 MB goal, 0 MB stacks, 0 MB globals, 16 P
gc 113 @546.559s 1%: 0.11+291+0.009 ms clock, 1.8+0.21/1164/3193+0.15 ms cpu, 11518->11735->6194 MB, 12402 MB goal, 0 MB stacks, 0 MB globals, 16 P
gc 114 @550.814s 1%: 0.12+291+0.016 ms clock, 1.9+0.19/1164/3187+0.26 ms cpu, 11505->11714->6186 MB, 12389 MB goal, 0 MB stacks, 0 MB globals, 16 P
gc 115 @555.025s 1%: 0.12+294+0.032 ms clock, 1.9+0.22/1171/3203+0.52 ms cpu, 11490->11709->6195 MB, 12374 MB goal, 0 MB stacks, 0 MB globals, 16 P
gc 116 @559.329s 1%: 0.12+301+0.027 ms clock, 1.9+0.23/1204/3290+0.43 ms cpu, 11556->11774->6331 MB, 12391 MB goal, 0 MB stacks, 0 MB globals, 16 P
gc 117 @563.773s 1%: 0.12+327+0.024 ms clock, 1.9+0.23/1308/3561+0.39 ms cpu, 11804->12055->6722 MB, 12662 MB goal, 0 MB stacks, 0 MB globals, 16 P
gc 118 @568.907s 1%: 0.12+420+0.009 ms clock, 2.0+0.26/1677/4481+0.15 ms cpu, 12512->12754->7098 MB, 13446 MB goal, 0 MB stacks, 0 MB globals, 16 P
gc 119 @573.999s 1%: 0.12+380+0.018 ms clock, 2.0+0.27/1521/4174+0.30 ms cpu, 13195->13442->7544 MB, 14197 MB goal, 0 MB stacks, 0 MB globals, 16 P
gc 120 @580.110s 1%: 0.10+292+0.011 ms clock, 1.6+0.26/1169/3179+0.18 ms cpu, 14009->14206->6174 MB, 15088 MB goal, 0 MB stacks, 0 MB globals, 16 P
gc 121 @584.361s 1%: 0.098+296+0.017 ms clock, 1.5+0.24/1179/3189+0.28 ms cpu, 11503->11734->6207 MB, 12349 MB goal, 0 MB stacks, 0 MB globals, 16 P
gc 122 @588.693s 1%: 0.10+296+0.018 ms clock, 1.6+0.23/1184/3216+0.29 ms cpu, 11562->11780->6193 MB, 12416 MB goal, 0 MB stacks, 0 MB globals, 16 P
gc 123 @592.979s 1%: 0.11+296+0.019 ms clock, 1.8+0.21/1184/3211+0.30 ms cpu, 11534->11752->6194 MB, 12388 MB goal, 0 MB stacks, 0 MB globals, 16 P
gc 124 @597.234s 1%: 0.12+299+0.015 ms clock, 1.9+0.17/1197/3249+0.24 ms cpu, 11536->11763->6204 MB, 12389 MB goal, 0 MB stacks, 0 MB globals, 16 P
gc 125 @601.516s 1%: 0.11+293+0.012 ms clock, 1.8+0.21/1172/3186+0.19 ms cpu, 11556->11790->6210 MB, 12409 MB goal, 0 MB stacks, 0 MB globals, 16 P
gc 126 @605.807s 1%: 0.11+291+0.012 ms clock, 1.9+0.19/1163/3195+0.19 ms cpu, 11552->11771->6195 MB, 12421 MB goal, 0 MB stacks, 0 MB globals, 16 P
gc 127 @610.188s 1%: 0.11+301+0.014 ms clock, 1.9+0.22/1205/3309+0.22 ms cpu, 11522->11737->6353 MB, 12391 MB goal, 0 MB stacks, 0 MB globals, 16 P
gc 128 @614.633s 1%: 0.12+339+0.016 ms clock, 1.9+0.19/1356/3656+0.25 ms cpu, 11809->12076->6764 MB, 12707 MB goal, 0 MB stacks, 0 MB globals, 16 P
gc 129 @619.541s 1%: 0.11+355+0.013 ms clock, 1.8+0.22/1418/3881+0.20 ms cpu, 12542->12794->7136 MB, 13529 MB goal, 0 MB stacks, 0 MB globals, 16 P
gc 130 @624.563s 1%: 0.11+393+0.016 ms clock, 1.8+0.18/1543/4203+0.26 ms cpu, 13213->13320->7435 MB, 14273 MB goal, 0 MB stacks, 0 MB globals, 16 P
gc 131 @630.424s 1%: 0.097+293+0.024 ms clock, 1.5+0.23/1170/3210+0.38 ms cpu, 13729->13939->6187 MB, 14871 MB goal, 0 MB stacks, 0 MB globals, 16 P
gc 132 @634.636s 1%: 0.095+295+0.025 ms clock, 1.5+0.26/1174/3202+0.40 ms cpu, 11483->11689->6182 MB, 12375 MB goal, 0 MB stacks, 0 MB globals, 16 P
gc 133 @638.867s 1%: 0.098+294+0.012 ms clock, 1.5+0.18/1174/3193+0.19 ms cpu, 11475->11709->6210 MB, 12366 MB goal, 0 MB stacks, 0 MB globals, 16 P
gc 134 @643.136s 1%: 0.11+291+0.017 ms clock, 1.9+0.22/1162/3176+0.27 ms cpu, 11552->11761->6185 MB, 12420 MB goal, 0 MB stacks, 0 MB globals, 16 P
gc 135 @647.371s 1%: 0.11+293+0.016 ms clock, 1.8+0.21/1171/3211+0.25 ms cpu, 11503->11724->6198 MB, 12371 MB goal, 0 MB stacks, 0 MB globals, 16 P
gc 136 @651.606s 1%: 0.12+306+0.016 ms clock, 1.9+0.28/1224/3319+0.26 ms cpu, 11529->11750->6198 MB, 12397 MB goal, 0 MB stacks, 0 MB globals, 16 P
gc 137 @655.897s 1%: 0.11+296+0.018 ms clock, 1.8+0.17/1182/3237+0.29 ms cpu, 11528->11763->6210 MB, 12396 MB goal, 0 MB stacks, 0 MB globals, 16 P
gc 138 @660.208s 1%: 0.12+304+0.010 ms clock, 2.0+0.19/1214/3312+0.16 ms cpu, 11546->11765->6352 MB, 12422 MB goal, 0 MB stacks, 0 MB globals, 16 P
gc 139 @664.810s 1%: 0.13+326+0.012 ms clock, 2.1+0.19/1304/3572+0.19 ms cpu, 11801->12034->6724 MB, 12706 MB goal, 0 MB stacks, 0 MB globals, 16 P
gc 140 @669.588s 1%: 0.12+354+0.020 ms clock, 2.0+0.21/1417/3888+0.32 ms cpu, 12479->12729->7124 MB, 13448 MB goal, 0 MB stacks, 0 MB globals, 16 P
gc 141 @674.702s 1%: 0.10+387+0.015 ms clock, 1.6+0.17/1548/4238+0.24 ms cpu, 13210->13428->7533 MB, 14250 MB goal, 0 MB stacks, 0 MB globals, 16 P
gc 142 @681.134s 1%: 0.10+293+0.014 ms clock, 1.6+0.16/1170/3180+0.22 ms cpu, 13948->14148->6177 MB, 15067 MB goal, 0 MB stacks, 0 MB globals, 16 P
gc 143 @685.510s 1%: 0.091+298+0.015 ms clock, 1.4+0.19/1193/3276+0.24 ms cpu, 11565->11785->6196 MB, 12355 MB goal, 0 MB stacks, 0 MB globals, 16 P
gc 144 @689.797s 1%: 0.10+297+0.011 ms clock, 1.6+0.26/1187/3258+0.18 ms cpu, 11571->11801->6205 MB, 12394 MB goal, 0 MB stacks, 0 MB globals, 16 P
gc 145 @694.082s 1%: 0.12+294+0.018 ms clock, 1.9+0.19/1176/3141+0.29 ms cpu, 11553->11774->6198 MB, 12412 MB goal, 0 MB stacks, 0 MB globals, 16 P
gc 146 @698.429s 1%: 0.12+293+0.015 ms clock, 2.0+0.18/1170/3205+0.24 ms cpu, 11538->11747->6186 MB, 12397 MB goal, 0 MB stacks, 0 MB globals, 16 P
gc 147 @702.637s 1%: 0.12+295+0.015 ms clock, 1.9+0.23/1180/3238+0.24 ms cpu, 11513->11757->6220 MB, 12372 MB goal, 0 MB stacks, 0 MB globals, 16 P
gc 148 @706.891s 1%: 0.12+294+0.011 ms clock, 2.0+0.20/1177/3224+0.18 ms cpu, 11529->11758->6205 MB, 12440 MB goal, 0 MB stacks, 0 MB globals, 16 P
gc 149 @711.163s 1%: 0.11+305+0.016 ms clock, 1.9+1.9/1221/3354+0.26 ms cpu, 11500->11731->6374 MB, 12411 MB goal, 0 MB stacks, 0 MB globals, 16 P
gc 150 @715.612s 1%: 0.10+331+0.015 ms clock, 1.7+0.24/1323/3609+0.24 ms cpu, 11807->12085->6780 MB, 12749 MB goal, 0 MB stacks, 0 MB globals, 16 P
gc 151 @720.518s 1%: 0.12+399+0.010 ms clock, 2.0+0.37/1592/4250+0.16 ms cpu, 12529->12790->7149 MB, 13562 MB goal, 0 MB stacks, 0 MB globals, 16 P
gc 152 @726.207s 1%: 0.13+444+0.017 ms clock, 2.1+0.20/1775/4714+0.28 ms cpu, 13192->13277->7415 MB, 14300 MB goal, 0 MB stacks, 0 MB globals, 16 P
gc 153 @732.945s 1%: 0.10+345+0.011 ms clock, 1.6+0.25/1379/3659+0.18 ms cpu, 13639->13837->6175 MB, 14831 MB goal, 0 MB stacks, 0 MB globals, 16 P
gc 154 @737.385s 1%: 0.11+302+0.017 ms clock, 1.7+0.30/1208/3088+0.27 ms cpu, 11421->11633->6188 MB, 12352 MB goal, 0 MB stacks, 0 MB globals, 16 P
gc 155 @741.601s 1%: 0.10+295+0.011 ms clock, 1.6+0.18/1179/3222+0.18 ms cpu, 11447->11677->6206 MB, 12378 MB goal, 0 MB stacks, 0 MB globals, 16 P
gc 156 @745.951s 1%: 0.12+296+0.015 ms clock, 1.9+0.21/1183/3243+0.25 ms cpu, 11554->11775->6197 MB, 12412 MB goal, 0 MB stacks, 0 MB globals, 16 P
gc 157 @750.241s 1%: 0.12+293+0.019 ms clock, 1.9+0.25/1173/3223+0.30 ms cpu, 11537->11759->6199 MB, 12394 MB goal, 0 MB stacks, 0 MB globals, 16 P
gc 158 @754.615s 1%: 0.13+294+0.017 ms clock, 2.1+0.19/1175/3221+0.27 ms cpu, 11541->11771->6206 MB, 12399 MB goal, 0 MB stacks, 0 MB globals, 16 P
gc 159 @758.874s 1%: 0.12+295+0.020 ms clock, 1.9+0.20/1174/3205+0.32 ms cpu, 11555->11786->6207 MB, 12413 MB goal, 0 MB stacks, 0 MB globals, 16 P
gc 160 @763.191s 1%: 0.12+305+0.023 ms clock, 2.0+0.25/1221/3250+0.37 ms cpu, 11555->11776->6345 MB, 12416 MB goal, 0 MB stacks, 0 MB globals, 16 P
gc 161 @767.652s 1%: 0.12+324+0.020 ms clock, 1.9+0.28/1297/3560+0.33 ms cpu, 11804->12046->6727 MB, 12691 MB goal, 0 MB stacks, 0 MB globals, 16 P
gc 162 @772.360s 1%: 0.12+352+0.011 ms clock, 1.9+0.25/1407/3836+0.17 ms cpu, 12503->12739->7103 MB, 13456 MB goal, 0 MB stacks, 0 MB globals, 16 P
gc 163 @777.354s 1%: 0.10+381+0.022 ms clock, 1.6+0.23/1523/4188+0.36 ms cpu, 13186->13444->7563 MB, 14206 MB goal, 0 MB stacks, 0 MB globals, 16 P
gc 164 @785.140s 1%: 0.094+292+0.023 ms clock, 1.5+0.17/1167/3205+0.37 ms cpu, 14028->14190->6140 MB, 15127 MB goal, 0 MB stacks, 0 MB globals, 16 P
gc 165 @790.780s 1%: 0.094+293+0.013 ms clock, 1.5+0.16/1170/3207+0.21 ms cpu, 11464->11632->6145 MB, 12281 MB goal, 0 MB stacks, 0 MB globals, 16 P
gc 166 @796.419s 1%: 0.12+292+0.022 ms clock, 2.0+0.14/1167/3201+0.35 ms cpu, 11475->11642->6144 MB, 12292 MB goal, 0 MB stacks, 0 MB globals, 16 P
gc 167 @802.236s 1%: 0.048+291+0.011 ms clock, 0.77+0.20/1165/3202+0.18 ms cpu, 11532->11702->6146 MB, 12289 MB goal, 0 MB stacks, 0 MB globals, 16 P
gc 168 @807.965s 1%: 0.14+291+0.017 ms clock, 2.2+0.21/1164/3199+0.27 ms cpu, 11537->11705->6146 MB, 12294 MB goal, 0 MB stacks, 0 MB globals, 16 P
gc 169 @813.918s 1%: 0.15+304+0.012 ms clock, 2.4+0.20/1211/3290+0.19 ms cpu, 11659->11828->6145 MB, 12293 MB goal, 0 MB stacks, 0 MB globals, 16 P
gc 170 @819.729s 1%: 0.14+292+0.025 ms clock, 2.3+0.25/1167/3205+0.40 ms cpu, 11658->11827->6147 MB, 12292 MB goal, 0 MB stacks, 0 MB globals, 16 P
gc 171 @825.557s 1%: 0.15+292+0.026 ms clock, 2.5+0.25/1169/3209+0.42 ms cpu, 11660->11827->6144 MB, 12294 MB goal, 0 MB stacks, 0 MB globals, 16 P
gc 172 @831.373s 1%: 0.15+290+0.015 ms clock, 2.4+0.25/1160/3186+0.25 ms cpu, 11654->11824->6147 MB, 12289 MB goal, 0 MB stacks, 0 MB globals, 16 P
gc 173 @837.257s 1%: 0.14+304+0.014 ms clock, 2.3+0.25/1219/3346+0.22 ms cpu, 11658->11833->6349 MB, 12294 MB goal, 0 MB stacks, 0 MB globals, 16 P
gc 174 @843.359s 1%: 0.15+333+0.015 ms clock, 2.4+0.41/1331/3561+0.24 ms cpu, 12038->12240->6689 MB, 12700 MB goal, 0 MB stacks, 0 MB globals, 16 P
gc 175 @849.690s 1%: 0.19+357+0.017 ms clock, 3.1+0.22/1426/3908+0.27 ms cpu, 12636->12837->7042 MB, 13380 MB goal, 0 MB stacks, 0 MB globals, 16 P
gc 176 @856.498s 1%: 0.14+388+0.012 ms clock, 2.2+0.16/1550/4090+0.19 ms cpu, 13293->13512->7437 MB, 14086 MB goal, 0 MB stacks, 0 MB globals, 16 P
gc 177 @864.970s 1%: 0.10+291+0.025 ms clock, 1.7+0.18/1165/3196+0.40 ms cpu, 14029->14189->6137 MB, 14874 MB goal, 0 MB stacks, 0 MB globals, 16 P
gc 178 @870.795s 1%: 0.10+292+0.016 ms clock, 1.7+0.24/1169/3195+0.25 ms cpu, 11604->11776->6150 MB, 12276 MB goal, 0 MB stacks, 0 MB globals, 16 P
gc 179 @876.576s 1%: 0.12+290+0.015 ms clock, 2.0+0.24/1159/3182+0.25 ms cpu, 11628->11795->6145 MB, 12301 MB goal, 0 MB stacks, 0 MB globals, 16 P
gc 180 @882.415s 1%: 0.044+293+0.017 ms clock, 0.70+0.17/1169/3205+0.27 ms cpu, 11647->11816->6146 MB, 12290 MB goal, 0 MB stacks, 0 MB globals, 16 P
gc 181 @888.328s 1%: 0.14+294+0.021 ms clock, 2.3+0.21/1174/3214+0.34 ms cpu, 11649->11825->6152 MB, 12292 MB goal, 0 MB stacks, 0 MB globals, 16 P
gc 182 @894.186s 1%: 0.19+295+0.014 ms clock, 3.1+0.19/1179/3221+0.22 ms cpu, 11649->11819->6146 MB, 12306 MB goal, 0 MB stacks, 0 MB globals, 16 P
gc 183 @900.003s 1%: 0.13+291+0.017 ms clock, 2.2+0.25/1166/3201+0.27 ms cpu, 11638->11818->6157 MB, 12294 MB goal, 0 MB stacks, 0 MB globals, 16 P
gc 184 @905.812s 1%: 0.14+293+0.015 ms clock, 2.3+0.23/1174/3218+0.24 ms cpu, 11642->11819->6154 MB, 12315 MB goal, 0 MB stacks, 0 MB globals, 16 P
gc 185 @911.630s 1%: 0.15+290+0.020 ms clock, 2.4+0.19/1158/3174+0.32 ms cpu, 11636->11789->6130 MB, 12309 MB goal, 0 MB stacks, 0 MB globals, 16 P
gc 186 @917.492s 1%: 0.13+294+0.025 ms clock, 2.2+0.18/1175/3224+0.40 ms cpu, 11587->11763->6175 MB, 12260 MB goal, 0 MB stacks, 0 MB globals, 16 P
gc 187 @923.390s 1%: 0.14+316+0.017 ms clock, 2.3+0.25/1262/3451+0.28 ms cpu, 11675->11857->6469 MB, 12351 MB goal, 0 MB stacks, 0 MB globals, 16 P
gc 188 @929.603s 1%: 0.15+336+0.019 ms clock, 2.4+0.22/1344/3690+0.30 ms cpu, 12223->12403->6799 MB, 12939 MB goal, 0 MB stacks, 0 MB globals, 16 P
gc 189 @936.091s 1%: 0.14+377+0.014 ms clock, 2.2+0.26/1505/3972+0.22 ms cpu, 12850->13055->7186 MB, 13600 MB goal, 0 MB stacks, 0 MB globals, 16 P
gc 190 @943.106s 1%: 0.11+408+0.020 ms clock, 1.9+0.25/1632/4486+0.33 ms cpu, 13583->13783->7559 MB, 14373 MB goal, 0 MB stacks, 0 MB globals, 16 P
gc 191 @951.932s 1%: 0.10+309+0.015 ms clock, 1.7+0.25/1236/3382+0.24 ms cpu, 14276->14443->6240 MB, 15118 MB goal, 0 MB stacks, 0 MB globals, 16 P
gc 192 @957.996s 1%: 0.11+324+0.016 ms clock, 1.8+0.25/1294/3540+0.26 ms cpu, 11829->12023->6562 MB, 12480 MB goal, 0 MB stacks, 0 MB globals, 16 P
gc 193 @964.293s 1%: 0.12+354+0.017 ms clock, 1.9+0.23/1412/3864+0.28 ms cpu, 12402->12613->6925 MB, 13125 MB goal, 0 MB stacks, 0 MB globals, 16 P
gc 194 @970.925s 1%: 0.15+376+0.021 ms clock, 2.4+0.20/1504/4133+0.33 ms cpu, 13062->13288->7311 MB, 13851 MB goal, 0 MB stacks, 0 MB globals, 16 P
gc 195 @979.062s 1%: 0.12+396+0.021 ms clock, 1.9+0.053/1586/4359+0.34 ms cpu, 13777->13894->7551 MB, 14623 MB goal, 0 MB stacks, 0 MB globals, 16 P
gc 196 @986.645s 1%: 0.12+293+0.012 ms clock, 2.0+0.15/1174/3225+0.20 ms cpu, 14208->14362->6132 MB, 15103 MB goal, 0 MB stacks, 0 MB globals, 16 P
gc 197 @992.490s 1%: 0.12+294+0.018 ms clock, 1.9+0.23/1176/3215+0.30 ms cpu, 11579->11762->6161 MB, 12266 MB goal, 0 MB stacks, 0 MB globals, 16 P
gc 198 @998.292s 1%: 0.12+298+0.028 ms clock, 1.9+0.17/1191/3170+0.45 ms cpu, 11636->11805->6146 MB, 12323 MB goal, 0 MB stacks, 0 MB globals, 16 P
gc 199 @1004.137s 1%: 0.15+291+0.027 ms clock, 2.5+0.22/1166/3205+0.43 ms cpu, 11606->11776->6148 MB, 12293 MB goal, 0 MB stacks, 0 MB globals, 16 P
gc 200 @1009.975s 1%: 0.15+300+0.014 ms clock, 2.4+0.17/1201/3157+0.22 ms cpu, 11614->11790->6153 MB, 12298 MB goal, 0 MB stacks, 0 MB globals, 16 P
gc 201 @1015.879s 1%: 0.14+292+0.011 ms clock, 2.3+0.21/1170/3213+0.17 ms cpu, 11623->11796->6150 MB, 12306 MB goal, 0 MB stacks, 0 MB globals, 16 P
gc 202 @1021.683s 1%: 0.14+292+0.015 ms clock, 2.3+0.26/1169/3209+0.24 ms cpu, 11618->11792->6151 MB, 12301 MB goal, 0 MB stacks, 0 MB globals, 16 P
gc 203 @1027.576s 1%: 0.14+293+0.008 ms clock, 2.3+0.26/1173/3223+0.12 ms cpu, 11652->11830->6155 MB, 12304 MB goal, 0 MB stacks, 0 MB globals, 16 P
gc 204 @1033.414s 1%: 0.14+292+0.014 ms clock, 2.3+0.23/1168/3200+0.22 ms cpu, 11644->11808->6142 MB, 12311 MB goal, 0 MB stacks, 0 MB globals, 16 P
gc 205 @1039.259s 1%: 0.14+293+0.025 ms clock, 2.3+0.21/1172/3217+0.41 ms cpu, 11617->11795->6156 MB, 12284 MB goal, 0 MB stacks, 0 MB globals, 16 P
gc 206 @1045.112s 1%: 0.14+296+0.014 ms clock, 2.3+0.18/1181/3230+0.23 ms cpu, 11646->11821->6152 MB, 12313 MB goal, 0 MB stacks, 0 MB globals, 16 P
gc 207 @1050.950s 1%: 0.16+296+0.014 ms clock, 2.7+0.23/1183/3218+0.22 ms cpu, 11638->11818->6156 MB, 12305 MB goal, 0 MB stacks, 0 MB globals, 16 P
gc 208 @1056.864s 1%: 0.14+295+0.013 ms clock, 2.3+0.17/1178/3193+0.21 ms cpu, 11646->11821->6152 MB, 12313 MB goal, 0 MB stacks, 0 MB globals, 16 P
