=== RUN   TestGenericSyncPreparedPositionsAndLegacyReplay
--- PASS: TestGenericSyncPreparedPositionsAndLegacyReplay (0.01s)
=== RUN   TestGenericSyncBatchesResumeAfterCompletedWave
--- PASS: TestGenericSyncBatchesResumeAfterCompletedWave (0.00s)
=== RUN   TestGenericSyncExactBatchBoundaryDoesNotProbeEOF
--- PASS: TestGenericSyncExactBatchBoundaryDoesNotProbeEOF (0.00s)
=== RUN   TestGenericSyncProjectionModesAndBorrowedScratch
--- PASS: TestGenericSyncProjectionModesAndBorrowedScratch (0.00s)
=== RUN   TestGenericSyncProducerVersusConsumerFailurePriority
--- PASS: TestGenericSyncProducerVersusConsumerFailurePriority (0.00s)
=== RUN   TestGenericSyncCurrentRequestCancelsBlockedAdvanceAndJoinsTask
--- PASS: TestGenericSyncCurrentRequestCancelsBlockedAdvanceAndJoinsTask (0.00s)
=== RUN   TestGenericSyncPreparationCancellationAndPublishedIndex
--- PASS: TestGenericSyncPreparationCancellationAndPublishedIndex (0.00s)
=== RUN   TestGenericSyncQualifiedSingleSourceConsumesLateError
--- PASS: TestGenericSyncQualifiedSingleSourceConsumesLateError (0.01s)
=== RUN   TestGenericSyncCanceledRequestLeavesPositionForFreshRequest
--- PASS: TestGenericSyncCanceledRequestLeavesPositionForFreshRequest (0.00s)
PASS
ok  	github.com/johnsonlee/graphite/graphite-server/internal/query	1.274s
