or-single-early-rows rows=200 returnedGraphs=1 latencyMs=90.210167
or-single-early-distinct rows=200 returnedGraphs=1 latencyMs=281.194166
and-single-early-rows rows=200 returnedGraphs=1 latencyMs=36.398541
and-single-early-distinct rows=50 returnedGraphs=1 latencyMs=167.924833
or-single-middle-rows rows=200 returnedGraphs=1 latencyMs=104.224083
or-single-middle-distinct rows=200 returnedGraphs=1 latencyMs=153.428416
and-single-middle-rows rows=200 returnedGraphs=1 latencyMs=91.570959
and-single-middle-distinct rows=200 returnedGraphs=1 latencyMs=152.492917
or-single-late-rows rows=200 returnedGraphs=1 latencyMs=147.149625
or-single-late-distinct rows=200 returnedGraphs=1 latencyMs=145.545959
and-single-late-rows rows=29 returnedGraphs=1 latencyMs=147.188625
and-single-late-distinct rows=21 returnedGraphs=1 latencyMs=149.482041
or-few-early-late-rows rows=200 returnedGraphs=1 latencyMs=14.768458
or-few-early-late-distinct rows=200 returnedGraphs=1 latencyMs=148.322875
or-few-early-middle-rows rows=200 returnedGraphs=1 latencyMs=13.069875
or-few-early-middle-distinct rows=200 returnedGraphs=1 latencyMs=148.716208
or-broad-all-rows rows=200 returnedGraphs=1 latencyMs=5.134875
or-broad-all-distinct rows=200 returnedGraphs=2 latencyMs=185.469417
and-broad-all-rows rows=200 returnedGraphs=1 latencyMs=20.44125
and-broad-all-distinct rows=200 returnedGraphs=2 latencyMs=987.213583
mixed-four-few-rows rows=200 returnedGraphs=1 latencyMs=372.238792
mixed-four-few-distinct rows=71 returnedGraphs=2 latencyMs=39256.033208
and-zero-disjoint-graphs-rows rows=0 returnedGraphs=0 latencyMs=146.348458
and-zero-disjoint-graphs-distinct rows=0 returnedGraphs=0 latencyMs=146.15825
or-four-broad-rows rows=200 returnedGraphs=1 latencyMs=27.658792
or-four-broad-distinct rows=200 returnedGraphs=1 latencyMs=150.397208
or-four-single-early-rows rows=200 returnedGraphs=1 latencyMs=13.92975
or-four-single-early-distinct rows=200 returnedGraphs=1 latencyMs=149.691791
or-four-single-middle-rows rows=200 returnedGraphs=1 latencyMs=92.352041
or-four-single-middle-distinct rows=200 returnedGraphs=1 latencyMs=149.322542
or-four-single-late-rows rows=200 returnedGraphs=1 latencyMs=146.800417
or-four-single-late-distinct rows=200 returnedGraphs=1 latencyMs=146.673208
or-four-few-early-late-rows rows=200 returnedGraphs=1 latencyMs=14.058959
or-four-few-early-late-distinct rows=200 returnedGraphs=1 latencyMs=147.748458
or-four-all-rows rows=200 returnedGraphs=1 latencyMs=15.327
or-four-all-distinct rows=200 returnedGraphs=2 latencyMs=178.674667
