Applied patch to 'graphite-server/internal/query/generic_distinct.go' cleanly.
Applied patch to 'graphite-server/internal/query/generic_distinct_edges_test.go' cleanly.
Applied patch to 'graphite-server/internal/query/generic_distinct_sync_test.go' cleanly.
Applied patch to 'graphite-server/internal/query/generic_distinct_values.go' cleanly.
Applied patch to 'graphite-server/internal/query/ordinary_cache.go' cleanly.
Applied patch to 'graphite-server/internal/query/ordinary_leading.go' cleanly.
Applied patch to 'graphite-server/internal/query/ordinary_parallel.go' cleanly.
Applied patch to 'graphite-server/internal/query/ordinary_projection.go' cleanly.
Applied patch to 'graphite-server/internal/store/callsite_index.go' cleanly.
Applied patch to 'graphite-server/internal/store/distinct_projection.go' cleanly.
Applied patch to 'graphite-server/internal/store/store.go' cleanly.
Falling back to direct application...
Falling back to direct application...
Falling back to direct application...
Falling back to direct application...
Falling back to direct application...
Falling back to direct application...
Falling back to direct application...
Falling back to direct application...
Falling back to direct application...
Falling back to direct application...
Falling back to direct application...
Falling back to direct application...
Falling back to direct application...
Falling back to direct application...
Falling back to direct application...
Falling back to direct application...
Falling back to direct application...
Falling back to direct application...
Falling back to direct application...
Falling back to direct application...
Falling back to direct application...
Falling back to direct application...
Falling back to direct application...
Falling back to direct application...
Falling back to direct application...
Falling back to direct application...
Falling back to direct application...
Falling back to direct application...
Falling back to direct application...
Falling back to direct application...
