=== RUN   TestMappedEntryCapture
=== RUN   TestMappedEntryCapture/E01-cold-view-entry-interrupt
    mapped_entry_oracle_test.go:75: 7 actual-main differences; first map[go:0 main:1 path:probe.callbacks.length]
=== RUN   TestMappedEntryCapture/E02-warm-view-empty-entry-interrupt
    mapped_entry_oracle_test.go:75: 15 actual-main differences; first map[go:0 main:1 path:probe.callbacks.length]
=== RUN   TestMappedEntryCapture/E03-warm-view-hit-entry-interrupt
    mapped_entry_oracle_test.go:75: 7 actual-main differences; first map[go:context canceled main:Mapped CallSite string index view interrupted path:probe.error.message]
=== RUN   TestMappedEntryCapture/E04-warm-view-hit-callback-interrupt
    mapped_entry_oracle_test.go:75: 2 actual-main differences; first map[go:context canceled main:Mapped CallSite string index view interrupted path:probe.steps[0].error.message]
=== RUN   TestMappedEntryCapture/E05-warm-view-hit-callback-signal
=== RUN   TestMappedEntryCapture/E06-warm-view-hit-budget1
=== RUN   TestMappedEntryCapture/E07-retained-empty-entry-interrupt
    mapped_entry_oracle_test.go:75: 10 actual-main differences; first map[go:false main:<nil> path:probe.sameAsSignalReason]
=== RUN   TestMappedEntryCapture/E08-retained-hit-entry-interrupt
    mapped_entry_oracle_test.go:75: 15 actual-main differences; first map[go:0 main:1 path:probe.callbacks.length]
=== RUN   TestMappedEntryCapture/E09-warm-mapped-range-entry-interrupt
    mapped_entry_oracle_test.go:75: 12 actual-main differences; first map[go:context canceled main:Mapped CallSite string index view interrupted path:probe.error.message]
=== RUN   TestMappedEntryCapture/E10-warm-mapped-range-callback-interrupt
    mapped_entry_oracle_test.go:75: 2 actual-main differences; first map[go:context canceled main:Mapped CallSite string index view interrupted path:probe.steps[2].error.message]
--- FAIL: TestMappedEntryCapture (0.30s)
    --- FAIL: TestMappedEntryCapture/E01-cold-view-entry-interrupt (0.00s)
    --- FAIL: TestMappedEntryCapture/E02-warm-view-empty-entry-interrupt (0.01s)
    --- FAIL: TestMappedEntryCapture/E03-warm-view-hit-entry-interrupt (0.01s)
    --- FAIL: TestMappedEntryCapture/E04-warm-view-hit-callback-interrupt (0.02s)
    --- PASS: TestMappedEntryCapture/E05-warm-view-hit-callback-signal (0.02s)
    --- PASS: TestMappedEntryCapture/E06-warm-view-hit-budget1 (0.01s)
    --- FAIL: TestMappedEntryCapture/E07-retained-empty-entry-interrupt (0.01s)
    --- FAIL: TestMappedEntryCapture/E08-retained-hit-entry-interrupt (0.01s)
    --- FAIL: TestMappedEntryCapture/E09-warm-mapped-range-entry-interrupt (0.02s)
    --- FAIL: TestMappedEntryCapture/E10-warm-mapped-range-callback-interrupt (0.02s)
FAIL
FAIL	github.com/johnsonlee/graphite/graphite-server/internal/query	0.551s
FAIL
