=== RUN   TestMappedEntryCapture
=== RUN   TestMappedEntryCapture/E01-cold-view-entry-interrupt
    mapped_entry_oracle_test.go:75: 6 actual-main differences; first map[go:0 main:1 path:probe.after.diagnostics.workUnitsConsumed]
=== RUN   TestMappedEntryCapture/E02-warm-view-empty-entry-interrupt
    mapped_entry_oracle_test.go:75: 12 actual-main differences; first map[go:false main:<nil> path:probe.sameAsSignalReason]
=== RUN   TestMappedEntryCapture/E03-warm-view-hit-entry-interrupt
    mapped_entry_oracle_test.go:75: 6 actual-main differences; first map[go:context canceled main:Mapped CallSite string index view interrupted path:probe.error.message]
=== RUN   TestMappedEntryCapture/E06-warm-view-hit-budget1
=== RUN   TestMappedEntryCapture/E07-retained-empty-entry-interrupt
    mapped_entry_oracle_test.go:75: 8 actual-main differences; first map[go:map[class:CancellationException message:context canceled] main:<nil> path:probe.error]
=== RUN   TestMappedEntryCapture/E08-retained-hit-entry-interrupt
    mapped_entry_oracle_test.go:75: 12 actual-main differences; first map[go:FAILED main:SUCCESS path:probe.outcome]
=== RUN   TestMappedEntryCapture/E09-warm-mapped-range-entry-interrupt
    mapped_entry_oracle_test.go:75: 10 actual-main differences; first map[go:1 main:3 path:probe.steps.length]
--- FAIL: TestMappedEntryCapture (0.19s)
    --- FAIL: TestMappedEntryCapture/E01-cold-view-entry-interrupt (0.01s)
    --- FAIL: TestMappedEntryCapture/E02-warm-view-empty-entry-interrupt (0.01s)
    --- FAIL: TestMappedEntryCapture/E03-warm-view-hit-entry-interrupt (0.01s)
    --- PASS: TestMappedEntryCapture/E06-warm-view-hit-budget1 (0.01s)
    --- FAIL: TestMappedEntryCapture/E07-retained-empty-entry-interrupt (0.01s)
    --- FAIL: TestMappedEntryCapture/E08-retained-hit-entry-interrupt (0.01s)
    --- FAIL: TestMappedEntryCapture/E09-warm-mapped-range-entry-interrupt (0.01s)
FAIL
FAIL	github.com/johnsonlee/graphite/graphite-server/internal/query	0.617s
FAIL
