=== RUN   TestProjectionAnnotationActualMainPairConsumption
=== RUN   TestProjectionAnnotationActualMainPairConsumption/candidate
=== RUN   TestProjectionAnnotationActualMainPairConsumption/candidate/clean
=== RUN   TestProjectionAnnotationActualMainPairConsumption/candidate/annotation-bad-tail
=== RUN   TestProjectionAnnotationActualMainPairConsumption/candidate/annotation-bad-sid-0
=== RUN   TestProjectionAnnotationActualMainPairConsumption/candidate/annotation-bad-sid-1
=== RUN   TestProjectionAnnotationActualMainPairConsumption/candidate/annotation-bad-sid-2
=== RUN   TestProjectionAnnotationActualMainPairConsumption/candidate/annotation-invalid-value-tag
=== RUN   TestProjectionAnnotationActualMainPairConsumption/main-ordinary
=== RUN   TestProjectionAnnotationActualMainPairConsumption/main-ordinary/clean
=== RUN   TestProjectionAnnotationActualMainPairConsumption/main-ordinary/annotation-bad-tail
=== RUN   TestProjectionAnnotationActualMainPairConsumption/main-ordinary/annotation-bad-sid-0
=== RUN   TestProjectionAnnotationActualMainPairConsumption/main-ordinary/annotation-bad-sid-1
=== RUN   TestProjectionAnnotationActualMainPairConsumption/main-ordinary/annotation-bad-sid-2
=== RUN   TestProjectionAnnotationActualMainPairConsumption/main-ordinary/annotation-invalid-value-tag
--- PASS: TestProjectionAnnotationActualMainPairConsumption (0.16s)
    --- PASS: TestProjectionAnnotationActualMainPairConsumption/candidate (0.09s)
        --- PASS: TestProjectionAnnotationActualMainPairConsumption/candidate/clean (0.02s)
        --- PASS: TestProjectionAnnotationActualMainPairConsumption/candidate/annotation-bad-tail (0.02s)
        --- PASS: TestProjectionAnnotationActualMainPairConsumption/candidate/annotation-bad-sid-0 (0.01s)
        --- PASS: TestProjectionAnnotationActualMainPairConsumption/candidate/annotation-bad-sid-1 (0.01s)
        --- PASS: TestProjectionAnnotationActualMainPairConsumption/candidate/annotation-bad-sid-2 (0.01s)
        --- PASS: TestProjectionAnnotationActualMainPairConsumption/candidate/annotation-invalid-value-tag (0.01s)
    --- PASS: TestProjectionAnnotationActualMainPairConsumption/main-ordinary (0.07s)
        --- PASS: TestProjectionAnnotationActualMainPairConsumption/main-ordinary/clean (0.01s)
        --- PASS: TestProjectionAnnotationActualMainPairConsumption/main-ordinary/annotation-bad-tail (0.01s)
        --- PASS: TestProjectionAnnotationActualMainPairConsumption/main-ordinary/annotation-bad-sid-0 (0.01s)
        --- PASS: TestProjectionAnnotationActualMainPairConsumption/main-ordinary/annotation-bad-sid-1 (0.01s)
        --- PASS: TestProjectionAnnotationActualMainPairConsumption/main-ordinary/annotation-bad-sid-2 (0.01s)
        --- PASS: TestProjectionAnnotationActualMainPairConsumption/main-ordinary/annotation-invalid-value-tag (0.01s)
=== RUN   TestProjectionAnnotationSignedCountAndMapOrder
=== RUN   TestProjectionAnnotationSignedCountAndMapOrder/candidate/empty-0
=== RUN   TestProjectionAnnotationSignedCountAndMapOrder/candidate/empty--1
=== RUN   TestProjectionAnnotationSignedCountAndMapOrder/candidate/empty--2147483648
=== RUN   TestProjectionAnnotationSignedCountAndMapOrder/candidate/duplicate-key
=== RUN   TestProjectionAnnotationSignedCountAndMapOrder/candidate/key-before-value
=== RUN   TestProjectionAnnotationSignedCountAndMapOrder/main-ordinary/empty-0
=== RUN   TestProjectionAnnotationSignedCountAndMapOrder/main-ordinary/empty--1
=== RUN   TestProjectionAnnotationSignedCountAndMapOrder/main-ordinary/empty--2147483648
=== RUN   TestProjectionAnnotationSignedCountAndMapOrder/main-ordinary/duplicate-key
=== RUN   TestProjectionAnnotationSignedCountAndMapOrder/main-ordinary/key-before-value
--- PASS: TestProjectionAnnotationSignedCountAndMapOrder (0.12s)
    --- PASS: TestProjectionAnnotationSignedCountAndMapOrder/candidate/empty-0 (0.01s)
    --- PASS: TestProjectionAnnotationSignedCountAndMapOrder/candidate/empty--1 (0.01s)
    --- PASS: TestProjectionAnnotationSignedCountAndMapOrder/candidate/empty--2147483648 (0.01s)
    --- PASS: TestProjectionAnnotationSignedCountAndMapOrder/candidate/duplicate-key (0.01s)
    --- PASS: TestProjectionAnnotationSignedCountAndMapOrder/candidate/key-before-value (0.01s)
    --- PASS: TestProjectionAnnotationSignedCountAndMapOrder/main-ordinary/empty-0 (0.01s)
    --- PASS: TestProjectionAnnotationSignedCountAndMapOrder/main-ordinary/empty--1 (0.01s)
    --- PASS: TestProjectionAnnotationSignedCountAndMapOrder/main-ordinary/empty--2147483648 (0.01s)
    --- PASS: TestProjectionAnnotationSignedCountAndMapOrder/main-ordinary/duplicate-key (0.01s)
    --- PASS: TestProjectionAnnotationSignedCountAndMapOrder/main-ordinary/key-before-value (0.01s)
=== RUN   TestProjectionAnnotationLegacyValueContract
=== RUN   TestProjectionAnnotationLegacyValueContract/candidate
=== RUN   TestProjectionAnnotationLegacyValueContract/main-ordinary
--- PASS: TestProjectionAnnotationLegacyValueContract (0.02s)
    --- PASS: TestProjectionAnnotationLegacyValueContract/candidate (0.01s)
    --- PASS: TestProjectionAnnotationLegacyValueContract/main-ordinary (0.01s)
=== RUN   TestProjectionContextStandardStatesAndPrecedence
=== RUN   TestProjectionContextStandardStatesAndPrecedence/background
=== RUN   TestProjectionContextStandardStatesAndPrecedence/todo
=== RUN   TestProjectionContextStandardStatesAndPrecedence/cancelled
=== RUN   TestProjectionContextStandardStatesAndPrecedence/deadline
=== RUN   TestProjectionContextStandardStatesAndPrecedence/cause
=== RUN   TestProjectionContextStandardStatesAndPrecedence/value-child
=== RUN   TestProjectionContextStandardStatesAndPrecedence/live-parent
=== RUN   TestProjectionContextStandardStatesAndPrecedence/without-cancel
--- PASS: TestProjectionContextStandardStatesAndPrecedence (0.00s)
    --- PASS: TestProjectionContextStandardStatesAndPrecedence/background (0.00s)
    --- PASS: TestProjectionContextStandardStatesAndPrecedence/todo (0.00s)
    --- PASS: TestProjectionContextStandardStatesAndPrecedence/cancelled (0.00s)
    --- PASS: TestProjectionContextStandardStatesAndPrecedence/deadline (0.00s)
    --- PASS: TestProjectionContextStandardStatesAndPrecedence/cause (0.00s)
    --- PASS: TestProjectionContextStandardStatesAndPrecedence/value-child (0.00s)
    --- PASS: TestProjectionContextStandardStatesAndPrecedence/live-parent (0.00s)
    --- PASS: TestProjectionContextStandardStatesAndPrecedence/without-cancel (0.00s)
=== RUN   TestProjectionContextPreparationPublicationAndFormatOrder
=== RUN   TestProjectionContextPreparationPublicationAndFormatOrder/cancel_after_read_before_publication
=== RUN   TestProjectionContextPreparationPublicationAndFormatOrder/format_failure_before_postread_checkpoint
--- PASS: TestProjectionContextPreparationPublicationAndFormatOrder (0.00s)
    --- PASS: TestProjectionContextPreparationPublicationAndFormatOrder/cancel_after_read_before_publication (0.00s)
    --- PASS: TestProjectionContextPreparationPublicationAndFormatOrder/format_failure_before_postread_checkpoint (0.00s)
=== RUN   TestProjectionContextDecoderCancelAndFreshRequest
--- PASS: TestProjectionContextDecoderCancelAndFreshRequest (0.00s)
=== RUN   TestProjectionContextCloseWaitsForCanceledDecoder
--- PASS: TestProjectionContextCloseWaitsForCanceledDecoder (0.00s)
=== RUN   TestProjectionEnumActualMainArgumentConsumption
=== RUN   TestProjectionEnumActualMainArgumentConsumption/candidate
=== RUN   TestProjectionEnumActualMainArgumentConsumption/candidate/clean
=== RUN   TestProjectionEnumActualMainArgumentConsumption/candidate/enum-bad-tail
=== RUN   TestProjectionEnumActualMainArgumentConsumption/candidate/enum-bad-sid-0
=== RUN   TestProjectionEnumActualMainArgumentConsumption/candidate/enum-bad-sid-1
=== RUN   TestProjectionEnumActualMainArgumentConsumption/candidate/enum-invalid-argument-tag
=== RUN   TestProjectionEnumActualMainArgumentConsumption/main-ordinary
=== RUN   TestProjectionEnumActualMainArgumentConsumption/main-ordinary/clean
=== RUN   TestProjectionEnumActualMainArgumentConsumption/main-ordinary/enum-bad-tail
=== RUN   TestProjectionEnumActualMainArgumentConsumption/main-ordinary/enum-bad-sid-0
=== RUN   TestProjectionEnumActualMainArgumentConsumption/main-ordinary/enum-bad-sid-1
=== RUN   TestProjectionEnumActualMainArgumentConsumption/main-ordinary/enum-invalid-argument-tag
--- PASS: TestProjectionEnumActualMainArgumentConsumption (0.12s)
    --- PASS: TestProjectionEnumActualMainArgumentConsumption/candidate (0.06s)
        --- PASS: TestProjectionEnumActualMainArgumentConsumption/candidate/clean (0.01s)
        --- PASS: TestProjectionEnumActualMainArgumentConsumption/candidate/enum-bad-tail (0.01s)
        --- PASS: TestProjectionEnumActualMainArgumentConsumption/candidate/enum-bad-sid-0 (0.01s)
        --- PASS: TestProjectionEnumActualMainArgumentConsumption/candidate/enum-bad-sid-1 (0.01s)
        --- PASS: TestProjectionEnumActualMainArgumentConsumption/candidate/enum-invalid-argument-tag (0.01s)
    --- PASS: TestProjectionEnumActualMainArgumentConsumption/main-ordinary (0.06s)
        --- PASS: TestProjectionEnumActualMainArgumentConsumption/main-ordinary/clean (0.01s)
        --- PASS: TestProjectionEnumActualMainArgumentConsumption/main-ordinary/enum-bad-tail (0.01s)
        --- PASS: TestProjectionEnumActualMainArgumentConsumption/main-ordinary/enum-bad-sid-0 (0.01s)
        --- PASS: TestProjectionEnumActualMainArgumentConsumption/main-ordinary/enum-bad-sid-1 (0.01s)
        --- PASS: TestProjectionEnumActualMainArgumentConsumption/main-ordinary/enum-invalid-argument-tag (0.01s)
=== RUN   TestProjectionEnumZeroAndNegativeArgumentCounts
--- PASS: TestProjectionEnumZeroAndNegativeArgumentCounts (0.04s)
=== RUN   TestIntegrationProjectionCandidateCloseAndOwnedValues
--- PASS: TestIntegrationProjectionCandidateCloseAndOwnedValues (0.00s)
=== RUN   TestProjectionAnnotationActualMainPairConsumption
=== RUN   TestProjectionAnnotationActualMainPairConsumption/candidate
=== RUN   TestProjectionAnnotationActualMainPairConsumption/candidate/clean
=== RUN   TestProjectionAnnotationActualMainPairConsumption/candidate/annotation-bad-tail
=== RUN   TestProjectionAnnotationActualMainPairConsumption/candidate/annotation-bad-sid-0
=== RUN   TestProjectionAnnotationActualMainPairConsumption/candidate/annotation-bad-sid-1
=== RUN   TestProjectionAnnotationActualMainPairConsumption/candidate/annotation-bad-sid-2
=== RUN   TestProjectionAnnotationActualMainPairConsumption/candidate/annotation-invalid-value-tag
=== RUN   TestProjectionAnnotationActualMainPairConsumption/main-ordinary
=== RUN   TestProjectionAnnotationActualMainPairConsumption/main-ordinary/clean
=== RUN   TestProjectionAnnotationActualMainPairConsumption/main-ordinary/annotation-bad-tail
=== RUN   TestProjectionAnnotationActualMainPairConsumption/main-ordinary/annotation-bad-sid-0
=== RUN   TestProjectionAnnotationActualMainPairConsumption/main-ordinary/annotation-bad-sid-1
=== RUN   TestProjectionAnnotationActualMainPairConsumption/main-ordinary/annotation-bad-sid-2
=== RUN   TestProjectionAnnotationActualMainPairConsumption/main-ordinary/annotation-invalid-value-tag
--- PASS: TestProjectionAnnotationActualMainPairConsumption (0.14s)
    --- PASS: TestProjectionAnnotationActualMainPairConsumption/candidate (0.07s)
        --- PASS: TestProjectionAnnotationActualMainPairConsumption/candidate/clean (0.01s)
        --- PASS: TestProjectionAnnotationActualMainPairConsumption/candidate/annotation-bad-tail (0.01s)
        --- PASS: TestProjectionAnnotationActualMainPairConsumption/candidate/annotation-bad-sid-0 (0.01s)
        --- PASS: TestProjectionAnnotationActualMainPairConsumption/candidate/annotation-bad-sid-1 (0.01s)
        --- PASS: TestProjectionAnnotationActualMainPairConsumption/candidate/annotation-bad-sid-2 (0.01s)
        --- PASS: TestProjectionAnnotationActualMainPairConsumption/candidate/annotation-invalid-value-tag (0.01s)
    --- PASS: TestProjectionAnnotationActualMainPairConsumption/main-ordinary (0.07s)
        --- PASS: TestProjectionAnnotationActualMainPairConsumption/main-ordinary/clean (0.01s)
        --- PASS: TestProjectionAnnotationActualMainPairConsumption/main-ordinary/annotation-bad-tail (0.01s)
        --- PASS: TestProjectionAnnotationActualMainPairConsumption/main-ordinary/annotation-bad-sid-0 (0.01s)
        --- PASS: TestProjectionAnnotationActualMainPairConsumption/main-ordinary/annotation-bad-sid-1 (0.01s)
        --- PASS: TestProjectionAnnotationActualMainPairConsumption/main-ordinary/annotation-bad-sid-2 (0.01s)
        --- PASS: TestProjectionAnnotationActualMainPairConsumption/main-ordinary/annotation-invalid-value-tag (0.01s)
=== RUN   TestProjectionAnnotationSignedCountAndMapOrder
=== RUN   TestProjectionAnnotationSignedCountAndMapOrder/candidate/empty-0
=== RUN   TestProjectionAnnotationSignedCountAndMapOrder/candidate/empty--1
=== RUN   TestProjectionAnnotationSignedCountAndMapOrder/candidate/empty--2147483648
=== RUN   TestProjectionAnnotationSignedCountAndMapOrder/candidate/duplicate-key
=== RUN   TestProjectionAnnotationSignedCountAndMapOrder/candidate/key-before-value
=== RUN   TestProjectionAnnotationSignedCountAndMapOrder/main-ordinary/empty-0
=== RUN   TestProjectionAnnotationSignedCountAndMapOrder/main-ordinary/empty--1
=== RUN   TestProjectionAnnotationSignedCountAndMapOrder/main-ordinary/empty--2147483648
=== RUN   TestProjectionAnnotationSignedCountAndMapOrder/main-ordinary/duplicate-key
=== RUN   TestProjectionAnnotationSignedCountAndMapOrder/main-ordinary/key-before-value
--- PASS: TestProjectionAnnotationSignedCountAndMapOrder (0.12s)
    --- PASS: TestProjectionAnnotationSignedCountAndMapOrder/candidate/empty-0 (0.01s)
    --- PASS: TestProjectionAnnotationSignedCountAndMapOrder/candidate/empty--1 (0.01s)
    --- PASS: TestProjectionAnnotationSignedCountAndMapOrder/candidate/empty--2147483648 (0.01s)
    --- PASS: TestProjectionAnnotationSignedCountAndMapOrder/candidate/duplicate-key (0.01s)
    --- PASS: TestProjectionAnnotationSignedCountAndMapOrder/candidate/key-before-value (0.01s)
    --- PASS: TestProjectionAnnotationSignedCountAndMapOrder/main-ordinary/empty-0 (0.01s)
    --- PASS: TestProjectionAnnotationSignedCountAndMapOrder/main-ordinary/empty--1 (0.01s)
    --- PASS: TestProjectionAnnotationSignedCountAndMapOrder/main-ordinary/empty--2147483648 (0.01s)
    --- PASS: TestProjectionAnnotationSignedCountAndMapOrder/main-ordinary/duplicate-key (0.01s)
    --- PASS: TestProjectionAnnotationSignedCountAndMapOrder/main-ordinary/key-before-value (0.01s)
=== RUN   TestProjectionAnnotationLegacyValueContract
=== RUN   TestProjectionAnnotationLegacyValueContract/candidate
=== RUN   TestProjectionAnnotationLegacyValueContract/main-ordinary
--- PASS: TestProjectionAnnotationLegacyValueContract (0.02s)
    --- PASS: TestProjectionAnnotationLegacyValueContract/candidate (0.01s)
    --- PASS: TestProjectionAnnotationLegacyValueContract/main-ordinary (0.01s)
=== RUN   TestProjectionContextStandardStatesAndPrecedence
=== RUN   TestProjectionContextStandardStatesAndPrecedence/background
=== RUN   TestProjectionContextStandardStatesAndPrecedence/todo
=== RUN   TestProjectionContextStandardStatesAndPrecedence/cancelled
=== RUN   TestProjectionContextStandardStatesAndPrecedence/deadline
=== RUN   TestProjectionContextStandardStatesAndPrecedence/cause
=== RUN   TestProjectionContextStandardStatesAndPrecedence/value-child
=== RUN   TestProjectionContextStandardStatesAndPrecedence/live-parent
=== RUN   TestProjectionContextStandardStatesAndPrecedence/without-cancel
--- PASS: TestProjectionContextStandardStatesAndPrecedence (0.00s)
    --- PASS: TestProjectionContextStandardStatesAndPrecedence/background (0.00s)
    --- PASS: TestProjectionContextStandardStatesAndPrecedence/todo (0.00s)
    --- PASS: TestProjectionContextStandardStatesAndPrecedence/cancelled (0.00s)
    --- PASS: TestProjectionContextStandardStatesAndPrecedence/deadline (0.00s)
    --- PASS: TestProjectionContextStandardStatesAndPrecedence/cause (0.00s)
    --- PASS: TestProjectionContextStandardStatesAndPrecedence/value-child (0.00s)
    --- PASS: TestProjectionContextStandardStatesAndPrecedence/live-parent (0.00s)
    --- PASS: TestProjectionContextStandardStatesAndPrecedence/without-cancel (0.00s)
=== RUN   TestProjectionContextPreparationPublicationAndFormatOrder
=== RUN   TestProjectionContextPreparationPublicationAndFormatOrder/cancel_after_read_before_publication
=== RUN   TestProjectionContextPreparationPublicationAndFormatOrder/format_failure_before_postread_checkpoint
--- PASS: TestProjectionContextPreparationPublicationAndFormatOrder (0.00s)
    --- PASS: TestProjectionContextPreparationPublicationAndFormatOrder/cancel_after_read_before_publication (0.00s)
    --- PASS: TestProjectionContextPreparationPublicationAndFormatOrder/format_failure_before_postread_checkpoint (0.00s)
=== RUN   TestProjectionContextDecoderCancelAndFreshRequest
--- PASS: TestProjectionContextDecoderCancelAndFreshRequest (0.00s)
=== RUN   TestProjectionContextCloseWaitsForCanceledDecoder
--- PASS: TestProjectionContextCloseWaitsForCanceledDecoder (0.00s)
=== RUN   TestProjectionEnumActualMainArgumentConsumption
=== RUN   TestProjectionEnumActualMainArgumentConsumption/candidate
=== RUN   TestProjectionEnumActualMainArgumentConsumption/candidate/clean
=== RUN   TestProjectionEnumActualMainArgumentConsumption/candidate/enum-bad-tail
=== RUN   TestProjectionEnumActualMainArgumentConsumption/candidate/enum-bad-sid-0
=== RUN   TestProjectionEnumActualMainArgumentConsumption/candidate/enum-bad-sid-1
=== RUN   TestProjectionEnumActualMainArgumentConsumption/candidate/enum-invalid-argument-tag
=== RUN   TestProjectionEnumActualMainArgumentConsumption/main-ordinary
=== RUN   TestProjectionEnumActualMainArgumentConsumption/main-ordinary/clean
=== RUN   TestProjectionEnumActualMainArgumentConsumption/main-ordinary/enum-bad-tail
=== RUN   TestProjectionEnumActualMainArgumentConsumption/main-ordinary/enum-bad-sid-0
=== RUN   TestProjectionEnumActualMainArgumentConsumption/main-ordinary/enum-bad-sid-1
=== RUN   TestProjectionEnumActualMainArgumentConsumption/main-ordinary/enum-invalid-argument-tag
--- PASS: TestProjectionEnumActualMainArgumentConsumption (0.12s)
    --- PASS: TestProjectionEnumActualMainArgumentConsumption/candidate (0.06s)
        --- PASS: TestProjectionEnumActualMainArgumentConsumption/candidate/clean (0.01s)
        --- PASS: TestProjectionEnumActualMainArgumentConsumption/candidate/enum-bad-tail (0.01s)
        --- PASS: TestProjectionEnumActualMainArgumentConsumption/candidate/enum-bad-sid-0 (0.01s)
        --- PASS: TestProjectionEnumActualMainArgumentConsumption/candidate/enum-bad-sid-1 (0.01s)
        --- PASS: TestProjectionEnumActualMainArgumentConsumption/candidate/enum-invalid-argument-tag (0.01s)
    --- PASS: TestProjectionEnumActualMainArgumentConsumption/main-ordinary (0.06s)
        --- PASS: TestProjectionEnumActualMainArgumentConsumption/main-ordinary/clean (0.01s)
        --- PASS: TestProjectionEnumActualMainArgumentConsumption/main-ordinary/enum-bad-tail (0.01s)
        --- PASS: TestProjectionEnumActualMainArgumentConsumption/main-ordinary/enum-bad-sid-0 (0.01s)
        --- PASS: TestProjectionEnumActualMainArgumentConsumption/main-ordinary/enum-bad-sid-1 (0.01s)
        --- PASS: TestProjectionEnumActualMainArgumentConsumption/main-ordinary/enum-invalid-argument-tag (0.01s)
=== RUN   TestProjectionEnumZeroAndNegativeArgumentCounts
--- PASS: TestProjectionEnumZeroAndNegativeArgumentCounts (0.03s)
=== RUN   TestIntegrationProjectionCandidateCloseAndOwnedValues
--- PASS: TestIntegrationProjectionCandidateCloseAndOwnedValues (0.00s)
=== RUN   TestProjectionAnnotationActualMainPairConsumption
=== RUN   TestProjectionAnnotationActualMainPairConsumption/candidate
=== RUN   TestProjectionAnnotationActualMainPairConsumption/candidate/clean
=== RUN   TestProjectionAnnotationActualMainPairConsumption/candidate/annotation-bad-tail
=== RUN   TestProjectionAnnotationActualMainPairConsumption/candidate/annotation-bad-sid-0
=== RUN   TestProjectionAnnotationActualMainPairConsumption/candidate/annotation-bad-sid-1
=== RUN   TestProjectionAnnotationActualMainPairConsumption/candidate/annotation-bad-sid-2
=== RUN   TestProjectionAnnotationActualMainPairConsumption/candidate/annotation-invalid-value-tag
=== RUN   TestProjectionAnnotationActualMainPairConsumption/main-ordinary
=== RUN   TestProjectionAnnotationActualMainPairConsumption/main-ordinary/clean
=== RUN   TestProjectionAnnotationActualMainPairConsumption/main-ordinary/annotation-bad-tail
=== RUN   TestProjectionAnnotationActualMainPairConsumption/main-ordinary/annotation-bad-sid-0
=== RUN   TestProjectionAnnotationActualMainPairConsumption/main-ordinary/annotation-bad-sid-1
=== RUN   TestProjectionAnnotationActualMainPairConsumption/main-ordinary/annotation-bad-sid-2
=== RUN   TestProjectionAnnotationActualMainPairConsumption/main-ordinary/annotation-invalid-value-tag
--- PASS: TestProjectionAnnotationActualMainPairConsumption (0.17s)
    --- PASS: TestProjectionAnnotationActualMainPairConsumption/candidate (0.10s)
        --- PASS: TestProjectionAnnotationActualMainPairConsumption/candidate/clean (0.01s)
        --- PASS: TestProjectionAnnotationActualMainPairConsumption/candidate/annotation-bad-tail (0.01s)
        --- PASS: TestProjectionAnnotationActualMainPairConsumption/candidate/annotation-bad-sid-0 (0.01s)
        --- PASS: TestProjectionAnnotationActualMainPairConsumption/candidate/annotation-bad-sid-1 (0.03s)
        --- PASS: TestProjectionAnnotationActualMainPairConsumption/candidate/annotation-bad-sid-2 (0.02s)
        --- PASS: TestProjectionAnnotationActualMainPairConsumption/candidate/annotation-invalid-value-tag (0.01s)
    --- PASS: TestProjectionAnnotationActualMainPairConsumption/main-ordinary (0.07s)
        --- PASS: TestProjectionAnnotationActualMainPairConsumption/main-ordinary/clean (0.01s)
        --- PASS: TestProjectionAnnotationActualMainPairConsumption/main-ordinary/annotation-bad-tail (0.01s)
        --- PASS: TestProjectionAnnotationActualMainPairConsumption/main-ordinary/annotation-bad-sid-0 (0.01s)
        --- PASS: TestProjectionAnnotationActualMainPairConsumption/main-ordinary/annotation-bad-sid-1 (0.01s)
        --- PASS: TestProjectionAnnotationActualMainPairConsumption/main-ordinary/annotation-bad-sid-2 (0.01s)
        --- PASS: TestProjectionAnnotationActualMainPairConsumption/main-ordinary/annotation-invalid-value-tag (0.01s)
=== RUN   TestProjectionAnnotationSignedCountAndMapOrder
=== RUN   TestProjectionAnnotationSignedCountAndMapOrder/candidate/empty-0
=== RUN   TestProjectionAnnotationSignedCountAndMapOrder/candidate/empty--1
=== RUN   TestProjectionAnnotationSignedCountAndMapOrder/candidate/empty--2147483648
=== RUN   TestProjectionAnnotationSignedCountAndMapOrder/candidate/duplicate-key
=== RUN   TestProjectionAnnotationSignedCountAndMapOrder/candidate/key-before-value
=== RUN   TestProjectionAnnotationSignedCountAndMapOrder/main-ordinary/empty-0
=== RUN   TestProjectionAnnotationSignedCountAndMapOrder/main-ordinary/empty--1
=== RUN   TestProjectionAnnotationSignedCountAndMapOrder/main-ordinary/empty--2147483648
=== RUN   TestProjectionAnnotationSignedCountAndMapOrder/main-ordinary/duplicate-key
=== RUN   TestProjectionAnnotationSignedCountAndMapOrder/main-ordinary/key-before-value
--- PASS: TestProjectionAnnotationSignedCountAndMapOrder (0.13s)
    --- PASS: TestProjectionAnnotationSignedCountAndMapOrder/candidate/empty-0 (0.01s)
    --- PASS: TestProjectionAnnotationSignedCountAndMapOrder/candidate/empty--1 (0.01s)
    --- PASS: TestProjectionAnnotationSignedCountAndMapOrder/candidate/empty--2147483648 (0.01s)
    --- PASS: TestProjectionAnnotationSignedCountAndMapOrder/candidate/duplicate-key (0.02s)
    --- PASS: TestProjectionAnnotationSignedCountAndMapOrder/candidate/key-before-value (0.01s)
    --- PASS: TestProjectionAnnotationSignedCountAndMapOrder/main-ordinary/empty-0 (0.01s)
    --- PASS: TestProjectionAnnotationSignedCountAndMapOrder/main-ordinary/empty--1 (0.01s)
    --- PASS: TestProjectionAnnotationSignedCountAndMapOrder/main-ordinary/empty--2147483648 (0.01s)
    --- PASS: TestProjectionAnnotationSignedCountAndMapOrder/main-ordinary/duplicate-key (0.01s)
    --- PASS: TestProjectionAnnotationSignedCountAndMapOrder/main-ordinary/key-before-value (0.01s)
=== RUN   TestProjectionAnnotationLegacyValueContract
=== RUN   TestProjectionAnnotationLegacyValueContract/candidate
=== RUN   TestProjectionAnnotationLegacyValueContract/main-ordinary
--- PASS: TestProjectionAnnotationLegacyValueContract (0.02s)
    --- PASS: TestProjectionAnnotationLegacyValueContract/candidate (0.01s)
    --- PASS: TestProjectionAnnotationLegacyValueContract/main-ordinary (0.01s)
=== RUN   TestProjectionContextStandardStatesAndPrecedence
=== RUN   TestProjectionContextStandardStatesAndPrecedence/background
=== RUN   TestProjectionContextStandardStatesAndPrecedence/todo
=== RUN   TestProjectionContextStandardStatesAndPrecedence/cancelled
=== RUN   TestProjectionContextStandardStatesAndPrecedence/deadline
=== RUN   TestProjectionContextStandardStatesAndPrecedence/cause
=== RUN   TestProjectionContextStandardStatesAndPrecedence/value-child
=== RUN   TestProjectionContextStandardStatesAndPrecedence/live-parent
=== RUN   TestProjectionContextStandardStatesAndPrecedence/without-cancel
--- PASS: TestProjectionContextStandardStatesAndPrecedence (0.00s)
    --- PASS: TestProjectionContextStandardStatesAndPrecedence/background (0.00s)
    --- PASS: TestProjectionContextStandardStatesAndPrecedence/todo (0.00s)
    --- PASS: TestProjectionContextStandardStatesAndPrecedence/cancelled (0.00s)
    --- PASS: TestProjectionContextStandardStatesAndPrecedence/deadline (0.00s)
    --- PASS: TestProjectionContextStandardStatesAndPrecedence/cause (0.00s)
    --- PASS: TestProjectionContextStandardStatesAndPrecedence/value-child (0.00s)
    --- PASS: TestProjectionContextStandardStatesAndPrecedence/live-parent (0.00s)
    --- PASS: TestProjectionContextStandardStatesAndPrecedence/without-cancel (0.00s)
=== RUN   TestProjectionContextPreparationPublicationAndFormatOrder
=== RUN   TestProjectionContextPreparationPublicationAndFormatOrder/cancel_after_read_before_publication
=== RUN   TestProjectionContextPreparationPublicationAndFormatOrder/format_failure_before_postread_checkpoint
--- PASS: TestProjectionContextPreparationPublicationAndFormatOrder (0.01s)
    --- PASS: TestProjectionContextPreparationPublicationAndFormatOrder/cancel_after_read_before_publication (0.00s)
    --- PASS: TestProjectionContextPreparationPublicationAndFormatOrder/format_failure_before_postread_checkpoint (0.00s)
=== RUN   TestProjectionContextDecoderCancelAndFreshRequest
--- PASS: TestProjectionContextDecoderCancelAndFreshRequest (0.00s)
=== RUN   TestProjectionContextCloseWaitsForCanceledDecoder
--- PASS: TestProjectionContextCloseWaitsForCanceledDecoder (0.00s)
=== RUN   TestProjectionEnumActualMainArgumentConsumption
=== RUN   TestProjectionEnumActualMainArgumentConsumption/candidate
=== RUN   TestProjectionEnumActualMainArgumentConsumption/candidate/clean
=== RUN   TestProjectionEnumActualMainArgumentConsumption/candidate/enum-bad-tail
=== RUN   TestProjectionEnumActualMainArgumentConsumption/candidate/enum-bad-sid-0
=== RUN   TestProjectionEnumActualMainArgumentConsumption/candidate/enum-bad-sid-1
=== RUN   TestProjectionEnumActualMainArgumentConsumption/candidate/enum-invalid-argument-tag
=== RUN   TestProjectionEnumActualMainArgumentConsumption/main-ordinary
=== RUN   TestProjectionEnumActualMainArgumentConsumption/main-ordinary/clean
=== RUN   TestProjectionEnumActualMainArgumentConsumption/main-ordinary/enum-bad-tail
=== RUN   TestProjectionEnumActualMainArgumentConsumption/main-ordinary/enum-bad-sid-0
=== RUN   TestProjectionEnumActualMainArgumentConsumption/main-ordinary/enum-bad-sid-1
=== RUN   TestProjectionEnumActualMainArgumentConsumption/main-ordinary/enum-invalid-argument-tag
--- PASS: TestProjectionEnumActualMainArgumentConsumption (0.12s)
    --- PASS: TestProjectionEnumActualMainArgumentConsumption/candidate (0.06s)
        --- PASS: TestProjectionEnumActualMainArgumentConsumption/candidate/clean (0.01s)
        --- PASS: TestProjectionEnumActualMainArgumentConsumption/candidate/enum-bad-tail (0.01s)
        --- PASS: TestProjectionEnumActualMainArgumentConsumption/candidate/enum-bad-sid-0 (0.01s)
        --- PASS: TestProjectionEnumActualMainArgumentConsumption/candidate/enum-bad-sid-1 (0.01s)
        --- PASS: TestProjectionEnumActualMainArgumentConsumption/candidate/enum-invalid-argument-tag (0.01s)
    --- PASS: TestProjectionEnumActualMainArgumentConsumption/main-ordinary (0.06s)
        --- PASS: TestProjectionEnumActualMainArgumentConsumption/main-ordinary/clean (0.01s)
        --- PASS: TestProjectionEnumActualMainArgumentConsumption/main-ordinary/enum-bad-tail (0.01s)
        --- PASS: TestProjectionEnumActualMainArgumentConsumption/main-ordinary/enum-bad-sid-0 (0.01s)
        --- PASS: TestProjectionEnumActualMainArgumentConsumption/main-ordinary/enum-bad-sid-1 (0.01s)
        --- PASS: TestProjectionEnumActualMainArgumentConsumption/main-ordinary/enum-invalid-argument-tag (0.01s)
=== RUN   TestProjectionEnumZeroAndNegativeArgumentCounts
--- PASS: TestProjectionEnumZeroAndNegativeArgumentCounts (0.03s)
=== RUN   TestIntegrationProjectionCandidateCloseAndOwnedValues
--- PASS: TestIntegrationProjectionCandidateCloseAndOwnedValues (0.00s)
PASS
ok  	github.com/johnsonlee/graphite/graphite-server/internal/store	2.656s
