loaded 1/64 fixture-android-00
loaded 2/64 fixture-android-01
loaded 3/64 fixture-android-02
loaded 4/64 fixture-android-03
loaded 5/64 fixture-android-04
loaded 6/64 fixture-android-05
loaded 7/64 fixture-android-06
loaded 8/64 fixture-android-07
loaded 9/64 fixture-android-08
loaded 10/64 fixture-android-09
loaded 11/64 fixture-android-10
loaded 12/64 fixture-android-11
loaded 13/64 fixture-android-12
loaded 14/64 fixture-android-13
loaded 15/64 fixture-android-14
loaded 16/64 fixture-android-15
loaded 17/64 fixture-hive-00
loaded 18/64 fixture-hive-01
loaded 19/64 fixture-hive-02
loaded 20/64 fixture-hive-03
loaded 21/64 fixture-hive-04
loaded 22/64 fixture-hive-05
loaded 23/64 fixture-hive-06
loaded 24/64 fixture-hive-07
loaded 25/64 fixture-hive-08
loaded 26/64 fixture-hive-09
loaded 27/64 fixture-hive-10
loaded 28/64 fixture-hive-11
loaded 29/64 fixture-hive-12
loaded 30/64 fixture-hive-13
loaded 31/64 fixture-hive-14
loaded 32/64 fixture-hive-15
loaded 33/64 fixture-kotlin-compiler-00
loaded 34/64 fixture-kotlin-compiler-01
loaded 35/64 fixture-kotlin-compiler-02
loaded 36/64 fixture-kotlin-compiler-03
loaded 37/64 fixture-kotlin-compiler-04
loaded 38/64 fixture-kotlin-compiler-05
loaded 39/64 fixture-kotlin-compiler-06
loaded 40/64 fixture-kotlin-compiler-07
loaded 41/64 fixture-kotlin-compiler-08
loaded 42/64 fixture-kotlin-compiler-09
loaded 43/64 fixture-kotlin-compiler-10
loaded 44/64 fixture-kotlin-compiler-11
loaded 45/64 fixture-kotlin-compiler-12
loaded 46/64 fixture-kotlin-compiler-13
loaded 47/64 fixture-kotlin-compiler-14
loaded 48/64 fixture-kotlin-compiler-15
loaded 49/64 fixture-tika-00
loaded 50/64 fixture-tika-01
loaded 51/64 fixture-tika-02
loaded 52/64 fixture-tika-03
loaded 53/64 fixture-tika-04
loaded 54/64 fixture-tika-05
loaded 55/64 fixture-tika-06
loaded 56/64 fixture-tika-07
loaded 57/64 fixture-tika-08
loaded 58/64 fixture-tika-09
loaded 59/64 fixture-tika-10
loaded 60/64 fixture-tika-11
loaded 61/64 fixture-tika-12
loaded 62/64 fixture-tika-13
loaded 63/64 fixture-tika-14
loaded 64/64 fixture-tika-15
CATALOG VERIFIED map[callSites:5046935 edges:20448885 methods:1374983 nodes:19431891]
PROFILE START wrapped-firstLastGraphBimodalClassPrefix 2026-09-07T03:25:48.983034Z
PROFILE DONE wrapped-firstLastGraphBimodalClassPrefix bytes=50764 hash=9c8299fdd85f475db72ade74389abd2376def9f5e494bf921b8e57589a2e12bd equal=true alloc=9281813016 GC=1
PROFILE START wrapped-firstLastGraphBimodalClassPrefix-repeat 2026-09-07T03:26:04.385785Z
PROFILE DONE wrapped-firstLastGraphBimodalClassPrefix-repeat bytes=50764 hash=9c8299fdd85f475db72ade74389abd2376def9f5e494bf921b8e57589a2e12bd equal=true alloc=3759957408 GC=0
PROFILE START global-wide-wrapped-case-insensitive-distinct-dense 2026-09-07T03:26:15.920226Z
PROFILE DONE global-wide-wrapped-case-insensitive-distinct-dense bytes=43306 hash=77b68b7458bf7a78929fa43d57d910ab51823abab6eb98172bcc052ead550336 equal=true alloc=268476536 GC=0
PROFILE START global-wide-wrapped-case-insensitive-distinct-dense-repeat 2026-09-07T03:26:17.968725Z
PROFILE DONE global-wide-wrapped-case-insensitive-distinct-dense-repeat bytes=43306 hash=77b68b7458bf7a78929fa43d57d910ab51823abab6eb98172bcc052ead550336 equal=true alloc=268445000 GC=0
PROFILE START global-wide-distribution-broad-all-64 2026-09-07T03:26:19.755222Z
PROFILE DONE global-wide-distribution-broad-all-64 bytes=42178 hash=533473517a4e49aaeae4b8e91790854d92c6df28cd9c51e4ab3005ffe55baaa5 equal=true alloc=1635776 GC=0
PROFILE START c-necessary-ordinary 2026-09-07T03:26:21.230723Z
PROFILE DONE c-necessary-ordinary bytes=24162 hash=c8da2496dd433d150b82186d7147f3efc25abf540bd4308adeb814ec3c958702 equal=true alloc=13743344640 GC=1
PROFILE START c-necessary-ordinary-repeat 2026-09-07T03:26:34.831451Z
PROFILE DONE c-necessary-ordinary-repeat bytes=24162 hash=c8da2496dd433d150b82186d7147f3efc25abf540bd4308adeb814ec3c958702 equal=true alloc=13743357456 GC=1
PROFILE START c-necessary-distinct 2026-09-07T03:26:48.324515Z
PROFILE DONE c-necessary-distinct bytes=26200 hash=e7f4369ce2e170be13e1f7a186b012be05f43b975163f5df7526db4e3ad07a0e equal=true alloc=14170226096 GC=1
PROFILE START c-necessary-distinct-repeat 2026-09-07T03:27:02.18967Z
PROFILE DONE c-necessary-distinct-repeat bytes=26200 hash=e7f4369ce2e170be13e1f7a186b012be05f43b975163f5df7526db4e3ad07a0e equal=true alloc=14170183024 GC=1
PROFILE START d-unbounded-android 2026-09-07T03:27:15.959482Z
PROFILE DONE d-unbounded-android bytes=60 hash=acf3670efaf323d4bed226bb597f466e27e0eeda7d290c104967c6cabd840974 equal=true alloc=12625966936 GC=1
PROFILE START d-unbounded-kotlin 2026-09-07T03:27:28.902026Z
PROFILE DONE d-unbounded-kotlin bytes=8146 hash=9a7e42c21fc4c3980e1a9d38c57964c604bdd06d15ea12879c58a6d014c41158 equal=true alloc=12626186872 GC=1
PROFILE START e-generic-ordinary 2026-09-07T03:27:41.863911Z
PROFILE DONE e-generic-ordinary bytes=2424 hash=4de1bba0d2aa69bd3c2bceba6467b453139368eecc6bdd08f7fc213626df2a4f equal=true alloc=3890732256 GC=0
PROFILE START e-generic-distinct 2026-09-07T03:27:56.302192Z
PROFILE DONE e-generic-distinct bytes=2223 hash=e8537464f427227dbadb7278c1322538ba6ff12fa34312e59a2216d007f53288 equal=true alloc=2263578128 GC=0
COMPLETE
