Exception in thread "main" java.lang.AssertionError: dense matcher public exception
	at BoundedMatcherPublicOracle.main(BoundedMatcherPublicOracle.java:31)
Caused by: java.lang.IndexOutOfBoundsException: Index (2147483647) is greater than or equal to list size (9)
	at it.unimi.dsi.fastutil.objects.AbstractObjectList.ensureRestrictedIndex(AbstractObjectList.java:68)
	at it.unimi.dsi.fastutil.chars.CharArrayFrontCodedList.getArray(CharArrayFrontCodedList.java:298)
	at it.unimi.dsi.util.FrontCodedStringList.get(FrontCodedStringList.java:179)
	at io.johnsonlee.graphite.webgraph.StringTable.get(StringTable.kt:59)
	at io.johnsonlee.graphite.webgraph.NodeSerializer.readMethodDescriptor(NodeSerializer.kt:799)
	at io.johnsonlee.graphite.webgraph.NodeSerializer.readNode(NodeSerializer.kt:547)
	at io.johnsonlee.graphite.webgraph.MappedWebGraphBackedGraph.readNodeAt(MappedWebGraphBackedGraph.kt:2541)
	at io.johnsonlee.graphite.webgraph.MappedWebGraphBackedGraph.node-NKfh_u4(MappedWebGraphBackedGraph.kt:258)
	at io.johnsonlee.graphite.webgraph.MappedWebGraphBackedGraph$serialRawCallSiteStringDisjunction$1.invokeSuspend(MappedWebGraphBackedGraph.kt:1080)
	at kotlin.coroutines.jvm.internal.BaseContinuationImpl.resumeWith(ContinuationImpl.kt:33)
	at kotlin.sequences.SequenceBuilderIterator.hasNext(SequenceBuilder.kt:129)
	at io.johnsonlee.graphite.cypher.QueryPipeline$mergeNodeSequences$1.invokeSuspend(QueryPipeline.kt:2936)
	at kotlin.coroutines.jvm.internal.BaseContinuationImpl.resumeWith(ContinuationImpl.kt:33)
	at kotlin.sequences.SequenceBuilderIterator.hasNext(SequenceBuilder.kt:129)
	at io.johnsonlee.graphite.cypher.QueryPipeline.executeDirectStringDisjunctionRows(QueryPipeline.kt:1731)
	at io.johnsonlee.graphite.cypher.QueryPipeline.executeDirectStringDisjunctionRows$default(QueryPipeline.kt:1639)
	at io.johnsonlee.graphite.cypher.QueryPipeline.executeDirectStringFilter(QueryPipeline.kt:1551)
	at io.johnsonlee.graphite.cypher.QueryPipeline.tryFastFilteredNodeLimit(QueryPipeline.kt:1331)
	at io.johnsonlee.graphite.cypher.QueryPipeline.executeWithActiveBudget(QueryPipeline.kt:412)
	at io.johnsonlee.graphite.cypher.QueryPipeline.execute$cypher(QueryPipeline.kt:354)
	at io.johnsonlee.graphite.cypher.CypherExecutor.executeClauses(CypherExecutor.kt:102)
	at io.johnsonlee.graphite.cypher.CypherExecutor.execute(CypherExecutor.kt:69)
	at io.johnsonlee.graphite.cypher.CrossGraphCypherExecutor.execute(CypherExecutor.kt:510)
	at BoundedMatcherPublicOracle.main(BoundedMatcherPublicOracle.java:23)
