?   	github.com/johnsonlee/graphite/graphite-server/cmd/graphite-benchmark-cases	[no test files]
?   	github.com/johnsonlee/graphite/graphite-server/internal/cypher/cmd/normalize	[no test files]
?   	github.com/johnsonlee/graphite/graphite-server/internal/cypher/generated	[no test files]
--- FAIL: TestPhysicalGraphManifestRejectsAliasAndOrder (0.01s)
    main_test.go:208: accepted physical alias: <nil>
FAIL
FAIL	github.com/johnsonlee/graphite/graphite-server/cmd/graphite-benchmark-latency	0.222s
ok  	github.com/johnsonlee/graphite/graphite-server/cmd/graphite-benchmark-replay	(cached)
ok  	github.com/johnsonlee/graphite/graphite-server/cmd/graphite-server	(cached)
ok  	github.com/johnsonlee/graphite/graphite-server/internal/analysis	(cached)
ok  	github.com/johnsonlee/graphite/graphite-server/internal/analysis/c4	(cached)
ok  	github.com/johnsonlee/graphite/graphite-server/internal/benchmarkcase	(cached)
ok  	github.com/johnsonlee/graphite/graphite-server/internal/cypher	(cached)
ok  	github.com/johnsonlee/graphite/graphite-server/internal/javamath	(cached)
ok  	github.com/johnsonlee/graphite/graphite-server/internal/javaregex	(cached)
ok  	github.com/johnsonlee/graphite/graphite-server/internal/javastring	(cached)
ok  	github.com/johnsonlee/graphite/graphite-server/internal/profiling	(cached)
?   	github.com/johnsonlee/graphite/graphite-server/internal/web	[no test files]
ok  	github.com/johnsonlee/graphite/graphite-server/internal/query	(cached)
ok  	github.com/johnsonlee/graphite/graphite-server/internal/server	(cached)
ok  	github.com/johnsonlee/graphite/graphite-server/internal/store	(cached)
FAIL
