=== RUN   TestUnknownLabelActualMain
=== RUN   TestUnknownLabelActualMain/label-0-badNone-crossFalse
=== RUN   TestUnknownLabelActualMain/label-0-badNone-crossTrue
=== RUN   TestUnknownLabelActualMain/label-0-bad0-crossFalse
=== RUN   TestUnknownLabelActualMain/label-0-bad0-crossTrue
=== RUN   TestUnknownLabelActualMain/label-0-bad24-crossFalse
=== RUN   TestUnknownLabelActualMain/label-0-bad24-crossTrue
=== RUN   TestUnknownLabelActualMain/label-1-badNone-crossFalse
=== RUN   TestUnknownLabelActualMain/label-1-badNone-crossTrue
=== RUN   TestUnknownLabelActualMain/label-1-bad0-crossFalse
=== RUN   TestUnknownLabelActualMain/label-1-bad0-crossTrue
=== RUN   TestUnknownLabelActualMain/label-1-bad24-crossFalse
=== RUN   TestUnknownLabelActualMain/label-1-bad24-crossTrue
=== RUN   TestUnknownLabelActualMain/label-2-badNone-crossFalse
=== RUN   TestUnknownLabelActualMain/label-2-badNone-crossTrue
=== RUN   TestUnknownLabelActualMain/label-2-bad0-crossFalse
=== RUN   TestUnknownLabelActualMain/label-2-bad0-crossTrue
=== RUN   TestUnknownLabelActualMain/label-2-bad24-crossFalse
=== RUN   TestUnknownLabelActualMain/label-2-bad24-crossTrue
=== RUN   TestUnknownLabelActualMain/label-3-badNone-crossFalse
=== RUN   TestUnknownLabelActualMain/label-3-badNone-crossTrue
=== RUN   TestUnknownLabelActualMain/label-3-bad0-crossFalse
=== RUN   TestUnknownLabelActualMain/label-3-bad0-crossTrue
=== RUN   TestUnknownLabelActualMain/label-3-bad24-crossFalse
=== RUN   TestUnknownLabelActualMain/label-3-bad24-crossTrue
=== RUN   TestUnknownLabelActualMain/label-4-badNone-crossFalse
=== RUN   TestUnknownLabelActualMain/label-4-badNone-crossTrue
=== RUN   TestUnknownLabelActualMain/label-4-bad0-crossFalse
=== RUN   TestUnknownLabelActualMain/label-4-bad0-crossTrue
=== RUN   TestUnknownLabelActualMain/label-4-bad24-crossFalse
=== RUN   TestUnknownLabelActualMain/label-4-bad24-crossTrue
=== RUN   TestUnknownLabelActualMain/label-5-badNone-crossFalse
=== RUN   TestUnknownLabelActualMain/label-5-badNone-crossTrue
=== RUN   TestUnknownLabelActualMain/label-5-bad0-crossFalse
=== RUN   TestUnknownLabelActualMain/label-5-bad0-crossTrue
=== RUN   TestUnknownLabelActualMain/label-5-bad24-crossFalse
=== RUN   TestUnknownLabelActualMain/label-5-bad24-crossTrue
=== RUN   TestUnknownLabelActualMain/label-6-badNone-crossFalse
=== RUN   TestUnknownLabelActualMain/label-6-badNone-crossTrue
=== RUN   TestUnknownLabelActualMain/label-6-bad0-crossFalse
=== RUN   TestUnknownLabelActualMain/label-6-bad0-crossTrue
=== RUN   TestUnknownLabelActualMain/label-6-bad24-crossFalse
=== RUN   TestUnknownLabelActualMain/label-6-bad24-crossTrue
=== RUN   TestUnknownLabelActualMain/label-7-badNone-crossFalse
=== RUN   TestUnknownLabelActualMain/label-7-badNone-crossTrue
=== RUN   TestUnknownLabelActualMain/label-7-bad0-crossFalse
=== RUN   TestUnknownLabelActualMain/label-7-bad0-crossTrue
=== RUN   TestUnknownLabelActualMain/label-7-bad24-crossFalse
=== RUN   TestUnknownLabelActualMain/label-7-bad24-crossTrue
=== RUN   TestUnknownLabelActualMain/label-8-badNone-crossFalse
=== RUN   TestUnknownLabelActualMain/label-8-badNone-crossTrue
=== RUN   TestUnknownLabelActualMain/label-8-bad0-crossFalse
=== RUN   TestUnknownLabelActualMain/label-8-bad0-crossTrue
=== RUN   TestUnknownLabelActualMain/label-8-bad24-crossFalse
=== RUN   TestUnknownLabelActualMain/label-8-bad24-crossTrue
=== RUN   TestUnknownLabelActualMain/label-9-badNone-crossFalse
=== RUN   TestUnknownLabelActualMain/label-9-badNone-crossTrue
=== RUN   TestUnknownLabelActualMain/label-9-bad0-crossFalse
=== RUN   TestUnknownLabelActualMain/label-9-bad0-crossTrue
=== RUN   TestUnknownLabelActualMain/label-9-bad24-crossFalse
=== RUN   TestUnknownLabelActualMain/label-9-bad24-crossTrue
=== RUN   TestUnknownLabelActualMain/clauses-0-badNone
=== RUN   TestUnknownLabelActualMain/clauses-0-bad0
=== RUN   TestUnknownLabelActualMain/clauses-1-badNone
=== RUN   TestUnknownLabelActualMain/clauses-1-bad0
=== RUN   TestUnknownLabelActualMain/clauses-2-badNone
=== RUN   TestUnknownLabelActualMain/clauses-2-bad0
=== RUN   TestUnknownLabelActualMain/clauses-3-badNone
=== RUN   TestUnknownLabelActualMain/clauses-3-bad0
=== RUN   TestUnknownLabelActualMain/clauses-4-badNone
=== RUN   TestUnknownLabelActualMain/clauses-4-bad0
=== RUN   TestUnknownLabelActualMain/clauses-5-badNone
=== RUN   TestUnknownLabelActualMain/clauses-5-bad0
=== RUN   TestUnknownLabelActualMain/clauses-6-badNone
=== RUN   TestUnknownLabelActualMain/clauses-6-bad0
=== RUN   TestUnknownLabelActualMain/clauses-7-badNone
=== RUN   TestUnknownLabelActualMain/clauses-7-bad0
=== RUN   TestUnknownLabelActualMain/clauses-8-badNone
=== RUN   TestUnknownLabelActualMain/clauses-8-bad0
=== RUN   TestUnknownLabelActualMain/clauses-9-badNone
=== RUN   TestUnknownLabelActualMain/clauses-9-bad0
=== RUN   TestUnknownLabelActualMain/clauses-10-badNone
=== RUN   TestUnknownLabelActualMain/clauses-10-bad0
=== RUN   TestUnknownLabelActualMain/clauses-11-badNone
=== RUN   TestUnknownLabelActualMain/clauses-11-bad0
=== RUN   TestUnknownLabelActualMain/clauses-12-badNone
=== RUN   TestUnknownLabelActualMain/clauses-12-bad0
=== RUN   TestUnknownLabelActualMain/clauses-13-badNone
=== RUN   TestUnknownLabelActualMain/clauses-13-bad0
=== RUN   TestUnknownLabelActualMain/clauses-14-badNone
=== RUN   TestUnknownLabelActualMain/clauses-14-bad0
=== RUN   TestUnknownLabelActualMain/clauses-15-badNone
=== RUN   TestUnknownLabelActualMain/clauses-15-bad0
=== RUN   TestUnknownLabelActualMain/positive-Method-badNone
=== RUN   TestUnknownLabelActualMain/positive-Method-bad0
=== RUN   TestUnknownLabelActualMain/positive-CallSite-badNone
=== RUN   TestUnknownLabelActualMain/positive-CallSite-bad0
=== RUN   TestUnknownLabelActualMain/positive-IntConstant-badNone
=== RUN   TestUnknownLabelActualMain/positive-IntConstant-bad0
=== RUN   TestUnknownLabelActualMain/scope-IntConstant-Missing-good-False
=== RUN   TestUnknownLabelActualMain/scope-IntConstant-Missing-good-True
=== RUN   TestUnknownLabelActualMain/scope-IntConstant-Missing-bad-False
=== RUN   TestUnknownLabelActualMain/scope-IntConstant-Missing-bad-True
=== RUN   TestUnknownLabelActualMain/scope-Missing-IntConstant-good-False
=== RUN   TestUnknownLabelActualMain/scope-Missing-IntConstant-good-True
=== RUN   TestUnknownLabelActualMain/scope-Missing-IntConstant-bad-False
=== RUN   TestUnknownLabelActualMain/scope-Missing-IntConstant-bad-True
=== RUN   TestUnknownLabelActualMain/relations-0-badNone
=== RUN   TestUnknownLabelActualMain/relations-0-bad0
=== RUN   TestUnknownLabelActualMain/relations-1-badNone
=== RUN   TestUnknownLabelActualMain/relations-1-bad0
=== RUN   TestUnknownLabelActualMain/relations-2-badNone
=== RUN   TestUnknownLabelActualMain/relations-2-bad0
=== RUN   TestUnknownLabelActualMain/relations-3-badNone
=== RUN   TestUnknownLabelActualMain/relations-3-bad0
=== RUN   TestUnknownLabelActualMain/predicate-order-0-crossFalse
=== RUN   TestUnknownLabelActualMain/predicate-order-0-crossTrue
=== RUN   TestUnknownLabelActualMain/predicate-order-1-crossFalse
=== RUN   TestUnknownLabelActualMain/predicate-order-1-crossTrue
=== RUN   TestUnknownLabelActualMain/predicate-order-2-crossFalse
=== RUN   TestUnknownLabelActualMain/predicate-order-2-crossTrue
=== RUN   TestUnknownLabelActualMain/typed-erasure-0
=== RUN   TestUnknownLabelActualMain/typed-erasure-1
=== RUN   TestUnknownLabelActualMain/typed-erasure-2
=== RUN   TestUnknownLabelActualMain/typed-erasure-3
=== RUN   TestUnknownLabelActualMain/typed-erasure-4
=== RUN   TestUnknownLabelActualMain/typed-erasure-5
=== RUN   TestUnknownLabelActualMain/typed-erasure-6
=== RUN   TestUnknownLabelActualMain/typed-erasure-7
=== RUN   TestUnknownLabelActualMain/offset-missing-0
=== RUN   TestUnknownLabelActualMain/offset-missing-1
=== RUN   TestUnknownLabelActualMain/offset-missing-2
=== RUN   TestUnknownLabelActualMain/offset-negative2-0
=== RUN   TestUnknownLabelActualMain/offset-negative2-1
=== RUN   TestUnknownLabelActualMain/offset-negative2-2
=== RUN   TestUnknownLabelActualMain/offset-alias-0
=== RUN   TestUnknownLabelActualMain/offset-alias-1
=== RUN   TestUnknownLabelActualMain/offset-alias-2
=== RUN   TestUnknownLabelActualMain/offset-out-of-range-0
=== RUN   TestUnknownLabelActualMain/offset-out-of-range-1
=== RUN   TestUnknownLabelActualMain/offset-out-of-range-2
--- PASS: TestUnknownLabelActualMain (0.40s)
    --- PASS: TestUnknownLabelActualMain/label-0-badNone-crossFalse (0.01s)
    --- PASS: TestUnknownLabelActualMain/label-0-badNone-crossTrue (0.00s)
    --- PASS: TestUnknownLabelActualMain/label-0-bad0-crossFalse (0.00s)
    --- PASS: TestUnknownLabelActualMain/label-0-bad0-crossTrue (0.00s)
    --- PASS: TestUnknownLabelActualMain/label-0-bad24-crossFalse (0.00s)
    --- PASS: TestUnknownLabelActualMain/label-0-bad24-crossTrue (0.00s)
    --- PASS: TestUnknownLabelActualMain/label-1-badNone-crossFalse (0.00s)
    --- PASS: TestUnknownLabelActualMain/label-1-badNone-crossTrue (0.00s)
    --- PASS: TestUnknownLabelActualMain/label-1-bad0-crossFalse (0.00s)
    --- PASS: TestUnknownLabelActualMain/label-1-bad0-crossTrue (0.00s)
    --- PASS: TestUnknownLabelActualMain/label-1-bad24-crossFalse (0.00s)
    --- PASS: TestUnknownLabelActualMain/label-1-bad24-crossTrue (0.00s)
    --- PASS: TestUnknownLabelActualMain/label-2-badNone-crossFalse (0.00s)
    --- PASS: TestUnknownLabelActualMain/label-2-badNone-crossTrue (0.00s)
    --- PASS: TestUnknownLabelActualMain/label-2-bad0-crossFalse (0.00s)
    --- PASS: TestUnknownLabelActualMain/label-2-bad0-crossTrue (0.00s)
    --- PASS: TestUnknownLabelActualMain/label-2-bad24-crossFalse (0.00s)
    --- PASS: TestUnknownLabelActualMain/label-2-bad24-crossTrue (0.00s)
    --- PASS: TestUnknownLabelActualMain/label-3-badNone-crossFalse (0.00s)
    --- PASS: TestUnknownLabelActualMain/label-3-badNone-crossTrue (0.00s)
    --- PASS: TestUnknownLabelActualMain/label-3-bad0-crossFalse (0.00s)
    --- PASS: TestUnknownLabelActualMain/label-3-bad0-crossTrue (0.00s)
    --- PASS: TestUnknownLabelActualMain/label-3-bad24-crossFalse (0.00s)
    --- PASS: TestUnknownLabelActualMain/label-3-bad24-crossTrue (0.00s)
    --- PASS: TestUnknownLabelActualMain/label-4-badNone-crossFalse (0.00s)
    --- PASS: TestUnknownLabelActualMain/label-4-badNone-crossTrue (0.00s)
    --- PASS: TestUnknownLabelActualMain/label-4-bad0-crossFalse (0.00s)
    --- PASS: TestUnknownLabelActualMain/label-4-bad0-crossTrue (0.00s)
    --- PASS: TestUnknownLabelActualMain/label-4-bad24-crossFalse (0.00s)
    --- PASS: TestUnknownLabelActualMain/label-4-bad24-crossTrue (0.00s)
    --- PASS: TestUnknownLabelActualMain/label-5-badNone-crossFalse (0.00s)
    --- PASS: TestUnknownLabelActualMain/label-5-badNone-crossTrue (0.00s)
    --- PASS: TestUnknownLabelActualMain/label-5-bad0-crossFalse (0.00s)
    --- PASS: TestUnknownLabelActualMain/label-5-bad0-crossTrue (0.00s)
    --- PASS: TestUnknownLabelActualMain/label-5-bad24-crossFalse (0.00s)
    --- PASS: TestUnknownLabelActualMain/label-5-bad24-crossTrue (0.00s)
    --- PASS: TestUnknownLabelActualMain/label-6-badNone-crossFalse (0.00s)
    --- PASS: TestUnknownLabelActualMain/label-6-badNone-crossTrue (0.00s)
    --- PASS: TestUnknownLabelActualMain/label-6-bad0-crossFalse (0.00s)
    --- PASS: TestUnknownLabelActualMain/label-6-bad0-crossTrue (0.00s)
    --- PASS: TestUnknownLabelActualMain/label-6-bad24-crossFalse (0.00s)
    --- PASS: TestUnknownLabelActualMain/label-6-bad24-crossTrue (0.00s)
    --- PASS: TestUnknownLabelActualMain/label-7-badNone-crossFalse (0.00s)
    --- PASS: TestUnknownLabelActualMain/label-7-badNone-crossTrue (0.00s)
    --- PASS: TestUnknownLabelActualMain/label-7-bad0-crossFalse (0.00s)
    --- PASS: TestUnknownLabelActualMain/label-7-bad0-crossTrue (0.00s)
    --- PASS: TestUnknownLabelActualMain/label-7-bad24-crossFalse (0.00s)
    --- PASS: TestUnknownLabelActualMain/label-7-bad24-crossTrue (0.00s)
    --- PASS: TestUnknownLabelActualMain/label-8-badNone-crossFalse (0.00s)
    --- PASS: TestUnknownLabelActualMain/label-8-badNone-crossTrue (0.01s)
    --- PASS: TestUnknownLabelActualMain/label-8-bad0-crossFalse (0.00s)
    --- PASS: TestUnknownLabelActualMain/label-8-bad0-crossTrue (0.00s)
    --- PASS: TestUnknownLabelActualMain/label-8-bad24-crossFalse (0.00s)
    --- PASS: TestUnknownLabelActualMain/label-8-bad24-crossTrue (0.00s)
    --- PASS: TestUnknownLabelActualMain/label-9-badNone-crossFalse (0.00s)
    --- PASS: TestUnknownLabelActualMain/label-9-badNone-crossTrue (0.00s)
    --- PASS: TestUnknownLabelActualMain/label-9-bad0-crossFalse (0.00s)
    --- PASS: TestUnknownLabelActualMain/label-9-bad0-crossTrue (0.00s)
    --- PASS: TestUnknownLabelActualMain/label-9-bad24-crossFalse (0.00s)
    --- PASS: TestUnknownLabelActualMain/label-9-bad24-crossTrue (0.00s)
    --- PASS: TestUnknownLabelActualMain/clauses-0-badNone (0.00s)
    --- PASS: TestUnknownLabelActualMain/clauses-0-bad0 (0.00s)
    --- PASS: TestUnknownLabelActualMain/clauses-1-badNone (0.00s)
    --- PASS: TestUnknownLabelActualMain/clauses-1-bad0 (0.01s)
    --- PASS: TestUnknownLabelActualMain/clauses-2-badNone (0.01s)
    --- PASS: TestUnknownLabelActualMain/clauses-2-bad0 (0.00s)
    --- PASS: TestUnknownLabelActualMain/clauses-3-badNone (0.00s)
    --- PASS: TestUnknownLabelActualMain/clauses-3-bad0 (0.00s)
    --- PASS: TestUnknownLabelActualMain/clauses-4-badNone (0.00s)
    --- PASS: TestUnknownLabelActualMain/clauses-4-bad0 (0.00s)
    --- PASS: TestUnknownLabelActualMain/clauses-5-badNone (0.00s)
    --- PASS: TestUnknownLabelActualMain/clauses-5-bad0 (0.00s)
    --- PASS: TestUnknownLabelActualMain/clauses-6-badNone (0.00s)
    --- PASS: TestUnknownLabelActualMain/clauses-6-bad0 (0.00s)
    --- PASS: TestUnknownLabelActualMain/clauses-7-badNone (0.00s)
    --- PASS: TestUnknownLabelActualMain/clauses-7-bad0 (0.00s)
    --- PASS: TestUnknownLabelActualMain/clauses-8-badNone (0.00s)
    --- PASS: TestUnknownLabelActualMain/clauses-8-bad0 (0.00s)
    --- PASS: TestUnknownLabelActualMain/clauses-9-badNone (0.00s)
    --- PASS: TestUnknownLabelActualMain/clauses-9-bad0 (0.00s)
    --- PASS: TestUnknownLabelActualMain/clauses-10-badNone (0.00s)
    --- PASS: TestUnknownLabelActualMain/clauses-10-bad0 (0.00s)
    --- PASS: TestUnknownLabelActualMain/clauses-11-badNone (0.00s)
    --- PASS: TestUnknownLabelActualMain/clauses-11-bad0 (0.00s)
    --- PASS: TestUnknownLabelActualMain/clauses-12-badNone (0.00s)
    --- PASS: TestUnknownLabelActualMain/clauses-12-bad0 (0.00s)
    --- PASS: TestUnknownLabelActualMain/clauses-13-badNone (0.00s)
    --- PASS: TestUnknownLabelActualMain/clauses-13-bad0 (0.00s)
    --- PASS: TestUnknownLabelActualMain/clauses-14-badNone (0.00s)
    --- PASS: TestUnknownLabelActualMain/clauses-14-bad0 (0.00s)
    --- PASS: TestUnknownLabelActualMain/clauses-15-badNone (0.00s)
    --- PASS: TestUnknownLabelActualMain/clauses-15-bad0 (0.00s)
    --- PASS: TestUnknownLabelActualMain/positive-Method-badNone (0.00s)
    --- PASS: TestUnknownLabelActualMain/positive-Method-bad0 (0.00s)
    --- PASS: TestUnknownLabelActualMain/positive-CallSite-badNone (0.00s)
    --- PASS: TestUnknownLabelActualMain/positive-CallSite-bad0 (0.00s)
    --- PASS: TestUnknownLabelActualMain/positive-IntConstant-badNone (0.00s)
    --- PASS: TestUnknownLabelActualMain/positive-IntConstant-bad0 (0.00s)
    --- PASS: TestUnknownLabelActualMain/scope-IntConstant-Missing-good-False (0.00s)
    --- PASS: TestUnknownLabelActualMain/scope-IntConstant-Missing-good-True (0.00s)
    --- PASS: TestUnknownLabelActualMain/scope-IntConstant-Missing-bad-False (0.00s)
    --- PASS: TestUnknownLabelActualMain/scope-IntConstant-Missing-bad-True (0.00s)
    --- PASS: TestUnknownLabelActualMain/scope-Missing-IntConstant-good-False (0.00s)
    --- PASS: TestUnknownLabelActualMain/scope-Missing-IntConstant-good-True (0.00s)
    --- PASS: TestUnknownLabelActualMain/scope-Missing-IntConstant-bad-False (0.00s)
    --- PASS: TestUnknownLabelActualMain/scope-Missing-IntConstant-bad-True (0.00s)
    --- PASS: TestUnknownLabelActualMain/relations-0-badNone (0.00s)
    --- PASS: TestUnknownLabelActualMain/relations-0-bad0 (0.00s)
    --- PASS: TestUnknownLabelActualMain/relations-1-badNone (0.00s)
    --- PASS: TestUnknownLabelActualMain/relations-1-bad0 (0.00s)
    --- PASS: TestUnknownLabelActualMain/relations-2-badNone (0.00s)
    --- PASS: TestUnknownLabelActualMain/relations-2-bad0 (0.00s)
    --- PASS: TestUnknownLabelActualMain/relations-3-badNone (0.00s)
    --- PASS: TestUnknownLabelActualMain/relations-3-bad0 (0.00s)
    --- PASS: TestUnknownLabelActualMain/predicate-order-0-crossFalse (0.00s)
    --- PASS: TestUnknownLabelActualMain/predicate-order-0-crossTrue (0.00s)
    --- PASS: TestUnknownLabelActualMain/predicate-order-1-crossFalse (0.00s)
    --- PASS: TestUnknownLabelActualMain/predicate-order-1-crossTrue (0.00s)
    --- PASS: TestUnknownLabelActualMain/predicate-order-2-crossFalse (0.00s)
    --- PASS: TestUnknownLabelActualMain/predicate-order-2-crossTrue (0.00s)
    --- PASS: TestUnknownLabelActualMain/typed-erasure-0 (0.00s)
    --- PASS: TestUnknownLabelActualMain/typed-erasure-1 (0.00s)
    --- PASS: TestUnknownLabelActualMain/typed-erasure-2 (0.00s)
    --- PASS: TestUnknownLabelActualMain/typed-erasure-3 (0.00s)
    --- PASS: TestUnknownLabelActualMain/typed-erasure-4 (0.00s)
    --- PASS: TestUnknownLabelActualMain/typed-erasure-5 (0.00s)
    --- PASS: TestUnknownLabelActualMain/typed-erasure-6 (0.00s)
    --- PASS: TestUnknownLabelActualMain/typed-erasure-7 (0.00s)
    --- PASS: TestUnknownLabelActualMain/offset-missing-0 (0.00s)
    --- PASS: TestUnknownLabelActualMain/offset-missing-1 (0.00s)
    --- PASS: TestUnknownLabelActualMain/offset-missing-2 (0.00s)
    --- PASS: TestUnknownLabelActualMain/offset-negative2-0 (0.00s)
    --- PASS: TestUnknownLabelActualMain/offset-negative2-1 (0.00s)
    --- PASS: TestUnknownLabelActualMain/offset-negative2-2 (0.00s)
    --- PASS: TestUnknownLabelActualMain/offset-alias-0 (0.00s)
    --- PASS: TestUnknownLabelActualMain/offset-alias-1 (0.00s)
    --- PASS: TestUnknownLabelActualMain/offset-alias-2 (0.00s)
    --- PASS: TestUnknownLabelActualMain/offset-out-of-range-0 (0.00s)
    --- PASS: TestUnknownLabelActualMain/offset-out-of-range-1 (0.00s)
    --- PASS: TestUnknownLabelActualMain/offset-out-of-range-2 (0.00s)
PASS
ok  	github.com/johnsonlee/graphite/graphite-server/internal/query	0.653s
