=== RUN   TestUnknownLabelActualMain
=== RUN   TestUnknownLabelActualMain/label-0-badNone-crossFalse
=== RUN   TestUnknownLabelActualMain/label-0-badNone-crossTrue
=== RUN   TestUnknownLabelActualMain/label-0-bad0-crossFalse
    unknown_label_test.go:362: Execute outcome got="FAILED" want="SUCCESS"
    unknown_label_test.go:362: Execute columns got=<nil> want=[]interface {}{"n"}
    unknown_label_test.go:362: Execute rows got=<nil> want=[]interface {}{}
    unknown_label_test.go:362: Execute error got="IllegalArgumentException" want=<nil>
    unknown_label_test.go:362: Execute message got="Unknown node tag: -1" want=<nil>
    unknown_label_test.go:366: executeSources(single, WorkTrackingEnabled=true) outcome got="FAILED" want="SUCCESS"
    unknown_label_test.go:366: executeSources(single, WorkTrackingEnabled=true) columns got=<nil> want=[]interface {}{"n"}
    unknown_label_test.go:366: executeSources(single, WorkTrackingEnabled=true) rows got=<nil> want=[]interface {}{}
    unknown_label_test.go:366: executeSources(single, WorkTrackingEnabled=true) error got="IllegalArgumentException" want=<nil>
    unknown_label_test.go:366: executeSources(single, WorkTrackingEnabled=true) message got="Unknown node tag: -1" want=<nil>
=== RUN   TestUnknownLabelActualMain/label-0-bad0-crossTrue
    unknown_label_test.go:362: ExecuteCrossWithOptions outcome got="FAILED" want="SUCCESS"
    unknown_label_test.go:362: ExecuteCrossWithOptions columns got=<nil> want=[]interface {}{"n"}
    unknown_label_test.go:362: ExecuteCrossWithOptions rows got=<nil> want=[]interface {}{}
    unknown_label_test.go:362: ExecuteCrossWithOptions error got="IllegalArgumentException" want=<nil>
    unknown_label_test.go:362: ExecuteCrossWithOptions message got="Unknown node tag: -1" want=<nil>
=== RUN   TestUnknownLabelActualMain/label-0-bad24-crossFalse
    unknown_label_test.go:362: Execute outcome got="FAILED" want="SUCCESS"
    unknown_label_test.go:362: Execute columns got=<nil> want=[]interface {}{"n"}
    unknown_label_test.go:362: Execute rows got=<nil> want=[]interface {}{}
    unknown_label_test.go:362: Execute error got="IllegalArgumentException" want=<nil>
    unknown_label_test.go:362: Execute message got="Unknown node tag: -1" want=<nil>
    unknown_label_test.go:366: executeSources(single, WorkTrackingEnabled=true) outcome got="FAILED" want="SUCCESS"
    unknown_label_test.go:366: executeSources(single, WorkTrackingEnabled=true) columns got=<nil> want=[]interface {}{"n"}
    unknown_label_test.go:366: executeSources(single, WorkTrackingEnabled=true) rows got=<nil> want=[]interface {}{}
    unknown_label_test.go:366: executeSources(single, WorkTrackingEnabled=true) error got="IllegalArgumentException" want=<nil>
    unknown_label_test.go:366: executeSources(single, WorkTrackingEnabled=true) message got="Unknown node tag: -1" want=<nil>
=== RUN   TestUnknownLabelActualMain/label-0-bad24-crossTrue
    unknown_label_test.go:362: ExecuteCrossWithOptions outcome got="FAILED" want="SUCCESS"
    unknown_label_test.go:362: ExecuteCrossWithOptions columns got=<nil> want=[]interface {}{"n"}
    unknown_label_test.go:362: ExecuteCrossWithOptions rows got=<nil> want=[]interface {}{}
    unknown_label_test.go:362: ExecuteCrossWithOptions error got="IllegalArgumentException" want=<nil>
    unknown_label_test.go:362: ExecuteCrossWithOptions message got="Unknown node tag: -1" want=<nil>
=== RUN   TestUnknownLabelActualMain/label-1-badNone-crossFalse
=== RUN   TestUnknownLabelActualMain/label-1-badNone-crossTrue
=== RUN   TestUnknownLabelActualMain/label-1-bad0-crossFalse
=== RUN   TestUnknownLabelActualMain/label-1-bad0-crossTrue
=== RUN   TestUnknownLabelActualMain/label-1-bad24-crossFalse
    unknown_label_test.go:362: Execute outcome got="FAILED" want="SUCCESS"
    unknown_label_test.go:362: Execute columns got=<nil> want=[]interface {}{"n"}
    unknown_label_test.go:362: Execute rows got=<nil> want=[]interface {}{}
    unknown_label_test.go:362: Execute error got="IllegalArgumentException" want=<nil>
    unknown_label_test.go:362: Execute message got="Unknown node tag: -1" want=<nil>
    unknown_label_test.go:366: executeSources(single, WorkTrackingEnabled=true) outcome got="FAILED" want="SUCCESS"
    unknown_label_test.go:366: executeSources(single, WorkTrackingEnabled=true) columns got=<nil> want=[]interface {}{"n"}
    unknown_label_test.go:366: executeSources(single, WorkTrackingEnabled=true) rows got=<nil> want=[]interface {}{}
    unknown_label_test.go:366: executeSources(single, WorkTrackingEnabled=true) error got="IllegalArgumentException" want=<nil>
    unknown_label_test.go:366: executeSources(single, WorkTrackingEnabled=true) message got="Unknown node tag: -1" want=<nil>
=== RUN   TestUnknownLabelActualMain/label-1-bad24-crossTrue
    unknown_label_test.go:362: ExecuteCrossWithOptions outcome got="FAILED" want="SUCCESS"
    unknown_label_test.go:362: ExecuteCrossWithOptions columns got=<nil> want=[]interface {}{"n"}
    unknown_label_test.go:362: ExecuteCrossWithOptions rows got=<nil> want=[]interface {}{}
    unknown_label_test.go:362: ExecuteCrossWithOptions error got="IllegalArgumentException" want=<nil>
    unknown_label_test.go:362: ExecuteCrossWithOptions message got="Unknown node tag: -1" want=<nil>
=== RUN   TestUnknownLabelActualMain/label-2-badNone-crossFalse
=== RUN   TestUnknownLabelActualMain/label-2-badNone-crossTrue
=== RUN   TestUnknownLabelActualMain/label-2-bad0-crossFalse
    unknown_label_test.go:362: Execute outcome got="FAILED" want="SUCCESS"
    unknown_label_test.go:362: Execute columns got=<nil> want=[]interface {}{"n"}
    unknown_label_test.go:362: Execute rows got=<nil> want=[]interface {}{}
    unknown_label_test.go:362: Execute error got="IllegalArgumentException" want=<nil>
    unknown_label_test.go:362: Execute message got="Unknown node tag: -1" want=<nil>
    unknown_label_test.go:366: executeSources(single, WorkTrackingEnabled=true) outcome got="FAILED" want="SUCCESS"
    unknown_label_test.go:366: executeSources(single, WorkTrackingEnabled=true) columns got=<nil> want=[]interface {}{"n"}
    unknown_label_test.go:366: executeSources(single, WorkTrackingEnabled=true) rows got=<nil> want=[]interface {}{}
    unknown_label_test.go:366: executeSources(single, WorkTrackingEnabled=true) error got="IllegalArgumentException" want=<nil>
    unknown_label_test.go:366: executeSources(single, WorkTrackingEnabled=true) message got="Unknown node tag: -1" want=<nil>
=== RUN   TestUnknownLabelActualMain/label-2-bad0-crossTrue
    unknown_label_test.go:362: ExecuteCrossWithOptions outcome got="FAILED" want="SUCCESS"
    unknown_label_test.go:362: ExecuteCrossWithOptions columns got=<nil> want=[]interface {}{"n"}
    unknown_label_test.go:362: ExecuteCrossWithOptions rows got=<nil> want=[]interface {}{}
    unknown_label_test.go:362: ExecuteCrossWithOptions error got="IllegalArgumentException" want=<nil>
    unknown_label_test.go:362: ExecuteCrossWithOptions message got="Unknown node tag: -1" want=<nil>
=== RUN   TestUnknownLabelActualMain/label-2-bad24-crossFalse
    unknown_label_test.go:362: Execute outcome got="FAILED" want="SUCCESS"
    unknown_label_test.go:362: Execute columns got=<nil> want=[]interface {}{"n"}
    unknown_label_test.go:362: Execute rows got=<nil> want=[]interface {}{}
    unknown_label_test.go:362: Execute error got="IllegalArgumentException" want=<nil>
    unknown_label_test.go:362: Execute message got="Unknown node tag: -1" want=<nil>
    unknown_label_test.go:366: executeSources(single, WorkTrackingEnabled=true) outcome got="FAILED" want="SUCCESS"
    unknown_label_test.go:366: executeSources(single, WorkTrackingEnabled=true) columns got=<nil> want=[]interface {}{"n"}
    unknown_label_test.go:366: executeSources(single, WorkTrackingEnabled=true) rows got=<nil> want=[]interface {}{}
    unknown_label_test.go:366: executeSources(single, WorkTrackingEnabled=true) error got="IllegalArgumentException" want=<nil>
    unknown_label_test.go:366: executeSources(single, WorkTrackingEnabled=true) message got="Unknown node tag: -1" want=<nil>
=== RUN   TestUnknownLabelActualMain/label-2-bad24-crossTrue
    unknown_label_test.go:362: ExecuteCrossWithOptions outcome got="FAILED" want="SUCCESS"
    unknown_label_test.go:362: ExecuteCrossWithOptions columns got=<nil> want=[]interface {}{"n"}
    unknown_label_test.go:362: ExecuteCrossWithOptions rows got=<nil> want=[]interface {}{}
    unknown_label_test.go:362: ExecuteCrossWithOptions error got="IllegalArgumentException" want=<nil>
    unknown_label_test.go:362: ExecuteCrossWithOptions message got="Unknown node tag: -1" want=<nil>
=== RUN   TestUnknownLabelActualMain/label-3-badNone-crossFalse
=== RUN   TestUnknownLabelActualMain/label-3-badNone-crossTrue
=== RUN   TestUnknownLabelActualMain/label-3-bad0-crossFalse
=== RUN   TestUnknownLabelActualMain/label-3-bad0-crossTrue
=== RUN   TestUnknownLabelActualMain/label-3-bad24-crossFalse
=== RUN   TestUnknownLabelActualMain/label-3-bad24-crossTrue
=== RUN   TestUnknownLabelActualMain/label-4-badNone-crossFalse
=== RUN   TestUnknownLabelActualMain/label-4-badNone-crossTrue
=== RUN   TestUnknownLabelActualMain/label-4-bad0-crossFalse
    unknown_label_test.go:362: Execute outcome got="FAILED" want="SUCCESS"
    unknown_label_test.go:362: Execute columns got=<nil> want=[]interface {}{"n"}
    unknown_label_test.go:362: Execute rows got=<nil> want=[]interface {}{}
    unknown_label_test.go:362: Execute error got="IllegalArgumentException" want=<nil>
    unknown_label_test.go:362: Execute message got="Unknown node tag: -1" want=<nil>
    unknown_label_test.go:366: executeSources(single, WorkTrackingEnabled=true) outcome got="FAILED" want="SUCCESS"
    unknown_label_test.go:366: executeSources(single, WorkTrackingEnabled=true) columns got=<nil> want=[]interface {}{"n"}
    unknown_label_test.go:366: executeSources(single, WorkTrackingEnabled=true) rows got=<nil> want=[]interface {}{}
    unknown_label_test.go:366: executeSources(single, WorkTrackingEnabled=true) error got="IllegalArgumentException" want=<nil>
    unknown_label_test.go:366: executeSources(single, WorkTrackingEnabled=true) message got="Unknown node tag: -1" want=<nil>
=== RUN   TestUnknownLabelActualMain/label-4-bad0-crossTrue
    unknown_label_test.go:362: ExecuteCrossWithOptions outcome got="FAILED" want="SUCCESS"
    unknown_label_test.go:362: ExecuteCrossWithOptions columns got=<nil> want=[]interface {}{"n"}
    unknown_label_test.go:362: ExecuteCrossWithOptions rows got=<nil> want=[]interface {}{}
    unknown_label_test.go:362: ExecuteCrossWithOptions error got="IllegalArgumentException" want=<nil>
    unknown_label_test.go:362: ExecuteCrossWithOptions message got="Unknown node tag: -1" want=<nil>
=== RUN   TestUnknownLabelActualMain/label-4-bad24-crossFalse
    unknown_label_test.go:362: Execute outcome got="FAILED" want="SUCCESS"
    unknown_label_test.go:362: Execute columns got=<nil> want=[]interface {}{"n"}
    unknown_label_test.go:362: Execute rows got=<nil> want=[]interface {}{}
    unknown_label_test.go:362: Execute error got="IllegalArgumentException" want=<nil>
    unknown_label_test.go:362: Execute message got="Unknown node tag: -1" want=<nil>
    unknown_label_test.go:366: executeSources(single, WorkTrackingEnabled=true) outcome got="FAILED" want="SUCCESS"
    unknown_label_test.go:366: executeSources(single, WorkTrackingEnabled=true) columns got=<nil> want=[]interface {}{"n"}
    unknown_label_test.go:366: executeSources(single, WorkTrackingEnabled=true) rows got=<nil> want=[]interface {}{}
    unknown_label_test.go:366: executeSources(single, WorkTrackingEnabled=true) error got="IllegalArgumentException" want=<nil>
    unknown_label_test.go:366: executeSources(single, WorkTrackingEnabled=true) message got="Unknown node tag: -1" want=<nil>
=== RUN   TestUnknownLabelActualMain/label-4-bad24-crossTrue
    unknown_label_test.go:362: ExecuteCrossWithOptions outcome got="FAILED" want="SUCCESS"
    unknown_label_test.go:362: ExecuteCrossWithOptions columns got=<nil> want=[]interface {}{"n"}
    unknown_label_test.go:362: ExecuteCrossWithOptions rows got=<nil> want=[]interface {}{}
    unknown_label_test.go:362: ExecuteCrossWithOptions error got="IllegalArgumentException" want=<nil>
    unknown_label_test.go:362: ExecuteCrossWithOptions message got="Unknown node tag: -1" want=<nil>
=== RUN   TestUnknownLabelActualMain/label-5-badNone-crossFalse
=== RUN   TestUnknownLabelActualMain/label-5-badNone-crossTrue
=== RUN   TestUnknownLabelActualMain/label-5-bad0-crossFalse
    unknown_label_test.go:362: Execute outcome got="FAILED" want="SUCCESS"
    unknown_label_test.go:362: Execute columns got=<nil> want=[]interface {}{"n"}
    unknown_label_test.go:362: Execute rows got=<nil> want=[]interface {}{}
    unknown_label_test.go:362: Execute error got="IllegalArgumentException" want=<nil>
    unknown_label_test.go:362: Execute message got="Unknown node tag: -1" want=<nil>
    unknown_label_test.go:366: executeSources(single, WorkTrackingEnabled=true) outcome got="FAILED" want="SUCCESS"
    unknown_label_test.go:366: executeSources(single, WorkTrackingEnabled=true) columns got=<nil> want=[]interface {}{"n"}
    unknown_label_test.go:366: executeSources(single, WorkTrackingEnabled=true) rows got=<nil> want=[]interface {}{}
    unknown_label_test.go:366: executeSources(single, WorkTrackingEnabled=true) error got="IllegalArgumentException" want=<nil>
    unknown_label_test.go:366: executeSources(single, WorkTrackingEnabled=true) message got="Unknown node tag: -1" want=<nil>
=== RUN   TestUnknownLabelActualMain/label-5-bad0-crossTrue
    unknown_label_test.go:362: ExecuteCrossWithOptions outcome got="FAILED" want="SUCCESS"
    unknown_label_test.go:362: ExecuteCrossWithOptions columns got=<nil> want=[]interface {}{"n"}
    unknown_label_test.go:362: ExecuteCrossWithOptions rows got=<nil> want=[]interface {}{}
    unknown_label_test.go:362: ExecuteCrossWithOptions error got="IllegalArgumentException" want=<nil>
    unknown_label_test.go:362: ExecuteCrossWithOptions message got="Unknown node tag: -1" want=<nil>
=== RUN   TestUnknownLabelActualMain/label-5-bad24-crossFalse
=== RUN   TestUnknownLabelActualMain/label-5-bad24-crossTrue
=== RUN   TestUnknownLabelActualMain/label-6-badNone-crossFalse
=== RUN   TestUnknownLabelActualMain/label-6-badNone-crossTrue
=== RUN   TestUnknownLabelActualMain/label-6-bad0-crossFalse
    unknown_label_test.go:362: Execute outcome got="FAILED" want="SUCCESS"
    unknown_label_test.go:362: Execute columns got=<nil> want=[]interface {}{"n"}
    unknown_label_test.go:362: Execute rows got=<nil> want=[]interface {}{}
    unknown_label_test.go:362: Execute error got="IllegalArgumentException" want=<nil>
    unknown_label_test.go:362: Execute message got="Unknown node tag: -1" want=<nil>
    unknown_label_test.go:366: executeSources(single, WorkTrackingEnabled=true) outcome got="FAILED" want="SUCCESS"
    unknown_label_test.go:366: executeSources(single, WorkTrackingEnabled=true) columns got=<nil> want=[]interface {}{"n"}
    unknown_label_test.go:366: executeSources(single, WorkTrackingEnabled=true) rows got=<nil> want=[]interface {}{}
    unknown_label_test.go:366: executeSources(single, WorkTrackingEnabled=true) error got="IllegalArgumentException" want=<nil>
    unknown_label_test.go:366: executeSources(single, WorkTrackingEnabled=true) message got="Unknown node tag: -1" want=<nil>
=== RUN   TestUnknownLabelActualMain/label-6-bad0-crossTrue
    unknown_label_test.go:362: ExecuteCrossWithOptions outcome got="FAILED" want="SUCCESS"
    unknown_label_test.go:362: ExecuteCrossWithOptions columns got=<nil> want=[]interface {}{"n"}
    unknown_label_test.go:362: ExecuteCrossWithOptions rows got=<nil> want=[]interface {}{}
    unknown_label_test.go:362: ExecuteCrossWithOptions error got="IllegalArgumentException" want=<nil>
    unknown_label_test.go:362: ExecuteCrossWithOptions message got="Unknown node tag: -1" want=<nil>
=== RUN   TestUnknownLabelActualMain/label-6-bad24-crossFalse
    unknown_label_test.go:362: Execute outcome got="FAILED" want="SUCCESS"
    unknown_label_test.go:362: Execute columns got=<nil> want=[]interface {}{"n"}
    unknown_label_test.go:362: Execute rows got=<nil> want=[]interface {}{}
    unknown_label_test.go:362: Execute error got="IllegalArgumentException" want=<nil>
    unknown_label_test.go:362: Execute message got="Unknown node tag: -1" want=<nil>
    unknown_label_test.go:366: executeSources(single, WorkTrackingEnabled=true) outcome got="FAILED" want="SUCCESS"
    unknown_label_test.go:366: executeSources(single, WorkTrackingEnabled=true) columns got=<nil> want=[]interface {}{"n"}
    unknown_label_test.go:366: executeSources(single, WorkTrackingEnabled=true) rows got=<nil> want=[]interface {}{}
    unknown_label_test.go:366: executeSources(single, WorkTrackingEnabled=true) error got="IllegalArgumentException" want=<nil>
    unknown_label_test.go:366: executeSources(single, WorkTrackingEnabled=true) message got="Unknown node tag: -1" want=<nil>
=== RUN   TestUnknownLabelActualMain/label-6-bad24-crossTrue
    unknown_label_test.go:362: ExecuteCrossWithOptions outcome got="FAILED" want="SUCCESS"
    unknown_label_test.go:362: ExecuteCrossWithOptions columns got=<nil> want=[]interface {}{"n"}
    unknown_label_test.go:362: ExecuteCrossWithOptions rows got=<nil> want=[]interface {}{}
    unknown_label_test.go:362: ExecuteCrossWithOptions error got="IllegalArgumentException" want=<nil>
    unknown_label_test.go:362: ExecuteCrossWithOptions message got="Unknown node tag: -1" want=<nil>
=== RUN   TestUnknownLabelActualMain/label-7-badNone-crossFalse
=== RUN   TestUnknownLabelActualMain/label-7-badNone-crossTrue
=== RUN   TestUnknownLabelActualMain/label-7-bad0-crossFalse
=== RUN   TestUnknownLabelActualMain/label-7-bad0-crossTrue
=== RUN   TestUnknownLabelActualMain/label-7-bad24-crossFalse
=== RUN   TestUnknownLabelActualMain/label-7-bad24-crossTrue
=== RUN   TestUnknownLabelActualMain/label-8-badNone-crossFalse
=== RUN   TestUnknownLabelActualMain/label-8-badNone-crossTrue
=== RUN   TestUnknownLabelActualMain/label-8-bad0-crossFalse
=== RUN   TestUnknownLabelActualMain/label-8-bad0-crossTrue
=== RUN   TestUnknownLabelActualMain/label-8-bad24-crossFalse
=== RUN   TestUnknownLabelActualMain/label-8-bad24-crossTrue
=== RUN   TestUnknownLabelActualMain/label-9-badNone-crossFalse
=== RUN   TestUnknownLabelActualMain/label-9-badNone-crossTrue
=== RUN   TestUnknownLabelActualMain/label-9-bad0-crossFalse
=== RUN   TestUnknownLabelActualMain/label-9-bad0-crossTrue
=== RUN   TestUnknownLabelActualMain/label-9-bad24-crossFalse
=== RUN   TestUnknownLabelActualMain/label-9-bad24-crossTrue
=== RUN   TestUnknownLabelActualMain/clauses-0-badNone
=== RUN   TestUnknownLabelActualMain/clauses-0-bad0
    unknown_label_test.go:362: Execute outcome got="FAILED" want="SUCCESS"
    unknown_label_test.go:362: Execute columns got=<nil> want=[]interface {}{"x"}
    unknown_label_test.go:362: Execute rows got=<nil> want=[]interface {}{map[string]interface {}{"x":0}}
    unknown_label_test.go:362: Execute error got="IllegalArgumentException" want=<nil>
    unknown_label_test.go:362: Execute message got="Unknown node tag: -1" want=<nil>
    unknown_label_test.go:366: executeSources(single, WorkTrackingEnabled=true) outcome got="FAILED" want="SUCCESS"
    unknown_label_test.go:366: executeSources(single, WorkTrackingEnabled=true) columns got=<nil> want=[]interface {}{"x"}
    unknown_label_test.go:366: executeSources(single, WorkTrackingEnabled=true) rows got=<nil> want=[]interface {}{map[string]interface {}{"x":0}}
    unknown_label_test.go:366: executeSources(single, WorkTrackingEnabled=true) error got="IllegalArgumentException" want=<nil>
    unknown_label_test.go:366: executeSources(single, WorkTrackingEnabled=true) message got="Unknown node tag: -1" want=<nil>
=== RUN   TestUnknownLabelActualMain/clauses-1-badNone
=== RUN   TestUnknownLabelActualMain/clauses-1-bad0
    unknown_label_test.go:362: ExecuteCrossWithOptions outcome got="FAILED" want="SUCCESS"
    unknown_label_test.go:362: ExecuteCrossWithOptions columns got=<nil> want=[]interface {}{"n"}
    unknown_label_test.go:362: ExecuteCrossWithOptions rows got=<nil> want=[]interface {}{map[string]interface {}{"$metadata":map[string]interface {}{"graphIds":[]interface {}{}}, "n":interface {}(nil)}}
    unknown_label_test.go:362: ExecuteCrossWithOptions error got="IllegalArgumentException" want=<nil>
    unknown_label_test.go:362: ExecuteCrossWithOptions message got="Unknown node tag: -1" want=<nil>
=== RUN   TestUnknownLabelActualMain/clauses-2-badNone
=== RUN   TestUnknownLabelActualMain/clauses-2-bad0
    unknown_label_test.go:362: Execute outcome got="FAILED" want="SUCCESS"
    unknown_label_test.go:362: Execute columns got=<nil> want=[]interface {}{"rows", "nodes"}
    unknown_label_test.go:362: Execute rows got=<nil> want=[]interface {}{map[string]interface {}{"nodes":0, "rows":1}}
    unknown_label_test.go:362: Execute error got="IllegalArgumentException" want=<nil>
    unknown_label_test.go:362: Execute message got="Unknown node tag: -1" want=<nil>
    unknown_label_test.go:366: executeSources(single, WorkTrackingEnabled=true) outcome got="FAILED" want="SUCCESS"
    unknown_label_test.go:366: executeSources(single, WorkTrackingEnabled=true) columns got=<nil> want=[]interface {}{"rows", "nodes"}
    unknown_label_test.go:366: executeSources(single, WorkTrackingEnabled=true) rows got=<nil> want=[]interface {}{map[string]interface {}{"nodes":0, "rows":1}}
    unknown_label_test.go:366: executeSources(single, WorkTrackingEnabled=true) error got="IllegalArgumentException" want=<nil>
    unknown_label_test.go:366: executeSources(single, WorkTrackingEnabled=true) message got="Unknown node tag: -1" want=<nil>
=== RUN   TestUnknownLabelActualMain/clauses-3-badNone
=== RUN   TestUnknownLabelActualMain/clauses-3-bad0
    unknown_label_test.go:362: ExecuteCrossWithOptions outcome got="FAILED" want="SUCCESS"
    unknown_label_test.go:362: ExecuteCrossWithOptions columns got=<nil> want=[]interface {}{"x", "n"}
    unknown_label_test.go:362: ExecuteCrossWithOptions rows got=<nil> want=[]interface {}{map[string]interface {}{"$metadata":map[string]interface {}{"graphIds":[]interface {}{}}, "n":interface {}(nil), "x":1}, map[string]interface {}{"$metadata":map[string]interface {}{"graphIds":[]interface {}{}}, "n":interface {}(nil), "x":2}}
    unknown_label_test.go:362: ExecuteCrossWithOptions error got="IllegalArgumentException" want=<nil>
    unknown_label_test.go:362: ExecuteCrossWithOptions message got="Unknown node tag: -1" want=<nil>
=== RUN   TestUnknownLabelActualMain/clauses-4-badNone
=== RUN   TestUnknownLabelActualMain/clauses-4-bad0
    unknown_label_test.go:362: Execute outcome got="FAILED" want="SUCCESS"
    unknown_label_test.go:362: Execute columns got=<nil> want=[]interface {}{"x"}
    unknown_label_test.go:362: Execute rows got=<nil> want=[]interface {}{}
    unknown_label_test.go:362: Execute error got="IllegalArgumentException" want=<nil>
    unknown_label_test.go:362: Execute message got="Unknown node tag: -1" want=<nil>
    unknown_label_test.go:366: executeSources(single, WorkTrackingEnabled=true) outcome got="FAILED" want="SUCCESS"
    unknown_label_test.go:366: executeSources(single, WorkTrackingEnabled=true) columns got=<nil> want=[]interface {}{"x"}
    unknown_label_test.go:366: executeSources(single, WorkTrackingEnabled=true) rows got=<nil> want=[]interface {}{}
    unknown_label_test.go:366: executeSources(single, WorkTrackingEnabled=true) error got="IllegalArgumentException" want=<nil>
    unknown_label_test.go:366: executeSources(single, WorkTrackingEnabled=true) message got="Unknown node tag: -1" want=<nil>
=== RUN   TestUnknownLabelActualMain/clauses-5-badNone
=== RUN   TestUnknownLabelActualMain/clauses-5-bad0
    unknown_label_test.go:362: ExecuteCrossWithOptions outcome got="FAILED" want="SUCCESS"
    unknown_label_test.go:362: ExecuteCrossWithOptions columns got=<nil> want=[]interface {}{"x"}
    unknown_label_test.go:362: ExecuteCrossWithOptions rows got=<nil> want=[]interface {}{}
    unknown_label_test.go:362: ExecuteCrossWithOptions error got="IllegalArgumentException" want=<nil>
    unknown_label_test.go:362: ExecuteCrossWithOptions message got="Unknown node tag: -1" want=<nil>
=== RUN   TestUnknownLabelActualMain/clauses-6-badNone
=== RUN   TestUnknownLabelActualMain/clauses-6-bad0
=== RUN   TestUnknownLabelActualMain/clauses-7-badNone
=== RUN   TestUnknownLabelActualMain/clauses-7-bad0
=== RUN   TestUnknownLabelActualMain/clauses-8-badNone
=== RUN   TestUnknownLabelActualMain/clauses-8-bad0
    unknown_label_test.go:362: Execute outcome got="FAILED" want="SUCCESS"
    unknown_label_test.go:362: Execute columns got=<nil> want=[]interface {}{"m"}
    unknown_label_test.go:362: Execute rows got=<nil> want=[]interface {}{}
    unknown_label_test.go:362: Execute error got="IllegalArgumentException" want=<nil>
    unknown_label_test.go:362: Execute message got="Unknown node tag: -1" want=<nil>
    unknown_label_test.go:366: executeSources(single, WorkTrackingEnabled=true) outcome got="FAILED" want="SUCCESS"
    unknown_label_test.go:366: executeSources(single, WorkTrackingEnabled=true) columns got=<nil> want=[]interface {}{"m"}
    unknown_label_test.go:366: executeSources(single, WorkTrackingEnabled=true) rows got=<nil> want=[]interface {}{}
    unknown_label_test.go:366: executeSources(single, WorkTrackingEnabled=true) error got="IllegalArgumentException" want=<nil>
    unknown_label_test.go:366: executeSources(single, WorkTrackingEnabled=true) message got="Unknown node tag: -1" want=<nil>
=== RUN   TestUnknownLabelActualMain/clauses-9-badNone
=== RUN   TestUnknownLabelActualMain/clauses-9-bad0
=== RUN   TestUnknownLabelActualMain/clauses-10-badNone
=== RUN   TestUnknownLabelActualMain/clauses-10-bad0
    unknown_label_test.go:362: Execute outcome got="FAILED" want="SUCCESS"
    unknown_label_test.go:362: Execute columns got=<nil> want=[]interface {}{"m"}
    unknown_label_test.go:362: Execute rows got=<nil> want=[]interface {}{}
    unknown_label_test.go:362: Execute error got="IllegalArgumentException" want=<nil>
    unknown_label_test.go:362: Execute message got="Unknown node tag: -1" want=<nil>
    unknown_label_test.go:366: executeSources(single, WorkTrackingEnabled=true) outcome got="FAILED" want="SUCCESS"
    unknown_label_test.go:366: executeSources(single, WorkTrackingEnabled=true) columns got=<nil> want=[]interface {}{"m"}
    unknown_label_test.go:366: executeSources(single, WorkTrackingEnabled=true) rows got=<nil> want=[]interface {}{}
    unknown_label_test.go:366: executeSources(single, WorkTrackingEnabled=true) error got="IllegalArgumentException" want=<nil>
    unknown_label_test.go:366: executeSources(single, WorkTrackingEnabled=true) message got="Unknown node tag: -1" want=<nil>
=== RUN   TestUnknownLabelActualMain/clauses-11-badNone
=== RUN   TestUnknownLabelActualMain/clauses-11-bad0
    unknown_label_test.go:362: ExecuteCrossWithOptions outcome got="FAILED" want="SUCCESS"
    unknown_label_test.go:362: ExecuteCrossWithOptions columns got=<nil> want=[]interface {}{"x"}
    unknown_label_test.go:362: ExecuteCrossWithOptions rows got=<nil> want=[]interface {}{map[string]interface {}{"$metadata":map[string]interface {}{"graphIds":[]interface {}{}}, "x":0}, map[string]interface {}{"$metadata":map[string]interface {}{"graphIds":[]interface {}{}}, "x":1}}
    unknown_label_test.go:362: ExecuteCrossWithOptions error got="IllegalArgumentException" want=<nil>
    unknown_label_test.go:362: ExecuteCrossWithOptions message got="Unknown node tag: -1" want=<nil>
=== RUN   TestUnknownLabelActualMain/clauses-12-badNone
=== RUN   TestUnknownLabelActualMain/clauses-12-bad0
    unknown_label_test.go:362: Execute outcome got="FAILED" want="SUCCESS"
    unknown_label_test.go:362: Execute columns got=<nil> want=[]interface {}{"n"}
    unknown_label_test.go:362: Execute rows got=<nil> want=[]interface {}{map[string]interface {}{"n":1}}
    unknown_label_test.go:362: Execute error got="IllegalArgumentException" want=<nil>
    unknown_label_test.go:362: Execute message got="Unknown node tag: -1" want=<nil>
    unknown_label_test.go:366: executeSources(single, WorkTrackingEnabled=true) outcome got="FAILED" want="SUCCESS"
    unknown_label_test.go:366: executeSources(single, WorkTrackingEnabled=true) columns got=<nil> want=[]interface {}{"n"}
    unknown_label_test.go:366: executeSources(single, WorkTrackingEnabled=true) rows got=<nil> want=[]interface {}{map[string]interface {}{"n":1}}
    unknown_label_test.go:366: executeSources(single, WorkTrackingEnabled=true) error got="IllegalArgumentException" want=<nil>
    unknown_label_test.go:366: executeSources(single, WorkTrackingEnabled=true) message got="Unknown node tag: -1" want=<nil>
=== RUN   TestUnknownLabelActualMain/clauses-13-badNone
=== RUN   TestUnknownLabelActualMain/clauses-13-bad0
    unknown_label_test.go:362: ExecuteCrossWithOptions outcome got="FAILED" want="SUCCESS"
    unknown_label_test.go:362: ExecuteCrossWithOptions columns got=<nil> want=[]interface {}{"n"}
    unknown_label_test.go:362: ExecuteCrossWithOptions rows got=<nil> want=[]interface {}{}
    unknown_label_test.go:362: ExecuteCrossWithOptions error got="IllegalArgumentException" want=<nil>
    unknown_label_test.go:362: ExecuteCrossWithOptions message got="Unknown node tag: -1" want=<nil>
=== RUN   TestUnknownLabelActualMain/clauses-14-badNone
=== RUN   TestUnknownLabelActualMain/clauses-14-bad0
    unknown_label_test.go:362: Execute message got="Unknown node tag: -1" want="Requested element count -1 is less than zero."
    unknown_label_test.go:366: executeSources(single, WorkTrackingEnabled=true) message got="Unknown node tag: -1" want="Requested element count -1 is less than zero."
=== RUN   TestUnknownLabelActualMain/clauses-15-badNone
=== RUN   TestUnknownLabelActualMain/clauses-15-bad0
=== RUN   TestUnknownLabelActualMain/positive-Method-badNone
=== RUN   TestUnknownLabelActualMain/positive-Method-bad0
=== RUN   TestUnknownLabelActualMain/positive-CallSite-badNone
=== RUN   TestUnknownLabelActualMain/positive-CallSite-bad0
    unknown_label_test.go:362: Execute outcome got="FAILED" want="SUCCESS"
    unknown_label_test.go:362: Execute columns got=<nil> want=[]interface {}{"n"}
    unknown_label_test.go:362: Execute rows got=<nil> want=[]interface {}{map[string]interface {}{"n":map[string]interface {}{"callee_class":"Example", "callee_name":"callee", "caller_class":"Example", "caller_name":"run", "id":24, "line":37, "type":"CallSiteNode"}}}
    unknown_label_test.go:362: Execute error got="IllegalArgumentException" want=<nil>
    unknown_label_test.go:362: Execute message got="Unknown node tag: -1" want=<nil>
    unknown_label_test.go:366: executeSources(single, WorkTrackingEnabled=true) outcome got="FAILED" want="SUCCESS"
    unknown_label_test.go:366: executeSources(single, WorkTrackingEnabled=true) columns got=<nil> want=[]interface {}{"n"}
    unknown_label_test.go:366: executeSources(single, WorkTrackingEnabled=true) rows got=<nil> want=[]interface {}{map[string]interface {}{"n":map[string]interface {}{"callee_class":"Example", "callee_name":"callee", "caller_class":"Example", "caller_name":"run", "id":24, "line":37, "type":"CallSiteNode"}}}
    unknown_label_test.go:366: executeSources(single, WorkTrackingEnabled=true) error got="IllegalArgumentException" want=<nil>
    unknown_label_test.go:366: executeSources(single, WorkTrackingEnabled=true) message got="Unknown node tag: -1" want=<nil>
=== RUN   TestUnknownLabelActualMain/positive-IntConstant-badNone
=== RUN   TestUnknownLabelActualMain/positive-IntConstant-bad0
=== RUN   TestUnknownLabelActualMain/scope-IntConstant-Missing-good-False
=== RUN   TestUnknownLabelActualMain/scope-IntConstant-Missing-good-True
=== RUN   TestUnknownLabelActualMain/scope-IntConstant-Missing-bad-False
=== RUN   TestUnknownLabelActualMain/scope-IntConstant-Missing-bad-True
=== RUN   TestUnknownLabelActualMain/scope-Missing-IntConstant-good-False
    unknown_label_test.go:362: ExecuteCrossWithOptions outcome got="FAILED" want="SUCCESS"
    unknown_label_test.go:362: ExecuteCrossWithOptions columns got=<nil> want=[]interface {}{"n"}
    unknown_label_test.go:362: ExecuteCrossWithOptions rows got=<nil> want=[]interface {}{}
    unknown_label_test.go:362: ExecuteCrossWithOptions error got="IllegalArgumentException" want=<nil>
    unknown_label_test.go:362: ExecuteCrossWithOptions message got="Unknown node tag: -1" want=<nil>
=== RUN   TestUnknownLabelActualMain/scope-Missing-IntConstant-good-True
    unknown_label_test.go:362: ExecuteCrossWithOptions outcome got="FAILED" want="SUCCESS"
    unknown_label_test.go:362: ExecuteCrossWithOptions columns got=<nil> want=[]interface {}{"n"}
    unknown_label_test.go:362: ExecuteCrossWithOptions rows got=<nil> want=[]interface {}{}
    unknown_label_test.go:362: ExecuteCrossWithOptions error got="IllegalArgumentException" want=<nil>
    unknown_label_test.go:362: ExecuteCrossWithOptions message got="Unknown node tag: -1" want=<nil>
=== RUN   TestUnknownLabelActualMain/scope-Missing-IntConstant-bad-False
    unknown_label_test.go:362: ExecuteCrossWithOptions outcome got="FAILED" want="SUCCESS"
    unknown_label_test.go:362: ExecuteCrossWithOptions columns got=<nil> want=[]interface {}{"n"}
    unknown_label_test.go:362: ExecuteCrossWithOptions rows got=<nil> want=[]interface {}{}
    unknown_label_test.go:362: ExecuteCrossWithOptions error got="IllegalArgumentException" want=<nil>
    unknown_label_test.go:362: ExecuteCrossWithOptions message got="Unknown node tag: -1" want=<nil>
=== RUN   TestUnknownLabelActualMain/scope-Missing-IntConstant-bad-True
    unknown_label_test.go:362: ExecuteCrossWithOptions outcome got="FAILED" want="SUCCESS"
    unknown_label_test.go:362: ExecuteCrossWithOptions columns got=<nil> want=[]interface {}{"n"}
    unknown_label_test.go:362: ExecuteCrossWithOptions rows got=<nil> want=[]interface {}{}
    unknown_label_test.go:362: ExecuteCrossWithOptions error got="IllegalArgumentException" want=<nil>
    unknown_label_test.go:362: ExecuteCrossWithOptions message got="Unknown node tag: -1" want=<nil>
=== RUN   TestUnknownLabelActualMain/relations-0-badNone
=== RUN   TestUnknownLabelActualMain/relations-0-bad0
    unknown_label_test.go:362: ExecuteCrossWithOptions outcome got="FAILED" want="SUCCESS"
    unknown_label_test.go:362: ExecuteCrossWithOptions columns got=<nil> want=[]interface {}{"b"}
    unknown_label_test.go:362: ExecuteCrossWithOptions rows got=<nil> want=[]interface {}{}
    unknown_label_test.go:362: ExecuteCrossWithOptions error got="IllegalArgumentException" want=<nil>
    unknown_label_test.go:362: ExecuteCrossWithOptions message got="Unknown node tag: -1" want=<nil>
=== RUN   TestUnknownLabelActualMain/relations-1-badNone
=== RUN   TestUnknownLabelActualMain/relations-1-bad0
=== RUN   TestUnknownLabelActualMain/relations-2-badNone
=== RUN   TestUnknownLabelActualMain/relations-2-bad0
=== RUN   TestUnknownLabelActualMain/relations-3-badNone
=== RUN   TestUnknownLabelActualMain/relations-3-bad0
=== RUN   TestUnknownLabelActualMain/predicate-order-0-crossFalse
    unknown_label_test.go:362: Execute outcome got="FAILED" want="SUCCESS"
    unknown_label_test.go:362: Execute columns got=<nil> want=[]interface {}{"n"}
    unknown_label_test.go:362: Execute rows got=<nil> want=[]interface {}{}
    unknown_label_test.go:362: Execute error got="IllegalArgumentException" want=<nil>
    unknown_label_test.go:362: Execute message got="Unknown node tag: -1" want=<nil>
    unknown_label_test.go:366: executeSources(single, WorkTrackingEnabled=true) outcome got="FAILED" want="SUCCESS"
    unknown_label_test.go:366: executeSources(single, WorkTrackingEnabled=true) columns got=<nil> want=[]interface {}{"n"}
    unknown_label_test.go:366: executeSources(single, WorkTrackingEnabled=true) rows got=<nil> want=[]interface {}{}
    unknown_label_test.go:366: executeSources(single, WorkTrackingEnabled=true) error got="IllegalArgumentException" want=<nil>
    unknown_label_test.go:366: executeSources(single, WorkTrackingEnabled=true) message got="Unknown node tag: -1" want=<nil>
=== RUN   TestUnknownLabelActualMain/predicate-order-0-crossTrue
    unknown_label_test.go:362: ExecuteCrossWithOptions outcome got="FAILED" want="SUCCESS"
    unknown_label_test.go:362: ExecuteCrossWithOptions columns got=<nil> want=[]interface {}{"n"}
    unknown_label_test.go:362: ExecuteCrossWithOptions rows got=<nil> want=[]interface {}{}
    unknown_label_test.go:362: ExecuteCrossWithOptions error got="IllegalArgumentException" want=<nil>
    unknown_label_test.go:362: ExecuteCrossWithOptions message got="Unknown node tag: -1" want=<nil>
=== RUN   TestUnknownLabelActualMain/predicate-order-1-crossFalse
    unknown_label_test.go:362: Execute outcome got="FAILED" want="SUCCESS"
    unknown_label_test.go:362: Execute columns got=<nil> want=[]interface {}{"n"}
    unknown_label_test.go:362: Execute rows got=<nil> want=[]interface {}{}
    unknown_label_test.go:362: Execute error got="IllegalArgumentException" want=<nil>
    unknown_label_test.go:362: Execute message got="Unknown node tag: -1" want=<nil>
    unknown_label_test.go:366: executeSources(single, WorkTrackingEnabled=true) outcome got="FAILED" want="SUCCESS"
    unknown_label_test.go:366: executeSources(single, WorkTrackingEnabled=true) columns got=<nil> want=[]interface {}{"n"}
    unknown_label_test.go:366: executeSources(single, WorkTrackingEnabled=true) rows got=<nil> want=[]interface {}{}
    unknown_label_test.go:366: executeSources(single, WorkTrackingEnabled=true) error got="IllegalArgumentException" want=<nil>
    unknown_label_test.go:366: executeSources(single, WorkTrackingEnabled=true) message got="Unknown node tag: -1" want=<nil>
=== RUN   TestUnknownLabelActualMain/predicate-order-1-crossTrue
    unknown_label_test.go:362: ExecuteCrossWithOptions outcome got="FAILED" want="SUCCESS"
    unknown_label_test.go:362: ExecuteCrossWithOptions columns got=<nil> want=[]interface {}{"n"}
    unknown_label_test.go:362: ExecuteCrossWithOptions rows got=<nil> want=[]interface {}{}
    unknown_label_test.go:362: ExecuteCrossWithOptions error got="IllegalArgumentException" want=<nil>
    unknown_label_test.go:362: ExecuteCrossWithOptions message got="Unknown node tag: -1" want=<nil>
=== RUN   TestUnknownLabelActualMain/predicate-order-2-crossFalse
=== RUN   TestUnknownLabelActualMain/predicate-order-2-crossTrue
=== RUN   TestUnknownLabelActualMain/typed-erasure-0
    unknown_label_test.go:362: Execute outcome got="FAILED" want="SUCCESS"
    unknown_label_test.go:362: Execute columns got=<nil> want=[]interface {}{"labels", "n"}
    unknown_label_test.go:362: Execute rows got=<nil> want=[]interface {}{map[string]interface {}{"labels":[]interface {}{"IntConstant", "Constant"}, "n":map[string]interface {}{"id":24, "type":"IntConstant", "value":5}}}
    unknown_label_test.go:362: Execute error got="CypherException" want=<nil>
    unknown_label_test.go:362: Execute message got="node index mismatch for 24" want=<nil>
    unknown_label_test.go:366: executeSources(single, WorkTrackingEnabled=true) outcome got="FAILED" want="SUCCESS"
    unknown_label_test.go:366: executeSources(single, WorkTrackingEnabled=true) columns got=<nil> want=[]interface {}{"labels", "n"}
    unknown_label_test.go:366: executeSources(single, WorkTrackingEnabled=true) rows got=<nil> want=[]interface {}{map[string]interface {}{"labels":[]interface {}{"IntConstant", "Constant"}, "n":map[string]interface {}{"id":24, "type":"IntConstant", "value":5}}}
    unknown_label_test.go:366: executeSources(single, WorkTrackingEnabled=true) error got="CypherException" want=<nil>
    unknown_label_test.go:366: executeSources(single, WorkTrackingEnabled=true) message got="node index mismatch for 24" want=<nil>
=== RUN   TestUnknownLabelActualMain/typed-erasure-1
    unknown_label_test.go:362: Execute outcome got="FAILED" want="SUCCESS"
    unknown_label_test.go:362: Execute columns got=<nil> want=[]interface {}{"labels", "n"}
    unknown_label_test.go:362: Execute rows got=<nil> want=[]interface {}{}
    unknown_label_test.go:362: Execute error got="CypherException" want=<nil>
    unknown_label_test.go:362: Execute message got="node index mismatch for 24" want=<nil>
    unknown_label_test.go:366: executeSources(single, WorkTrackingEnabled=true) outcome got="FAILED" want="SUCCESS"
    unknown_label_test.go:366: executeSources(single, WorkTrackingEnabled=true) columns got=<nil> want=[]interface {}{"labels", "n"}
    unknown_label_test.go:366: executeSources(single, WorkTrackingEnabled=true) rows got=<nil> want=[]interface {}{}
    unknown_label_test.go:366: executeSources(single, WorkTrackingEnabled=true) error got="CypherException" want=<nil>
    unknown_label_test.go:366: executeSources(single, WorkTrackingEnabled=true) message got="node index mismatch for 24" want=<nil>
=== RUN   TestUnknownLabelActualMain/typed-erasure-2
    unknown_label_test.go:362: Execute outcome got="FAILED" want="SUCCESS"
    unknown_label_test.go:362: Execute columns got=<nil> want=[]interface {}{"labels", "n"}
    unknown_label_test.go:362: Execute rows got=<nil> want=[]interface {}{}
    unknown_label_test.go:362: Execute error got="CypherException" want=<nil>
    unknown_label_test.go:362: Execute message got="node index mismatch for 24" want=<nil>
    unknown_label_test.go:366: executeSources(single, WorkTrackingEnabled=true) outcome got="FAILED" want="SUCCESS"
    unknown_label_test.go:366: executeSources(single, WorkTrackingEnabled=true) columns got=<nil> want=[]interface {}{"labels", "n"}
    unknown_label_test.go:366: executeSources(single, WorkTrackingEnabled=true) rows got=<nil> want=[]interface {}{}
    unknown_label_test.go:366: executeSources(single, WorkTrackingEnabled=true) error got="CypherException" want=<nil>
    unknown_label_test.go:366: executeSources(single, WorkTrackingEnabled=true) message got="node index mismatch for 24" want=<nil>
=== RUN   TestUnknownLabelActualMain/typed-erasure-3
    unknown_label_test.go:362: Execute outcome got="FAILED" want="SUCCESS"
    unknown_label_test.go:362: Execute columns got=<nil> want=[]interface {}{"labels", "n"}
    unknown_label_test.go:362: Execute rows got=<nil> want=[]interface {}{}
    unknown_label_test.go:362: Execute error got="CypherException" want=<nil>
    unknown_label_test.go:362: Execute message got="node index mismatch for 24" want=<nil>
    unknown_label_test.go:366: executeSources(single, WorkTrackingEnabled=true) outcome got="FAILED" want="SUCCESS"
    unknown_label_test.go:366: executeSources(single, WorkTrackingEnabled=true) columns got=<nil> want=[]interface {}{"labels", "n"}
    unknown_label_test.go:366: executeSources(single, WorkTrackingEnabled=true) rows got=<nil> want=[]interface {}{}
    unknown_label_test.go:366: executeSources(single, WorkTrackingEnabled=true) error got="CypherException" want=<nil>
    unknown_label_test.go:366: executeSources(single, WorkTrackingEnabled=true) message got="node index mismatch for 24" want=<nil>
=== RUN   TestUnknownLabelActualMain/typed-erasure-4
    unknown_label_test.go:362: Execute outcome got="FAILED" want="SUCCESS"
    unknown_label_test.go:362: Execute columns got=<nil> want=[]interface {}{"labels", "n"}
    unknown_label_test.go:362: Execute rows got=<nil> want=[]interface {}{map[string]interface {}{"labels":[]interface {}{"IntConstant", "Constant"}, "n":map[string]interface {}{"id":24, "type":"IntConstant", "value":5}}}
    unknown_label_test.go:362: Execute error got="CypherException" want=<nil>
    unknown_label_test.go:362: Execute message got="node index mismatch for 24" want=<nil>
    unknown_label_test.go:366: executeSources(single, WorkTrackingEnabled=true) outcome got="FAILED" want="SUCCESS"
    unknown_label_test.go:366: executeSources(single, WorkTrackingEnabled=true) columns got=<nil> want=[]interface {}{"labels", "n"}
    unknown_label_test.go:366: executeSources(single, WorkTrackingEnabled=true) rows got=<nil> want=[]interface {}{map[string]interface {}{"labels":[]interface {}{"IntConstant", "Constant"}, "n":map[string]interface {}{"id":24, "type":"IntConstant", "value":5}}}
    unknown_label_test.go:366: executeSources(single, WorkTrackingEnabled=true) error got="CypherException" want=<nil>
    unknown_label_test.go:366: executeSources(single, WorkTrackingEnabled=true) message got="node index mismatch for 24" want=<nil>
=== RUN   TestUnknownLabelActualMain/typed-erasure-5
    unknown_label_test.go:362: Execute outcome got="FAILED" want="SUCCESS"
    unknown_label_test.go:362: Execute columns got=<nil> want=[]interface {}{"labels", "n"}
    unknown_label_test.go:362: Execute rows got=<nil> want=[]interface {}{}
    unknown_label_test.go:362: Execute error got="CypherException" want=<nil>
    unknown_label_test.go:362: Execute message got="node index mismatch for 24" want=<nil>
    unknown_label_test.go:366: executeSources(single, WorkTrackingEnabled=true) outcome got="FAILED" want="SUCCESS"
    unknown_label_test.go:366: executeSources(single, WorkTrackingEnabled=true) columns got=<nil> want=[]interface {}{"labels", "n"}
    unknown_label_test.go:366: executeSources(single, WorkTrackingEnabled=true) rows got=<nil> want=[]interface {}{}
    unknown_label_test.go:366: executeSources(single, WorkTrackingEnabled=true) error got="CypherException" want=<nil>
    unknown_label_test.go:366: executeSources(single, WorkTrackingEnabled=true) message got="node index mismatch for 24" want=<nil>
=== RUN   TestUnknownLabelActualMain/typed-erasure-6
    unknown_label_test.go:362: Execute outcome got="FAILED" want="SUCCESS"
    unknown_label_test.go:362: Execute columns got=<nil> want=[]interface {}{"labels", "n"}
    unknown_label_test.go:362: Execute rows got=<nil> want=[]interface {}{map[string]interface {}{"labels":[]interface {}{"IntConstant", "Constant"}, "n":map[string]interface {}{"id":24, "type":"IntConstant", "value":5}}}
    unknown_label_test.go:362: Execute error got="CypherException" want=<nil>
    unknown_label_test.go:362: Execute message got="node index mismatch for 24" want=<nil>
    unknown_label_test.go:366: executeSources(single, WorkTrackingEnabled=true) outcome got="FAILED" want="SUCCESS"
    unknown_label_test.go:366: executeSources(single, WorkTrackingEnabled=true) columns got=<nil> want=[]interface {}{"labels", "n"}
    unknown_label_test.go:366: executeSources(single, WorkTrackingEnabled=true) rows got=<nil> want=[]interface {}{map[string]interface {}{"labels":[]interface {}{"IntConstant", "Constant"}, "n":map[string]interface {}{"id":24, "type":"IntConstant", "value":5}}}
    unknown_label_test.go:366: executeSources(single, WorkTrackingEnabled=true) error got="CypherException" want=<nil>
    unknown_label_test.go:366: executeSources(single, WorkTrackingEnabled=true) message got="node index mismatch for 24" want=<nil>
=== RUN   TestUnknownLabelActualMain/typed-erasure-7
    unknown_label_test.go:362: ExecuteCrossWithOptions outcome got="FAILED" want="SUCCESS"
    unknown_label_test.go:362: ExecuteCrossWithOptions columns got=<nil> want=[]interface {}{"labels", "n"}
    unknown_label_test.go:362: ExecuteCrossWithOptions rows got=<nil> want=[]interface {}{map[string]interface {}{"$metadata":map[string]interface {}{"graphIds":[]interface {}{"g0"}}, "labels":[]interface {}{"IntConstant", "Constant"}, "n":map[string]interface {}{"elementId":"g0:24", "graphId":"g0", "id":24, "qualifiedId":"g0:24", "type":"IntConstant", "value":5}}, map[string]interface {}{"$metadata":map[string]interface {}{"graphIds":[]interface {}{"g1"}}, "labels":[]interface {}{"CallSiteNode"}, "n":map[string]interface {}{"callee_class":"Example", "callee_name":"callee", "caller_class":"Example", "caller_name":"run", "elementId":"g1:24", "graphId":"g1", "id":24, "line":37, "qualifiedId":"g1:24", "type":"CallSiteNode"}}}
    unknown_label_test.go:362: ExecuteCrossWithOptions error got="CypherException" want=<nil>
    unknown_label_test.go:362: ExecuteCrossWithOptions message got="node index mismatch for 24" want=<nil>
=== RUN   TestUnknownLabelActualMain/offset-missing-0
    unknown_label_test.go:362: Execute rows got=[]interface {}{map[string]interface {}{"labels":[]interface {}{"CallSiteNode"}, "n":map[string]interface {}{"callee_class":"Example", "callee_name":"callee", "caller_class":"Example", "caller_name":"run", "id":24, "line":37, "type":"CallSiteNode"}}} want=[]interface {}{}
    unknown_label_test.go:362: Execute public types got=[map[labels:list n:map]] want=[] main raw=[]
    unknown_label_test.go:366: executeSources(single, WorkTrackingEnabled=true) rows got=[]interface {}{map[string]interface {}{"labels":[]interface {}{"CallSiteNode"}, "n":map[string]interface {}{"callee_class":"Example", "callee_name":"callee", "caller_class":"Example", "caller_name":"run", "id":24, "line":37, "type":"CallSiteNode"}}} want=[]interface {}{}
    unknown_label_test.go:366: executeSources(single, WorkTrackingEnabled=true) public types got=[map[labels:list n:map]] want=[] main raw=[]
=== RUN   TestUnknownLabelActualMain/offset-missing-1
    unknown_label_test.go:362: Execute rows got=[]interface {}{map[string]interface {}{"labels":[]interface {}{"CallSiteNode"}, "n":map[string]interface {}{"callee_class":"Example", "callee_name":"callee", "caller_class":"Example", "caller_name":"run", "id":24, "line":37, "type":"CallSiteNode"}}} want=[]interface {}{}
    unknown_label_test.go:362: Execute public types got=[map[labels:list n:map]] want=[] main raw=[]
    unknown_label_test.go:366: executeSources(single, WorkTrackingEnabled=true) rows got=[]interface {}{map[string]interface {}{"labels":[]interface {}{"CallSiteNode"}, "n":map[string]interface {}{"callee_class":"Example", "callee_name":"callee", "caller_class":"Example", "caller_name":"run", "id":24, "line":37, "type":"CallSiteNode"}}} want=[]interface {}{}
    unknown_label_test.go:366: executeSources(single, WorkTrackingEnabled=true) public types got=[map[labels:list n:map]] want=[] main raw=[]
=== RUN   TestUnknownLabelActualMain/offset-missing-2
=== RUN   TestUnknownLabelActualMain/offset-negative2-0
    unknown_label_test.go:362: Execute outcome got="SUCCESS" want="FAILED"
    unknown_label_test.go:362: Execute columns got=[]interface {}{"labels", "n"} want=<nil>
    unknown_label_test.go:362: Execute rows got=[]interface {}{map[string]interface {}{"labels":[]interface {}{"CallSiteNode"}, "n":map[string]interface {}{"callee_class":"Example", "callee_name":"callee", "caller_class":"Example", "caller_name":"run", "id":24, "line":37, "type":"CallSiteNode"}}} want=<nil>
    unknown_label_test.go:362: Execute error got=<nil> want="EOFException"
    unknown_label_test.go:366: executeSources(single, WorkTrackingEnabled=true) outcome got="SUCCESS" want="FAILED"
    unknown_label_test.go:366: executeSources(single, WorkTrackingEnabled=true) columns got=[]interface {}{"labels", "n"} want=<nil>
    unknown_label_test.go:366: executeSources(single, WorkTrackingEnabled=true) rows got=[]interface {}{map[string]interface {}{"labels":[]interface {}{"CallSiteNode"}, "n":map[string]interface {}{"callee_class":"Example", "callee_name":"callee", "caller_class":"Example", "caller_name":"run", "id":24, "line":37, "type":"CallSiteNode"}}} want=<nil>
    unknown_label_test.go:366: executeSources(single, WorkTrackingEnabled=true) error got=<nil> want="EOFException"
=== RUN   TestUnknownLabelActualMain/offset-negative2-1
    unknown_label_test.go:362: Execute outcome got="SUCCESS" want="FAILED"
    unknown_label_test.go:362: Execute columns got=[]interface {}{"labels", "n"} want=<nil>
    unknown_label_test.go:362: Execute rows got=[]interface {}{map[string]interface {}{"labels":[]interface {}{"CallSiteNode"}, "n":map[string]interface {}{"callee_class":"Example", "callee_name":"callee", "caller_class":"Example", "caller_name":"run", "id":24, "line":37, "type":"CallSiteNode"}}} want=<nil>
    unknown_label_test.go:362: Execute error got=<nil> want="EOFException"
    unknown_label_test.go:366: executeSources(single, WorkTrackingEnabled=true) outcome got="SUCCESS" want="FAILED"
    unknown_label_test.go:366: executeSources(single, WorkTrackingEnabled=true) columns got=[]interface {}{"labels", "n"} want=<nil>
    unknown_label_test.go:366: executeSources(single, WorkTrackingEnabled=true) rows got=[]interface {}{map[string]interface {}{"labels":[]interface {}{"CallSiteNode"}, "n":map[string]interface {}{"callee_class":"Example", "callee_name":"callee", "caller_class":"Example", "caller_name":"run", "id":24, "line":37, "type":"CallSiteNode"}}} want=<nil>
    unknown_label_test.go:366: executeSources(single, WorkTrackingEnabled=true) error got=<nil> want="EOFException"
=== RUN   TestUnknownLabelActualMain/offset-negative2-2
    unknown_label_test.go:362: Execute outcome got="SUCCESS" want="FAILED"
    unknown_label_test.go:362: Execute columns got=[]interface {}{"labels", "n"} want=<nil>
    unknown_label_test.go:362: Execute rows got=[]interface {}{} want=<nil>
    unknown_label_test.go:362: Execute error got=<nil> want="EOFException"
    unknown_label_test.go:366: executeSources(single, WorkTrackingEnabled=true) outcome got="SUCCESS" want="FAILED"
    unknown_label_test.go:366: executeSources(single, WorkTrackingEnabled=true) columns got=[]interface {}{"labels", "n"} want=<nil>
    unknown_label_test.go:366: executeSources(single, WorkTrackingEnabled=true) rows got=[]interface {}{} want=<nil>
    unknown_label_test.go:366: executeSources(single, WorkTrackingEnabled=true) error got=<nil> want="EOFException"
=== RUN   TestUnknownLabelActualMain/offset-alias-0
    unknown_label_test.go:362: Execute rows got=[]interface {}{map[string]interface {}{"labels":[]interface {}{"CallSiteNode"}, "n":map[string]interface {}{"callee_class":"Example", "callee_name":"callee", "caller_class":"Example", "caller_name":"run", "id":24, "line":37, "type":"CallSiteNode"}}} want=[]interface {}{map[string]interface {}{"labels":[]interface {}{"IntConstant", "Constant"}, "n":map[string]interface {}{"id":0, "type":"IntConstant", "value":-17}}}
    unknown_label_test.go:366: executeSources(single, WorkTrackingEnabled=true) rows got=[]interface {}{map[string]interface {}{"labels":[]interface {}{"CallSiteNode"}, "n":map[string]interface {}{"callee_class":"Example", "callee_name":"callee", "caller_class":"Example", "caller_name":"run", "id":24, "line":37, "type":"CallSiteNode"}}} want=[]interface {}{map[string]interface {}{"labels":[]interface {}{"IntConstant", "Constant"}, "n":map[string]interface {}{"id":0, "type":"IntConstant", "value":-17}}}
=== RUN   TestUnknownLabelActualMain/offset-alias-1
    unknown_label_test.go:362: Execute rows got=[]interface {}{map[string]interface {}{"labels":[]interface {}{"CallSiteNode"}, "n":map[string]interface {}{"callee_class":"Example", "callee_name":"callee", "caller_class":"Example", "caller_name":"run", "id":24, "line":37, "type":"CallSiteNode"}}} want=[]interface {}{}
    unknown_label_test.go:362: Execute public types got=[map[labels:list n:map]] want=[] main raw=[]
    unknown_label_test.go:366: executeSources(single, WorkTrackingEnabled=true) rows got=[]interface {}{map[string]interface {}{"labels":[]interface {}{"CallSiteNode"}, "n":map[string]interface {}{"callee_class":"Example", "callee_name":"callee", "caller_class":"Example", "caller_name":"run", "id":24, "line":37, "type":"CallSiteNode"}}} want=[]interface {}{}
    unknown_label_test.go:366: executeSources(single, WorkTrackingEnabled=true) public types got=[map[labels:list n:map]] want=[] main raw=[]
=== RUN   TestUnknownLabelActualMain/offset-alias-2
=== RUN   TestUnknownLabelActualMain/offset-out-of-range-0
    unknown_label_test.go:362: Execute outcome got="FAILED" want="SUCCESS"
    unknown_label_test.go:362: Execute columns got=<nil> want=[]interface {}{"n"}
    unknown_label_test.go:362: Execute rows got=<nil> want=[]interface {}{}
    unknown_label_test.go:362: Execute error got="IllegalArgumentException" want=<nil>
    unknown_label_test.go:362: Execute message got="Unknown node tag: -1" want=<nil>
    unknown_label_test.go:366: executeSources(single, WorkTrackingEnabled=true) outcome got="FAILED" want="SUCCESS"
    unknown_label_test.go:366: executeSources(single, WorkTrackingEnabled=true) columns got=<nil> want=[]interface {}{"n"}
    unknown_label_test.go:366: executeSources(single, WorkTrackingEnabled=true) rows got=<nil> want=[]interface {}{}
    unknown_label_test.go:366: executeSources(single, WorkTrackingEnabled=true) error got="IllegalArgumentException" want=<nil>
    unknown_label_test.go:366: executeSources(single, WorkTrackingEnabled=true) message got="Unknown node tag: -1" want=<nil>
=== RUN   TestUnknownLabelActualMain/offset-out-of-range-1
    unknown_label_test.go:362: Execute outcome got="FAILED" want="SUCCESS"
    unknown_label_test.go:362: Execute columns got=<nil> want=[]interface {}{"n"}
    unknown_label_test.go:362: Execute rows got=<nil> want=[]interface {}{}
    unknown_label_test.go:362: Execute error got="IllegalArgumentException" want=<nil>
    unknown_label_test.go:362: Execute message got="Unknown node tag: -1" want=<nil>
    unknown_label_test.go:366: executeSources(single, WorkTrackingEnabled=true) outcome got="FAILED" want="SUCCESS"
    unknown_label_test.go:366: executeSources(single, WorkTrackingEnabled=true) columns got=<nil> want=[]interface {}{"n"}
    unknown_label_test.go:366: executeSources(single, WorkTrackingEnabled=true) rows got=<nil> want=[]interface {}{}
    unknown_label_test.go:366: executeSources(single, WorkTrackingEnabled=true) error got="IllegalArgumentException" want=<nil>
    unknown_label_test.go:366: executeSources(single, WorkTrackingEnabled=true) message got="Unknown node tag: -1" want=<nil>
=== RUN   TestUnknownLabelActualMain/offset-out-of-range-2
    unknown_label_test.go:362: ExecuteCrossWithOptions outcome got="FAILED" want="SUCCESS"
    unknown_label_test.go:362: ExecuteCrossWithOptions columns got=<nil> want=[]interface {}{"n"}
    unknown_label_test.go:362: ExecuteCrossWithOptions rows got=<nil> want=[]interface {}{}
    unknown_label_test.go:362: ExecuteCrossWithOptions error got="IllegalArgumentException" want=<nil>
    unknown_label_test.go:362: ExecuteCrossWithOptions message got="Unknown node tag: -1" want=<nil>
--- FAIL: TestUnknownLabelActualMain (0.38s)
    --- PASS: TestUnknownLabelActualMain/label-0-badNone-crossFalse (0.00s)
    --- PASS: TestUnknownLabelActualMain/label-0-badNone-crossTrue (0.00s)
    --- FAIL: TestUnknownLabelActualMain/label-0-bad0-crossFalse (0.00s)
    --- FAIL: TestUnknownLabelActualMain/label-0-bad0-crossTrue (0.00s)
    --- FAIL: TestUnknownLabelActualMain/label-0-bad24-crossFalse (0.00s)
    --- FAIL: TestUnknownLabelActualMain/label-0-bad24-crossTrue (0.00s)
    --- PASS: TestUnknownLabelActualMain/label-1-badNone-crossFalse (0.00s)
    --- PASS: TestUnknownLabelActualMain/label-1-badNone-crossTrue (0.00s)
    --- PASS: TestUnknownLabelActualMain/label-1-bad0-crossFalse (0.00s)
    --- PASS: TestUnknownLabelActualMain/label-1-bad0-crossTrue (0.00s)
    --- FAIL: TestUnknownLabelActualMain/label-1-bad24-crossFalse (0.00s)
    --- FAIL: TestUnknownLabelActualMain/label-1-bad24-crossTrue (0.00s)
    --- PASS: TestUnknownLabelActualMain/label-2-badNone-crossFalse (0.00s)
    --- PASS: TestUnknownLabelActualMain/label-2-badNone-crossTrue (0.00s)
    --- FAIL: TestUnknownLabelActualMain/label-2-bad0-crossFalse (0.00s)
    --- FAIL: TestUnknownLabelActualMain/label-2-bad0-crossTrue (0.00s)
    --- FAIL: TestUnknownLabelActualMain/label-2-bad24-crossFalse (0.00s)
    --- FAIL: TestUnknownLabelActualMain/label-2-bad24-crossTrue (0.00s)
    --- PASS: TestUnknownLabelActualMain/label-3-badNone-crossFalse (0.00s)
    --- PASS: TestUnknownLabelActualMain/label-3-badNone-crossTrue (0.00s)
    --- PASS: TestUnknownLabelActualMain/label-3-bad0-crossFalse (0.00s)
    --- PASS: TestUnknownLabelActualMain/label-3-bad0-crossTrue (0.00s)
    --- PASS: TestUnknownLabelActualMain/label-3-bad24-crossFalse (0.00s)
    --- PASS: TestUnknownLabelActualMain/label-3-bad24-crossTrue (0.00s)
    --- PASS: TestUnknownLabelActualMain/label-4-badNone-crossFalse (0.00s)
    --- PASS: TestUnknownLabelActualMain/label-4-badNone-crossTrue (0.00s)
    --- FAIL: TestUnknownLabelActualMain/label-4-bad0-crossFalse (0.00s)
    --- FAIL: TestUnknownLabelActualMain/label-4-bad0-crossTrue (0.00s)
    --- FAIL: TestUnknownLabelActualMain/label-4-bad24-crossFalse (0.00s)
    --- FAIL: TestUnknownLabelActualMain/label-4-bad24-crossTrue (0.00s)
    --- PASS: TestUnknownLabelActualMain/label-5-badNone-crossFalse (0.00s)
    --- PASS: TestUnknownLabelActualMain/label-5-badNone-crossTrue (0.00s)
    --- FAIL: TestUnknownLabelActualMain/label-5-bad0-crossFalse (0.00s)
    --- FAIL: TestUnknownLabelActualMain/label-5-bad0-crossTrue (0.00s)
    --- PASS: TestUnknownLabelActualMain/label-5-bad24-crossFalse (0.00s)
    --- PASS: TestUnknownLabelActualMain/label-5-bad24-crossTrue (0.00s)
    --- PASS: TestUnknownLabelActualMain/label-6-badNone-crossFalse (0.00s)
    --- PASS: TestUnknownLabelActualMain/label-6-badNone-crossTrue (0.00s)
    --- FAIL: TestUnknownLabelActualMain/label-6-bad0-crossFalse (0.00s)
    --- FAIL: TestUnknownLabelActualMain/label-6-bad0-crossTrue (0.00s)
    --- FAIL: TestUnknownLabelActualMain/label-6-bad24-crossFalse (0.00s)
    --- FAIL: TestUnknownLabelActualMain/label-6-bad24-crossTrue (0.00s)
    --- PASS: TestUnknownLabelActualMain/label-7-badNone-crossFalse (0.00s)
    --- PASS: TestUnknownLabelActualMain/label-7-badNone-crossTrue (0.00s)
    --- PASS: TestUnknownLabelActualMain/label-7-bad0-crossFalse (0.00s)
    --- PASS: TestUnknownLabelActualMain/label-7-bad0-crossTrue (0.00s)
    --- PASS: TestUnknownLabelActualMain/label-7-bad24-crossFalse (0.00s)
    --- PASS: TestUnknownLabelActualMain/label-7-bad24-crossTrue (0.00s)
    --- PASS: TestUnknownLabelActualMain/label-8-badNone-crossFalse (0.00s)
    --- PASS: TestUnknownLabelActualMain/label-8-badNone-crossTrue (0.00s)
    --- PASS: TestUnknownLabelActualMain/label-8-bad0-crossFalse (0.00s)
    --- PASS: TestUnknownLabelActualMain/label-8-bad0-crossTrue (0.00s)
    --- PASS: TestUnknownLabelActualMain/label-8-bad24-crossFalse (0.00s)
    --- PASS: TestUnknownLabelActualMain/label-8-bad24-crossTrue (0.00s)
    --- PASS: TestUnknownLabelActualMain/label-9-badNone-crossFalse (0.00s)
    --- PASS: TestUnknownLabelActualMain/label-9-badNone-crossTrue (0.00s)
    --- PASS: TestUnknownLabelActualMain/label-9-bad0-crossFalse (0.00s)
    --- PASS: TestUnknownLabelActualMain/label-9-bad0-crossTrue (0.00s)
    --- PASS: TestUnknownLabelActualMain/label-9-bad24-crossFalse (0.00s)
    --- PASS: TestUnknownLabelActualMain/label-9-bad24-crossTrue (0.00s)
    --- PASS: TestUnknownLabelActualMain/clauses-0-badNone (0.00s)
    --- FAIL: TestUnknownLabelActualMain/clauses-0-bad0 (0.00s)
    --- PASS: TestUnknownLabelActualMain/clauses-1-badNone (0.00s)
    --- FAIL: TestUnknownLabelActualMain/clauses-1-bad0 (0.00s)
    --- PASS: TestUnknownLabelActualMain/clauses-2-badNone (0.00s)
    --- FAIL: TestUnknownLabelActualMain/clauses-2-bad0 (0.00s)
    --- PASS: TestUnknownLabelActualMain/clauses-3-badNone (0.00s)
    --- FAIL: TestUnknownLabelActualMain/clauses-3-bad0 (0.00s)
    --- PASS: TestUnknownLabelActualMain/clauses-4-badNone (0.00s)
    --- FAIL: TestUnknownLabelActualMain/clauses-4-bad0 (0.00s)
    --- PASS: TestUnknownLabelActualMain/clauses-5-badNone (0.00s)
    --- FAIL: TestUnknownLabelActualMain/clauses-5-bad0 (0.00s)
    --- PASS: TestUnknownLabelActualMain/clauses-6-badNone (0.00s)
    --- PASS: TestUnknownLabelActualMain/clauses-6-bad0 (0.00s)
    --- PASS: TestUnknownLabelActualMain/clauses-7-badNone (0.00s)
    --- PASS: TestUnknownLabelActualMain/clauses-7-bad0 (0.00s)
    --- PASS: TestUnknownLabelActualMain/clauses-8-badNone (0.00s)
    --- FAIL: TestUnknownLabelActualMain/clauses-8-bad0 (0.00s)
    --- PASS: TestUnknownLabelActualMain/clauses-9-badNone (0.00s)
    --- PASS: TestUnknownLabelActualMain/clauses-9-bad0 (0.00s)
    --- PASS: TestUnknownLabelActualMain/clauses-10-badNone (0.00s)
    --- FAIL: TestUnknownLabelActualMain/clauses-10-bad0 (0.00s)
    --- PASS: TestUnknownLabelActualMain/clauses-11-badNone (0.00s)
    --- FAIL: TestUnknownLabelActualMain/clauses-11-bad0 (0.00s)
    --- PASS: TestUnknownLabelActualMain/clauses-12-badNone (0.00s)
    --- FAIL: TestUnknownLabelActualMain/clauses-12-bad0 (0.00s)
    --- PASS: TestUnknownLabelActualMain/clauses-13-badNone (0.00s)
    --- FAIL: TestUnknownLabelActualMain/clauses-13-bad0 (0.00s)
    --- PASS: TestUnknownLabelActualMain/clauses-14-badNone (0.00s)
    --- FAIL: TestUnknownLabelActualMain/clauses-14-bad0 (0.00s)
    --- PASS: TestUnknownLabelActualMain/clauses-15-badNone (0.00s)
    --- PASS: TestUnknownLabelActualMain/clauses-15-bad0 (0.00s)
    --- PASS: TestUnknownLabelActualMain/positive-Method-badNone (0.00s)
    --- PASS: TestUnknownLabelActualMain/positive-Method-bad0 (0.00s)
    --- PASS: TestUnknownLabelActualMain/positive-CallSite-badNone (0.00s)
    --- FAIL: TestUnknownLabelActualMain/positive-CallSite-bad0 (0.00s)
    --- PASS: TestUnknownLabelActualMain/positive-IntConstant-badNone (0.00s)
    --- PASS: TestUnknownLabelActualMain/positive-IntConstant-bad0 (0.00s)
    --- PASS: TestUnknownLabelActualMain/scope-IntConstant-Missing-good-False (0.00s)
    --- PASS: TestUnknownLabelActualMain/scope-IntConstant-Missing-good-True (0.00s)
    --- PASS: TestUnknownLabelActualMain/scope-IntConstant-Missing-bad-False (0.00s)
    --- PASS: TestUnknownLabelActualMain/scope-IntConstant-Missing-bad-True (0.00s)
    --- FAIL: TestUnknownLabelActualMain/scope-Missing-IntConstant-good-False (0.00s)
    --- FAIL: TestUnknownLabelActualMain/scope-Missing-IntConstant-good-True (0.00s)
    --- FAIL: TestUnknownLabelActualMain/scope-Missing-IntConstant-bad-False (0.00s)
    --- FAIL: TestUnknownLabelActualMain/scope-Missing-IntConstant-bad-True (0.00s)
    --- PASS: TestUnknownLabelActualMain/relations-0-badNone (0.00s)
    --- FAIL: TestUnknownLabelActualMain/relations-0-bad0 (0.00s)
    --- PASS: TestUnknownLabelActualMain/relations-1-badNone (0.00s)
    --- PASS: TestUnknownLabelActualMain/relations-1-bad0 (0.00s)
    --- PASS: TestUnknownLabelActualMain/relations-2-badNone (0.00s)
    --- PASS: TestUnknownLabelActualMain/relations-2-bad0 (0.00s)
    --- PASS: TestUnknownLabelActualMain/relations-3-badNone (0.01s)
    --- PASS: TestUnknownLabelActualMain/relations-3-bad0 (0.01s)
    --- FAIL: TestUnknownLabelActualMain/predicate-order-0-crossFalse (0.00s)
    --- FAIL: TestUnknownLabelActualMain/predicate-order-0-crossTrue (0.00s)
    --- FAIL: TestUnknownLabelActualMain/predicate-order-1-crossFalse (0.00s)
    --- FAIL: TestUnknownLabelActualMain/predicate-order-1-crossTrue (0.00s)
    --- PASS: TestUnknownLabelActualMain/predicate-order-2-crossFalse (0.00s)
    --- PASS: TestUnknownLabelActualMain/predicate-order-2-crossTrue (0.00s)
    --- FAIL: TestUnknownLabelActualMain/typed-erasure-0 (0.00s)
    --- FAIL: TestUnknownLabelActualMain/typed-erasure-1 (0.00s)
    --- FAIL: TestUnknownLabelActualMain/typed-erasure-2 (0.00s)
    --- FAIL: TestUnknownLabelActualMain/typed-erasure-3 (0.00s)
    --- FAIL: TestUnknownLabelActualMain/typed-erasure-4 (0.00s)
    --- FAIL: TestUnknownLabelActualMain/typed-erasure-5 (0.00s)
    --- FAIL: TestUnknownLabelActualMain/typed-erasure-6 (0.00s)
    --- FAIL: TestUnknownLabelActualMain/typed-erasure-7 (0.00s)
    --- FAIL: TestUnknownLabelActualMain/offset-missing-0 (0.00s)
    --- FAIL: TestUnknownLabelActualMain/offset-missing-1 (0.00s)
    --- PASS: TestUnknownLabelActualMain/offset-missing-2 (0.00s)
    --- FAIL: TestUnknownLabelActualMain/offset-negative2-0 (0.00s)
    --- FAIL: TestUnknownLabelActualMain/offset-negative2-1 (0.00s)
    --- FAIL: TestUnknownLabelActualMain/offset-negative2-2 (0.00s)
    --- FAIL: TestUnknownLabelActualMain/offset-alias-0 (0.00s)
    --- FAIL: TestUnknownLabelActualMain/offset-alias-1 (0.00s)
    --- PASS: TestUnknownLabelActualMain/offset-alias-2 (0.00s)
    --- FAIL: TestUnknownLabelActualMain/offset-out-of-range-0 (0.00s)
    --- FAIL: TestUnknownLabelActualMain/offset-out-of-range-1 (0.00s)
    --- FAIL: TestUnknownLabelActualMain/offset-out-of-range-2 (0.00s)
FAIL
FAIL	github.com/johnsonlee/graphite/graphite-server/internal/query	0.809s
FAIL
